2016-05-02 23:14:34.588  INFO 9940 --- [main] com.mimacom.app.springboot.Application   : Starting Application v1.0-SNAPSHOT on mima-ws-108 with PID 9940 (started by pado in C:\development\projects\sample-spring-boot-app)
2016-05-02 23:14:34.597  INFO 9940 --- [main] com.mimacom.app.springboot.Application   : No active profile set, falling back to default profiles: default
2016-05-02 23:14:34.831  INFO 9940 --- [main] ationConfigEmbeddedWebApplicationContext : Refreshing org.springframework.boot.context.embedded.AnnotationConfigEmbeddedWebApplicationContext@736e9adb: startup date [Mon May 02 23:14:34 CEST 2016]; root of context hierarchy
2016-05-02 23:14:36.668  INFO 9940 --- [main] o.s.b.f.s.DefaultListableBeanFactory     : Overriding bean definition for bean 'beanNameViewResolver' with a different definition: replacing [Root bean: class [null]; scope=; abstract=false; lazyInit=false; autowireMode=3; dependencyCheck=0; autowireCandidate=true; primary=false; factoryBeanName=org.springframework.boot.autoconfigure.web.ErrorMvcAutoConfiguration$WhitelabelErrorViewConfiguration; factoryMethodName=beanNameViewResolver; initMethodName=null; destroyMethodName=(inferred); defined in class path resource [org/springframework/boot/autoconfigure/web/ErrorMvcAutoConfiguration$WhitelabelErrorViewConfiguration.class]] with [Root bean: class [null]; scope=; abstract=false; lazyInit=false; autowireMode=3; dependencyCheck=0; autowireCandidate=true; primary=false; factoryBeanName=org.springframework.boot.autoconfigure.web.WebMvcAutoConfiguration$WebMvcAutoConfigurationAdapter; factoryMethodName=beanNameViewResolver; initMethodName=null; destroyMethodName=(inferred); defined in class path resource [org/springframework/boot/autoconfigure/web/WebMvcAutoConfiguration$WebMvcAutoConfigurationAdapter.class]]
2016-05-02 23:14:37.293  INFO 9940 --- [main] trationDelegate$BeanPostProcessorChecker : Bean 'org.springframework.transaction.annotation.ProxyTransactionManagementConfiguration' of type [class org.springframework.transaction.annotation.ProxyTransactionManagementConfiguration$$EnhancerBySpringCGLIB$$e761ce90] is not eligible for getting processed by all BeanPostProcessors (for example: not eligible for auto-proxying)
2016-05-02 23:14:38.266  INFO 9940 --- [main] s.b.c.e.t.TomcatEmbeddedServletContainer : Tomcat initialized with port(s): 8080 (http)
2016-05-02 23:14:38.294  INFO 9940 --- [main] o.apache.catalina.core.StandardService   : Starting service Tomcat
2016-05-02 23:14:38.296  INFO 9940 --- [main] org.apache.catalina.core.StandardEngine  : Starting Servlet Engine: Apache Tomcat/8.0.33
2016-05-02 23:14:39.304  INFO 9940 --- [localhost-startStop-1] o.a.c.c.C.[Tomcat].[localhost].[/]       : Initializing Spring embedded WebApplicationContext
2016-05-02 23:14:39.305  INFO 9940 --- [localhost-startStop-1] o.s.web.context.ContextLoader            : Root WebApplicationContext: initialization completed in 4477 ms
2016-05-02 23:14:39.771  INFO 9940 --- [localhost-startStop-1] o.s.b.c.e.ServletRegistrationBean        : Mapping servlet: 'dispatcherServlet' to [/]
2016-05-02 23:14:39.779  INFO 9940 --- [localhost-startStop-1] o.s.b.c.embedded.FilterRegistrationBean  : Mapping filter: 'characterEncodingFilter' to: [/*]
2016-05-02 23:14:39.780  INFO 9940 --- [localhost-startStop-1] o.s.b.c.embedded.FilterRegistrationBean  : Mapping filter: 'hiddenHttpMethodFilter' to: [/*]
2016-05-02 23:14:39.780  INFO 9940 --- [localhost-startStop-1] o.s.b.c.embedded.FilterRegistrationBean  : Mapping filter: 'httpPutFormContentFilter' to: [/*]
2016-05-02 23:14:39.781  INFO 9940 --- [localhost-startStop-1] o.s.b.c.embedded.FilterRegistrationBean  : Mapping filter: 'requestContextFilter' to: [/*]
2016-05-02 23:14:40.945  WARN 9940 --- [main] ationConfigEmbeddedWebApplicationContext : Exception encountered during context initialization - cancelling refresh attempt: org.springframework.beans.factory.BeanCreationException: Error creating bean with name 'entityManagerFactory' defined in class path resource [org/springframework/boot/autoconfigure/orm/jpa/HibernateJpaAutoConfiguration.class]: Invocation of init method failed; nested exception is javax.persistence.PersistenceException: Unable to resolve persistence unit root URL
2016-05-02 23:14:40.950  INFO 9940 --- [main] o.apache.catalina.core.StandardService   : Stopping service Tomcat
2016-05-02 23:14:40.970  INFO 9940 --- [main] utoConfigurationReportLoggingInitializer : 

Error starting ApplicationContext. To display the auto-configuration report enable debug logging (start with --debug)


2016-05-02 23:14:40.985 ERROR 9940 --- [main] o.s.boot.SpringApplication               : Application startup failed

org.springframework.beans.factory.BeanCreationException: Error creating bean with name 'entityManagerFactory' defined in class path resource [org/springframework/boot/autoconfigure/orm/jpa/HibernateJpaAutoConfiguration.class]: Invocation of init method failed; nested exception is javax.persistence.PersistenceException: Unable to resolve persistence unit root URL
	at org.springframework.beans.factory.support.AbstractAutowireCapableBeanFactory.initializeBean(AbstractAutowireCapableBeanFactory.java:1578)
	at org.springframework.beans.factory.support.AbstractAutowireCapableBeanFactory.doCreateBean(AbstractAutowireCapableBeanFactory.java:545)
	at org.springframework.beans.factory.support.AbstractAutowireCapableBeanFactory.createBean(AbstractAutowireCapableBeanFactory.java:482)
	at org.springframework.beans.factory.support.AbstractBeanFactory$1.getObject(AbstractBeanFactory.java:306)
	at org.springframework.beans.factory.support.DefaultSingletonBeanRegistry.getSingleton(DefaultSingletonBeanRegistry.java:230)
	at org.springframework.beans.factory.support.AbstractBeanFactory.doGetBean(AbstractBeanFactory.java:302)
	at org.springframework.beans.factory.support.AbstractBeanFactory.getBean(AbstractBeanFactory.java:197)
	at org.springframework.context.support.AbstractApplicationContext.getBean(AbstractApplicationContext.java:1056)
	at org.springframework.context.support.AbstractApplicationContext.finishBeanFactoryInitialization(AbstractApplicationContext.java:831)
	at org.springframework.context.support.AbstractApplicationContext.refresh(AbstractApplicationContext.java:540)
	at org.springframework.boot.context.embedded.EmbeddedWebApplicationContext.refresh(EmbeddedWebApplicationContext.java:118)
	at org.springframework.boot.SpringApplication.refresh(SpringApplication.java:765)
	at org.springframework.boot.SpringApplication.refreshContext(SpringApplication.java:370)
	at org.springframework.boot.SpringApplication.run(SpringApplication.java:314)
	at org.springframework.boot.SpringApplication.run(SpringApplication.java:1182)
	at org.springframework.boot.SpringApplication.run(SpringApplication.java:1171)
	at com.mimacom.app.springboot.Application.main(Application.java:30)
	at sun.reflect.NativeMethodAccessorImpl.invoke0(Native Method)
	at sun.reflect.NativeMethodAccessorImpl.invoke(Unknown Source)
	at sun.reflect.DelegatingMethodAccessorImpl.invoke(Unknown Source)
	at java.lang.reflect.Method.invoke(Unknown Source)
	at org.springframework.boot.loader.MainMethodRunner.run(MainMethodRunner.java:48)
	at org.springframework.boot.loader.Launcher.launch(Launcher.java:87)
	at org.springframework.boot.loader.Launcher.launch(Launcher.java:50)
	at org.springframework.boot.loader.WarLauncher.main(WarLauncher.java:59)
Caused by: javax.persistence.PersistenceException: Unable to resolve persistence unit root URL
	at org.springframework.orm.jpa.persistenceunit.DefaultPersistenceUnitManager.determineDefaultPersistenceUnitRootUrl(DefaultPersistenceUnitManager.java:591)
	at org.springframework.orm.jpa.persistenceunit.DefaultPersistenceUnitManager.preparePersistenceUnitInfos(DefaultPersistenceUnitManager.java:443)
	at org.springframework.orm.jpa.persistenceunit.DefaultPersistenceUnitManager.afterPropertiesSet(DefaultPersistenceUnitManager.java:424)
	at org.springframework.orm.jpa.LocalContainerEntityManagerFactoryBean.createNativeEntityManagerFactory(LocalContainerEntityManagerFactoryBean.java:310)
	at org.springframework.orm.jpa.AbstractEntityManagerFactoryBean.buildNativeEntityManagerFactory(AbstractEntityManagerFactoryBean.java:373)
	at org.springframework.orm.jpa.AbstractEntityManagerFactoryBean.afterPropertiesSet(AbstractEntityManagerFactoryBean.java:362)
	at org.springframework.beans.factory.support.AbstractAutowireCapableBeanFactory.invokeInitMethods(AbstractAutowireCapableBeanFactory.java:1637)
	at org.springframework.beans.factory.support.AbstractAutowireCapableBeanFactory.initializeBean(AbstractAutowireCapableBeanFactory.java:1574)
	... 24 common frames omitted
Caused by: java.io.FileNotFoundException: class path resource [] cannot be resolved to URL because it does not exist
	at org.springframework.core.io.ClassPathResource.getURL(ClassPathResource.java:187)
	at org.springframework.orm.jpa.persistenceunit.DefaultPersistenceUnitManager.determineDefaultPersistenceUnitRootUrl(DefaultPersistenceUnitManager.java:588)
	... 31 common frames omitted

2016-05-02 23:14:54.011  INFO 10284 --- [main] com.mimacom.app.springboot.Application   : Starting Application on mima-ws-108 with PID 10284 (C:\development\projects\sample-spring-boot-app\sample-spring-boot-web\target\classes started by pado in C:\development\projects\sample-spring-boot-app)
2016-05-02 23:14:54.014  INFO 10284 --- [main] com.mimacom.app.springboot.Application   : No active profile set, falling back to default profiles: default
2016-05-02 23:14:54.177  INFO 10284 --- [main] ationConfigEmbeddedWebApplicationContext : Refreshing org.springframework.boot.context.embedded.AnnotationConfigEmbeddedWebApplicationContext@1a84f40f: startup date [Mon May 02 23:14:54 CEST 2016]; root of context hierarchy
2016-05-02 23:14:55.900  INFO 10284 --- [main] o.s.b.f.s.DefaultListableBeanFactory     : Overriding bean definition for bean 'beanNameViewResolver' with a different definition: replacing [Root bean: class [null]; scope=; abstract=false; lazyInit=false; autowireMode=3; dependencyCheck=0; autowireCandidate=true; primary=false; factoryBeanName=org.springframework.boot.autoconfigure.web.ErrorMvcAutoConfiguration$WhitelabelErrorViewConfiguration; factoryMethodName=beanNameViewResolver; initMethodName=null; destroyMethodName=(inferred); defined in class path resource [org/springframework/boot/autoconfigure/web/ErrorMvcAutoConfiguration$WhitelabelErrorViewConfiguration.class]] with [Root bean: class [null]; scope=; abstract=false; lazyInit=false; autowireMode=3; dependencyCheck=0; autowireCandidate=true; primary=false; factoryBeanName=org.springframework.boot.autoconfigure.web.WebMvcAutoConfiguration$WebMvcAutoConfigurationAdapter; factoryMethodName=beanNameViewResolver; initMethodName=null; destroyMethodName=(inferred); defined in class path resource [org/springframework/boot/autoconfigure/web/WebMvcAutoConfiguration$WebMvcAutoConfigurationAdapter.class]]
2016-05-02 23:14:56.384  INFO 10284 --- [main] trationDelegate$BeanPostProcessorChecker : Bean 'org.springframework.transaction.annotation.ProxyTransactionManagementConfiguration' of type [class org.springframework.transaction.annotation.ProxyTransactionManagementConfiguration$$EnhancerBySpringCGLIB$$89cbdfd7] is not eligible for getting processed by all BeanPostProcessors (for example: not eligible for auto-proxying)
2016-05-02 23:14:57.051  INFO 10284 --- [main] s.b.c.e.t.TomcatEmbeddedServletContainer : Tomcat initialized with port(s): 8080 (http)
2016-05-02 23:14:57.064  INFO 10284 --- [main] o.apache.catalina.core.StandardService   : Starting service Tomcat
2016-05-02 23:14:57.065  INFO 10284 --- [main] org.apache.catalina.core.StandardEngine  : Starting Servlet Engine: Apache Tomcat/8.0.33
2016-05-02 23:14:57.249  INFO 10284 --- [localhost-startStop-1] o.a.c.c.C.[Tomcat].[localhost].[/]       : Initializing Spring embedded WebApplicationContext
2016-05-02 23:14:57.250  INFO 10284 --- [localhost-startStop-1] o.s.web.context.ContextLoader            : Root WebApplicationContext: initialization completed in 3076 ms
2016-05-02 23:14:57.716  INFO 10284 --- [localhost-startStop-1] o.s.b.c.e.ServletRegistrationBean        : Mapping servlet: 'dispatcherServlet' to [/]
2016-05-02 23:14:57.721  INFO 10284 --- [localhost-startStop-1] o.s.b.c.embedded.FilterRegistrationBean  : Mapping filter: 'characterEncodingFilter' to: [/*]
2016-05-02 23:14:57.722  INFO 10284 --- [localhost-startStop-1] o.s.b.c.embedded.FilterRegistrationBean  : Mapping filter: 'hiddenHttpMethodFilter' to: [/*]
2016-05-02 23:14:57.722  INFO 10284 --- [localhost-startStop-1] o.s.b.c.embedded.FilterRegistrationBean  : Mapping filter: 'httpPutFormContentFilter' to: [/*]
2016-05-02 23:14:57.722  INFO 10284 --- [localhost-startStop-1] o.s.b.c.embedded.FilterRegistrationBean  : Mapping filter: 'requestContextFilter' to: [/*]
2016-05-02 23:14:58.173  INFO 10284 --- [main] j.LocalContainerEntityManagerFactoryBean : Building JPA container EntityManagerFactory for persistence unit 'default'
2016-05-02 23:14:58.201  INFO 10284 --- [main] o.hibernate.jpa.internal.util.LogHelper  : HHH000204: Processing PersistenceUnitInfo [
	name: default
	...]
2016-05-02 23:14:58.301  INFO 10284 --- [main] org.hibernate.Version                    : HHH000412: Hibernate Core {5.1.0.Final}
2016-05-02 23:14:58.303  INFO 10284 --- [main] org.hibernate.cfg.Environment            : HHH000206: hibernate.properties not found
2016-05-02 23:14:58.305  INFO 10284 --- [main] org.hibernate.cfg.Environment            : HHH000021: Bytecode provider name : javassist
2016-05-02 23:14:58.367  INFO 10284 --- [main] o.hibernate.annotations.common.Version   : HCANN000001: Hibernate Commons Annotations {5.0.1.Final}
2016-05-02 23:14:59.580  INFO 10284 --- [main] org.hibernate.dialect.Dialect            : HHH000400: Using dialect: org.hibernate.dialect.H2Dialect
2016-05-02 23:14:59.998  INFO 10284 --- [main] o.h.t.schema.internal.SchemaCreatorImpl  : HHH000476: Executing import script 'org.hibernate.tool.schema.internal.exec.ScriptSourceInputNonExistentImpl@61394494'
2016-05-02 23:15:00.030  INFO 10284 --- [main] j.LocalContainerEntityManagerFactoryBean : Initialized JPA EntityManagerFactory for persistence unit 'default'
2016-05-02 23:15:00.477  INFO 10284 --- [main] s.w.s.m.m.a.RequestMappingHandlerAdapter : Looking for @ControllerAdvice: org.springframework.boot.context.embedded.AnnotationConfigEmbeddedWebApplicationContext@1a84f40f: startup date [Mon May 02 23:14:54 CEST 2016]; root of context hierarchy
2016-05-02 23:15:00.554  INFO 10284 --- [main] s.w.s.m.m.a.RequestMappingHandlerMapping : Mapped "{[/api/test],methods=[GET]}" onto public void com.mimacom.app.springboot.web.TestController.addRandom()
2016-05-02 23:15:00.555  INFO 10284 --- [main] s.w.s.m.m.a.RequestMappingHandlerMapping : Mapped "{[/api/user],methods=[GET]}" onto public void com.mimacom.app.springboot.web.UserController.addRandom()
2016-05-02 23:15:00.557  INFO 10284 --- [main] s.w.s.m.m.a.RequestMappingHandlerMapping : Mapped "{[/error]}" onto public org.springframework.http.ResponseEntity<java.util.Map<java.lang.String, java.lang.Object>> org.springframework.boot.autoconfigure.web.BasicErrorController.error(javax.servlet.http.HttpServletRequest)
2016-05-02 23:15:00.558  INFO 10284 --- [main] s.w.s.m.m.a.RequestMappingHandlerMapping : Mapped "{[/error],produces=[text/html]}" onto public org.springframework.web.servlet.ModelAndView org.springframework.boot.autoconfigure.web.BasicErrorController.errorHtml(javax.servlet.http.HttpServletRequest,javax.servlet.http.HttpServletResponse)
2016-05-02 23:15:00.592  INFO 10284 --- [main] o.s.w.s.handler.SimpleUrlHandlerMapping  : Mapped URL path [/webjars/**] onto handler of type [class org.springframework.web.servlet.resource.ResourceHttpRequestHandler]
2016-05-02 23:15:00.592  INFO 10284 --- [main] o.s.w.s.handler.SimpleUrlHandlerMapping  : Mapped URL path [/**] onto handler of type [class org.springframework.web.servlet.resource.ResourceHttpRequestHandler]
2016-05-02 23:15:00.632  INFO 10284 --- [main] o.s.w.s.handler.SimpleUrlHandlerMapping  : Mapped URL path [/**/favicon.ico] onto handler of type [class org.springframework.web.servlet.resource.ResourceHttpRequestHandler]
2016-05-02 23:15:00.911  INFO 10284 --- [main] o.s.j.e.a.AnnotationMBeanExporter        : Registering beans for JMX exposure on startup
2016-05-02 23:15:01.071  INFO 10284 --- [main] s.b.c.e.t.TomcatEmbeddedServletContainer : Tomcat started on port(s): 8080 (http)
2016-05-02 23:15:01.075  INFO 10284 --- [main] com.mimacom.app.springboot.Application   : Started Application in 7.594 seconds (JVM running for 8.205)
2016-05-02 23:19:58.194  INFO 5316 --- [main] com.mimacom.app.springboot.Application   : Starting Application v1.0-SNAPSHOT on mima-ws-108 with PID 5316 (started by pado in C:\development\projects\sample-spring-boot-app)
2016-05-02 23:19:58.211  INFO 5316 --- [main] com.mimacom.app.springboot.Application   : No active profile set, falling back to default profiles: default
2016-05-02 23:19:58.441  INFO 5316 --- [main] ationConfigEmbeddedWebApplicationContext : Refreshing org.springframework.boot.context.embedded.AnnotationConfigEmbeddedWebApplicationContext@736e9adb: startup date [Mon May 02 23:19:58 CEST 2016]; root of context hierarchy
2016-05-02 23:20:00.399  INFO 5316 --- [main] o.s.b.f.s.DefaultListableBeanFactory     : Overriding bean definition for bean 'beanNameViewResolver' with a different definition: replacing [Root bean: class [null]; scope=; abstract=false; lazyInit=false; autowireMode=3; dependencyCheck=0; autowireCandidate=true; primary=false; factoryBeanName=org.springframework.boot.autoconfigure.web.ErrorMvcAutoConfiguration$WhitelabelErrorViewConfiguration; factoryMethodName=beanNameViewResolver; initMethodName=null; destroyMethodName=(inferred); defined in class path resource [org/springframework/boot/autoconfigure/web/ErrorMvcAutoConfiguration$WhitelabelErrorViewConfiguration.class]] with [Root bean: class [null]; scope=; abstract=false; lazyInit=false; autowireMode=3; dependencyCheck=0; autowireCandidate=true; primary=false; factoryBeanName=org.springframework.boot.autoconfigure.web.WebMvcAutoConfiguration$WebMvcAutoConfigurationAdapter; factoryMethodName=beanNameViewResolver; initMethodName=null; destroyMethodName=(inferred); defined in class path resource [org/springframework/boot/autoconfigure/web/WebMvcAutoConfiguration$WebMvcAutoConfigurationAdapter.class]]
2016-05-02 23:20:01.090  INFO 5316 --- [main] trationDelegate$BeanPostProcessorChecker : Bean 'org.springframework.transaction.annotation.ProxyTransactionManagementConfiguration' of type [class org.springframework.transaction.annotation.ProxyTransactionManagementConfiguration$$EnhancerBySpringCGLIB$$5adc5a49] is not eligible for getting processed by all BeanPostProcessors (for example: not eligible for auto-proxying)
2016-05-02 23:20:01.910  INFO 5316 --- [main] s.b.c.e.t.TomcatEmbeddedServletContainer : Tomcat initialized with port(s): 8080 (http)
2016-05-02 23:20:01.927  INFO 5316 --- [main] o.apache.catalina.core.StandardService   : Starting service Tomcat
2016-05-02 23:20:01.932  INFO 5316 --- [main] org.apache.catalina.core.StandardEngine  : Starting Servlet Engine: Apache Tomcat/8.0.33
2016-05-02 23:20:02.080  INFO 5316 --- [localhost-startStop-1] o.a.c.c.C.[Tomcat].[localhost].[/]       : Initializing Spring embedded WebApplicationContext
2016-05-02 23:20:02.080  INFO 5316 --- [localhost-startStop-1] o.s.web.context.ContextLoader            : Root WebApplicationContext: initialization completed in 3644 ms
2016-05-02 23:20:02.563  INFO 5316 --- [localhost-startStop-1] o.s.b.c.e.ServletRegistrationBean        : Mapping servlet: 'dispatcherServlet' to [/]
2016-05-02 23:20:02.570  INFO 5316 --- [localhost-startStop-1] o.s.b.c.embedded.FilterRegistrationBean  : Mapping filter: 'characterEncodingFilter' to: [/*]
2016-05-02 23:20:02.571  INFO 5316 --- [localhost-startStop-1] o.s.b.c.embedded.FilterRegistrationBean  : Mapping filter: 'hiddenHttpMethodFilter' to: [/*]
2016-05-02 23:20:02.571  INFO 5316 --- [localhost-startStop-1] o.s.b.c.embedded.FilterRegistrationBean  : Mapping filter: 'httpPutFormContentFilter' to: [/*]
2016-05-02 23:20:02.571  INFO 5316 --- [localhost-startStop-1] o.s.b.c.embedded.FilterRegistrationBean  : Mapping filter: 'requestContextFilter' to: [/*]
2016-05-02 23:20:03.233  WARN 5316 --- [main] ationConfigEmbeddedWebApplicationContext : Exception encountered during context initialization - cancelling refresh attempt: org.springframework.beans.factory.BeanCreationException: Error creating bean with name 'entityManagerFactory' defined in class path resource [org/springframework/boot/autoconfigure/orm/jpa/HibernateJpaAutoConfiguration.class]: Invocation of init method failed; nested exception is javax.persistence.PersistenceException: Unable to resolve persistence unit root URL
2016-05-02 23:20:03.238  INFO 5316 --- [main] o.apache.catalina.core.StandardService   : Stopping service Tomcat
2016-05-02 23:20:03.257  INFO 5316 --- [main] utoConfigurationReportLoggingInitializer : 

Error starting ApplicationContext. To display the auto-configuration report enable debug logging (start with --debug)


2016-05-02 23:20:03.273 ERROR 5316 --- [main] o.s.boot.SpringApplication               : Application startup failed

org.springframework.beans.factory.BeanCreationException: Error creating bean with name 'entityManagerFactory' defined in class path resource [org/springframework/boot/autoconfigure/orm/jpa/HibernateJpaAutoConfiguration.class]: Invocation of init method failed; nested exception is javax.persistence.PersistenceException: Unable to resolve persistence unit root URL
	at org.springframework.beans.factory.support.AbstractAutowireCapableBeanFactory.initializeBean(AbstractAutowireCapableBeanFactory.java:1578)
	at org.springframework.beans.factory.support.AbstractAutowireCapableBeanFactory.doCreateBean(AbstractAutowireCapableBeanFactory.java:545)
	at org.springframework.beans.factory.support.AbstractAutowireCapableBeanFactory.createBean(AbstractAutowireCapableBeanFactory.java:482)
	at org.springframework.beans.factory.support.AbstractBeanFactory$1.getObject(AbstractBeanFactory.java:306)
	at org.springframework.beans.factory.support.DefaultSingletonBeanRegistry.getSingleton(DefaultSingletonBeanRegistry.java:230)
	at org.springframework.beans.factory.support.AbstractBeanFactory.doGetBean(AbstractBeanFactory.java:302)
	at org.springframework.beans.factory.support.AbstractBeanFactory.getBean(AbstractBeanFactory.java:197)
	at org.springframework.context.support.AbstractApplicationContext.getBean(AbstractApplicationContext.java:1056)
	at org.springframework.context.support.AbstractApplicationContext.finishBeanFactoryInitialization(AbstractApplicationContext.java:831)
	at org.springframework.context.support.AbstractApplicationContext.refresh(AbstractApplicationContext.java:540)
	at org.springframework.boot.context.embedded.EmbeddedWebApplicationContext.refresh(EmbeddedWebApplicationContext.java:118)
	at org.springframework.boot.SpringApplication.refresh(SpringApplication.java:765)
	at org.springframework.boot.SpringApplication.refreshContext(SpringApplication.java:370)
	at org.springframework.boot.SpringApplication.run(SpringApplication.java:314)
	at org.springframework.boot.SpringApplication.run(SpringApplication.java:1182)
	at org.springframework.boot.SpringApplication.run(SpringApplication.java:1171)
	at com.mimacom.app.springboot.Application.main(Application.java:30)
	at sun.reflect.NativeMethodAccessorImpl.invoke0(Native Method)
	at sun.reflect.NativeMethodAccessorImpl.invoke(Unknown Source)
	at sun.reflect.DelegatingMethodAccessorImpl.invoke(Unknown Source)
	at java.lang.reflect.Method.invoke(Unknown Source)
	at org.springframework.boot.loader.MainMethodRunner.run(MainMethodRunner.java:48)
	at org.springframework.boot.loader.Launcher.launch(Launcher.java:87)
	at org.springframework.boot.loader.Launcher.launch(Launcher.java:50)
	at org.springframework.boot.loader.JarLauncher.main(JarLauncher.java:58)
Caused by: javax.persistence.PersistenceException: Unable to resolve persistence unit root URL
	at org.springframework.orm.jpa.persistenceunit.DefaultPersistenceUnitManager.determineDefaultPersistenceUnitRootUrl(DefaultPersistenceUnitManager.java:591)
	at org.springframework.orm.jpa.persistenceunit.DefaultPersistenceUnitManager.preparePersistenceUnitInfos(DefaultPersistenceUnitManager.java:443)
	at org.springframework.orm.jpa.persistenceunit.DefaultPersistenceUnitManager.afterPropertiesSet(DefaultPersistenceUnitManager.java:424)
	at org.springframework.orm.jpa.LocalContainerEntityManagerFactoryBean.createNativeEntityManagerFactory(LocalContainerEntityManagerFactoryBean.java:310)
	at org.springframework.orm.jpa.AbstractEntityManagerFactoryBean.buildNativeEntityManagerFactory(AbstractEntityManagerFactoryBean.java:373)
	at org.springframework.orm.jpa.AbstractEntityManagerFactoryBean.afterPropertiesSet(AbstractEntityManagerFactoryBean.java:362)
	at org.springframework.beans.factory.support.AbstractAutowireCapableBeanFactory.invokeInitMethods(AbstractAutowireCapableBeanFactory.java:1637)
	at org.springframework.beans.factory.support.AbstractAutowireCapableBeanFactory.initializeBean(AbstractAutowireCapableBeanFactory.java:1574)
	... 24 common frames omitted
Caused by: java.io.FileNotFoundException: class path resource [] cannot be resolved to URL because it does not exist
	at org.springframework.core.io.ClassPathResource.getURL(ClassPathResource.java:187)
	at org.springframework.orm.jpa.persistenceunit.DefaultPersistenceUnitManager.determineDefaultPersistenceUnitRootUrl(DefaultPersistenceUnitManager.java:588)
	... 31 common frames omitted

2016-05-02 23:48:47.844  INFO 12116 --- [main] com.mimacom.app.springboot.Application   : Starting Application v1.0-SNAPSHOT on mima-ws-108 with PID 12116 (started by pado in C:\development\projects\sample-spring-boot-app)
2016-05-02 23:48:47.853  INFO 12116 --- [main] com.mimacom.app.springboot.Application   : No active profile set, falling back to default profiles: default
2016-05-02 23:48:48.013  INFO 12116 --- [main] ationConfigEmbeddedWebApplicationContext : Refreshing org.springframework.boot.context.embedded.AnnotationConfigEmbeddedWebApplicationContext@736e9adb: startup date [Mon May 02 23:48:48 CEST 2016]; root of context hierarchy
2016-05-02 23:48:50.021  INFO 12116 --- [main] o.s.b.f.s.DefaultListableBeanFactory     : Overriding bean definition for bean 'beanNameViewResolver' with a different definition: replacing [Root bean: class [null]; scope=; abstract=false; lazyInit=false; autowireMode=3; dependencyCheck=0; autowireCandidate=true; primary=false; factoryBeanName=org.springframework.boot.autoconfigure.web.ErrorMvcAutoConfiguration$WhitelabelErrorViewConfiguration; factoryMethodName=beanNameViewResolver; initMethodName=null; destroyMethodName=(inferred); defined in class path resource [org/springframework/boot/autoconfigure/web/ErrorMvcAutoConfiguration$WhitelabelErrorViewConfiguration.class]] with [Root bean: class [null]; scope=; abstract=false; lazyInit=false; autowireMode=3; dependencyCheck=0; autowireCandidate=true; primary=false; factoryBeanName=org.springframework.boot.autoconfigure.web.WebMvcAutoConfiguration$WebMvcAutoConfigurationAdapter; factoryMethodName=beanNameViewResolver; initMethodName=null; destroyMethodName=(inferred); defined in class path resource [org/springframework/boot/autoconfigure/web/WebMvcAutoConfiguration$WebMvcAutoConfigurationAdapter.class]]
2016-05-02 23:48:50.607  INFO 12116 --- [main] trationDelegate$BeanPostProcessorChecker : Bean 'org.springframework.transaction.annotation.ProxyTransactionManagementConfiguration' of type [class org.springframework.transaction.annotation.ProxyTransactionManagementConfiguration$$EnhancerBySpringCGLIB$$5adc5a49] is not eligible for getting processed by all BeanPostProcessors (for example: not eligible for auto-proxying)
2016-05-02 23:48:51.393  INFO 12116 --- [main] s.b.c.e.t.TomcatEmbeddedServletContainer : Tomcat initialized with port(s): 8080 (http)
2016-05-02 23:48:51.411  INFO 12116 --- [main] o.apache.catalina.core.StandardService   : Starting service Tomcat
2016-05-02 23:48:51.413  INFO 12116 --- [main] org.apache.catalina.core.StandardEngine  : Starting Servlet Engine: Apache Tomcat/8.0.33
2016-05-02 23:48:51.575  INFO 12116 --- [localhost-startStop-1] o.a.c.c.C.[Tomcat].[localhost].[/]       : Initializing Spring embedded WebApplicationContext
2016-05-02 23:48:51.576  INFO 12116 --- [localhost-startStop-1] o.s.web.context.ContextLoader            : Root WebApplicationContext: initialization completed in 3566 ms
2016-05-02 23:48:52.033  INFO 12116 --- [localhost-startStop-1] o.s.b.c.e.ServletRegistrationBean        : Mapping servlet: 'dispatcherServlet' to [/]
2016-05-02 23:48:52.040  INFO 12116 --- [localhost-startStop-1] o.s.b.c.embedded.FilterRegistrationBean  : Mapping filter: 'characterEncodingFilter' to: [/*]
2016-05-02 23:48:52.041  INFO 12116 --- [localhost-startStop-1] o.s.b.c.embedded.FilterRegistrationBean  : Mapping filter: 'hiddenHttpMethodFilter' to: [/*]
2016-05-02 23:48:52.041  INFO 12116 --- [localhost-startStop-1] o.s.b.c.embedded.FilterRegistrationBean  : Mapping filter: 'httpPutFormContentFilter' to: [/*]
2016-05-02 23:48:52.041  INFO 12116 --- [localhost-startStop-1] o.s.b.c.embedded.FilterRegistrationBean  : Mapping filter: 'requestContextFilter' to: [/*]
2016-05-02 23:48:52.753  WARN 12116 --- [main] ationConfigEmbeddedWebApplicationContext : Exception encountered during context initialization - cancelling refresh attempt: org.springframework.beans.factory.BeanCreationException: Error creating bean with name 'entityManagerFactory' defined in class path resource [org/springframework/boot/autoconfigure/orm/jpa/HibernateJpaAutoConfiguration.class]: Invocation of init method failed; nested exception is javax.persistence.PersistenceException: Unable to resolve persistence unit root URL
2016-05-02 23:48:52.758  INFO 12116 --- [main] o.apache.catalina.core.StandardService   : Stopping service Tomcat
2016-05-02 23:48:52.774  INFO 12116 --- [main] utoConfigurationReportLoggingInitializer : 

Error starting ApplicationContext. To display the auto-configuration report enable debug logging (start with --debug)


2016-05-02 23:48:52.793 ERROR 12116 --- [main] o.s.boot.SpringApplication               : Application startup failed

org.springframework.beans.factory.BeanCreationException: Error creating bean with name 'entityManagerFactory' defined in class path resource [org/springframework/boot/autoconfigure/orm/jpa/HibernateJpaAutoConfiguration.class]: Invocation of init method failed; nested exception is javax.persistence.PersistenceException: Unable to resolve persistence unit root URL
	at org.springframework.beans.factory.support.AbstractAutowireCapableBeanFactory.initializeBean(AbstractAutowireCapableBeanFactory.java:1578)
	at org.springframework.beans.factory.support.AbstractAutowireCapableBeanFactory.doCreateBean(AbstractAutowireCapableBeanFactory.java:545)
	at org.springframework.beans.factory.support.AbstractAutowireCapableBeanFactory.createBean(AbstractAutowireCapableBeanFactory.java:482)
	at org.springframework.beans.factory.support.AbstractBeanFactory$1.getObject(AbstractBeanFactory.java:306)
	at org.springframework.beans.factory.support.DefaultSingletonBeanRegistry.getSingleton(DefaultSingletonBeanRegistry.java:230)
	at org.springframework.beans.factory.support.AbstractBeanFactory.doGetBean(AbstractBeanFactory.java:302)
	at org.springframework.beans.factory.support.AbstractBeanFactory.getBean(AbstractBeanFactory.java:197)
	at org.springframework.context.support.AbstractApplicationContext.getBean(AbstractApplicationContext.java:1056)
	at org.springframework.context.support.AbstractApplicationContext.finishBeanFactoryInitialization(AbstractApplicationContext.java:831)
	at org.springframework.context.support.AbstractApplicationContext.refresh(AbstractApplicationContext.java:540)
	at org.springframework.boot.context.embedded.EmbeddedWebApplicationContext.refresh(EmbeddedWebApplicationContext.java:118)
	at org.springframework.boot.SpringApplication.refresh(SpringApplication.java:765)
	at org.springframework.boot.SpringApplication.refreshContext(SpringApplication.java:370)
	at org.springframework.boot.SpringApplication.run(SpringApplication.java:314)
	at org.springframework.boot.SpringApplication.run(SpringApplication.java:1182)
	at org.springframework.boot.SpringApplication.run(SpringApplication.java:1171)
	at com.mimacom.app.springboot.Application.main(Application.java:30)
	at sun.reflect.NativeMethodAccessorImpl.invoke0(Native Method)
	at sun.reflect.NativeMethodAccessorImpl.invoke(Unknown Source)
	at sun.reflect.DelegatingMethodAccessorImpl.invoke(Unknown Source)
	at java.lang.reflect.Method.invoke(Unknown Source)
	at org.springframework.boot.loader.MainMethodRunner.run(MainMethodRunner.java:48)
	at org.springframework.boot.loader.Launcher.launch(Launcher.java:87)
	at org.springframework.boot.loader.Launcher.launch(Launcher.java:50)
	at org.springframework.boot.loader.JarLauncher.main(JarLauncher.java:58)
Caused by: javax.persistence.PersistenceException: Unable to resolve persistence unit root URL
	at org.springframework.orm.jpa.persistenceunit.DefaultPersistenceUnitManager.determineDefaultPersistenceUnitRootUrl(DefaultPersistenceUnitManager.java:591)
	at org.springframework.orm.jpa.persistenceunit.DefaultPersistenceUnitManager.preparePersistenceUnitInfos(DefaultPersistenceUnitManager.java:443)
	at org.springframework.orm.jpa.persistenceunit.DefaultPersistenceUnitManager.afterPropertiesSet(DefaultPersistenceUnitManager.java:424)
	at org.springframework.orm.jpa.LocalContainerEntityManagerFactoryBean.createNativeEntityManagerFactory(LocalContainerEntityManagerFactoryBean.java:310)
	at org.springframework.orm.jpa.AbstractEntityManagerFactoryBean.buildNativeEntityManagerFactory(AbstractEntityManagerFactoryBean.java:373)
	at org.springframework.orm.jpa.AbstractEntityManagerFactoryBean.afterPropertiesSet(AbstractEntityManagerFactoryBean.java:362)
	at org.springframework.beans.factory.support.AbstractAutowireCapableBeanFactory.invokeInitMethods(AbstractAutowireCapableBeanFactory.java:1637)
	at org.springframework.beans.factory.support.AbstractAutowireCapableBeanFactory.initializeBean(AbstractAutowireCapableBeanFactory.java:1574)
	... 24 common frames omitted
Caused by: java.io.FileNotFoundException: class path resource [] cannot be resolved to URL because it does not exist
	at org.springframework.core.io.ClassPathResource.getURL(ClassPathResource.java:187)
	at org.springframework.orm.jpa.persistenceunit.DefaultPersistenceUnitManager.determineDefaultPersistenceUnitRootUrl(DefaultPersistenceUnitManager.java:588)
	... 31 common frames omitted

2016-05-19 00:57:12.868  INFO 4924 --- [main] com.mimacom.app.springboot.Application   : Starting Application on mima-ws-108 with PID 4924 (C:\development\projects\sample-spring-boot-app\sample-spring-boot-web\target\classes started by pado in C:\development\projects\sample-spring-boot-app)
2016-05-19 00:57:12.872  INFO 4924 --- [main] com.mimacom.app.springboot.Application   : No active profile set, falling back to default profiles: default
2016-05-19 00:57:12.994  INFO 4924 --- [main] ationConfigEmbeddedWebApplicationContext : Refreshing org.springframework.boot.context.embedded.AnnotationConfigEmbeddedWebApplicationContext@1a84f40f: startup date [Thu May 19 00:57:12 CEST 2016]; root of context hierarchy
2016-05-19 00:57:14.757  INFO 4924 --- [main] o.s.b.f.s.DefaultListableBeanFactory     : Overriding bean definition for bean 'beanNameViewResolver' with a different definition: replacing [Root bean: class [null]; scope=; abstract=false; lazyInit=false; autowireMode=3; dependencyCheck=0; autowireCandidate=true; primary=false; factoryBeanName=org.springframework.boot.autoconfigure.web.ErrorMvcAutoConfiguration$WhitelabelErrorViewConfiguration; factoryMethodName=beanNameViewResolver; initMethodName=null; destroyMethodName=(inferred); defined in class path resource [org/springframework/boot/autoconfigure/web/ErrorMvcAutoConfiguration$WhitelabelErrorViewConfiguration.class]] with [Root bean: class [null]; scope=; abstract=false; lazyInit=false; autowireMode=3; dependencyCheck=0; autowireCandidate=true; primary=false; factoryBeanName=org.springframework.boot.autoconfigure.web.WebMvcAutoConfiguration$WebMvcAutoConfigurationAdapter; factoryMethodName=beanNameViewResolver; initMethodName=null; destroyMethodName=(inferred); defined in class path resource [org/springframework/boot/autoconfigure/web/WebMvcAutoConfiguration$WebMvcAutoConfigurationAdapter.class]]
2016-05-19 00:57:15.380  INFO 4924 --- [main] trationDelegate$BeanPostProcessorChecker : Bean 'org.springframework.transaction.annotation.ProxyTransactionManagementConfiguration' of type [class org.springframework.transaction.annotation.ProxyTransactionManagementConfiguration$$EnhancerBySpringCGLIB$$89cbdfd7] is not eligible for getting processed by all BeanPostProcessors (for example: not eligible for auto-proxying)
2016-05-19 00:57:16.321  INFO 4924 --- [main] s.b.c.e.t.TomcatEmbeddedServletContainer : Tomcat initialized with port(s): 8080 (http)
2016-05-19 00:57:16.356  INFO 4924 --- [main] o.apache.catalina.core.StandardService   : Starting service Tomcat
2016-05-19 00:57:16.358  INFO 4924 --- [main] org.apache.catalina.core.StandardEngine  : Starting Servlet Engine: Apache Tomcat/8.0.33
2016-05-19 00:57:17.207  INFO 4924 --- [localhost-startStop-1] o.a.c.c.C.[Tomcat].[localhost].[/]       : Initializing Spring embedded WebApplicationContext
2016-05-19 00:57:17.208  INFO 4924 --- [localhost-startStop-1] o.s.web.context.ContextLoader            : Root WebApplicationContext: initialization completed in 4218 ms
2016-05-19 00:57:17.892  INFO 4924 --- [localhost-startStop-1] o.s.b.c.e.ServletRegistrationBean        : Mapping servlet: 'dispatcherServlet' to [/]
2016-05-19 00:57:17.896  INFO 4924 --- [localhost-startStop-1] o.s.b.c.embedded.FilterRegistrationBean  : Mapping filter: 'characterEncodingFilter' to: [/*]
2016-05-19 00:57:17.897  INFO 4924 --- [localhost-startStop-1] o.s.b.c.embedded.FilterRegistrationBean  : Mapping filter: 'hiddenHttpMethodFilter' to: [/*]
2016-05-19 00:57:17.897  INFO 4924 --- [localhost-startStop-1] o.s.b.c.embedded.FilterRegistrationBean  : Mapping filter: 'httpPutFormContentFilter' to: [/*]
2016-05-19 00:57:17.898  INFO 4924 --- [localhost-startStop-1] o.s.b.c.embedded.FilterRegistrationBean  : Mapping filter: 'requestContextFilter' to: [/*]
2016-05-19 00:57:18.459  INFO 4924 --- [main] j.LocalContainerEntityManagerFactoryBean : Building JPA container EntityManagerFactory for persistence unit 'default'
2016-05-19 00:57:18.491  INFO 4924 --- [main] o.hibernate.jpa.internal.util.LogHelper  : HHH000204: Processing PersistenceUnitInfo [
	name: default
	...]
2016-05-19 00:57:18.619  INFO 4924 --- [main] org.hibernate.Version                    : HHH000412: Hibernate Core {5.1.0.Final}
2016-05-19 00:57:18.622  INFO 4924 --- [main] org.hibernate.cfg.Environment            : HHH000206: hibernate.properties not found
2016-05-19 00:57:18.625  INFO 4924 --- [main] org.hibernate.cfg.Environment            : HHH000021: Bytecode provider name : javassist
2016-05-19 00:57:18.696  INFO 4924 --- [main] o.hibernate.annotations.common.Version   : HCANN000001: Hibernate Commons Annotations {5.0.1.Final}
2016-05-19 00:57:20.148  INFO 4924 --- [main] org.hibernate.dialect.Dialect            : HHH000400: Using dialect: org.hibernate.dialect.H2Dialect
2016-05-19 00:57:20.960  INFO 4924 --- [main] o.h.t.schema.internal.SchemaCreatorImpl  : HHH000476: Executing import script 'org.hibernate.tool.schema.internal.exec.ScriptSourceInputNonExistentImpl@61394494'
2016-05-19 00:57:20.993  INFO 4924 --- [main] j.LocalContainerEntityManagerFactoryBean : Initialized JPA EntityManagerFactory for persistence unit 'default'
2016-05-19 00:57:21.596  INFO 4924 --- [main] s.w.s.m.m.a.RequestMappingHandlerAdapter : Looking for @ControllerAdvice: org.springframework.boot.context.embedded.AnnotationConfigEmbeddedWebApplicationContext@1a84f40f: startup date [Thu May 19 00:57:12 CEST 2016]; root of context hierarchy
2016-05-19 00:57:21.703  INFO 4924 --- [main] s.w.s.m.m.a.RequestMappingHandlerMapping : Mapped "{[/api/test],methods=[GET]}" onto public void com.mimacom.app.springboot.web.TestController.addRandom()
2016-05-19 00:57:21.705  INFO 4924 --- [main] s.w.s.m.m.a.RequestMappingHandlerMapping : Mapped "{[/api/user],methods=[GET]}" onto public void com.mimacom.app.springboot.web.UserController.addRandom()
2016-05-19 00:57:21.708  INFO 4924 --- [main] s.w.s.m.m.a.RequestMappingHandlerMapping : Mapped "{[/error]}" onto public org.springframework.http.ResponseEntity<java.util.Map<java.lang.String, java.lang.Object>> org.springframework.boot.autoconfigure.web.BasicErrorController.error(javax.servlet.http.HttpServletRequest)
2016-05-19 00:57:21.709  INFO 4924 --- [main] s.w.s.m.m.a.RequestMappingHandlerMapping : Mapped "{[/error],produces=[text/html]}" onto public org.springframework.web.servlet.ModelAndView org.springframework.boot.autoconfigure.web.BasicErrorController.errorHtml(javax.servlet.http.HttpServletRequest,javax.servlet.http.HttpServletResponse)
2016-05-19 00:57:21.767  INFO 4924 --- [main] o.s.w.s.handler.SimpleUrlHandlerMapping  : Mapped URL path [/webjars/**] onto handler of type [class org.springframework.web.servlet.resource.ResourceHttpRequestHandler]
2016-05-19 00:57:21.767  INFO 4924 --- [main] o.s.w.s.handler.SimpleUrlHandlerMapping  : Mapped URL path [/**] onto handler of type [class org.springframework.web.servlet.resource.ResourceHttpRequestHandler]
2016-05-19 00:57:21.820  INFO 4924 --- [main] o.s.w.s.handler.SimpleUrlHandlerMapping  : Mapped URL path [/**/favicon.ico] onto handler of type [class org.springframework.web.servlet.resource.ResourceHttpRequestHandler]
2016-05-19 00:57:22.163  INFO 4924 --- [main] o.s.j.e.a.AnnotationMBeanExporter        : Registering beans for JMX exposure on startup
2016-05-19 00:57:22.297  INFO 4924 --- [main] s.b.c.e.t.TomcatEmbeddedServletContainer : Tomcat started on port(s): 8080 (http)
2016-05-19 00:57:22.304  INFO 4924 --- [main] com.mimacom.app.springboot.Application   : Started Application in 10.164 seconds (JVM running for 10.993)
2016-05-19 00:58:04.584  INFO 8624 --- [main] com.mimacom.app.springboot.Application   : Starting Application on mima-ws-108 with PID 8624 (C:\development\projects\sample-spring-boot-app\sample-spring-boot-web\target\classes started by pado in C:\development\projects\sample-spring-boot-app)
2016-05-19 00:58:04.589  INFO 8624 --- [main] com.mimacom.app.springboot.Application   : No active profile set, falling back to default profiles: default
2016-05-19 00:58:04.756  INFO 8624 --- [main] ationConfigEmbeddedWebApplicationContext : Refreshing org.springframework.boot.context.embedded.AnnotationConfigEmbeddedWebApplicationContext@3a079870: startup date [Thu May 19 00:58:04 CEST 2016]; root of context hierarchy
2016-05-19 00:58:06.849  INFO 8624 --- [main] o.s.b.f.s.DefaultListableBeanFactory     : Overriding bean definition for bean 'beanNameViewResolver' with a different definition: replacing [Root bean: class [null]; scope=; abstract=false; lazyInit=false; autowireMode=3; dependencyCheck=0; autowireCandidate=true; primary=false; factoryBeanName=org.springframework.boot.autoconfigure.web.ErrorMvcAutoConfiguration$WhitelabelErrorViewConfiguration; factoryMethodName=beanNameViewResolver; initMethodName=null; destroyMethodName=(inferred); defined in class path resource [org/springframework/boot/autoconfigure/web/ErrorMvcAutoConfiguration$WhitelabelErrorViewConfiguration.class]] with [Root bean: class [null]; scope=; abstract=false; lazyInit=false; autowireMode=3; dependencyCheck=0; autowireCandidate=true; primary=false; factoryBeanName=org.springframework.boot.autoconfigure.web.WebMvcAutoConfiguration$WebMvcAutoConfigurationAdapter; factoryMethodName=beanNameViewResolver; initMethodName=null; destroyMethodName=(inferred); defined in class path resource [org/springframework/boot/autoconfigure/web/WebMvcAutoConfiguration$WebMvcAutoConfigurationAdapter.class]]
2016-05-19 00:58:07.571  INFO 8624 --- [main] trationDelegate$BeanPostProcessorChecker : Bean 'org.springframework.transaction.annotation.ProxyTransactionManagementConfiguration' of type [class org.springframework.transaction.annotation.ProxyTransactionManagementConfiguration$$EnhancerBySpringCGLIB$$91ca7fd3] is not eligible for getting processed by all BeanPostProcessors (for example: not eligible for auto-proxying)
2016-05-19 00:58:08.297  INFO 8624 --- [main] s.b.c.e.t.TomcatEmbeddedServletContainer : Tomcat initialized with port(s): 8080 (http)
2016-05-19 00:58:08.317  INFO 8624 --- [main] o.apache.catalina.core.StandardService   : Starting service Tomcat
2016-05-19 00:58:08.318  INFO 8624 --- [main] org.apache.catalina.core.StandardEngine  : Starting Servlet Engine: Apache Tomcat/8.0.33
2016-05-19 00:58:08.462  INFO 8624 --- [localhost-startStop-1] o.a.c.c.C.[Tomcat].[localhost].[/]       : Initializing Spring embedded WebApplicationContext
2016-05-19 00:58:08.462  INFO 8624 --- [localhost-startStop-1] o.s.web.context.ContextLoader            : Root WebApplicationContext: initialization completed in 3714 ms
2016-05-19 00:58:08.997  INFO 8624 --- [localhost-startStop-1] o.s.b.c.e.ServletRegistrationBean        : Mapping servlet: 'dispatcherServlet' to [/]
2016-05-19 00:58:09.004  INFO 8624 --- [localhost-startStop-1] o.s.b.c.embedded.FilterRegistrationBean  : Mapping filter: 'metricFilter' to: [/*]
2016-05-19 00:58:09.005  INFO 8624 --- [localhost-startStop-1] o.s.b.c.embedded.FilterRegistrationBean  : Mapping filter: 'characterEncodingFilter' to: [/*]
2016-05-19 00:58:09.005  INFO 8624 --- [localhost-startStop-1] o.s.b.c.embedded.FilterRegistrationBean  : Mapping filter: 'hiddenHttpMethodFilter' to: [/*]
2016-05-19 00:58:09.006  INFO 8624 --- [localhost-startStop-1] o.s.b.c.embedded.FilterRegistrationBean  : Mapping filter: 'httpPutFormContentFilter' to: [/*]
2016-05-19 00:58:09.006  INFO 8624 --- [localhost-startStop-1] o.s.b.c.embedded.FilterRegistrationBean  : Mapping filter: 'requestContextFilter' to: [/*]
2016-05-19 00:58:09.006  INFO 8624 --- [localhost-startStop-1] o.s.b.c.embedded.FilterRegistrationBean  : Mapping filter: 'webRequestLoggingFilter' to: [/*]
2016-05-19 00:58:09.006  INFO 8624 --- [localhost-startStop-1] o.s.b.c.embedded.FilterRegistrationBean  : Mapping filter: 'applicationContextIdFilter' to: [/*]
2016-05-19 00:58:09.470  INFO 8624 --- [main] j.LocalContainerEntityManagerFactoryBean : Building JPA container EntityManagerFactory for persistence unit 'default'
2016-05-19 00:58:09.496  INFO 8624 --- [main] o.hibernate.jpa.internal.util.LogHelper  : HHH000204: Processing PersistenceUnitInfo [
	name: default
	...]
2016-05-19 00:58:09.591  INFO 8624 --- [main] org.hibernate.Version                    : HHH000412: Hibernate Core {5.1.0.Final}
2016-05-19 00:58:09.593  INFO 8624 --- [main] org.hibernate.cfg.Environment            : HHH000206: hibernate.properties not found
2016-05-19 00:58:09.595  INFO 8624 --- [main] org.hibernate.cfg.Environment            : HHH000021: Bytecode provider name : javassist
2016-05-19 00:58:09.646  INFO 8624 --- [main] o.hibernate.annotations.common.Version   : HCANN000001: Hibernate Commons Annotations {5.0.1.Final}
2016-05-19 00:58:10.741  INFO 8624 --- [main] org.hibernate.dialect.Dialect            : HHH000400: Using dialect: org.hibernate.dialect.H2Dialect
2016-05-19 00:58:11.188  INFO 8624 --- [main] o.h.t.schema.internal.SchemaCreatorImpl  : HHH000476: Executing import script 'org.hibernate.tool.schema.internal.exec.ScriptSourceInputNonExistentImpl@440ef8d'
2016-05-19 00:58:11.223  INFO 8624 --- [main] j.LocalContainerEntityManagerFactoryBean : Initialized JPA EntityManagerFactory for persistence unit 'default'
2016-05-19 00:58:11.668  INFO 8624 --- [main] s.w.s.m.m.a.RequestMappingHandlerAdapter : Looking for @ControllerAdvice: org.springframework.boot.context.embedded.AnnotationConfigEmbeddedWebApplicationContext@3a079870: startup date [Thu May 19 00:58:04 CEST 2016]; root of context hierarchy
2016-05-19 00:58:11.758  INFO 8624 --- [main] s.w.s.m.m.a.RequestMappingHandlerMapping : Mapped "{[/api/test],methods=[GET]}" onto public void com.mimacom.app.springboot.web.TestController.addRandom()
2016-05-19 00:58:11.760  INFO 8624 --- [main] s.w.s.m.m.a.RequestMappingHandlerMapping : Mapped "{[/api/user],methods=[GET]}" onto public void com.mimacom.app.springboot.web.UserController.addRandom()
2016-05-19 00:58:11.762  INFO 8624 --- [main] s.w.s.m.m.a.RequestMappingHandlerMapping : Mapped "{[/error]}" onto public org.springframework.http.ResponseEntity<java.util.Map<java.lang.String, java.lang.Object>> org.springframework.boot.autoconfigure.web.BasicErrorController.error(javax.servlet.http.HttpServletRequest)
2016-05-19 00:58:11.762  INFO 8624 --- [main] s.w.s.m.m.a.RequestMappingHandlerMapping : Mapped "{[/error],produces=[text/html]}" onto public org.springframework.web.servlet.ModelAndView org.springframework.boot.autoconfigure.web.BasicErrorController.errorHtml(javax.servlet.http.HttpServletRequest,javax.servlet.http.HttpServletResponse)
2016-05-19 00:58:11.804  INFO 8624 --- [main] o.s.w.s.handler.SimpleUrlHandlerMapping  : Mapped URL path [/webjars/**] onto handler of type [class org.springframework.web.servlet.resource.ResourceHttpRequestHandler]
2016-05-19 00:58:11.804  INFO 8624 --- [main] o.s.w.s.handler.SimpleUrlHandlerMapping  : Mapped URL path [/**] onto handler of type [class org.springframework.web.servlet.resource.ResourceHttpRequestHandler]
2016-05-19 00:58:11.864  INFO 8624 --- [main] o.s.w.s.handler.SimpleUrlHandlerMapping  : Mapped URL path [/**/favicon.ico] onto handler of type [class org.springframework.web.servlet.resource.ResourceHttpRequestHandler]
2016-05-19 00:58:12.438  INFO 8624 --- [main] o.s.b.a.e.mvc.EndpointHandlerMapping     : Mapped "{[/management/health || /management/health.json],produces=[application/json]}" onto public java.lang.Object org.springframework.boot.actuate.endpoint.mvc.HealthMvcEndpoint.invoke(java.security.Principal)
2016-05-19 00:58:12.439  INFO 8624 --- [main] o.s.b.a.e.mvc.EndpointHandlerMapping     : Mapped "{[/management/trace || /management/trace.json],methods=[GET],produces=[application/json]}" onto public java.lang.Object org.springframework.boot.actuate.endpoint.mvc.EndpointMvcAdapter.invoke()
2016-05-19 00:58:12.439  INFO 8624 --- [main] o.s.b.a.e.mvc.EndpointHandlerMapping     : Mapped "{[/management/beans || /management/beans.json],methods=[GET],produces=[application/json]}" onto public java.lang.Object org.springframework.boot.actuate.endpoint.mvc.EndpointMvcAdapter.invoke()
2016-05-19 00:58:12.440  INFO 8624 --- [main] o.s.b.a.e.mvc.EndpointHandlerMapping     : Mapped "{[/management/configprops || /management/configprops.json],methods=[GET],produces=[application/json]}" onto public java.lang.Object org.springframework.boot.actuate.endpoint.mvc.EndpointMvcAdapter.invoke()
2016-05-19 00:58:12.442  INFO 8624 --- [main] o.s.b.a.e.mvc.EndpointHandlerMapping     : Mapped "{[/management/env/{name:.*}],methods=[GET],produces=[application/json]}" onto public java.lang.Object org.springframework.boot.actuate.endpoint.mvc.EnvironmentMvcEndpoint.value(java.lang.String)
2016-05-19 00:58:12.443  INFO 8624 --- [main] o.s.b.a.e.mvc.EndpointHandlerMapping     : Mapped "{[/management/env || /management/env.json],methods=[GET],produces=[application/json]}" onto public java.lang.Object org.springframework.boot.actuate.endpoint.mvc.EndpointMvcAdapter.invoke()
2016-05-19 00:58:12.445  INFO 8624 --- [main] o.s.b.a.e.mvc.EndpointHandlerMapping     : Mapped "{[/management/info || /management/info.json],methods=[GET],produces=[application/json]}" onto public java.lang.Object org.springframework.boot.actuate.endpoint.mvc.EndpointMvcAdapter.invoke()
2016-05-19 00:58:12.446  INFO 8624 --- [main] o.s.b.a.e.mvc.EndpointHandlerMapping     : Mapped "{[/management/autoconfig || /management/autoconfig.json],methods=[GET],produces=[application/json]}" onto public java.lang.Object org.springframework.boot.actuate.endpoint.mvc.EndpointMvcAdapter.invoke()
2016-05-19 00:58:12.447  INFO 8624 --- [main] o.s.b.a.e.mvc.EndpointHandlerMapping     : Mapped "{[/management/logfile || /management/logfile.json],methods=[GET || HEAD]}" onto public void org.springframework.boot.actuate.endpoint.mvc.LogFileMvcEndpoint.invoke(javax.servlet.http.HttpServletRequest,javax.servlet.http.HttpServletResponse) throws javax.servlet.ServletException,java.io.IOException
2016-05-19 00:58:12.447  INFO 8624 --- [main] o.s.b.a.e.mvc.EndpointHandlerMapping     : Mapped "{[/management/mappings || /management/mappings.json],methods=[GET],produces=[application/json]}" onto public java.lang.Object org.springframework.boot.actuate.endpoint.mvc.EndpointMvcAdapter.invoke()
2016-05-19 00:58:12.448  INFO 8624 --- [main] o.s.b.a.e.mvc.EndpointHandlerMapping     : Mapped "{[/management/metrics/{name:.*}],methods=[GET],produces=[application/json]}" onto public java.lang.Object org.springframework.boot.actuate.endpoint.mvc.MetricsMvcEndpoint.value(java.lang.String)
2016-05-19 00:58:12.448  INFO 8624 --- [main] o.s.b.a.e.mvc.EndpointHandlerMapping     : Mapped "{[/management/metrics || /management/metrics.json],methods=[GET],produces=[application/json]}" onto public java.lang.Object org.springframework.boot.actuate.endpoint.mvc.EndpointMvcAdapter.invoke()
2016-05-19 00:58:12.449  INFO 8624 --- [main] o.s.b.a.e.mvc.EndpointHandlerMapping     : Mapped "{[/management/dump || /management/dump.json],methods=[GET],produces=[application/json]}" onto public java.lang.Object org.springframework.boot.actuate.endpoint.mvc.EndpointMvcAdapter.invoke()
2016-05-19 00:58:12.611  INFO 8624 --- [main] o.s.j.e.a.AnnotationMBeanExporter        : Registering beans for JMX exposure on startup
2016-05-19 00:58:12.624  INFO 8624 --- [main] o.s.c.support.DefaultLifecycleProcessor  : Starting beans in phase 0
2016-05-19 00:58:12.926  INFO 8624 --- [main] s.b.c.e.t.TomcatEmbeddedServletContainer : Tomcat started on port(s): 8080 (http)
2016-05-19 00:58:12.931  INFO 8624 --- [main] com.mimacom.app.springboot.Application   : Started Application in 9.033 seconds (JVM running for 9.78)
2016-05-19 01:00:54.735  INFO 7140 --- [main] com.mimacom.app.springboot.Application   : Starting Application on mima-ws-108 with PID 7140 (C:\development\projects\sample-spring-boot-app\sample-spring-boot-web\target\classes started by pado in C:\development\projects\sample-spring-boot-app)
2016-05-19 01:00:54.740  INFO 7140 --- [main] com.mimacom.app.springboot.Application   : No active profile set, falling back to default profiles: default
2016-05-19 01:00:54.868  INFO 7140 --- [main] ationConfigEmbeddedWebApplicationContext : Refreshing org.springframework.boot.context.embedded.AnnotationConfigEmbeddedWebApplicationContext@13acb0d1: startup date [Thu May 19 01:00:54 CEST 2016]; root of context hierarchy
2016-05-19 01:00:57.321  INFO 7140 --- [main] o.s.b.f.s.DefaultListableBeanFactory     : Overriding bean definition for bean 'beanNameViewResolver' with a different definition: replacing [Root bean: class [null]; scope=; abstract=false; lazyInit=false; autowireMode=3; dependencyCheck=0; autowireCandidate=true; primary=false; factoryBeanName=org.springframework.boot.autoconfigure.web.ErrorMvcAutoConfiguration$WhitelabelErrorViewConfiguration; factoryMethodName=beanNameViewResolver; initMethodName=null; destroyMethodName=(inferred); defined in class path resource [org/springframework/boot/autoconfigure/web/ErrorMvcAutoConfiguration$WhitelabelErrorViewConfiguration.class]] with [Root bean: class [null]; scope=; abstract=false; lazyInit=false; autowireMode=3; dependencyCheck=0; autowireCandidate=true; primary=false; factoryBeanName=org.springframework.boot.autoconfigure.web.WebMvcAutoConfiguration$WebMvcAutoConfigurationAdapter; factoryMethodName=beanNameViewResolver; initMethodName=null; destroyMethodName=(inferred); defined in class path resource [org/springframework/boot/autoconfigure/web/WebMvcAutoConfiguration$WebMvcAutoConfigurationAdapter.class]]
2016-05-19 01:00:57.360  INFO 7140 --- [main] o.s.b.f.s.DefaultListableBeanFactory     : Overriding bean definition for bean 'ignoredPathsWebSecurityConfigurerAdapter' with a different definition: replacing [Root bean: class [null]; scope=; abstract=false; lazyInit=false; autowireMode=3; dependencyCheck=0; autowireCandidate=true; primary=false; factoryBeanName=org.springframework.boot.autoconfigure.security.SpringBootWebSecurityConfiguration; factoryMethodName=ignoredPathsWebSecurityConfigurerAdapter; initMethodName=null; destroyMethodName=(inferred); defined in class path resource [org/springframework/boot/autoconfigure/security/SpringBootWebSecurityConfiguration.class]] with [Root bean: class [null]; scope=; abstract=false; lazyInit=false; autowireMode=3; dependencyCheck=0; autowireCandidate=true; primary=false; factoryBeanName=org.springframework.boot.actuate.autoconfigure.ManagementWebSecurityAutoConfiguration; factoryMethodName=ignoredPathsWebSecurityConfigurerAdapter; initMethodName=null; destroyMethodName=(inferred); defined in class path resource [org/springframework/boot/actuate/autoconfigure/ManagementWebSecurityAutoConfiguration.class]]
2016-05-19 01:00:58.077  INFO 7140 --- [main] trationDelegate$BeanPostProcessorChecker : Bean 'org.springframework.transaction.annotation.ProxyTransactionManagementConfiguration' of type [class org.springframework.transaction.annotation.ProxyTransactionManagementConfiguration$$EnhancerBySpringCGLIB$$afd2eac3] is not eligible for getting processed by all BeanPostProcessors (for example: not eligible for auto-proxying)
2016-05-19 01:00:58.807  INFO 7140 --- [main] s.b.c.e.t.TomcatEmbeddedServletContainer : Tomcat initialized with port(s): 8080 (http)
2016-05-19 01:00:58.823  INFO 7140 --- [main] o.apache.catalina.core.StandardService   : Starting service Tomcat
2016-05-19 01:00:58.825  INFO 7140 --- [main] org.apache.catalina.core.StandardEngine  : Starting Servlet Engine: Apache Tomcat/8.0.33
2016-05-19 01:00:58.985  INFO 7140 --- [localhost-startStop-1] o.a.c.c.C.[Tomcat].[localhost].[/]       : Initializing Spring embedded WebApplicationContext
2016-05-19 01:00:58.985  INFO 7140 --- [localhost-startStop-1] o.s.web.context.ContextLoader            : Root WebApplicationContext: initialization completed in 4121 ms
2016-05-19 01:00:59.566  INFO 7140 --- [localhost-startStop-1] o.s.b.c.embedded.FilterRegistrationBean  : Mapping filter: 'metricFilter' to: [/*]
2016-05-19 01:00:59.567  INFO 7140 --- [localhost-startStop-1] o.s.b.c.embedded.FilterRegistrationBean  : Mapping filter: 'characterEncodingFilter' to: [/*]
2016-05-19 01:00:59.567  INFO 7140 --- [localhost-startStop-1] o.s.b.c.embedded.FilterRegistrationBean  : Mapping filter: 'hiddenHttpMethodFilter' to: [/*]
2016-05-19 01:00:59.568  INFO 7140 --- [localhost-startStop-1] o.s.b.c.embedded.FilterRegistrationBean  : Mapping filter: 'httpPutFormContentFilter' to: [/*]
2016-05-19 01:00:59.568  INFO 7140 --- [localhost-startStop-1] o.s.b.c.embedded.FilterRegistrationBean  : Mapping filter: 'requestContextFilter' to: [/*]
2016-05-19 01:00:59.569  INFO 7140 --- [localhost-startStop-1] .e.DelegatingFilterProxyRegistrationBean : Mapping filter: 'springSecurityFilterChain' to: [/*]
2016-05-19 01:00:59.570  INFO 7140 --- [localhost-startStop-1] o.s.b.c.embedded.FilterRegistrationBean  : Mapping filter: 'webRequestLoggingFilter' to: [/*]
2016-05-19 01:00:59.571  INFO 7140 --- [localhost-startStop-1] o.s.b.c.embedded.FilterRegistrationBean  : Mapping filter: 'applicationContextIdFilter' to: [/*]
2016-05-19 01:00:59.572  INFO 7140 --- [localhost-startStop-1] o.s.b.c.e.ServletRegistrationBean        : Mapping servlet: 'dispatcherServlet' to [/]
2016-05-19 01:00:59.970  INFO 7140 --- [localhost-startStop-1] o.s.s.web.DefaultSecurityFilterChain     : Creating filter chain: OrRequestMatcher [requestMatchers=[Ant [pattern='/css/**'], Ant [pattern='/js/**'], Ant [pattern='/images/**'], Ant [pattern='/**/favicon.ico'], Ant [pattern='/error']]], []
2016-05-19 01:01:00.049  INFO 7140 --- [localhost-startStop-1] o.s.s.web.DefaultSecurityFilterChain     : Creating filter chain: Ant [pattern='/management/**'], [org.springframework.security.web.context.request.async.WebAsyncManagerIntegrationFilter@6112ad90, org.springframework.security.web.context.SecurityContextPersistenceFilter@73fe25e8, org.springframework.security.web.header.HeaderWriterFilter@6c989cce, org.springframework.security.web.authentication.logout.LogoutFilter@16c6c94e, org.springframework.security.web.authentication.www.BasicAuthenticationFilter@7c5cb6f0, org.springframework.security.web.savedrequest.RequestCacheAwareFilter@69ceeaaf, org.springframework.security.web.servletapi.SecurityContextHolderAwareRequestFilter@2cbe64de, org.springframework.security.web.authentication.AnonymousAuthenticationFilter@78607c74, org.springframework.security.web.session.SessionManagementFilter@3e38b35b, org.springframework.security.web.access.ExceptionTranslationFilter@414de114, org.springframework.security.web.access.intercept.FilterSecurityInterceptor@182530e9]
2016-05-19 01:01:00.053  INFO 7140 --- [localhost-startStop-1] o.s.s.web.DefaultSecurityFilterChain     : Creating filter chain: OrRequestMatcher [requestMatchers=[Ant [pattern='/**']]], [org.springframework.security.web.context.request.async.WebAsyncManagerIntegrationFilter@6b7a4e17, org.springframework.security.web.context.SecurityContextPersistenceFilter@1d078d05, org.springframework.security.web.header.HeaderWriterFilter@102d6707, org.springframework.security.web.authentication.logout.LogoutFilter@5b39a3a5, org.springframework.security.web.authentication.www.BasicAuthenticationFilter@7af76262, org.springframework.security.web.savedrequest.RequestCacheAwareFilter@1a1b8497, org.springframework.security.web.servletapi.SecurityContextHolderAwareRequestFilter@61f5cd8c, org.springframework.security.web.authentication.AnonymousAuthenticationFilter@5a7a17ba, org.springframework.security.web.session.SessionManagementFilter@e969c13, org.springframework.security.web.access.ExceptionTranslationFilter@375619b3, org.springframework.security.web.access.intercept.FilterSecurityInterceptor@24cf66df]
2016-05-19 01:01:00.552  INFO 7140 --- [main] j.LocalContainerEntityManagerFactoryBean : Building JPA container EntityManagerFactory for persistence unit 'default'
2016-05-19 01:01:00.578  INFO 7140 --- [main] o.hibernate.jpa.internal.util.LogHelper  : HHH000204: Processing PersistenceUnitInfo [
	name: default
	...]
2016-05-19 01:01:00.681  INFO 7140 --- [main] org.hibernate.Version                    : HHH000412: Hibernate Core {5.1.0.Final}
2016-05-19 01:01:00.683  INFO 7140 --- [main] org.hibernate.cfg.Environment            : HHH000206: hibernate.properties not found
2016-05-19 01:01:00.685  INFO 7140 --- [main] org.hibernate.cfg.Environment            : HHH000021: Bytecode provider name : javassist
2016-05-19 01:01:00.900  INFO 7140 --- [main] o.hibernate.annotations.common.Version   : HCANN000001: Hibernate Commons Annotations {5.0.1.Final}
2016-05-19 01:01:01.856  INFO 7140 --- [main] org.hibernate.dialect.Dialect            : HHH000400: Using dialect: org.hibernate.dialect.H2Dialect
2016-05-19 01:01:02.164 ERROR 7140 --- [main] org.hibernate.AssertionFailure           : HHH000099: an assertion failure occured (this may indicate a bug in Hibernate, but is more likely due to unsafe use of the session): org.hibernate.boot.registry.classloading.spi.ClassLoadingException: Unable to load class [com.mimacom.app.springboot.domain.TestEntity]
2016-05-19 01:01:02.165  WARN 7140 --- [main] ationConfigEmbeddedWebApplicationContext : Exception encountered during context initialization - cancelling refresh attempt: org.springframework.beans.factory.BeanCreationException: Error creating bean with name 'entityManagerFactory' defined in class path resource [org/springframework/boot/autoconfigure/orm/jpa/HibernateJpaAutoConfiguration.class]: Invocation of init method failed; nested exception is javax.persistence.PersistenceException: [PersistenceUnit: default] Unable to build Hibernate SessionFactory
2016-05-19 01:01:02.168  INFO 7140 --- [main] o.apache.catalina.core.StandardService   : Stopping service Tomcat
2016-05-19 01:01:02.183  WARN 7140 --- [main] o.s.boot.SpringApplication               : Error handling failed (Error creating bean with name 'delegatingApplicationListener' defined in class path resource [org/springframework/security/config/annotation/web/configuration/WebSecurityConfiguration.class]: BeanPostProcessor before instantiation of bean failed; nested exception is org.springframework.beans.factory.BeanCreationException: Error creating bean with name 'org.springframework.transaction.annotation.ProxyTransactionManagementConfiguration': Initialization of bean failed; nested exception is org.springframework.beans.factory.NoSuchBeanDefinitionException: No bean named 'org.springframework.context.annotation.ConfigurationClassPostProcessor.importRegistry' is defined)
2016-05-19 01:01:02.191 ERROR 7140 --- [main] o.s.boot.SpringApplication               : Application startup failed

org.springframework.beans.factory.BeanCreationException: Error creating bean with name 'entityManagerFactory' defined in class path resource [org/springframework/boot/autoconfigure/orm/jpa/HibernateJpaAutoConfiguration.class]: Invocation of init method failed; nested exception is javax.persistence.PersistenceException: [PersistenceUnit: default] Unable to build Hibernate SessionFactory
	at org.springframework.beans.factory.support.AbstractAutowireCapableBeanFactory.initializeBean(AbstractAutowireCapableBeanFactory.java:1578)
	at org.springframework.beans.factory.support.AbstractAutowireCapableBeanFactory.doCreateBean(AbstractAutowireCapableBeanFactory.java:545)
	at org.springframework.beans.factory.support.AbstractAutowireCapableBeanFactory.createBean(AbstractAutowireCapableBeanFactory.java:482)
	at org.springframework.beans.factory.support.AbstractBeanFactory$1.getObject(AbstractBeanFactory.java:306)
	at org.springframework.beans.factory.support.DefaultSingletonBeanRegistry.getSingleton(DefaultSingletonBeanRegistry.java:230)
	at org.springframework.beans.factory.support.AbstractBeanFactory.doGetBean(AbstractBeanFactory.java:302)
	at org.springframework.beans.factory.support.AbstractBeanFactory.getBean(AbstractBeanFactory.java:197)
	at org.springframework.context.support.AbstractApplicationContext.getBean(AbstractApplicationContext.java:1056)
	at org.springframework.context.support.AbstractApplicationContext.finishBeanFactoryInitialization(AbstractApplicationContext.java:831)
	at org.springframework.context.support.AbstractApplicationContext.refresh(AbstractApplicationContext.java:540)
	at org.springframework.boot.context.embedded.EmbeddedWebApplicationContext.refresh(EmbeddedWebApplicationContext.java:118)
	at org.springframework.boot.SpringApplication.refresh(SpringApplication.java:765)
	at org.springframework.boot.SpringApplication.refreshContext(SpringApplication.java:370)
	at org.springframework.boot.SpringApplication.run(SpringApplication.java:314)
	at org.springframework.boot.SpringApplication.run(SpringApplication.java:1182)
	at org.springframework.boot.SpringApplication.run(SpringApplication.java:1171)
	at com.mimacom.app.springboot.Application.main(Application.java:13)
	at sun.reflect.NativeMethodAccessorImpl.invoke0(Native Method)
	at sun.reflect.NativeMethodAccessorImpl.invoke(NativeMethodAccessorImpl.java:62)
	at sun.reflect.DelegatingMethodAccessorImpl.invoke(DelegatingMethodAccessorImpl.java:43)
	at java.lang.reflect.Method.invoke(Method.java:497)
	at com.intellij.rt.execution.application.AppMain.main(AppMain.java:144)
Caused by: javax.persistence.PersistenceException: [PersistenceUnit: default] Unable to build Hibernate SessionFactory
	at org.hibernate.jpa.boot.internal.EntityManagerFactoryBuilderImpl.persistenceException(EntityManagerFactoryBuilderImpl.java:954)
	at org.hibernate.jpa.boot.internal.EntityManagerFactoryBuilderImpl.build(EntityManagerFactoryBuilderImpl.java:884)
	at org.springframework.orm.jpa.vendor.SpringHibernateJpaPersistenceProvider.createContainerEntityManagerFactory(SpringHibernateJpaPersistenceProvider.java:60)
	at org.springframework.orm.jpa.LocalContainerEntityManagerFactoryBean.createNativeEntityManagerFactory(LocalContainerEntityManagerFactoryBean.java:338)
	at org.springframework.orm.jpa.AbstractEntityManagerFactoryBean.buildNativeEntityManagerFactory(AbstractEntityManagerFactoryBean.java:373)
	at org.springframework.orm.jpa.AbstractEntityManagerFactoryBean.afterPropertiesSet(AbstractEntityManagerFactoryBean.java:362)
	at org.springframework.beans.factory.support.AbstractAutowireCapableBeanFactory.invokeInitMethods(AbstractAutowireCapableBeanFactory.java:1637)
	at org.springframework.beans.factory.support.AbstractAutowireCapableBeanFactory.initializeBean(AbstractAutowireCapableBeanFactory.java:1574)
	... 21 common frames omitted
Caused by: org.hibernate.cfg.beanvalidation.IntegrationException: Error activating Bean Validation integration
	at org.hibernate.cfg.beanvalidation.BeanValidationIntegrator.integrate(BeanValidationIntegrator.java:138)
	at org.hibernate.internal.SessionFactoryImpl.<init>(SessionFactoryImpl.java:276)
	at org.hibernate.boot.internal.SessionFactoryBuilderImpl.build(SessionFactoryBuilderImpl.java:465)
	at org.hibernate.jpa.boot.internal.EntityManagerFactoryBuilderImpl.build(EntityManagerFactoryBuilderImpl.java:881)
	... 27 common frames omitted
Caused by: org.hibernate.AssertionFailure: Entity class not found
	at org.hibernate.cfg.beanvalidation.TypeSafeActivator.applyRelationalConstraints(TypeSafeActivator.java:187)
	at org.hibernate.cfg.beanvalidation.TypeSafeActivator.applyRelationalConstraints(TypeSafeActivator.java:150)
	at org.hibernate.cfg.beanvalidation.TypeSafeActivator.activate(TypeSafeActivator.java:98)
	at sun.reflect.NativeMethodAccessorImpl.invoke0(Native Method)
	at sun.reflect.NativeMethodAccessorImpl.invoke(NativeMethodAccessorImpl.java:62)
	at sun.reflect.DelegatingMethodAccessorImpl.invoke(DelegatingMethodAccessorImpl.java:43)
	at java.lang.reflect.Method.invoke(Method.java:497)
	at org.hibernate.cfg.beanvalidation.BeanValidationIntegrator.integrate(BeanValidationIntegrator.java:132)
	... 30 common frames omitted
Caused by: org.hibernate.boot.registry.classloading.spi.ClassLoadingException: Unable to load class [com.mimacom.app.springboot.domain.TestEntity]
	at org.hibernate.boot.registry.classloading.internal.ClassLoaderServiceImpl.classForName(ClassLoaderServiceImpl.java:229)
	at org.hibernate.boot.internal.ClassLoaderAccessImpl.classForName(ClassLoaderAccessImpl.java:62)
	at org.hibernate.cfg.beanvalidation.TypeSafeActivator.applyRelationalConstraints(TypeSafeActivator.java:184)
	... 37 common frames omitted
Caused by: java.lang.ClassNotFoundException: Could not load requested class : com.mimacom.app.springboot.domain.TestEntity
	at org.hibernate.boot.registry.classloading.internal.ClassLoaderServiceImpl$AggregatedClassLoader.findClass(ClassLoaderServiceImpl.java:217)
	at java.lang.ClassLoader.loadClass(ClassLoader.java:424)
	at java.lang.ClassLoader.loadClass(ClassLoader.java:357)
	at java.lang.Class.forName0(Native Method)
	at java.lang.Class.forName(Class.java:348)
	at org.hibernate.boot.registry.classloading.internal.ClassLoaderServiceImpl.classForName(ClassLoaderServiceImpl.java:226)
	... 39 common frames omitted

2016-05-19 01:01:30.431  INFO 7272 --- [main] com.mimacom.app.springboot.Application   : Starting Application on mima-ws-108 with PID 7272 (C:\development\projects\sample-spring-boot-app\sample-spring-boot-web\target\classes started by pado in C:\development\projects\sample-spring-boot-app)
2016-05-19 01:01:30.436  INFO 7272 --- [main] com.mimacom.app.springboot.Application   : No active profile set, falling back to default profiles: default
2016-05-19 01:01:30.554  INFO 7272 --- [main] ationConfigEmbeddedWebApplicationContext : Refreshing org.springframework.boot.context.embedded.AnnotationConfigEmbeddedWebApplicationContext@13acb0d1: startup date [Thu May 19 01:01:30 CEST 2016]; root of context hierarchy
2016-05-19 01:01:32.716  INFO 7272 --- [main] o.s.b.f.s.DefaultListableBeanFactory     : Overriding bean definition for bean 'beanNameViewResolver' with a different definition: replacing [Root bean: class [null]; scope=; abstract=false; lazyInit=false; autowireMode=3; dependencyCheck=0; autowireCandidate=true; primary=false; factoryBeanName=org.springframework.boot.autoconfigure.web.ErrorMvcAutoConfiguration$WhitelabelErrorViewConfiguration; factoryMethodName=beanNameViewResolver; initMethodName=null; destroyMethodName=(inferred); defined in class path resource [org/springframework/boot/autoconfigure/web/ErrorMvcAutoConfiguration$WhitelabelErrorViewConfiguration.class]] with [Root bean: class [null]; scope=; abstract=false; lazyInit=false; autowireMode=3; dependencyCheck=0; autowireCandidate=true; primary=false; factoryBeanName=org.springframework.boot.autoconfigure.web.WebMvcAutoConfiguration$WebMvcAutoConfigurationAdapter; factoryMethodName=beanNameViewResolver; initMethodName=null; destroyMethodName=(inferred); defined in class path resource [org/springframework/boot/autoconfigure/web/WebMvcAutoConfiguration$WebMvcAutoConfigurationAdapter.class]]
2016-05-19 01:01:32.756  INFO 7272 --- [main] o.s.b.f.s.DefaultListableBeanFactory     : Overriding bean definition for bean 'ignoredPathsWebSecurityConfigurerAdapter' with a different definition: replacing [Root bean: class [null]; scope=; abstract=false; lazyInit=false; autowireMode=3; dependencyCheck=0; autowireCandidate=true; primary=false; factoryBeanName=org.springframework.boot.autoconfigure.security.SpringBootWebSecurityConfiguration; factoryMethodName=ignoredPathsWebSecurityConfigurerAdapter; initMethodName=null; destroyMethodName=(inferred); defined in class path resource [org/springframework/boot/autoconfigure/security/SpringBootWebSecurityConfiguration.class]] with [Root bean: class [null]; scope=; abstract=false; lazyInit=false; autowireMode=3; dependencyCheck=0; autowireCandidate=true; primary=false; factoryBeanName=org.springframework.boot.actuate.autoconfigure.ManagementWebSecurityAutoConfiguration; factoryMethodName=ignoredPathsWebSecurityConfigurerAdapter; initMethodName=null; destroyMethodName=(inferred); defined in class path resource [org/springframework/boot/actuate/autoconfigure/ManagementWebSecurityAutoConfiguration.class]]
2016-05-19 01:01:33.464  INFO 7272 --- [main] trationDelegate$BeanPostProcessorChecker : Bean 'org.springframework.transaction.annotation.ProxyTransactionManagementConfiguration' of type [class org.springframework.transaction.annotation.ProxyTransactionManagementConfiguration$$EnhancerBySpringCGLIB$$afd2eac3] is not eligible for getting processed by all BeanPostProcessors (for example: not eligible for auto-proxying)
2016-05-19 01:01:34.200  INFO 7272 --- [main] s.b.c.e.t.TomcatEmbeddedServletContainer : Tomcat initialized with port(s): 8080 (http)
2016-05-19 01:01:34.217  INFO 7272 --- [main] o.apache.catalina.core.StandardService   : Starting service Tomcat
2016-05-19 01:01:34.219  INFO 7272 --- [main] org.apache.catalina.core.StandardEngine  : Starting Servlet Engine: Apache Tomcat/8.0.33
2016-05-19 01:01:34.351  INFO 7272 --- [localhost-startStop-1] o.a.c.c.C.[Tomcat].[localhost].[/]       : Initializing Spring embedded WebApplicationContext
2016-05-19 01:01:34.352  INFO 7272 --- [localhost-startStop-1] o.s.web.context.ContextLoader            : Root WebApplicationContext: initialization completed in 3803 ms
2016-05-19 01:01:34.976  INFO 7272 --- [localhost-startStop-1] o.s.b.c.embedded.FilterRegistrationBean  : Mapping filter: 'metricFilter' to: [/*]
2016-05-19 01:01:34.977  INFO 7272 --- [localhost-startStop-1] o.s.b.c.embedded.FilterRegistrationBean  : Mapping filter: 'characterEncodingFilter' to: [/*]
2016-05-19 01:01:34.979  INFO 7272 --- [localhost-startStop-1] o.s.b.c.embedded.FilterRegistrationBean  : Mapping filter: 'hiddenHttpMethodFilter' to: [/*]
2016-05-19 01:01:34.981  INFO 7272 --- [localhost-startStop-1] o.s.b.c.embedded.FilterRegistrationBean  : Mapping filter: 'httpPutFormContentFilter' to: [/*]
2016-05-19 01:01:34.981  INFO 7272 --- [localhost-startStop-1] o.s.b.c.embedded.FilterRegistrationBean  : Mapping filter: 'requestContextFilter' to: [/*]
2016-05-19 01:01:34.983  INFO 7272 --- [localhost-startStop-1] .e.DelegatingFilterProxyRegistrationBean : Mapping filter: 'springSecurityFilterChain' to: [/*]
2016-05-19 01:01:34.983  INFO 7272 --- [localhost-startStop-1] o.s.b.c.embedded.FilterRegistrationBean  : Mapping filter: 'webRequestLoggingFilter' to: [/*]
2016-05-19 01:01:34.983  INFO 7272 --- [localhost-startStop-1] o.s.b.c.embedded.FilterRegistrationBean  : Mapping filter: 'applicationContextIdFilter' to: [/*]
2016-05-19 01:01:34.983  INFO 7272 --- [localhost-startStop-1] o.s.b.c.e.ServletRegistrationBean        : Mapping servlet: 'dispatcherServlet' to [/]
2016-05-19 01:01:35.418  INFO 7272 --- [localhost-startStop-1] o.s.s.web.DefaultSecurityFilterChain     : Creating filter chain: OrRequestMatcher [requestMatchers=[Ant [pattern='/css/**'], Ant [pattern='/js/**'], Ant [pattern='/images/**'], Ant [pattern='/**/favicon.ico'], Ant [pattern='/error']]], []
2016-05-19 01:01:35.505  INFO 7272 --- [localhost-startStop-1] o.s.s.web.DefaultSecurityFilterChain     : Creating filter chain: Ant [pattern='/management/**'], [org.springframework.security.web.context.request.async.WebAsyncManagerIntegrationFilter@3655f731, org.springframework.security.web.context.SecurityContextPersistenceFilter@1b2fbbc7, org.springframework.security.web.header.HeaderWriterFilter@f91b6a6, org.springframework.security.web.authentication.logout.LogoutFilter@5f2cefb, org.springframework.security.web.authentication.www.BasicAuthenticationFilter@6855b9c7, org.springframework.security.web.savedrequest.RequestCacheAwareFilter@276b02d0, org.springframework.security.web.servletapi.SecurityContextHolderAwareRequestFilter@7c902d64, org.springframework.security.web.authentication.AnonymousAuthenticationFilter@738bfbbd, org.springframework.security.web.session.SessionManagementFilter@b03d826, org.springframework.security.web.access.ExceptionTranslationFilter@3a3a2561, org.springframework.security.web.access.intercept.FilterSecurityInterceptor@74928e0a]
2016-05-19 01:01:35.512  INFO 7272 --- [localhost-startStop-1] o.s.s.web.DefaultSecurityFilterChain     : Creating filter chain: OrRequestMatcher [requestMatchers=[Ant [pattern='/**']]], [org.springframework.security.web.context.request.async.WebAsyncManagerIntegrationFilter@1dacc261, org.springframework.security.web.context.SecurityContextPersistenceFilter@157a93f9, org.springframework.security.web.header.HeaderWriterFilter@5fefe981, org.springframework.security.web.authentication.logout.LogoutFilter@34ff3551, org.springframework.security.web.authentication.www.BasicAuthenticationFilter@75db9d6c, org.springframework.security.web.savedrequest.RequestCacheAwareFilter@7d2f2d01, org.springframework.security.web.servletapi.SecurityContextHolderAwareRequestFilter@5d2c70c4, org.springframework.security.web.authentication.AnonymousAuthenticationFilter@3225d2a5, org.springframework.security.web.session.SessionManagementFilter@2b985444, org.springframework.security.web.access.ExceptionTranslationFilter@5537b156, org.springframework.security.web.access.intercept.FilterSecurityInterceptor@2b0d399a]
2016-05-19 01:01:36.003  INFO 7272 --- [main] j.LocalContainerEntityManagerFactoryBean : Building JPA container EntityManagerFactory for persistence unit 'default'
2016-05-19 01:01:36.030  INFO 7272 --- [main] o.hibernate.jpa.internal.util.LogHelper  : HHH000204: Processing PersistenceUnitInfo [
	name: default
	...]
2016-05-19 01:01:36.137  INFO 7272 --- [main] org.hibernate.Version                    : HHH000412: Hibernate Core {5.1.0.Final}
2016-05-19 01:01:36.138  INFO 7272 --- [main] org.hibernate.cfg.Environment            : HHH000206: hibernate.properties not found
2016-05-19 01:01:36.140  INFO 7272 --- [main] org.hibernate.cfg.Environment            : HHH000021: Bytecode provider name : javassist
2016-05-19 01:01:36.404  INFO 7272 --- [main] o.hibernate.annotations.common.Version   : HCANN000001: Hibernate Commons Annotations {5.0.1.Final}
2016-05-19 01:01:36.643  INFO 7272 --- [main] org.hibernate.dialect.Dialect            : HHH000400: Using dialect: org.hibernate.dialect.H2Dialect
2016-05-19 01:01:37.333  INFO 7272 --- [main] o.h.t.schema.internal.SchemaCreatorImpl  : HHH000476: Executing import script 'org.hibernate.tool.schema.internal.exec.ScriptSourceInputNonExistentImpl@183fc2fa'
2016-05-19 01:01:37.403  INFO 7272 --- [main] j.LocalContainerEntityManagerFactoryBean : Initialized JPA EntityManagerFactory for persistence unit 'default'
2016-05-19 01:01:38.048  INFO 7272 --- [main] s.w.s.m.m.a.RequestMappingHandlerAdapter : Looking for @ControllerAdvice: org.springframework.boot.context.embedded.AnnotationConfigEmbeddedWebApplicationContext@13acb0d1: startup date [Thu May 19 01:01:30 CEST 2016]; root of context hierarchy
2016-05-19 01:01:38.146  INFO 7272 --- [main] s.w.s.m.m.a.RequestMappingHandlerMapping : Mapped "{[/api/user],methods=[GET]}" onto public void com.mimacom.app.springboot.web.UserController.addRandom()
2016-05-19 01:01:38.150  INFO 7272 --- [main] s.w.s.m.m.a.RequestMappingHandlerMapping : Mapped "{[/error]}" onto public org.springframework.http.ResponseEntity<java.util.Map<java.lang.String, java.lang.Object>> org.springframework.boot.autoconfigure.web.BasicErrorController.error(javax.servlet.http.HttpServletRequest)
2016-05-19 01:01:38.152  INFO 7272 --- [main] s.w.s.m.m.a.RequestMappingHandlerMapping : Mapped "{[/error],produces=[text/html]}" onto public org.springframework.web.servlet.ModelAndView org.springframework.boot.autoconfigure.web.BasicErrorController.errorHtml(javax.servlet.http.HttpServletRequest,javax.servlet.http.HttpServletResponse)
2016-05-19 01:01:38.202  INFO 7272 --- [main] o.s.w.s.handler.SimpleUrlHandlerMapping  : Mapped URL path [/webjars/**] onto handler of type [class org.springframework.web.servlet.resource.ResourceHttpRequestHandler]
2016-05-19 01:01:38.202  INFO 7272 --- [main] o.s.w.s.handler.SimpleUrlHandlerMapping  : Mapped URL path [/**] onto handler of type [class org.springframework.web.servlet.resource.ResourceHttpRequestHandler]
2016-05-19 01:01:38.253  INFO 7272 --- [main] o.s.w.s.handler.SimpleUrlHandlerMapping  : Mapped URL path [/**/favicon.ico] onto handler of type [class org.springframework.web.servlet.resource.ResourceHttpRequestHandler]
2016-05-19 01:01:38.858  INFO 7272 --- [main] o.s.b.a.e.mvc.EndpointHandlerMapping     : Mapped "{[/management/trace || /management/trace.json],methods=[GET],produces=[application/json]}" onto public java.lang.Object org.springframework.boot.actuate.endpoint.mvc.EndpointMvcAdapter.invoke()
2016-05-19 01:01:38.858  INFO 7272 --- [main] o.s.b.a.e.mvc.EndpointHandlerMapping     : Mapped "{[/management/mappings || /management/mappings.json],methods=[GET],produces=[application/json]}" onto public java.lang.Object org.springframework.boot.actuate.endpoint.mvc.EndpointMvcAdapter.invoke()
2016-05-19 01:01:38.859  INFO 7272 --- [main] o.s.b.a.e.mvc.EndpointHandlerMapping     : Mapped "{[/management/beans || /management/beans.json],methods=[GET],produces=[application/json]}" onto public java.lang.Object org.springframework.boot.actuate.endpoint.mvc.EndpointMvcAdapter.invoke()
2016-05-19 01:01:38.859  INFO 7272 --- [main] o.s.b.a.e.mvc.EndpointHandlerMapping     : Mapped "{[/management/env/{name:.*}],methods=[GET],produces=[application/json]}" onto public java.lang.Object org.springframework.boot.actuate.endpoint.mvc.EnvironmentMvcEndpoint.value(java.lang.String)
2016-05-19 01:01:38.860  INFO 7272 --- [main] o.s.b.a.e.mvc.EndpointHandlerMapping     : Mapped "{[/management/env || /management/env.json],methods=[GET],produces=[application/json]}" onto public java.lang.Object org.springframework.boot.actuate.endpoint.mvc.EndpointMvcAdapter.invoke()
2016-05-19 01:01:38.861  INFO 7272 --- [main] o.s.b.a.e.mvc.EndpointHandlerMapping     : Mapped "{[/management/logfile || /management/logfile.json],methods=[GET || HEAD]}" onto public void org.springframework.boot.actuate.endpoint.mvc.LogFileMvcEndpoint.invoke(javax.servlet.http.HttpServletRequest,javax.servlet.http.HttpServletResponse) throws javax.servlet.ServletException,java.io.IOException
2016-05-19 01:01:38.861  INFO 7272 --- [main] o.s.b.a.e.mvc.EndpointHandlerMapping     : Mapped "{[/management/health || /management/health.json],produces=[application/json]}" onto public java.lang.Object org.springframework.boot.actuate.endpoint.mvc.HealthMvcEndpoint.invoke(java.security.Principal)
2016-05-19 01:01:38.865  INFO 7272 --- [main] o.s.b.a.e.mvc.EndpointHandlerMapping     : Mapped "{[/management/dump || /management/dump.json],methods=[GET],produces=[application/json]}" onto public java.lang.Object org.springframework.boot.actuate.endpoint.mvc.EndpointMvcAdapter.invoke()
2016-05-19 01:01:38.866  INFO 7272 --- [main] o.s.b.a.e.mvc.EndpointHandlerMapping     : Mapped "{[/management/configprops || /management/configprops.json],methods=[GET],produces=[application/json]}" onto public java.lang.Object org.springframework.boot.actuate.endpoint.mvc.EndpointMvcAdapter.invoke()
2016-05-19 01:01:38.867  INFO 7272 --- [main] o.s.b.a.e.mvc.EndpointHandlerMapping     : Mapped "{[/management/autoconfig || /management/autoconfig.json],methods=[GET],produces=[application/json]}" onto public java.lang.Object org.springframework.boot.actuate.endpoint.mvc.EndpointMvcAdapter.invoke()
2016-05-19 01:01:38.867  INFO 7272 --- [main] o.s.b.a.e.mvc.EndpointHandlerMapping     : Mapped "{[/management/info || /management/info.json],methods=[GET],produces=[application/json]}" onto public java.lang.Object org.springframework.boot.actuate.endpoint.mvc.EndpointMvcAdapter.invoke()
2016-05-19 01:01:38.868  INFO 7272 --- [main] o.s.b.a.e.mvc.EndpointHandlerMapping     : Mapped "{[/management/metrics/{name:.*}],methods=[GET],produces=[application/json]}" onto public java.lang.Object org.springframework.boot.actuate.endpoint.mvc.MetricsMvcEndpoint.value(java.lang.String)
2016-05-19 01:01:38.868  INFO 7272 --- [main] o.s.b.a.e.mvc.EndpointHandlerMapping     : Mapped "{[/management/metrics || /management/metrics.json],methods=[GET],produces=[application/json]}" onto public java.lang.Object org.springframework.boot.actuate.endpoint.mvc.EndpointMvcAdapter.invoke()
2016-05-19 01:01:39.070  INFO 7272 --- [main] o.s.j.e.a.AnnotationMBeanExporter        : Registering beans for JMX exposure on startup
2016-05-19 01:01:39.086  INFO 7272 --- [main] o.s.c.support.DefaultLifecycleProcessor  : Starting beans in phase 0
2016-05-19 01:01:39.273  INFO 7272 --- [main] s.b.c.e.t.TomcatEmbeddedServletContainer : Tomcat started on port(s): 8080 (http)
2016-05-19 01:01:39.278  INFO 7272 --- [main] com.mimacom.app.springboot.Application   : Started Application in 9.398 seconds (JVM running for 9.943)
2016-05-19 01:02:22.697  INFO 7332 --- [main] com.mimacom.app.springboot.Application   : Starting Application on mima-ws-108 with PID 7332 (C:\development\projects\sample-spring-boot-app\sample-spring-boot-web\target\classes started by pado in C:\development\projects\sample-spring-boot-app)
2016-05-19 01:02:22.702  INFO 7332 --- [main] com.mimacom.app.springboot.Application   : No active profile set, falling back to default profiles: default
2016-05-19 01:02:22.846  INFO 7332 --- [main] ationConfigEmbeddedWebApplicationContext : Refreshing org.springframework.boot.context.embedded.AnnotationConfigEmbeddedWebApplicationContext@353352b6: startup date [Thu May 19 01:02:22 CEST 2016]; root of context hierarchy
2016-05-19 01:02:24.555  INFO 7332 --- [main] o.s.b.f.s.DefaultListableBeanFactory     : Overriding bean definition for bean 'beanNameViewResolver' with a different definition: replacing [Root bean: class [null]; scope=; abstract=false; lazyInit=false; autowireMode=3; dependencyCheck=0; autowireCandidate=true; primary=false; factoryBeanName=org.springframework.boot.autoconfigure.web.ErrorMvcAutoConfiguration$WhitelabelErrorViewConfiguration; factoryMethodName=beanNameViewResolver; initMethodName=null; destroyMethodName=(inferred); defined in class path resource [org/springframework/boot/autoconfigure/web/ErrorMvcAutoConfiguration$WhitelabelErrorViewConfiguration.class]] with [Root bean: class [null]; scope=; abstract=false; lazyInit=false; autowireMode=3; dependencyCheck=0; autowireCandidate=true; primary=false; factoryBeanName=org.springframework.boot.autoconfigure.web.WebMvcAutoConfiguration$WebMvcAutoConfigurationAdapter; factoryMethodName=beanNameViewResolver; initMethodName=null; destroyMethodName=(inferred); defined in class path resource [org/springframework/boot/autoconfigure/web/WebMvcAutoConfiguration$WebMvcAutoConfigurationAdapter.class]]
2016-05-19 01:02:24.608  INFO 7332 --- [main] o.s.b.f.s.DefaultListableBeanFactory     : Overriding bean definition for bean 'ignoredPathsWebSecurityConfigurerAdapter' with a different definition: replacing [Root bean: class [null]; scope=; abstract=false; lazyInit=false; autowireMode=3; dependencyCheck=0; autowireCandidate=true; primary=false; factoryBeanName=org.springframework.boot.autoconfigure.security.SpringBootWebSecurityConfiguration; factoryMethodName=ignoredPathsWebSecurityConfigurerAdapter; initMethodName=null; destroyMethodName=(inferred); defined in class path resource [org/springframework/boot/autoconfigure/security/SpringBootWebSecurityConfiguration.class]] with [Root bean: class [null]; scope=; abstract=false; lazyInit=false; autowireMode=3; dependencyCheck=0; autowireCandidate=true; primary=false; factoryBeanName=org.springframework.boot.actuate.autoconfigure.ManagementWebSecurityAutoConfiguration; factoryMethodName=ignoredPathsWebSecurityConfigurerAdapter; initMethodName=null; destroyMethodName=(inferred); defined in class path resource [org/springframework/boot/actuate/autoconfigure/ManagementWebSecurityAutoConfiguration.class]]
2016-05-19 01:02:25.594  INFO 7332 --- [main] trationDelegate$BeanPostProcessorChecker : Bean 'org.springframework.transaction.annotation.ProxyTransactionManagementConfiguration' of type [class org.springframework.transaction.annotation.ProxyTransactionManagementConfiguration$$EnhancerBySpringCGLIB$$68413b1a] is not eligible for getting processed by all BeanPostProcessors (for example: not eligible for auto-proxying)
2016-05-19 01:02:26.501  INFO 7332 --- [main] s.b.c.e.t.TomcatEmbeddedServletContainer : Tomcat initialized with port(s): 9292 (http)
2016-05-19 01:02:26.521  INFO 7332 --- [main] o.apache.catalina.core.StandardService   : Starting service Tomcat
2016-05-19 01:02:26.522  INFO 7332 --- [main] org.apache.catalina.core.StandardEngine  : Starting Servlet Engine: Apache Tomcat/8.0.33
2016-05-19 01:02:26.665  INFO 7332 --- [localhost-startStop-1] o.a.c.c.C.[Tomcat].[localhost].[/]       : Initializing Spring embedded WebApplicationContext
2016-05-19 01:02:26.665  INFO 7332 --- [localhost-startStop-1] o.s.web.context.ContextLoader            : Root WebApplicationContext: initialization completed in 3824 ms
2016-05-19 01:02:27.340  INFO 7332 --- [localhost-startStop-1] o.s.b.c.embedded.FilterRegistrationBean  : Mapping filter: 'metricFilter' to: [/*]
2016-05-19 01:02:27.340  INFO 7332 --- [localhost-startStop-1] o.s.b.c.embedded.FilterRegistrationBean  : Mapping filter: 'characterEncodingFilter' to: [/*]
2016-05-19 01:02:27.341  INFO 7332 --- [localhost-startStop-1] o.s.b.c.embedded.FilterRegistrationBean  : Mapping filter: 'hiddenHttpMethodFilter' to: [/*]
2016-05-19 01:02:27.341  INFO 7332 --- [localhost-startStop-1] o.s.b.c.embedded.FilterRegistrationBean  : Mapping filter: 'httpPutFormContentFilter' to: [/*]
2016-05-19 01:02:27.341  INFO 7332 --- [localhost-startStop-1] o.s.b.c.embedded.FilterRegistrationBean  : Mapping filter: 'requestContextFilter' to: [/*]
2016-05-19 01:02:27.342  INFO 7332 --- [localhost-startStop-1] .e.DelegatingFilterProxyRegistrationBean : Mapping filter: 'springSecurityFilterChain' to: [/*]
2016-05-19 01:02:27.343  INFO 7332 --- [localhost-startStop-1] o.s.b.c.embedded.FilterRegistrationBean  : Mapping filter: 'webRequestLoggingFilter' to: [/*]
2016-05-19 01:02:27.343  INFO 7332 --- [localhost-startStop-1] o.s.b.c.embedded.FilterRegistrationBean  : Mapping filter: 'applicationContextIdFilter' to: [/*]
2016-05-19 01:02:27.343  INFO 7332 --- [localhost-startStop-1] o.s.b.c.e.ServletRegistrationBean        : Mapping servlet: 'dispatcherServlet' to [/]
2016-05-19 01:02:27.832  INFO 7332 --- [localhost-startStop-1] o.s.s.web.DefaultSecurityFilterChain     : Creating filter chain: OrRequestMatcher [requestMatchers=[Ant [pattern='/css/**'], Ant [pattern='/js/**'], Ant [pattern='/images/**'], Ant [pattern='/**/favicon.ico'], Ant [pattern='/error']]], []
2016-05-19 01:02:27.934  INFO 7332 --- [localhost-startStop-1] o.s.s.web.DefaultSecurityFilterChain     : Creating filter chain: Ant [pattern='/management/**'], [org.springframework.security.web.context.request.async.WebAsyncManagerIntegrationFilter@22dc1d48, org.springframework.security.web.context.SecurityContextPersistenceFilter@2180eaa0, org.springframework.security.web.header.HeaderWriterFilter@34274a70, org.springframework.security.web.authentication.logout.LogoutFilter@146bb886, org.springframework.security.web.authentication.www.BasicAuthenticationFilter@4c3c8f6d, org.springframework.security.web.savedrequest.RequestCacheAwareFilter@704bee31, org.springframework.security.web.servletapi.SecurityContextHolderAwareRequestFilter@54b38071, org.springframework.security.web.authentication.AnonymousAuthenticationFilter@358d66e, org.springframework.security.web.session.SessionManagementFilter@630f4c5a, org.springframework.security.web.access.ExceptionTranslationFilter@580fab22, org.springframework.security.web.access.intercept.FilterSecurityInterceptor@5813ab5b]
2016-05-19 01:02:27.940  INFO 7332 --- [localhost-startStop-1] o.s.s.web.DefaultSecurityFilterChain     : Creating filter chain: OrRequestMatcher [requestMatchers=[Ant [pattern='/**']]], [org.springframework.security.web.context.request.async.WebAsyncManagerIntegrationFilter@2248c824, org.springframework.security.web.context.SecurityContextPersistenceFilter@28850f94, org.springframework.security.web.header.HeaderWriterFilter@530c31b5, org.springframework.security.web.authentication.logout.LogoutFilter@584b8771, org.springframework.security.web.authentication.www.BasicAuthenticationFilter@58b2da43, org.springframework.security.web.savedrequest.RequestCacheAwareFilter@8525820, org.springframework.security.web.servletapi.SecurityContextHolderAwareRequestFilter@3a615106, org.springframework.security.web.authentication.AnonymousAuthenticationFilter@441c0c92, org.springframework.security.web.session.SessionManagementFilter@4e0589a2, org.springframework.security.web.access.ExceptionTranslationFilter@791b2d81, org.springframework.security.web.access.intercept.FilterSecurityInterceptor@3838477c]
2016-05-19 01:02:28.451  INFO 7332 --- [main] j.LocalContainerEntityManagerFactoryBean : Building JPA container EntityManagerFactory for persistence unit 'default'
2016-05-19 01:02:28.481  INFO 7332 --- [main] o.hibernate.jpa.internal.util.LogHelper  : HHH000204: Processing PersistenceUnitInfo [
	name: default
	...]
2016-05-19 01:02:28.597  INFO 7332 --- [main] org.hibernate.Version                    : HHH000412: Hibernate Core {5.1.0.Final}
2016-05-19 01:02:28.599  INFO 7332 --- [main] org.hibernate.cfg.Environment            : HHH000206: hibernate.properties not found
2016-05-19 01:02:28.601  INFO 7332 --- [main] org.hibernate.cfg.Environment            : HHH000021: Bytecode provider name : javassist
2016-05-19 01:02:28.824  INFO 7332 --- [main] o.hibernate.annotations.common.Version   : HCANN000001: Hibernate Commons Annotations {5.0.1.Final}
2016-05-19 01:02:28.993  INFO 7332 --- [main] org.hibernate.dialect.Dialect            : HHH000400: Using dialect: org.hibernate.dialect.H2Dialect
2016-05-19 01:02:29.611  INFO 7332 --- [main] o.h.t.schema.internal.SchemaCreatorImpl  : HHH000476: Executing import script 'org.hibernate.tool.schema.internal.exec.ScriptSourceInputNonExistentImpl@5f33e6d'
2016-05-19 01:02:29.645  INFO 7332 --- [main] j.LocalContainerEntityManagerFactoryBean : Initialized JPA EntityManagerFactory for persistence unit 'default'
2016-05-19 01:02:30.092  INFO 7332 --- [main] s.w.s.m.m.a.RequestMappingHandlerAdapter : Looking for @ControllerAdvice: org.springframework.boot.context.embedded.AnnotationConfigEmbeddedWebApplicationContext@353352b6: startup date [Thu May 19 01:02:22 CEST 2016]; root of context hierarchy
2016-05-19 01:02:30.180  INFO 7332 --- [main] s.w.s.m.m.a.RequestMappingHandlerMapping : Mapped "{[/api/user],methods=[GET]}" onto public void com.mimacom.app.springboot.web.UserController.addRandom()
2016-05-19 01:02:30.184  INFO 7332 --- [main] s.w.s.m.m.a.RequestMappingHandlerMapping : Mapped "{[/error]}" onto public org.springframework.http.ResponseEntity<java.util.Map<java.lang.String, java.lang.Object>> org.springframework.boot.autoconfigure.web.BasicErrorController.error(javax.servlet.http.HttpServletRequest)
2016-05-19 01:02:30.184  INFO 7332 --- [main] s.w.s.m.m.a.RequestMappingHandlerMapping : Mapped "{[/error],produces=[text/html]}" onto public org.springframework.web.servlet.ModelAndView org.springframework.boot.autoconfigure.web.BasicErrorController.errorHtml(javax.servlet.http.HttpServletRequest,javax.servlet.http.HttpServletResponse)
2016-05-19 01:02:30.228  INFO 7332 --- [main] o.s.w.s.handler.SimpleUrlHandlerMapping  : Mapped URL path [/webjars/**] onto handler of type [class org.springframework.web.servlet.resource.ResourceHttpRequestHandler]
2016-05-19 01:02:30.229  INFO 7332 --- [main] o.s.w.s.handler.SimpleUrlHandlerMapping  : Mapped URL path [/**] onto handler of type [class org.springframework.web.servlet.resource.ResourceHttpRequestHandler]
2016-05-19 01:02:30.280  INFO 7332 --- [main] o.s.w.s.handler.SimpleUrlHandlerMapping  : Mapped URL path [/**/favicon.ico] onto handler of type [class org.springframework.web.servlet.resource.ResourceHttpRequestHandler]
2016-05-19 01:02:30.899  INFO 7332 --- [main] o.s.b.a.e.mvc.EndpointHandlerMapping     : Mapped "{[/management/trace || /management/trace.json],methods=[GET],produces=[application/json]}" onto public java.lang.Object org.springframework.boot.actuate.endpoint.mvc.EndpointMvcAdapter.invoke()
2016-05-19 01:02:30.899  INFO 7332 --- [main] o.s.b.a.e.mvc.EndpointHandlerMapping     : Mapped "{[/management/logfile || /management/logfile.json],methods=[GET || HEAD]}" onto public void org.springframework.boot.actuate.endpoint.mvc.LogFileMvcEndpoint.invoke(javax.servlet.http.HttpServletRequest,javax.servlet.http.HttpServletResponse) throws javax.servlet.ServletException,java.io.IOException
2016-05-19 01:02:30.900  INFO 7332 --- [main] o.s.b.a.e.mvc.EndpointHandlerMapping     : Mapped "{[/management/autoconfig || /management/autoconfig.json],methods=[GET],produces=[application/json]}" onto public java.lang.Object org.springframework.boot.actuate.endpoint.mvc.EndpointMvcAdapter.invoke()
2016-05-19 01:02:30.901  INFO 7332 --- [main] o.s.b.a.e.mvc.EndpointHandlerMapping     : Mapped "{[/management/env/{name:.*}],methods=[GET],produces=[application/json]}" onto public java.lang.Object org.springframework.boot.actuate.endpoint.mvc.EnvironmentMvcEndpoint.value(java.lang.String)
2016-05-19 01:02:30.902  INFO 7332 --- [main] o.s.b.a.e.mvc.EndpointHandlerMapping     : Mapped "{[/management/env || /management/env.json],methods=[GET],produces=[application/json]}" onto public java.lang.Object org.springframework.boot.actuate.endpoint.mvc.EndpointMvcAdapter.invoke()
2016-05-19 01:02:30.903  INFO 7332 --- [main] o.s.b.a.e.mvc.EndpointHandlerMapping     : Mapped "{[/management/health || /management/health.json],produces=[application/json]}" onto public java.lang.Object org.springframework.boot.actuate.endpoint.mvc.HealthMvcEndpoint.invoke(java.security.Principal)
2016-05-19 01:02:30.904  INFO 7332 --- [main] o.s.b.a.e.mvc.EndpointHandlerMapping     : Mapped "{[/management/dump || /management/dump.json],methods=[GET],produces=[application/json]}" onto public java.lang.Object org.springframework.boot.actuate.endpoint.mvc.EndpointMvcAdapter.invoke()
2016-05-19 01:02:30.906  INFO 7332 --- [main] o.s.b.a.e.mvc.EndpointHandlerMapping     : Mapped "{[/management/beans || /management/beans.json],methods=[GET],produces=[application/json]}" onto public java.lang.Object org.springframework.boot.actuate.endpoint.mvc.EndpointMvcAdapter.invoke()
2016-05-19 01:02:30.907  INFO 7332 --- [main] o.s.b.a.e.mvc.EndpointHandlerMapping     : Mapped "{[/management/mappings || /management/mappings.json],methods=[GET],produces=[application/json]}" onto public java.lang.Object org.springframework.boot.actuate.endpoint.mvc.EndpointMvcAdapter.invoke()
2016-05-19 01:02:30.908  INFO 7332 --- [main] o.s.b.a.e.mvc.EndpointHandlerMapping     : Mapped "{[/management/info || /management/info.json],methods=[GET],produces=[application/json]}" onto public java.lang.Object org.springframework.boot.actuate.endpoint.mvc.EndpointMvcAdapter.invoke()
2016-05-19 01:02:30.908  INFO 7332 --- [main] o.s.b.a.e.mvc.EndpointHandlerMapping     : Mapped "{[/management/configprops || /management/configprops.json],methods=[GET],produces=[application/json]}" onto public java.lang.Object org.springframework.boot.actuate.endpoint.mvc.EndpointMvcAdapter.invoke()
2016-05-19 01:02:30.909  INFO 7332 --- [main] o.s.b.a.e.mvc.EndpointHandlerMapping     : Mapped "{[/management/metrics/{name:.*}],methods=[GET],produces=[application/json]}" onto public java.lang.Object org.springframework.boot.actuate.endpoint.mvc.MetricsMvcEndpoint.value(java.lang.String)
2016-05-19 01:02:30.909  INFO 7332 --- [main] o.s.b.a.e.mvc.EndpointHandlerMapping     : Mapped "{[/management/metrics || /management/metrics.json],methods=[GET],produces=[application/json]}" onto public java.lang.Object org.springframework.boot.actuate.endpoint.mvc.EndpointMvcAdapter.invoke()
2016-05-19 01:02:31.263  INFO 7332 --- [main] o.s.j.e.a.AnnotationMBeanExporter        : Registering beans for JMX exposure on startup
2016-05-19 01:02:31.276  INFO 7332 --- [main] o.s.c.support.DefaultLifecycleProcessor  : Starting beans in phase 0
2016-05-19 01:02:31.466  INFO 7332 --- [main] s.b.c.e.t.TomcatEmbeddedServletContainer : Tomcat started on port(s): 9292 (http)
2016-05-19 01:02:31.482  INFO 7332 --- [main] com.mimacom.app.springboot.Application   : Started Application in 9.458 seconds (JVM running for 10.088)
2016-05-19 01:02:42.313  INFO 7332 --- [http-nio-9292-exec-1] o.a.c.c.C.[Tomcat].[localhost].[/]       : Initializing Spring FrameworkServlet 'dispatcherServlet'
2016-05-19 01:02:42.313  INFO 7332 --- [http-nio-9292-exec-1] o.s.web.servlet.DispatcherServlet        : FrameworkServlet 'dispatcherServlet': initialization started
2016-05-19 01:02:42.330  INFO 7332 --- [http-nio-9292-exec-1] o.s.web.servlet.DispatcherServlet        : FrameworkServlet 'dispatcherServlet': initialization completed in 17 ms
2016-05-19 01:02:50.600  WARN 7332 --- [http-nio-9292-exec-4] o.s.w.s.r.ResourceHttpRequestHandler     : Locations list is empty. No resources will be served unless a custom ResourceResolver is configured as an alternative to PathResourceResolver.
2016-05-19 01:03:54.977  INFO 7616 --- [main] com.mimacom.app.springboot.Application   : Starting Application on mima-ws-108 with PID 7616 (C:\development\projects\sample-spring-boot-app\sample-spring-boot-web\target\classes started by pado in C:\development\projects\sample-spring-boot-app)
2016-05-19 01:03:54.981  INFO 7616 --- [main] com.mimacom.app.springboot.Application   : No active profile set, falling back to default profiles: default
2016-05-19 01:03:55.093  INFO 7616 --- [main] ationConfigEmbeddedWebApplicationContext : Refreshing org.springframework.boot.context.embedded.AnnotationConfigEmbeddedWebApplicationContext@7e057f43: startup date [Thu May 19 01:03:55 CEST 2016]; root of context hierarchy
2016-05-19 01:03:56.877  INFO 7616 --- [main] o.s.b.f.s.DefaultListableBeanFactory     : Overriding bean definition for bean 'ignoredPathsWebSecurityConfigurerAdapter' with a different definition: replacing [Root bean: class [null]; scope=; abstract=false; lazyInit=false; autowireMode=3; dependencyCheck=0; autowireCandidate=true; primary=false; factoryBeanName=org.springframework.boot.autoconfigure.security.SpringBootWebSecurityConfiguration; factoryMethodName=ignoredPathsWebSecurityConfigurerAdapter; initMethodName=null; destroyMethodName=(inferred); defined in class path resource [org/springframework/boot/autoconfigure/security/SpringBootWebSecurityConfiguration.class]] with [Root bean: class [null]; scope=; abstract=false; lazyInit=false; autowireMode=3; dependencyCheck=0; autowireCandidate=true; primary=false; factoryBeanName=org.springframework.boot.actuate.autoconfigure.ManagementWebSecurityAutoConfiguration; factoryMethodName=ignoredPathsWebSecurityConfigurerAdapter; initMethodName=null; destroyMethodName=(inferred); defined in class path resource [org/springframework/boot/actuate/autoconfigure/ManagementWebSecurityAutoConfiguration.class]]
2016-05-19 01:03:58.218  INFO 7616 --- [main] trationDelegate$BeanPostProcessorChecker : Bean 'org.springframework.transaction.annotation.ProxyTransactionManagementConfiguration' of type [class org.springframework.transaction.annotation.ProxyTransactionManagementConfiguration$$EnhancerBySpringCGLIB$$8b295a] is not eligible for getting processed by all BeanPostProcessors (for example: not eligible for auto-proxying)
2016-05-19 01:03:59.049  INFO 7616 --- [main] s.b.c.e.t.TomcatEmbeddedServletContainer : Tomcat initialized with port(s): 9292 (http)
2016-05-19 01:03:59.067  INFO 7616 --- [main] o.apache.catalina.core.StandardService   : Starting service Tomcat
2016-05-19 01:03:59.069  INFO 7616 --- [main] org.apache.catalina.core.StandardEngine  : Starting Servlet Engine: Apache Tomcat/8.0.33
2016-05-19 01:03:59.249  INFO 7616 --- [localhost-startStop-1] o.a.c.c.C.[Tomcat].[localhost].[/]       : Initializing Spring embedded WebApplicationContext
2016-05-19 01:03:59.249  INFO 7616 --- [localhost-startStop-1] o.s.web.context.ContextLoader            : Root WebApplicationContext: initialization completed in 4160 ms
2016-05-19 01:04:00.004  INFO 7616 --- [localhost-startStop-1] o.s.b.w.servlet.FilterRegistrationBean   : Mapping filter: 'metricFilter' to: [/*]
2016-05-19 01:04:00.005  INFO 7616 --- [localhost-startStop-1] o.s.b.w.servlet.FilterRegistrationBean   : Mapping filter: 'characterEncodingFilter' to: [/*]
2016-05-19 01:04:00.005  INFO 7616 --- [localhost-startStop-1] o.s.b.w.servlet.FilterRegistrationBean   : Mapping filter: 'hiddenHttpMethodFilter' to: [/*]
2016-05-19 01:04:00.006  INFO 7616 --- [localhost-startStop-1] o.s.b.w.servlet.FilterRegistrationBean   : Mapping filter: 'httpPutFormContentFilter' to: [/*]
2016-05-19 01:04:00.007  INFO 7616 --- [localhost-startStop-1] o.s.b.w.servlet.FilterRegistrationBean   : Mapping filter: 'requestContextFilter' to: [/*]
2016-05-19 01:04:00.009  INFO 7616 --- [localhost-startStop-1] .s.DelegatingFilterProxyRegistrationBean : Mapping filter: 'springSecurityFilterChain' to: [/*]
2016-05-19 01:04:00.010  INFO 7616 --- [localhost-startStop-1] o.s.b.w.servlet.FilterRegistrationBean   : Mapping filter: 'webRequestLoggingFilter' to: [/*]
2016-05-19 01:04:00.010  INFO 7616 --- [localhost-startStop-1] o.s.b.w.servlet.FilterRegistrationBean   : Mapping filter: 'applicationContextIdFilter' to: [/*]
2016-05-19 01:04:00.011  INFO 7616 --- [localhost-startStop-1] o.s.b.w.servlet.ServletRegistrationBean  : Mapping servlet: 'dispatcherServlet' to [/]
2016-05-19 01:04:03.497  INFO 7616 --- [localhost-startStop-1] o.s.s.web.DefaultSecurityFilterChain     : Creating filter chain: OrRequestMatcher [requestMatchers=[Ant [pattern='/css/**'], Ant [pattern='/js/**'], Ant [pattern='/images/**'], Ant [pattern='/**/favicon.ico'], Ant [pattern='/error']]], []
2016-05-19 01:04:03.647  INFO 7616 --- [localhost-startStop-1] o.s.s.web.DefaultSecurityFilterChain     : Creating filter chain: Ant [pattern='/management/**'], [org.springframework.security.web.context.request.async.WebAsyncManagerIntegrationFilter@691e150c, org.springframework.security.web.context.SecurityContextPersistenceFilter@489515e2, org.springframework.security.web.header.HeaderWriterFilter@1778f313, org.springframework.security.web.authentication.logout.LogoutFilter@152c6082, org.springframework.security.web.authentication.www.BasicAuthenticationFilter@797b51a5, org.springframework.security.web.savedrequest.RequestCacheAwareFilter@6b1283e3, org.springframework.security.web.servletapi.SecurityContextHolderAwareRequestFilter@6826a12d, org.springframework.security.web.authentication.AnonymousAuthenticationFilter@515b110a, org.springframework.security.web.session.SessionManagementFilter@391919c, org.springframework.security.web.access.ExceptionTranslationFilter@211f59ad, org.springframework.security.web.access.intercept.FilterSecurityInterceptor@182498d8]
2016-05-19 01:04:03.653  INFO 7616 --- [localhost-startStop-1] o.s.s.web.DefaultSecurityFilterChain     : Creating filter chain: OrRequestMatcher [requestMatchers=[Ant [pattern='/**']]], [org.springframework.security.web.context.request.async.WebAsyncManagerIntegrationFilter@93660b5, org.springframework.security.web.context.SecurityContextPersistenceFilter@48204747, org.springframework.security.web.header.HeaderWriterFilter@495b9688, org.springframework.security.web.authentication.logout.LogoutFilter@722d21b9, org.springframework.security.web.authentication.www.BasicAuthenticationFilter@38fd4ac4, org.springframework.security.web.savedrequest.RequestCacheAwareFilter@1aa04cc9, org.springframework.security.web.servletapi.SecurityContextHolderAwareRequestFilter@fda66c3, org.springframework.security.web.authentication.AnonymousAuthenticationFilter@6d8c5edd, org.springframework.security.web.session.SessionManagementFilter@38a8a44d, org.springframework.security.web.access.ExceptionTranslationFilter@5650904a, org.springframework.security.web.access.intercept.FilterSecurityInterceptor@35510226]
2016-05-19 01:04:04.156  INFO 7616 --- [main] j.LocalContainerEntityManagerFactoryBean : Building JPA container EntityManagerFactory for persistence unit 'default'
2016-05-19 01:04:04.184  INFO 7616 --- [main] o.hibernate.jpa.internal.util.LogHelper  : HHH000204: Processing PersistenceUnitInfo [
	name: default
	...]
2016-05-19 01:04:04.296  INFO 7616 --- [main] org.hibernate.Version                    : HHH000412: Hibernate Core {5.1.0.Final}
2016-05-19 01:04:04.299  INFO 7616 --- [main] org.hibernate.cfg.Environment            : HHH000206: hibernate.properties not found
2016-05-19 01:04:05.207  INFO 7616 --- [main] org.hibernate.cfg.Environment            : HHH000021: Bytecode provider name : javassist
2016-05-19 01:04:05.287  INFO 7616 --- [main] o.hibernate.annotations.common.Version   : HCANN000001: Hibernate Commons Annotations {5.0.1.Final}
2016-05-19 01:04:05.492  INFO 7616 --- [main] org.hibernate.dialect.Dialect            : HHH000400: Using dialect: org.hibernate.dialect.H2Dialect
2016-05-19 01:04:06.075  INFO 7616 --- [main] o.h.t.schema.internal.SchemaCreatorImpl  : HHH000476: Executing import script 'org.hibernate.tool.schema.internal.exec.ScriptSourceInputNonExistentImpl@35becbd4'
2016-05-19 01:04:06.125  INFO 7616 --- [main] j.LocalContainerEntityManagerFactoryBean : Initialized JPA EntityManagerFactory for persistence unit 'default'
2016-05-19 01:04:06.773  INFO 7616 --- [main] s.w.s.m.m.a.RequestMappingHandlerAdapter : Looking for @ControllerAdvice: org.springframework.boot.context.embedded.AnnotationConfigEmbeddedWebApplicationContext@7e057f43: startup date [Thu May 19 01:03:55 CEST 2016]; root of context hierarchy
2016-05-19 01:04:06.885  INFO 7616 --- [main] s.w.s.m.m.a.RequestMappingHandlerMapping : Mapped "{[/api/user],methods=[GET]}" onto public void com.mimacom.app.springboot.web.UserController.addRandom()
2016-05-19 01:04:06.889  INFO 7616 --- [main] s.w.s.m.m.a.RequestMappingHandlerMapping : Mapped "{[/error]}" onto public org.springframework.http.ResponseEntity<java.util.Map<java.lang.String, java.lang.Object>> org.springframework.boot.autoconfigure.web.BasicErrorController.error(javax.servlet.http.HttpServletRequest)
2016-05-19 01:04:06.889  INFO 7616 --- [main] s.w.s.m.m.a.RequestMappingHandlerMapping : Mapped "{[/error],produces=[text/html]}" onto public org.springframework.web.servlet.ModelAndView org.springframework.boot.autoconfigure.web.BasicErrorController.errorHtml(javax.servlet.http.HttpServletRequest,javax.servlet.http.HttpServletResponse)
2016-05-19 01:04:06.958  INFO 7616 --- [main] o.s.w.s.handler.SimpleUrlHandlerMapping  : Mapped URL path [/webjars/**] onto handler of type [class org.springframework.web.servlet.resource.ResourceHttpRequestHandler]
2016-05-19 01:04:06.959  INFO 7616 --- [main] o.s.w.s.handler.SimpleUrlHandlerMapping  : Mapped URL path [/**] onto handler of type [class org.springframework.web.servlet.resource.ResourceHttpRequestHandler]
2016-05-19 01:04:07.034  INFO 7616 --- [main] o.s.w.s.handler.SimpleUrlHandlerMapping  : Mapped URL path [/**/favicon.ico] onto handler of type [class org.springframework.web.servlet.resource.ResourceHttpRequestHandler]
2016-05-19 01:04:07.793  INFO 7616 --- [main] o.s.b.a.e.mvc.EndpointHandlerMapping     : Mapped "{[/management/health || /management/health.json],produces=[application/json]}" onto public java.lang.Object org.springframework.boot.actuate.endpoint.mvc.HealthMvcEndpoint.invoke(java.security.Principal)
2016-05-19 01:04:07.798  INFO 7616 --- [main] o.s.b.a.e.mvc.EndpointHandlerMapping     : Mapped "{[/management/beans || /management/beans.json],methods=[GET],produces=[application/json]}" onto public java.lang.Object org.springframework.boot.actuate.endpoint.mvc.EndpointMvcAdapter.invoke()
2016-05-19 01:04:07.800  INFO 7616 --- [main] o.s.b.a.e.mvc.EndpointHandlerMapping     : Mapped "{[/management/info || /management/info.json],methods=[GET],produces=[application/json]}" onto public java.lang.Object org.springframework.boot.actuate.endpoint.mvc.EndpointMvcAdapter.invoke()
2016-05-19 01:04:07.803  INFO 7616 --- [main] o.s.b.a.e.mvc.EndpointHandlerMapping     : Mapped "{[/management/autoconfig || /management/autoconfig.json],methods=[GET],produces=[application/json]}" onto public java.lang.Object org.springframework.boot.actuate.endpoint.mvc.EndpointMvcAdapter.invoke()
2016-05-19 01:04:07.805  INFO 7616 --- [main] o.s.b.a.e.mvc.EndpointHandlerMapping     : Mapped "{[/management/mappings || /management/mappings.json],methods=[GET],produces=[application/json]}" onto public java.lang.Object org.springframework.boot.actuate.endpoint.mvc.EndpointMvcAdapter.invoke()
2016-05-19 01:04:07.807  INFO 7616 --- [main] o.s.b.a.e.mvc.EndpointHandlerMapping     : Mapped "{[/management/dump || /management/dump.json],methods=[GET],produces=[application/json]}" onto public java.lang.Object org.springframework.boot.actuate.endpoint.mvc.EndpointMvcAdapter.invoke()
2016-05-19 01:04:07.808  INFO 7616 --- [main] o.s.b.a.e.mvc.EndpointHandlerMapping     : Mapped "{[/management/configprops || /management/configprops.json],methods=[GET],produces=[application/json]}" onto public java.lang.Object org.springframework.boot.actuate.endpoint.mvc.EndpointMvcAdapter.invoke()
2016-05-19 01:04:07.812  INFO 7616 --- [main] o.s.b.a.e.mvc.EndpointHandlerMapping     : Mapped "{[/management/env/{name:.*}],methods=[GET],produces=[application/json]}" onto public java.lang.Object org.springframework.boot.actuate.endpoint.mvc.EnvironmentMvcEndpoint.value(java.lang.String)
2016-05-19 01:04:07.812  INFO 7616 --- [main] o.s.b.a.e.mvc.EndpointHandlerMapping     : Mapped "{[/management/env || /management/env.json],methods=[GET],produces=[application/json]}" onto public java.lang.Object org.springframework.boot.actuate.endpoint.mvc.EndpointMvcAdapter.invoke()
2016-05-19 01:04:07.817  INFO 7616 --- [main] o.s.b.a.e.mvc.EndpointHandlerMapping     : Mapped "{[/management/trace || /management/trace.json],methods=[GET],produces=[application/json]}" onto public java.lang.Object org.springframework.boot.actuate.endpoint.mvc.EndpointMvcAdapter.invoke()
2016-05-19 01:04:07.818  INFO 7616 --- [main] o.s.b.a.e.mvc.EndpointHandlerMapping     : Mapped "{[/management/logfile || /management/logfile.json],methods=[GET || HEAD]}" onto public void org.springframework.boot.actuate.endpoint.mvc.LogFileMvcEndpoint.invoke(javax.servlet.http.HttpServletRequest,javax.servlet.http.HttpServletResponse) throws javax.servlet.ServletException,java.io.IOException
2016-05-19 01:04:07.820  INFO 7616 --- [main] o.s.b.a.e.mvc.EndpointHandlerMapping     : Mapped "{[/management/metrics/{name:.*}],methods=[GET],produces=[application/json]}" onto public java.lang.Object org.springframework.boot.actuate.endpoint.mvc.MetricsMvcEndpoint.value(java.lang.String)
2016-05-19 01:04:07.820  INFO 7616 --- [main] o.s.b.a.e.mvc.EndpointHandlerMapping     : Mapped "{[/management/metrics || /management/metrics.json],methods=[GET],produces=[application/json]}" onto public java.lang.Object org.springframework.boot.actuate.endpoint.mvc.EndpointMvcAdapter.invoke()
2016-05-19 01:04:08.219  INFO 7616 --- [main] o.s.j.e.a.AnnotationMBeanExporter        : Registering beans for JMX exposure on startup
2016-05-19 01:04:08.240  INFO 7616 --- [main] o.s.c.support.DefaultLifecycleProcessor  : Starting beans in phase 0
2016-05-19 01:04:08.408  INFO 7616 --- [main] s.b.c.e.t.TomcatEmbeddedServletContainer : Tomcat started on port(s): 9292 (http)
2016-05-19 01:04:08.414  INFO 7616 --- [main] com.mimacom.app.springboot.Application   : Started Application in 14.101 seconds (JVM running for 14.614)
2016-05-19 01:04:24.220  INFO 7616 --- [http-nio-9292-exec-1] o.a.c.c.C.[Tomcat].[localhost].[/]       : Initializing Spring FrameworkServlet 'dispatcherServlet'
2016-05-19 01:04:24.221  INFO 7616 --- [http-nio-9292-exec-1] o.s.web.servlet.DispatcherServlet        : FrameworkServlet 'dispatcherServlet': initialization started
2016-05-19 01:04:24.254  INFO 7616 --- [http-nio-9292-exec-1] o.s.web.servlet.DispatcherServlet        : FrameworkServlet 'dispatcherServlet': initialization completed in 32 ms
2016-05-19 01:04:24.323  WARN 7616 --- [http-nio-9292-exec-1] o.s.w.s.r.ResourceHttpRequestHandler     : Locations list is empty. No resources will be served unless a custom ResourceResolver is configured as an alternative to PathResourceResolver.
2016-05-19 01:06:19.193  INFO 8820 --- [main] com.mimacom.app.springboot.Application   : Starting Application on mima-ws-108 with PID 8820 (C:\development\projects\sample-spring-boot-app\sample-spring-boot-web\target\classes started by pado in C:\development\projects\sample-spring-boot-app)
2016-05-19 01:06:19.197  INFO 8820 --- [main] com.mimacom.app.springboot.Application   : No active profile set, falling back to default profiles: default
2016-05-19 01:06:19.314  INFO 8820 --- [main] ationConfigEmbeddedWebApplicationContext : Refreshing org.springframework.boot.context.embedded.AnnotationConfigEmbeddedWebApplicationContext@7e057f43: startup date [Thu May 19 01:06:19 CEST 2016]; root of context hierarchy
2016-05-19 01:06:21.394  INFO 8820 --- [main] o.s.b.f.s.DefaultListableBeanFactory     : Overriding bean definition for bean 'ignoredPathsWebSecurityConfigurerAdapter' with a different definition: replacing [Root bean: class [null]; scope=; abstract=false; lazyInit=false; autowireMode=3; dependencyCheck=0; autowireCandidate=true; primary=false; factoryBeanName=org.springframework.boot.autoconfigure.security.SpringBootWebSecurityConfiguration; factoryMethodName=ignoredPathsWebSecurityConfigurerAdapter; initMethodName=null; destroyMethodName=(inferred); defined in class path resource [org/springframework/boot/autoconfigure/security/SpringBootWebSecurityConfiguration.class]] with [Root bean: class [null]; scope=; abstract=false; lazyInit=false; autowireMode=3; dependencyCheck=0; autowireCandidate=true; primary=false; factoryBeanName=org.springframework.boot.actuate.autoconfigure.ManagementWebSecurityAutoConfiguration; factoryMethodName=ignoredPathsWebSecurityConfigurerAdapter; initMethodName=null; destroyMethodName=(inferred); defined in class path resource [org/springframework/boot/actuate/autoconfigure/ManagementWebSecurityAutoConfiguration.class]]
2016-05-19 01:06:22.430  INFO 8820 --- [main] trationDelegate$BeanPostProcessorChecker : Bean 'org.springframework.transaction.annotation.ProxyTransactionManagementConfiguration' of type [class org.springframework.transaction.annotation.ProxyTransactionManagementConfiguration$$EnhancerBySpringCGLIB$$8475726c] is not eligible for getting processed by all BeanPostProcessors (for example: not eligible for auto-proxying)
2016-05-19 01:06:23.346  INFO 8820 --- [main] s.b.c.e.t.TomcatEmbeddedServletContainer : Tomcat initialized with port(s): 9292 (http)
2016-05-19 01:06:23.362  INFO 8820 --- [main] o.apache.catalina.core.StandardService   : Starting service Tomcat
2016-05-19 01:06:23.364  INFO 8820 --- [main] org.apache.catalina.core.StandardEngine  : Starting Servlet Engine: Apache Tomcat/8.0.33
2016-05-19 01:06:23.559  INFO 8820 --- [localhost-startStop-1] o.a.c.c.C.[Tomcat].[localhost].[/]       : Initializing Spring embedded WebApplicationContext
2016-05-19 01:06:23.559  INFO 8820 --- [localhost-startStop-1] o.s.web.context.ContextLoader            : Root WebApplicationContext: initialization completed in 4251 ms
2016-05-19 01:06:24.333  INFO 8820 --- [localhost-startStop-1] o.s.b.w.servlet.FilterRegistrationBean   : Mapping filter: 'metricFilter' to: [/*]
2016-05-19 01:06:24.334  INFO 8820 --- [localhost-startStop-1] o.s.b.w.servlet.FilterRegistrationBean   : Mapping filter: 'characterEncodingFilter' to: [/*]
2016-05-19 01:06:24.334  INFO 8820 --- [localhost-startStop-1] o.s.b.w.servlet.FilterRegistrationBean   : Mapping filter: 'hiddenHttpMethodFilter' to: [/*]
2016-05-19 01:06:24.335  INFO 8820 --- [localhost-startStop-1] o.s.b.w.servlet.FilterRegistrationBean   : Mapping filter: 'httpPutFormContentFilter' to: [/*]
2016-05-19 01:06:24.335  INFO 8820 --- [localhost-startStop-1] o.s.b.w.servlet.FilterRegistrationBean   : Mapping filter: 'requestContextFilter' to: [/*]
2016-05-19 01:06:24.337  INFO 8820 --- [localhost-startStop-1] .s.DelegatingFilterProxyRegistrationBean : Mapping filter: 'springSecurityFilterChain' to: [/*]
2016-05-19 01:06:24.337  INFO 8820 --- [localhost-startStop-1] o.s.b.w.servlet.FilterRegistrationBean   : Mapping filter: 'webRequestLoggingFilter' to: [/*]
2016-05-19 01:06:24.338  INFO 8820 --- [localhost-startStop-1] o.s.b.w.servlet.FilterRegistrationBean   : Mapping filter: 'applicationContextIdFilter' to: [/*]
2016-05-19 01:06:24.338  INFO 8820 --- [localhost-startStop-1] o.s.b.w.servlet.ServletRegistrationBean  : Mapping servlet: 'dispatcherServlet' to [/]
2016-05-19 01:06:24.990  INFO 8820 --- [localhost-startStop-1] o.s.s.web.DefaultSecurityFilterChain     : Creating filter chain: OrRequestMatcher [requestMatchers=[Ant [pattern='/css/**'], Ant [pattern='/js/**'], Ant [pattern='/images/**'], Ant [pattern='/**/favicon.ico'], Ant [pattern='/error']]], []
2016-05-19 01:06:24.990  INFO 8820 --- [localhost-startStop-1] o.s.s.web.DefaultSecurityFilterChain     : Creating filter chain: Ant [pattern='/swagger/**'], []
2016-05-19 01:06:24.990  INFO 8820 --- [localhost-startStop-1] o.s.s.web.DefaultSecurityFilterChain     : Creating filter chain: Ant [pattern='/api/testdata/**'], []
2016-05-19 01:06:24.990  INFO 8820 --- [localhost-startStop-1] o.s.s.web.DefaultSecurityFilterChain     : Creating filter chain: Ant [pattern='/api-docs/**'], []
2016-05-19 01:06:25.142  INFO 8820 --- [localhost-startStop-1] o.s.s.web.DefaultSecurityFilterChain     : Creating filter chain: Ant [pattern='/management/**'], [org.springframework.security.web.context.request.async.WebAsyncManagerIntegrationFilter@1e7f663b, org.springframework.security.web.context.SecurityContextPersistenceFilter@429d8a8, org.springframework.security.web.header.HeaderWriterFilter@555784be, org.springframework.security.web.authentication.logout.LogoutFilter@58a143f8, org.springframework.security.web.authentication.www.BasicAuthenticationFilter@4e7bb29a, org.springframework.security.web.savedrequest.RequestCacheAwareFilter@73730d9d, org.springframework.security.web.servletapi.SecurityContextHolderAwareRequestFilter@3de31c2e, org.springframework.security.web.authentication.AnonymousAuthenticationFilter@c19bb67, org.springframework.security.web.session.SessionManagementFilter@2a4c4d63, org.springframework.security.web.access.ExceptionTranslationFilter@660f16f5, org.springframework.security.web.access.intercept.FilterSecurityInterceptor@325df892]
2016-05-19 01:06:25.168  INFO 8820 --- [localhost-startStop-1] o.s.s.web.DefaultSecurityFilterChain     : Creating filter chain: org.springframework.security.web.util.matcher.AnyRequestMatcher@1, [org.springframework.security.web.context.request.async.WebAsyncManagerIntegrationFilter@1fc9d00c, org.springframework.security.web.context.SecurityContextPersistenceFilter@7d78ba29, org.springframework.security.web.header.HeaderWriterFilter@4d7f79e2, org.springframework.security.web.csrf.CsrfFilter@522af8ed, org.springframework.security.web.authentication.logout.LogoutFilter@59f74599, org.springframework.security.web.savedrequest.RequestCacheAwareFilter@27f75daf, org.springframework.security.web.servletapi.SecurityContextHolderAwareRequestFilter@11f190da, org.springframework.security.web.session.SessionManagementFilter@61053964, org.springframework.security.web.access.ExceptionTranslationFilter@32bd0d04, org.springframework.security.web.access.intercept.FilterSecurityInterceptor@260d476f]
2016-05-19 01:06:25.185  INFO 8820 --- [localhost-startStop-1] o.s.s.web.DefaultSecurityFilterChain     : Creating filter chain: OrRequestMatcher [requestMatchers=[Ant [pattern='/**']]], [org.springframework.security.web.context.request.async.WebAsyncManagerIntegrationFilter@2a201339, org.springframework.security.web.context.SecurityContextPersistenceFilter@5c1c4756, org.springframework.security.web.header.HeaderWriterFilter@1cab3f72, org.springframework.security.web.authentication.logout.LogoutFilter@6d1fa675, org.springframework.security.web.authentication.www.BasicAuthenticationFilter@53077a77, org.springframework.security.web.savedrequest.RequestCacheAwareFilter@49d56d7d, org.springframework.security.web.servletapi.SecurityContextHolderAwareRequestFilter@cc09b9a, org.springframework.security.web.authentication.AnonymousAuthenticationFilter@6bfeabca, org.springframework.security.web.session.SessionManagementFilter@28e92af5, org.springframework.security.web.access.ExceptionTranslationFilter@77245c5, org.springframework.security.web.access.intercept.FilterSecurityInterceptor@414f2ccc]
2016-05-19 01:06:25.816  INFO 8820 --- [main] j.LocalContainerEntityManagerFactoryBean : Building JPA container EntityManagerFactory for persistence unit 'default'
2016-05-19 01:06:25.845  INFO 8820 --- [main] o.hibernate.jpa.internal.util.LogHelper  : HHH000204: Processing PersistenceUnitInfo [
	name: default
	...]
2016-05-19 01:06:26.131  INFO 8820 --- [main] org.hibernate.Version                    : HHH000412: Hibernate Core {5.1.0.Final}
2016-05-19 01:06:26.133  INFO 8820 --- [main] org.hibernate.cfg.Environment            : HHH000206: hibernate.properties not found
2016-05-19 01:06:26.135  INFO 8820 --- [main] org.hibernate.cfg.Environment            : HHH000021: Bytecode provider name : javassist
2016-05-19 01:06:26.187  INFO 8820 --- [main] o.hibernate.annotations.common.Version   : HCANN000001: Hibernate Commons Annotations {5.0.1.Final}
2016-05-19 01:06:26.408  INFO 8820 --- [main] org.hibernate.dialect.Dialect            : HHH000400: Using dialect: org.hibernate.dialect.H2Dialect
2016-05-19 01:06:27.020  INFO 8820 --- [main] o.h.t.schema.internal.SchemaCreatorImpl  : HHH000476: Executing import script 'org.hibernate.tool.schema.internal.exec.ScriptSourceInputNonExistentImpl@11d1735e'
2016-05-19 01:06:27.060  INFO 8820 --- [main] j.LocalContainerEntityManagerFactoryBean : Initialized JPA EntityManagerFactory for persistence unit 'default'
2016-05-19 01:06:27.653  INFO 8820 --- [main] s.w.s.m.m.a.RequestMappingHandlerAdapter : Looking for @ControllerAdvice: org.springframework.boot.context.embedded.AnnotationConfigEmbeddedWebApplicationContext@7e057f43: startup date [Thu May 19 01:06:19 CEST 2016]; root of context hierarchy
2016-05-19 01:06:27.766  INFO 8820 --- [main] s.w.s.m.m.a.RequestMappingHandlerMapping : Mapped "{[/api/user],methods=[GET]}" onto public void com.mimacom.app.springboot.web.UserController.addRandom()
2016-05-19 01:06:27.770  INFO 8820 --- [main] s.w.s.m.m.a.RequestMappingHandlerMapping : Mapped "{[/error]}" onto public org.springframework.http.ResponseEntity<java.util.Map<java.lang.String, java.lang.Object>> org.springframework.boot.autoconfigure.web.BasicErrorController.error(javax.servlet.http.HttpServletRequest)
2016-05-19 01:06:27.770  INFO 8820 --- [main] s.w.s.m.m.a.RequestMappingHandlerMapping : Mapped "{[/error],produces=[text/html]}" onto public org.springframework.web.servlet.ModelAndView org.springframework.boot.autoconfigure.web.BasicErrorController.errorHtml(javax.servlet.http.HttpServletRequest,javax.servlet.http.HttpServletResponse)
2016-05-19 01:06:27.831  INFO 8820 --- [main] o.s.w.s.handler.SimpleUrlHandlerMapping  : Mapped URL path [/webjars/**] onto handler of type [class org.springframework.web.servlet.resource.ResourceHttpRequestHandler]
2016-05-19 01:06:27.831  INFO 8820 --- [main] o.s.w.s.handler.SimpleUrlHandlerMapping  : Mapped URL path [/**] onto handler of type [class org.springframework.web.servlet.resource.ResourceHttpRequestHandler]
2016-05-19 01:06:27.908  INFO 8820 --- [main] o.s.w.s.handler.SimpleUrlHandlerMapping  : Mapped URL path [/**/favicon.ico] onto handler of type [class org.springframework.web.servlet.resource.ResourceHttpRequestHandler]
2016-05-19 01:06:28.661  INFO 8820 --- [main] o.s.b.a.e.mvc.EndpointHandlerMapping     : Mapped "{[/management/env/{name:.*}],methods=[GET],produces=[application/json]}" onto public java.lang.Object org.springframework.boot.actuate.endpoint.mvc.EnvironmentMvcEndpoint.value(java.lang.String)
2016-05-19 01:06:28.662  INFO 8820 --- [main] o.s.b.a.e.mvc.EndpointHandlerMapping     : Mapped "{[/management/env || /management/env.json],methods=[GET],produces=[application/json]}" onto public java.lang.Object org.springframework.boot.actuate.endpoint.mvc.EndpointMvcAdapter.invoke()
2016-05-19 01:06:28.664  INFO 8820 --- [main] o.s.b.a.e.mvc.EndpointHandlerMapping     : Mapped "{[/management/metrics/{name:.*}],methods=[GET],produces=[application/json]}" onto public java.lang.Object org.springframework.boot.actuate.endpoint.mvc.MetricsMvcEndpoint.value(java.lang.String)
2016-05-19 01:06:28.665  INFO 8820 --- [main] o.s.b.a.e.mvc.EndpointHandlerMapping     : Mapped "{[/management/metrics || /management/metrics.json],methods=[GET],produces=[application/json]}" onto public java.lang.Object org.springframework.boot.actuate.endpoint.mvc.EndpointMvcAdapter.invoke()
2016-05-19 01:06:28.666  INFO 8820 --- [main] o.s.b.a.e.mvc.EndpointHandlerMapping     : Mapped "{[/management/mappings || /management/mappings.json],methods=[GET],produces=[application/json]}" onto public java.lang.Object org.springframework.boot.actuate.endpoint.mvc.EndpointMvcAdapter.invoke()
2016-05-19 01:06:28.667  INFO 8820 --- [main] o.s.b.a.e.mvc.EndpointHandlerMapping     : Mapped "{[/management/logfile || /management/logfile.json],methods=[GET || HEAD]}" onto public void org.springframework.boot.actuate.endpoint.mvc.LogFileMvcEndpoint.invoke(javax.servlet.http.HttpServletRequest,javax.servlet.http.HttpServletResponse) throws javax.servlet.ServletException,java.io.IOException
2016-05-19 01:06:28.669  INFO 8820 --- [main] o.s.b.a.e.mvc.EndpointHandlerMapping     : Mapped "{[/management/info || /management/info.json],methods=[GET],produces=[application/json]}" onto public java.lang.Object org.springframework.boot.actuate.endpoint.mvc.EndpointMvcAdapter.invoke()
2016-05-19 01:06:28.670  INFO 8820 --- [main] o.s.b.a.e.mvc.EndpointHandlerMapping     : Mapped "{[/management/trace || /management/trace.json],methods=[GET],produces=[application/json]}" onto public java.lang.Object org.springframework.boot.actuate.endpoint.mvc.EndpointMvcAdapter.invoke()
2016-05-19 01:06:28.672  INFO 8820 --- [main] o.s.b.a.e.mvc.EndpointHandlerMapping     : Mapped "{[/management/health || /management/health.json],produces=[application/json]}" onto public java.lang.Object org.springframework.boot.actuate.endpoint.mvc.HealthMvcEndpoint.invoke(java.security.Principal)
2016-05-19 01:06:28.676  INFO 8820 --- [main] o.s.b.a.e.mvc.EndpointHandlerMapping     : Mapped "{[/management/beans || /management/beans.json],methods=[GET],produces=[application/json]}" onto public java.lang.Object org.springframework.boot.actuate.endpoint.mvc.EndpointMvcAdapter.invoke()
2016-05-19 01:06:28.680  INFO 8820 --- [main] o.s.b.a.e.mvc.EndpointHandlerMapping     : Mapped "{[/management/configprops || /management/configprops.json],methods=[GET],produces=[application/json]}" onto public java.lang.Object org.springframework.boot.actuate.endpoint.mvc.EndpointMvcAdapter.invoke()
2016-05-19 01:06:28.681  INFO 8820 --- [main] o.s.b.a.e.mvc.EndpointHandlerMapping     : Mapped "{[/management/dump || /management/dump.json],methods=[GET],produces=[application/json]}" onto public java.lang.Object org.springframework.boot.actuate.endpoint.mvc.EndpointMvcAdapter.invoke()
2016-05-19 01:06:28.682  INFO 8820 --- [main] o.s.b.a.e.mvc.EndpointHandlerMapping     : Mapped "{[/management/autoconfig || /management/autoconfig.json],methods=[GET],produces=[application/json]}" onto public java.lang.Object org.springframework.boot.actuate.endpoint.mvc.EndpointMvcAdapter.invoke()
2016-05-19 01:06:29.062  INFO 8820 --- [main] o.s.j.e.a.AnnotationMBeanExporter        : Registering beans for JMX exposure on startup
2016-05-19 01:06:29.082  INFO 8820 --- [main] o.s.c.support.DefaultLifecycleProcessor  : Starting beans in phase 0
2016-05-19 01:06:29.254  INFO 8820 --- [main] s.b.c.e.t.TomcatEmbeddedServletContainer : Tomcat started on port(s): 9292 (http)
2016-05-19 01:06:29.260  INFO 8820 --- [main] com.mimacom.app.springboot.Application   : Started Application in 10.764 seconds (JVM running for 11.334)
2016-05-19 01:06:33.088  INFO 8820 --- [http-nio-9292-exec-1] o.a.c.c.C.[Tomcat].[localhost].[/]       : Initializing Spring FrameworkServlet 'dispatcherServlet'
2016-05-19 01:06:33.088  INFO 8820 --- [http-nio-9292-exec-1] o.s.web.servlet.DispatcherServlet        : FrameworkServlet 'dispatcherServlet': initialization started
2016-05-19 01:06:33.114  INFO 8820 --- [http-nio-9292-exec-1] o.s.web.servlet.DispatcherServlet        : FrameworkServlet 'dispatcherServlet': initialization completed in 25 ms
2016-05-19 01:06:33.195  WARN 8820 --- [http-nio-9292-exec-1] o.s.w.s.r.ResourceHttpRequestHandler     : Locations list is empty. No resources will be served unless a custom ResourceResolver is configured as an alternative to PathResourceResolver.
2016-05-19 01:08:42.976  INFO 8836 --- [main] com.mimacom.app.springboot.Application   : Starting Application on mima-ws-108 with PID 8836 (C:\development\projects\sample-spring-boot-app\sample-spring-boot-web\target\classes started by pado in C:\development\projects\sample-spring-boot-app)
2016-05-19 01:08:42.981  INFO 8836 --- [main] com.mimacom.app.springboot.Application   : No active profile set, falling back to default profiles: default
2016-05-19 01:08:43.306  INFO 8836 --- [main] ationConfigEmbeddedWebApplicationContext : Refreshing org.springframework.boot.context.embedded.AnnotationConfigEmbeddedWebApplicationContext@7e057f43: startup date [Thu May 19 01:08:43 CEST 2016]; root of context hierarchy
2016-05-19 01:08:45.004  INFO 8836 --- [main] o.s.b.f.s.DefaultListableBeanFactory     : Overriding bean definition for bean 'ignoredPathsWebSecurityConfigurerAdapter' with a different definition: replacing [Root bean: class [null]; scope=; abstract=false; lazyInit=false; autowireMode=3; dependencyCheck=0; autowireCandidate=true; primary=false; factoryBeanName=org.springframework.boot.autoconfigure.security.SpringBootWebSecurityConfiguration; factoryMethodName=ignoredPathsWebSecurityConfigurerAdapter; initMethodName=null; destroyMethodName=(inferred); defined in class path resource [org/springframework/boot/autoconfigure/security/SpringBootWebSecurityConfiguration.class]] with [Root bean: class [null]; scope=; abstract=false; lazyInit=false; autowireMode=3; dependencyCheck=0; autowireCandidate=true; primary=false; factoryBeanName=org.springframework.boot.actuate.autoconfigure.ManagementWebSecurityAutoConfiguration; factoryMethodName=ignoredPathsWebSecurityConfigurerAdapter; initMethodName=null; destroyMethodName=(inferred); defined in class path resource [org/springframework/boot/actuate/autoconfigure/ManagementWebSecurityAutoConfiguration.class]]
2016-05-19 01:08:45.791  INFO 8836 --- [main] trationDelegate$BeanPostProcessorChecker : Bean 'org.springframework.transaction.annotation.ProxyTransactionManagementConfiguration' of type [class org.springframework.transaction.annotation.ProxyTransactionManagementConfiguration$$EnhancerBySpringCGLIB$$5f4c2ee8] is not eligible for getting processed by all BeanPostProcessors (for example: not eligible for auto-proxying)
2016-05-19 01:08:46.588  INFO 8836 --- [main] s.b.c.e.t.TomcatEmbeddedServletContainer : Tomcat initialized with port(s): 9292 (http)
2016-05-19 01:08:46.610  INFO 8836 --- [main] o.apache.catalina.core.StandardService   : Starting service Tomcat
2016-05-19 01:08:46.612  INFO 8836 --- [main] org.apache.catalina.core.StandardEngine  : Starting Servlet Engine: Apache Tomcat/8.0.33
2016-05-19 01:08:46.785  INFO 8836 --- [localhost-startStop-1] o.a.c.c.C.[Tomcat].[localhost].[/]       : Initializing Spring embedded WebApplicationContext
2016-05-19 01:08:46.785  INFO 8836 --- [localhost-startStop-1] o.s.web.context.ContextLoader            : Root WebApplicationContext: initialization completed in 3483 ms
2016-05-19 01:08:47.442  INFO 8836 --- [localhost-startStop-1] o.s.b.w.servlet.FilterRegistrationBean   : Mapping filter: 'metricFilter' to: [/*]
2016-05-19 01:08:47.443  INFO 8836 --- [localhost-startStop-1] o.s.b.w.servlet.FilterRegistrationBean   : Mapping filter: 'characterEncodingFilter' to: [/*]
2016-05-19 01:08:47.443  INFO 8836 --- [localhost-startStop-1] o.s.b.w.servlet.FilterRegistrationBean   : Mapping filter: 'hiddenHttpMethodFilter' to: [/*]
2016-05-19 01:08:47.444  INFO 8836 --- [localhost-startStop-1] o.s.b.w.servlet.FilterRegistrationBean   : Mapping filter: 'httpPutFormContentFilter' to: [/*]
2016-05-19 01:08:47.444  INFO 8836 --- [localhost-startStop-1] o.s.b.w.servlet.FilterRegistrationBean   : Mapping filter: 'requestContextFilter' to: [/*]
2016-05-19 01:08:47.445  INFO 8836 --- [localhost-startStop-1] .s.DelegatingFilterProxyRegistrationBean : Mapping filter: 'springSecurityFilterChain' to: [/*]
2016-05-19 01:08:47.446  INFO 8836 --- [localhost-startStop-1] o.s.b.w.servlet.FilterRegistrationBean   : Mapping filter: 'webRequestLoggingFilter' to: [/*]
2016-05-19 01:08:47.446  INFO 8836 --- [localhost-startStop-1] o.s.b.w.servlet.FilterRegistrationBean   : Mapping filter: 'applicationContextIdFilter' to: [/*]
2016-05-19 01:08:47.446  INFO 8836 --- [localhost-startStop-1] o.s.b.w.servlet.ServletRegistrationBean  : Mapping servlet: 'dispatcherServlet' to [/]
2016-05-19 01:08:47.982  INFO 8836 --- [localhost-startStop-1] o.s.s.web.DefaultSecurityFilterChain     : Creating filter chain: OrRequestMatcher [requestMatchers=[Ant [pattern='/css/**'], Ant [pattern='/js/**'], Ant [pattern='/images/**'], Ant [pattern='/**/favicon.ico'], Ant [pattern='/error']]], []
2016-05-19 01:08:47.983  INFO 8836 --- [localhost-startStop-1] o.s.s.web.DefaultSecurityFilterChain     : Creating filter chain: Ant [pattern='/swagger/**'], []
2016-05-19 01:08:47.983  INFO 8836 --- [localhost-startStop-1] o.s.s.web.DefaultSecurityFilterChain     : Creating filter chain: Ant [pattern='/api/testdata/**'], []
2016-05-19 01:08:47.983  INFO 8836 --- [localhost-startStop-1] o.s.s.web.DefaultSecurityFilterChain     : Creating filter chain: Ant [pattern='/api-docs/**'], []
2016-05-19 01:08:48.151  INFO 8836 --- [localhost-startStop-1] o.s.s.web.DefaultSecurityFilterChain     : Creating filter chain: Ant [pattern='/management/**'], [org.springframework.security.web.context.request.async.WebAsyncManagerIntegrationFilter@474341a7, org.springframework.security.web.context.SecurityContextPersistenceFilter@54f04cb3, org.springframework.security.web.header.HeaderWriterFilter@130a7993, org.springframework.security.web.authentication.logout.LogoutFilter@174aa889, org.springframework.security.web.authentication.www.BasicAuthenticationFilter@2711813d, org.springframework.security.web.savedrequest.RequestCacheAwareFilter@3bace247, org.springframework.security.web.servletapi.SecurityContextHolderAwareRequestFilter@45243667, org.springframework.security.web.authentication.AnonymousAuthenticationFilter@1dfe9259, org.springframework.security.web.session.SessionManagementFilter@605dcb8b, org.springframework.security.web.access.ExceptionTranslationFilter@10a8fda6, org.springframework.security.web.access.intercept.FilterSecurityInterceptor@655e0caf]
2016-05-19 01:08:48.175  INFO 8836 --- [localhost-startStop-1] o.s.s.web.DefaultSecurityFilterChain     : Creating filter chain: org.springframework.security.web.util.matcher.AnyRequestMatcher@1, [org.springframework.security.web.context.request.async.WebAsyncManagerIntegrationFilter@1bff7db5, org.springframework.security.web.context.SecurityContextPersistenceFilter@47000784, org.springframework.security.web.header.HeaderWriterFilter@3422395a, org.springframework.security.web.csrf.CsrfFilter@33aee83c, org.springframework.security.web.authentication.logout.LogoutFilter@4fa530a6, org.springframework.security.web.savedrequest.RequestCacheAwareFilter@64032325, org.springframework.security.web.servletapi.SecurityContextHolderAwareRequestFilter@41ce2e16, org.springframework.security.web.session.SessionManagementFilter@7ffe237a, org.springframework.security.web.access.ExceptionTranslationFilter@3002644d, org.springframework.security.web.access.intercept.FilterSecurityInterceptor@66d2f540]
2016-05-19 01:08:48.182  INFO 8836 --- [localhost-startStop-1] o.s.s.web.DefaultSecurityFilterChain     : Creating filter chain: OrRequestMatcher [requestMatchers=[Ant [pattern='/**']]], [org.springframework.security.web.context.request.async.WebAsyncManagerIntegrationFilter@575871cb, org.springframework.security.web.context.SecurityContextPersistenceFilter@4bdeea43, org.springframework.security.web.header.HeaderWriterFilter@d0e2fd3, org.springframework.security.web.authentication.logout.LogoutFilter@3a8ae52f, org.springframework.security.web.authentication.www.BasicAuthenticationFilter@63a8ccf, org.springframework.security.web.savedrequest.RequestCacheAwareFilter@71a8aec, org.springframework.security.web.servletapi.SecurityContextHolderAwareRequestFilter@7b964d6b, org.springframework.security.web.authentication.AnonymousAuthenticationFilter@4d1c4c1d, org.springframework.security.web.session.SessionManagementFilter@190b0adc, org.springframework.security.web.access.ExceptionTranslationFilter@66c559a5, org.springframework.security.web.access.intercept.FilterSecurityInterceptor@235052e4]
2016-05-19 01:08:48.730  INFO 8836 --- [main] j.LocalContainerEntityManagerFactoryBean : Building JPA container EntityManagerFactory for persistence unit 'default'
2016-05-19 01:08:48.763  INFO 8836 --- [main] o.hibernate.jpa.internal.util.LogHelper  : HHH000204: Processing PersistenceUnitInfo [
	name: default
	...]
2016-05-19 01:08:49.216  INFO 8836 --- [main] org.hibernate.Version                    : HHH000412: Hibernate Core {5.1.0.Final}
2016-05-19 01:08:49.219  INFO 8836 --- [main] org.hibernate.cfg.Environment            : HHH000206: hibernate.properties not found
2016-05-19 01:08:49.221  INFO 8836 --- [main] org.hibernate.cfg.Environment            : HHH000021: Bytecode provider name : javassist
2016-05-19 01:08:49.292  INFO 8836 --- [main] o.hibernate.annotations.common.Version   : HCANN000001: Hibernate Commons Annotations {5.0.1.Final}
2016-05-19 01:08:49.551  INFO 8836 --- [main] org.hibernate.dialect.Dialect            : HHH000400: Using dialect: org.hibernate.dialect.H2Dialect
2016-05-19 01:08:50.181  INFO 8836 --- [main] o.h.t.schema.internal.SchemaCreatorImpl  : HHH000476: Executing import script 'org.hibernate.tool.schema.internal.exec.ScriptSourceInputNonExistentImpl@192f5f39'
2016-05-19 01:08:50.232  INFO 8836 --- [main] j.LocalContainerEntityManagerFactoryBean : Initialized JPA EntityManagerFactory for persistence unit 'default'
2016-05-19 01:08:50.737  INFO 8836 --- [main] s.w.s.m.m.a.RequestMappingHandlerAdapter : Looking for @ControllerAdvice: org.springframework.boot.context.embedded.AnnotationConfigEmbeddedWebApplicationContext@7e057f43: startup date [Thu May 19 01:08:43 CEST 2016]; root of context hierarchy
2016-05-19 01:08:50.858  INFO 8836 --- [main] s.w.s.m.m.a.RequestMappingHandlerMapping : Mapped "{[/api/user],methods=[GET]}" onto public void com.mimacom.app.springboot.web.UserController.addRandom()
2016-05-19 01:08:50.861  INFO 8836 --- [main] s.w.s.m.m.a.RequestMappingHandlerMapping : Mapped "{[/error]}" onto public org.springframework.http.ResponseEntity<java.util.Map<java.lang.String, java.lang.Object>> org.springframework.boot.autoconfigure.web.BasicErrorController.error(javax.servlet.http.HttpServletRequest)
2016-05-19 01:08:50.862  INFO 8836 --- [main] s.w.s.m.m.a.RequestMappingHandlerMapping : Mapped "{[/error],produces=[text/html]}" onto public org.springframework.web.servlet.ModelAndView org.springframework.boot.autoconfigure.web.BasicErrorController.errorHtml(javax.servlet.http.HttpServletRequest,javax.servlet.http.HttpServletResponse)
2016-05-19 01:08:50.925  INFO 8836 --- [main] o.s.w.s.handler.SimpleUrlHandlerMapping  : Mapped URL path [/webjars/**] onto handler of type [class org.springframework.web.servlet.resource.ResourceHttpRequestHandler]
2016-05-19 01:08:50.925  INFO 8836 --- [main] o.s.w.s.handler.SimpleUrlHandlerMapping  : Mapped URL path [/**] onto handler of type [class org.springframework.web.servlet.resource.ResourceHttpRequestHandler]
2016-05-19 01:08:51.004  INFO 8836 --- [main] o.s.w.s.handler.SimpleUrlHandlerMapping  : Mapped URL path [/**/favicon.ico] onto handler of type [class org.springframework.web.servlet.resource.ResourceHttpRequestHandler]
2016-05-19 01:08:52.231  INFO 8836 --- [main] o.s.b.a.e.mvc.EndpointHandlerMapping     : Mapped "{[/management/info || /management/info.json],methods=[GET],produces=[application/json]}" onto public java.lang.Object org.springframework.boot.actuate.endpoint.mvc.EndpointMvcAdapter.invoke()
2016-05-19 01:08:52.233  INFO 8836 --- [main] o.s.b.a.e.mvc.EndpointHandlerMapping     : Mapped "{[/management/health || /management/health.json],produces=[application/json]}" onto public java.lang.Object org.springframework.boot.actuate.endpoint.mvc.HealthMvcEndpoint.invoke(java.security.Principal)
2016-05-19 01:08:52.234  INFO 8836 --- [main] o.s.b.a.e.mvc.EndpointHandlerMapping     : Mapped "{[/management/trace || /management/trace.json],methods=[GET],produces=[application/json]}" onto public java.lang.Object org.springframework.boot.actuate.endpoint.mvc.EndpointMvcAdapter.invoke()
2016-05-19 01:08:52.234  INFO 8836 --- [main] o.s.b.a.e.mvc.EndpointHandlerMapping     : Mapped "{[/management/logfile || /management/logfile.json],methods=[GET || HEAD]}" onto public void org.springframework.boot.actuate.endpoint.mvc.LogFileMvcEndpoint.invoke(javax.servlet.http.HttpServletRequest,javax.servlet.http.HttpServletResponse) throws javax.servlet.ServletException,java.io.IOException
2016-05-19 01:08:52.235  INFO 8836 --- [main] o.s.b.a.e.mvc.EndpointHandlerMapping     : Mapped "{[/management/dump || /management/dump.json],methods=[GET],produces=[application/json]}" onto public java.lang.Object org.springframework.boot.actuate.endpoint.mvc.EndpointMvcAdapter.invoke()
2016-05-19 01:08:52.239  INFO 8836 --- [main] o.s.b.a.e.mvc.EndpointHandlerMapping     : Mapped "{[/management/configprops || /management/configprops.json],methods=[GET],produces=[application/json]}" onto public java.lang.Object org.springframework.boot.actuate.endpoint.mvc.EndpointMvcAdapter.invoke()
2016-05-19 01:08:52.241  INFO 8836 --- [main] o.s.b.a.e.mvc.EndpointHandlerMapping     : Mapped "{[/management/autoconfig || /management/autoconfig.json],methods=[GET],produces=[application/json]}" onto public java.lang.Object org.springframework.boot.actuate.endpoint.mvc.EndpointMvcAdapter.invoke()
2016-05-19 01:08:52.244  INFO 8836 --- [main] o.s.b.a.e.mvc.EndpointHandlerMapping     : Mapped "{[/management/env/{name:.*}],methods=[GET],produces=[application/json]}" onto public java.lang.Object org.springframework.boot.actuate.endpoint.mvc.EnvironmentMvcEndpoint.value(java.lang.String)
2016-05-19 01:08:52.245  INFO 8836 --- [main] o.s.b.a.e.mvc.EndpointHandlerMapping     : Mapped "{[/management/env || /management/env.json],methods=[GET],produces=[application/json]}" onto public java.lang.Object org.springframework.boot.actuate.endpoint.mvc.EndpointMvcAdapter.invoke()
2016-05-19 01:08:52.249  INFO 8836 --- [main] o.s.b.a.e.mvc.EndpointHandlerMapping     : Mapped "{[/management/metrics/{name:.*}],methods=[GET],produces=[application/json]}" onto public java.lang.Object org.springframework.boot.actuate.endpoint.mvc.MetricsMvcEndpoint.value(java.lang.String)
2016-05-19 01:08:52.249  INFO 8836 --- [main] o.s.b.a.e.mvc.EndpointHandlerMapping     : Mapped "{[/management/metrics || /management/metrics.json],methods=[GET],produces=[application/json]}" onto public java.lang.Object org.springframework.boot.actuate.endpoint.mvc.EndpointMvcAdapter.invoke()
2016-05-19 01:08:52.250  INFO 8836 --- [main] o.s.b.a.e.mvc.EndpointHandlerMapping     : Mapped "{[/management/beans || /management/beans.json],methods=[GET],produces=[application/json]}" onto public java.lang.Object org.springframework.boot.actuate.endpoint.mvc.EndpointMvcAdapter.invoke()
2016-05-19 01:08:52.252  INFO 8836 --- [main] o.s.b.a.e.mvc.EndpointHandlerMapping     : Mapped "{[/management/mappings || /management/mappings.json],methods=[GET],produces=[application/json]}" onto public java.lang.Object org.springframework.boot.actuate.endpoint.mvc.EndpointMvcAdapter.invoke()
2016-05-19 01:08:52.675  INFO 8836 --- [main] o.s.j.e.a.AnnotationMBeanExporter        : Registering beans for JMX exposure on startup
2016-05-19 01:08:52.701  INFO 8836 --- [main] o.s.c.support.DefaultLifecycleProcessor  : Starting beans in phase 0
2016-05-19 01:08:52.894  INFO 8836 --- [main] s.b.c.e.t.TomcatEmbeddedServletContainer : Tomcat started on port(s): 9292 (http)
2016-05-19 01:08:52.900  INFO 8836 --- [main] com.mimacom.app.springboot.Application   : Started Application in 10.748 seconds (JVM running for 11.388)
2016-05-19 01:09:43.769  INFO 1716 --- [main] com.mimacom.app.springboot.Application   : Starting Application on mima-ws-108 with PID 1716 (C:\development\projects\sample-spring-boot-app\sample-spring-boot-web\target\classes started by pado in C:\development\projects\sample-spring-boot-app)
2016-05-19 01:09:43.774  INFO 1716 --- [main] com.mimacom.app.springboot.Application   : No active profile set, falling back to default profiles: default
2016-05-19 01:09:43.908  INFO 1716 --- [main] ationConfigEmbeddedWebApplicationContext : Refreshing org.springframework.boot.context.embedded.AnnotationConfigEmbeddedWebApplicationContext@7e057f43: startup date [Thu May 19 01:09:43 CEST 2016]; root of context hierarchy
2016-05-19 01:09:45.777  INFO 1716 --- [main] o.s.b.f.s.DefaultListableBeanFactory     : Overriding bean definition for bean 'ignoredPathsWebSecurityConfigurerAdapter' with a different definition: replacing [Root bean: class [null]; scope=; abstract=false; lazyInit=false; autowireMode=3; dependencyCheck=0; autowireCandidate=true; primary=false; factoryBeanName=org.springframework.boot.autoconfigure.security.SpringBootWebSecurityConfiguration; factoryMethodName=ignoredPathsWebSecurityConfigurerAdapter; initMethodName=null; destroyMethodName=(inferred); defined in class path resource [org/springframework/boot/autoconfigure/security/SpringBootWebSecurityConfiguration.class]] with [Root bean: class [null]; scope=; abstract=false; lazyInit=false; autowireMode=3; dependencyCheck=0; autowireCandidate=true; primary=false; factoryBeanName=org.springframework.boot.actuate.autoconfigure.ManagementWebSecurityAutoConfiguration; factoryMethodName=ignoredPathsWebSecurityConfigurerAdapter; initMethodName=null; destroyMethodName=(inferred); defined in class path resource [org/springframework/boot/actuate/autoconfigure/ManagementWebSecurityAutoConfiguration.class]]
2016-05-19 01:09:46.544  INFO 1716 --- [main] trationDelegate$BeanPostProcessorChecker : Bean 'org.springframework.transaction.annotation.ProxyTransactionManagementConfiguration' of type [class org.springframework.transaction.annotation.ProxyTransactionManagementConfiguration$$EnhancerBySpringCGLIB$$e99c3d5a] is not eligible for getting processed by all BeanPostProcessors (for example: not eligible for auto-proxying)
2016-05-19 01:09:47.281  INFO 1716 --- [main] s.b.c.e.t.TomcatEmbeddedServletContainer : Tomcat initialized with port(s): 9292 (http)
2016-05-19 01:09:47.301  INFO 1716 --- [main] o.apache.catalina.core.StandardService   : Starting service Tomcat
2016-05-19 01:09:47.303  INFO 1716 --- [main] org.apache.catalina.core.StandardEngine  : Starting Servlet Engine: Apache Tomcat/8.0.33
2016-05-19 01:09:47.466  INFO 1716 --- [localhost-startStop-1] o.a.c.c.C.[Tomcat].[localhost].[/]       : Initializing Spring embedded WebApplicationContext
2016-05-19 01:09:47.466  INFO 1716 --- [localhost-startStop-1] o.s.web.context.ContextLoader            : Root WebApplicationContext: initialization completed in 3562 ms
2016-05-19 01:09:48.204  INFO 1716 --- [localhost-startStop-1] o.s.b.w.servlet.FilterRegistrationBean   : Mapping filter: 'metricFilter' to: [/*]
2016-05-19 01:09:48.205  INFO 1716 --- [localhost-startStop-1] o.s.b.w.servlet.FilterRegistrationBean   : Mapping filter: 'characterEncodingFilter' to: [/*]
2016-05-19 01:09:48.205  INFO 1716 --- [localhost-startStop-1] o.s.b.w.servlet.FilterRegistrationBean   : Mapping filter: 'hiddenHttpMethodFilter' to: [/*]
2016-05-19 01:09:48.206  INFO 1716 --- [localhost-startStop-1] o.s.b.w.servlet.FilterRegistrationBean   : Mapping filter: 'httpPutFormContentFilter' to: [/*]
2016-05-19 01:09:48.206  INFO 1716 --- [localhost-startStop-1] o.s.b.w.servlet.FilterRegistrationBean   : Mapping filter: 'requestContextFilter' to: [/*]
2016-05-19 01:09:48.207  INFO 1716 --- [localhost-startStop-1] .s.DelegatingFilterProxyRegistrationBean : Mapping filter: 'springSecurityFilterChain' to: [/*]
2016-05-19 01:09:48.209  INFO 1716 --- [localhost-startStop-1] o.s.b.w.servlet.FilterRegistrationBean   : Mapping filter: 'webRequestLoggingFilter' to: [/*]
2016-05-19 01:09:48.209  INFO 1716 --- [localhost-startStop-1] o.s.b.w.servlet.FilterRegistrationBean   : Mapping filter: 'applicationContextIdFilter' to: [/*]
2016-05-19 01:09:48.209  INFO 1716 --- [localhost-startStop-1] o.s.b.w.servlet.ServletRegistrationBean  : Mapping servlet: 'dispatcherServlet' to [/]
2016-05-19 01:09:48.867  INFO 1716 --- [localhost-startStop-1] o.s.s.web.DefaultSecurityFilterChain     : Creating filter chain: OrRequestMatcher [requestMatchers=[Ant [pattern='/css/**'], Ant [pattern='/js/**'], Ant [pattern='/images/**'], Ant [pattern='/**/favicon.ico'], Ant [pattern='/error']]], []
2016-05-19 01:09:48.868  INFO 1716 --- [localhost-startStop-1] o.s.s.web.DefaultSecurityFilterChain     : Creating filter chain: Ant [pattern='/swagger/**'], []
2016-05-19 01:09:48.868  INFO 1716 --- [localhost-startStop-1] o.s.s.web.DefaultSecurityFilterChain     : Creating filter chain: Ant [pattern='/api/testdata/**'], []
2016-05-19 01:09:48.868  INFO 1716 --- [localhost-startStop-1] o.s.s.web.DefaultSecurityFilterChain     : Creating filter chain: Ant [pattern='/api-docs/**'], []
2016-05-19 01:09:49.042  INFO 1716 --- [localhost-startStop-1] o.s.s.web.DefaultSecurityFilterChain     : Creating filter chain: Ant [pattern='/management/**'], [org.springframework.security.web.context.request.async.WebAsyncManagerIntegrationFilter@c7a94ab, org.springframework.security.web.context.SecurityContextPersistenceFilter@7839f45, org.springframework.security.web.header.HeaderWriterFilter@2fa408d3, org.springframework.security.web.authentication.logout.LogoutFilter@642cb784, org.springframework.security.web.authentication.www.BasicAuthenticationFilter@79e754dc, org.springframework.security.web.savedrequest.RequestCacheAwareFilter@433ae019, org.springframework.security.web.servletapi.SecurityContextHolderAwareRequestFilter@7318b8f0, org.springframework.security.web.authentication.AnonymousAuthenticationFilter@2f804e31, org.springframework.security.web.session.SessionManagementFilter@47b7eccd, org.springframework.security.web.access.ExceptionTranslationFilter@4dd273ec, org.springframework.security.web.access.intercept.FilterSecurityInterceptor@dd726b9]
2016-05-19 01:09:49.102  INFO 1716 --- [localhost-startStop-1] o.s.s.web.DefaultSecurityFilterChain     : Creating filter chain: org.springframework.security.web.util.matcher.AnyRequestMatcher@1, [org.springframework.security.web.context.request.async.WebAsyncManagerIntegrationFilter@13503760, org.springframework.security.web.context.SecurityContextPersistenceFilter@4eafdd0e, org.springframework.security.web.header.HeaderWriterFilter@44749283, org.springframework.security.web.csrf.CsrfFilter@7a6695c0, org.springframework.security.web.authentication.logout.LogoutFilter@4d0a0d4e, org.springframework.security.web.authentication.UsernamePasswordAuthenticationFilter@4a3cd867, org.springframework.security.web.authentication.ui.DefaultLoginPageGeneratingFilter@7d7de842, org.springframework.security.web.savedrequest.RequestCacheAwareFilter@511ac565, org.springframework.security.web.servletapi.SecurityContextHolderAwareRequestFilter@311ab54f, org.springframework.security.web.session.SessionManagementFilter@29805e, org.springframework.security.web.access.ExceptionTranslationFilter@2fb61385, org.springframework.security.web.access.intercept.FilterSecurityInterceptor@712936af]
2016-05-19 01:09:49.111  INFO 1716 --- [localhost-startStop-1] o.s.s.web.DefaultSecurityFilterChain     : Creating filter chain: OrRequestMatcher [requestMatchers=[Ant [pattern='/**']]], [org.springframework.security.web.context.request.async.WebAsyncManagerIntegrationFilter@6276eb34, org.springframework.security.web.context.SecurityContextPersistenceFilter@12edbf42, org.springframework.security.web.header.HeaderWriterFilter@41cd13a9, org.springframework.security.web.authentication.logout.LogoutFilter@51e5395a, org.springframework.security.web.authentication.www.BasicAuthenticationFilter@2e0d8b8b, org.springframework.security.web.savedrequest.RequestCacheAwareFilter@3a672fdc, org.springframework.security.web.servletapi.SecurityContextHolderAwareRequestFilter@131e2362, org.springframework.security.web.authentication.AnonymousAuthenticationFilter@2e1761eb, org.springframework.security.web.session.SessionManagementFilter@713671fa, org.springframework.security.web.access.ExceptionTranslationFilter@25e1b863, org.springframework.security.web.access.intercept.FilterSecurityInterceptor@7534204b]
2016-05-19 01:09:49.675  INFO 1716 --- [main] j.LocalContainerEntityManagerFactoryBean : Building JPA container EntityManagerFactory for persistence unit 'default'
2016-05-19 01:09:49.702  INFO 1716 --- [main] o.hibernate.jpa.internal.util.LogHelper  : HHH000204: Processing PersistenceUnitInfo [
	name: default
	...]
2016-05-19 01:09:50.029  INFO 1716 --- [main] org.hibernate.Version                    : HHH000412: Hibernate Core {5.1.0.Final}
2016-05-19 01:09:50.040  INFO 1716 --- [main] org.hibernate.cfg.Environment            : HHH000206: hibernate.properties not found
2016-05-19 01:09:50.042  INFO 1716 --- [main] org.hibernate.cfg.Environment            : HHH000021: Bytecode provider name : javassist
2016-05-19 01:09:50.113  INFO 1716 --- [main] o.hibernate.annotations.common.Version   : HCANN000001: Hibernate Commons Annotations {5.0.1.Final}
2016-05-19 01:09:50.300  INFO 1716 --- [main] org.hibernate.dialect.Dialect            : HHH000400: Using dialect: org.hibernate.dialect.H2Dialect
2016-05-19 01:09:50.921  INFO 1716 --- [main] o.h.t.schema.internal.SchemaCreatorImpl  : HHH000476: Executing import script 'org.hibernate.tool.schema.internal.exec.ScriptSourceInputNonExistentImpl@47b961e2'
2016-05-19 01:09:50.974  INFO 1716 --- [main] j.LocalContainerEntityManagerFactoryBean : Initialized JPA EntityManagerFactory for persistence unit 'default'
2016-05-19 01:09:51.469  INFO 1716 --- [main] s.w.s.m.m.a.RequestMappingHandlerAdapter : Looking for @ControllerAdvice: org.springframework.boot.context.embedded.AnnotationConfigEmbeddedWebApplicationContext@7e057f43: startup date [Thu May 19 01:09:43 CEST 2016]; root of context hierarchy
2016-05-19 01:09:51.577  INFO 1716 --- [main] s.w.s.m.m.a.RequestMappingHandlerMapping : Mapped "{[/api/user],methods=[GET]}" onto public void com.mimacom.app.springboot.web.UserController.addRandom()
2016-05-19 01:09:51.581  INFO 1716 --- [main] s.w.s.m.m.a.RequestMappingHandlerMapping : Mapped "{[/error]}" onto public org.springframework.http.ResponseEntity<java.util.Map<java.lang.String, java.lang.Object>> org.springframework.boot.autoconfigure.web.BasicErrorController.error(javax.servlet.http.HttpServletRequest)
2016-05-19 01:09:51.582  INFO 1716 --- [main] s.w.s.m.m.a.RequestMappingHandlerMapping : Mapped "{[/error],produces=[text/html]}" onto public org.springframework.web.servlet.ModelAndView org.springframework.boot.autoconfigure.web.BasicErrorController.errorHtml(javax.servlet.http.HttpServletRequest,javax.servlet.http.HttpServletResponse)
2016-05-19 01:09:51.641  INFO 1716 --- [main] o.s.w.s.handler.SimpleUrlHandlerMapping  : Mapped URL path [/webjars/**] onto handler of type [class org.springframework.web.servlet.resource.ResourceHttpRequestHandler]
2016-05-19 01:09:51.641  INFO 1716 --- [main] o.s.w.s.handler.SimpleUrlHandlerMapping  : Mapped URL path [/**] onto handler of type [class org.springframework.web.servlet.resource.ResourceHttpRequestHandler]
2016-05-19 01:09:51.716  INFO 1716 --- [main] o.s.w.s.handler.SimpleUrlHandlerMapping  : Mapped URL path [/**/favicon.ico] onto handler of type [class org.springframework.web.servlet.resource.ResourceHttpRequestHandler]
2016-05-19 01:09:52.545  INFO 1716 --- [main] o.s.b.a.e.mvc.EndpointHandlerMapping     : Mapped "{[/management/metrics/{name:.*}],methods=[GET],produces=[application/json]}" onto public java.lang.Object org.springframework.boot.actuate.endpoint.mvc.MetricsMvcEndpoint.value(java.lang.String)
2016-05-19 01:09:52.545  INFO 1716 --- [main] o.s.b.a.e.mvc.EndpointHandlerMapping     : Mapped "{[/management/metrics || /management/metrics.json],methods=[GET],produces=[application/json]}" onto public java.lang.Object org.springframework.boot.actuate.endpoint.mvc.EndpointMvcAdapter.invoke()
2016-05-19 01:09:52.545  INFO 1716 --- [main] o.s.b.a.e.mvc.EndpointHandlerMapping     : Mapped "{[/management/logfile || /management/logfile.json],methods=[GET || HEAD]}" onto public void org.springframework.boot.actuate.endpoint.mvc.LogFileMvcEndpoint.invoke(javax.servlet.http.HttpServletRequest,javax.servlet.http.HttpServletResponse) throws javax.servlet.ServletException,java.io.IOException
2016-05-19 01:09:52.545  INFO 1716 --- [main] o.s.b.a.e.mvc.EndpointHandlerMapping     : Mapped "{[/management/autoconfig || /management/autoconfig.json],methods=[GET],produces=[application/json]}" onto public java.lang.Object org.springframework.boot.actuate.endpoint.mvc.EndpointMvcAdapter.invoke()
2016-05-19 01:09:52.555  INFO 1716 --- [main] o.s.b.a.e.mvc.EndpointHandlerMapping     : Mapped "{[/management/dump || /management/dump.json],methods=[GET],produces=[application/json]}" onto public java.lang.Object org.springframework.boot.actuate.endpoint.mvc.EndpointMvcAdapter.invoke()
2016-05-19 01:09:52.555  INFO 1716 --- [main] o.s.b.a.e.mvc.EndpointHandlerMapping     : Mapped "{[/management/env/{name:.*}],methods=[GET],produces=[application/json]}" onto public java.lang.Object org.springframework.boot.actuate.endpoint.mvc.EnvironmentMvcEndpoint.value(java.lang.String)
2016-05-19 01:09:52.555  INFO 1716 --- [main] o.s.b.a.e.mvc.EndpointHandlerMapping     : Mapped "{[/management/env || /management/env.json],methods=[GET],produces=[application/json]}" onto public java.lang.Object org.springframework.boot.actuate.endpoint.mvc.EndpointMvcAdapter.invoke()
2016-05-19 01:09:52.555  INFO 1716 --- [main] o.s.b.a.e.mvc.EndpointHandlerMapping     : Mapped "{[/management/mappings || /management/mappings.json],methods=[GET],produces=[application/json]}" onto public java.lang.Object org.springframework.boot.actuate.endpoint.mvc.EndpointMvcAdapter.invoke()
2016-05-19 01:09:52.565  INFO 1716 --- [main] o.s.b.a.e.mvc.EndpointHandlerMapping     : Mapped "{[/management/info || /management/info.json],methods=[GET],produces=[application/json]}" onto public java.lang.Object org.springframework.boot.actuate.endpoint.mvc.EndpointMvcAdapter.invoke()
2016-05-19 01:09:52.565  INFO 1716 --- [main] o.s.b.a.e.mvc.EndpointHandlerMapping     : Mapped "{[/management/beans || /management/beans.json],methods=[GET],produces=[application/json]}" onto public java.lang.Object org.springframework.boot.actuate.endpoint.mvc.EndpointMvcAdapter.invoke()
2016-05-19 01:09:52.565  INFO 1716 --- [main] o.s.b.a.e.mvc.EndpointHandlerMapping     : Mapped "{[/management/health || /management/health.json],produces=[application/json]}" onto public java.lang.Object org.springframework.boot.actuate.endpoint.mvc.HealthMvcEndpoint.invoke(java.security.Principal)
2016-05-19 01:09:52.566  INFO 1716 --- [main] o.s.b.a.e.mvc.EndpointHandlerMapping     : Mapped "{[/management/configprops || /management/configprops.json],methods=[GET],produces=[application/json]}" onto public java.lang.Object org.springframework.boot.actuate.endpoint.mvc.EndpointMvcAdapter.invoke()
2016-05-19 01:09:52.566  INFO 1716 --- [main] o.s.b.a.e.mvc.EndpointHandlerMapping     : Mapped "{[/management/trace || /management/trace.json],methods=[GET],produces=[application/json]}" onto public java.lang.Object org.springframework.boot.actuate.endpoint.mvc.EndpointMvcAdapter.invoke()
2016-05-19 01:09:53.335  INFO 1716 --- [main] o.s.j.e.a.AnnotationMBeanExporter        : Registering beans for JMX exposure on startup
2016-05-19 01:09:53.367  INFO 1716 --- [main] o.s.c.support.DefaultLifecycleProcessor  : Starting beans in phase 0
2016-05-19 01:09:53.570  INFO 1716 --- [main] s.b.c.e.t.TomcatEmbeddedServletContainer : Tomcat started on port(s): 9292 (http)
2016-05-19 01:09:53.578  INFO 1716 --- [main] com.mimacom.app.springboot.Application   : Started Application in 10.415 seconds (JVM running for 10.974)
2016-05-19 01:10:06.538  INFO 9104 --- [main] com.mimacom.app.springboot.Application   : Starting Application on mima-ws-108 with PID 9104 (C:\development\projects\sample-spring-boot-app\sample-spring-boot-web\target\classes started by pado in C:\development\projects\sample-spring-boot-app)
2016-05-19 01:10:06.543  INFO 9104 --- [main] com.mimacom.app.springboot.Application   : No active profile set, falling back to default profiles: default
2016-05-19 01:10:06.775  INFO 9104 --- [main] ationConfigEmbeddedWebApplicationContext : Refreshing org.springframework.boot.context.embedded.AnnotationConfigEmbeddedWebApplicationContext@7e057f43: startup date [Thu May 19 01:10:06 CEST 2016]; root of context hierarchy
2016-05-19 01:10:09.153  INFO 9104 --- [main] o.s.b.f.s.DefaultListableBeanFactory     : Overriding bean definition for bean 'ignoredPathsWebSecurityConfigurerAdapter' with a different definition: replacing [Root bean: class [null]; scope=; abstract=false; lazyInit=false; autowireMode=3; dependencyCheck=0; autowireCandidate=true; primary=false; factoryBeanName=org.springframework.boot.autoconfigure.security.SpringBootWebSecurityConfiguration; factoryMethodName=ignoredPathsWebSecurityConfigurerAdapter; initMethodName=null; destroyMethodName=(inferred); defined in class path resource [org/springframework/boot/autoconfigure/security/SpringBootWebSecurityConfiguration.class]] with [Root bean: class [null]; scope=; abstract=false; lazyInit=false; autowireMode=3; dependencyCheck=0; autowireCandidate=true; primary=false; factoryBeanName=org.springframework.boot.actuate.autoconfigure.ManagementWebSecurityAutoConfiguration; factoryMethodName=ignoredPathsWebSecurityConfigurerAdapter; initMethodName=null; destroyMethodName=(inferred); defined in class path resource [org/springframework/boot/actuate/autoconfigure/ManagementWebSecurityAutoConfiguration.class]]
2016-05-19 01:10:10.236  INFO 9104 --- [main] trationDelegate$BeanPostProcessorChecker : Bean 'org.springframework.transaction.annotation.ProxyTransactionManagementConfiguration' of type [class org.springframework.transaction.annotation.ProxyTransactionManagementConfiguration$$EnhancerBySpringCGLIB$$d602d78a] is not eligible for getting processed by all BeanPostProcessors (for example: not eligible for auto-proxying)
2016-05-19 01:10:11.288  INFO 9104 --- [main] s.b.c.e.t.TomcatEmbeddedServletContainer : Tomcat initialized with port(s): 9292 (http)
2016-05-19 01:10:11.303  INFO 9104 --- [main] o.apache.catalina.core.StandardService   : Starting service Tomcat
2016-05-19 01:10:11.306  INFO 9104 --- [main] org.apache.catalina.core.StandardEngine  : Starting Servlet Engine: Apache Tomcat/8.0.33
2016-05-19 01:10:11.489  INFO 9104 --- [localhost-startStop-1] o.a.c.c.C.[Tomcat].[localhost].[/]       : Initializing Spring embedded WebApplicationContext
2016-05-19 01:10:11.489  INFO 9104 --- [localhost-startStop-1] o.s.web.context.ContextLoader            : Root WebApplicationContext: initialization completed in 4794 ms
2016-05-19 01:10:12.232  INFO 9104 --- [localhost-startStop-1] o.s.b.w.servlet.FilterRegistrationBean   : Mapping filter: 'metricFilter' to: [/*]
2016-05-19 01:10:12.232  INFO 9104 --- [localhost-startStop-1] o.s.b.w.servlet.FilterRegistrationBean   : Mapping filter: 'characterEncodingFilter' to: [/*]
2016-05-19 01:10:12.232  INFO 9104 --- [localhost-startStop-1] o.s.b.w.servlet.FilterRegistrationBean   : Mapping filter: 'hiddenHttpMethodFilter' to: [/*]
2016-05-19 01:10:12.232  INFO 9104 --- [localhost-startStop-1] o.s.b.w.servlet.FilterRegistrationBean   : Mapping filter: 'httpPutFormContentFilter' to: [/*]
2016-05-19 01:10:12.233  INFO 9104 --- [localhost-startStop-1] o.s.b.w.servlet.FilterRegistrationBean   : Mapping filter: 'requestContextFilter' to: [/*]
2016-05-19 01:10:12.234  INFO 9104 --- [localhost-startStop-1] .s.DelegatingFilterProxyRegistrationBean : Mapping filter: 'springSecurityFilterChain' to: [/*]
2016-05-19 01:10:12.234  INFO 9104 --- [localhost-startStop-1] o.s.b.w.servlet.FilterRegistrationBean   : Mapping filter: 'webRequestLoggingFilter' to: [/*]
2016-05-19 01:10:12.235  INFO 9104 --- [localhost-startStop-1] o.s.b.w.servlet.FilterRegistrationBean   : Mapping filter: 'applicationContextIdFilter' to: [/*]
2016-05-19 01:10:12.235  INFO 9104 --- [localhost-startStop-1] o.s.b.w.servlet.ServletRegistrationBean  : Mapping servlet: 'dispatcherServlet' to [/]
2016-05-19 01:10:12.805  INFO 9104 --- [localhost-startStop-1] o.s.s.web.DefaultSecurityFilterChain     : Creating filter chain: OrRequestMatcher [requestMatchers=[Ant [pattern='/css/**'], Ant [pattern='/js/**'], Ant [pattern='/images/**'], Ant [pattern='/**/favicon.ico'], Ant [pattern='/error']]], []
2016-05-19 01:10:12.805  INFO 9104 --- [localhost-startStop-1] o.s.s.web.DefaultSecurityFilterChain     : Creating filter chain: Ant [pattern='/swagger/**'], []
2016-05-19 01:10:12.805  INFO 9104 --- [localhost-startStop-1] o.s.s.web.DefaultSecurityFilterChain     : Creating filter chain: Ant [pattern='/api/testdata/**'], []
2016-05-19 01:10:12.805  INFO 9104 --- [localhost-startStop-1] o.s.s.web.DefaultSecurityFilterChain     : Creating filter chain: Ant [pattern='/api-docs/**'], []
2016-05-19 01:10:12.944  INFO 9104 --- [localhost-startStop-1] o.s.s.web.DefaultSecurityFilterChain     : Creating filter chain: Ant [pattern='/management/**'], [org.springframework.security.web.context.request.async.WebAsyncManagerIntegrationFilter@6d72e235, org.springframework.security.web.context.SecurityContextPersistenceFilter@4d94c225, org.springframework.security.web.header.HeaderWriterFilter@109e4246, org.springframework.security.web.authentication.logout.LogoutFilter@4bbfbeaa, org.springframework.security.web.authentication.www.BasicAuthenticationFilter@390cb21f, org.springframework.security.web.savedrequest.RequestCacheAwareFilter@6f04d19b, org.springframework.security.web.servletapi.SecurityContextHolderAwareRequestFilter@4ca4b91b, org.springframework.security.web.authentication.AnonymousAuthenticationFilter@6a986272, org.springframework.security.web.session.SessionManagementFilter@56259573, org.springframework.security.web.access.ExceptionTranslationFilter@50183df5, org.springframework.security.web.access.intercept.FilterSecurityInterceptor@21a9a14c]
2016-05-19 01:10:13.003  INFO 9104 --- [localhost-startStop-1] o.s.s.web.DefaultSecurityFilterChain     : Creating filter chain: org.springframework.security.web.util.matcher.AnyRequestMatcher@1, [org.springframework.security.web.context.request.async.WebAsyncManagerIntegrationFilter@9508f47, org.springframework.security.web.context.SecurityContextPersistenceFilter@66bbc088, org.springframework.security.web.header.HeaderWriterFilter@11ee0c9, org.springframework.security.web.csrf.CsrfFilter@2eb5b33e, org.springframework.security.web.authentication.logout.LogoutFilter@6ac1e589, org.springframework.security.web.authentication.UsernamePasswordAuthenticationFilter@3da9744b, org.springframework.security.web.authentication.ui.DefaultLoginPageGeneratingFilter@5246d0c9, org.springframework.security.web.savedrequest.RequestCacheAwareFilter@64666b39, org.springframework.security.web.servletapi.SecurityContextHolderAwareRequestFilter@1288d7d4, org.springframework.security.web.session.SessionManagementFilter@6514a357, org.springframework.security.web.access.ExceptionTranslationFilter@5e9b988e, org.springframework.security.web.access.intercept.FilterSecurityInterceptor@58d30027]
2016-05-19 01:10:13.009  INFO 9104 --- [localhost-startStop-1] o.s.s.web.DefaultSecurityFilterChain     : Creating filter chain: OrRequestMatcher [requestMatchers=[Ant [pattern='/**']]], [org.springframework.security.web.context.request.async.WebAsyncManagerIntegrationFilter@521b0091, org.springframework.security.web.context.SecurityContextPersistenceFilter@62497ae8, org.springframework.security.web.header.HeaderWriterFilter@377aa015, org.springframework.security.web.authentication.logout.LogoutFilter@688bb62b, org.springframework.security.web.authentication.www.BasicAuthenticationFilter@41bc0fe8, org.springframework.security.web.savedrequest.RequestCacheAwareFilter@5176b1c7, org.springframework.security.web.servletapi.SecurityContextHolderAwareRequestFilter@33eed9f4, org.springframework.security.web.authentication.AnonymousAuthenticationFilter@134bf180, org.springframework.security.web.session.SessionManagementFilter@70457f75, org.springframework.security.web.access.ExceptionTranslationFilter@3a9133bd, org.springframework.security.web.access.intercept.FilterSecurityInterceptor@74a9646b]
2016-05-19 01:10:13.588  INFO 9104 --- [main] j.LocalContainerEntityManagerFactoryBean : Building JPA container EntityManagerFactory for persistence unit 'default'
2016-05-19 01:10:13.617  INFO 9104 --- [main] o.hibernate.jpa.internal.util.LogHelper  : HHH000204: Processing PersistenceUnitInfo [
	name: default
	...]
2016-05-19 01:10:14.100  INFO 9104 --- [main] org.hibernate.Version                    : HHH000412: Hibernate Core {5.1.0.Final}
2016-05-19 01:10:14.102  INFO 9104 --- [main] org.hibernate.cfg.Environment            : HHH000206: hibernate.properties not found
2016-05-19 01:10:14.105  INFO 9104 --- [main] org.hibernate.cfg.Environment            : HHH000021: Bytecode provider name : javassist
2016-05-19 01:10:14.194  INFO 9104 --- [main] o.hibernate.annotations.common.Version   : HCANN000001: Hibernate Commons Annotations {5.0.1.Final}
2016-05-19 01:10:14.460  INFO 9104 --- [main] org.hibernate.dialect.Dialect            : HHH000400: Using dialect: org.hibernate.dialect.H2Dialect
2016-05-19 01:10:15.233  INFO 9104 --- [main] o.h.t.schema.internal.SchemaCreatorImpl  : HHH000476: Executing import script 'org.hibernate.tool.schema.internal.exec.ScriptSourceInputNonExistentImpl@772cf46b'
2016-05-19 01:10:15.331  INFO 9104 --- [main] j.LocalContainerEntityManagerFactoryBean : Initialized JPA EntityManagerFactory for persistence unit 'default'
2016-05-19 01:10:15.909  INFO 9104 --- [main] s.w.s.m.m.a.RequestMappingHandlerAdapter : Looking for @ControllerAdvice: org.springframework.boot.context.embedded.AnnotationConfigEmbeddedWebApplicationContext@7e057f43: startup date [Thu May 19 01:10:06 CEST 2016]; root of context hierarchy
2016-05-19 01:10:16.039  INFO 9104 --- [main] s.w.s.m.m.a.RequestMappingHandlerMapping : Mapped "{[/api/user],methods=[GET]}" onto public void com.mimacom.app.springboot.web.UserController.addRandom()
2016-05-19 01:10:16.044  INFO 9104 --- [main] s.w.s.m.m.a.RequestMappingHandlerMapping : Mapped "{[/error]}" onto public org.springframework.http.ResponseEntity<java.util.Map<java.lang.String, java.lang.Object>> org.springframework.boot.autoconfigure.web.BasicErrorController.error(javax.servlet.http.HttpServletRequest)
2016-05-19 01:10:16.045  INFO 9104 --- [main] s.w.s.m.m.a.RequestMappingHandlerMapping : Mapped "{[/error],produces=[text/html]}" onto public org.springframework.web.servlet.ModelAndView org.springframework.boot.autoconfigure.web.BasicErrorController.errorHtml(javax.servlet.http.HttpServletRequest,javax.servlet.http.HttpServletResponse)
2016-05-19 01:10:16.054  INFO 9104 --- [main] o.s.w.s.c.a.WebMvcConfigurerAdapter      : Adding welcome page: class path resource [static/index.html]
2016-05-19 01:10:16.076  INFO 9104 --- [main] o.s.w.s.handler.SimpleUrlHandlerMapping  : Root mapping to handler of type [class org.springframework.web.servlet.mvc.ParameterizableViewController]
2016-05-19 01:10:16.098  INFO 9104 --- [main] o.s.w.s.handler.SimpleUrlHandlerMapping  : Mapped URL path [/webjars/**] onto handler of type [class org.springframework.web.servlet.resource.ResourceHttpRequestHandler]
2016-05-19 01:10:16.098  INFO 9104 --- [main] o.s.w.s.handler.SimpleUrlHandlerMapping  : Mapped URL path [/**] onto handler of type [class org.springframework.web.servlet.resource.ResourceHttpRequestHandler]
2016-05-19 01:10:16.209  INFO 9104 --- [main] o.s.w.s.handler.SimpleUrlHandlerMapping  : Mapped URL path [/**/favicon.ico] onto handler of type [class org.springframework.web.servlet.resource.ResourceHttpRequestHandler]
2016-05-19 01:10:17.136  INFO 9104 --- [main] o.s.b.a.e.mvc.EndpointHandlerMapping     : Mapped "{[/management/metrics/{name:.*}],methods=[GET],produces=[application/json]}" onto public java.lang.Object org.springframework.boot.actuate.endpoint.mvc.MetricsMvcEndpoint.value(java.lang.String)
2016-05-19 01:10:17.136  INFO 9104 --- [main] o.s.b.a.e.mvc.EndpointHandlerMapping     : Mapped "{[/management/metrics || /management/metrics.json],methods=[GET],produces=[application/json]}" onto public java.lang.Object org.springframework.boot.actuate.endpoint.mvc.EndpointMvcAdapter.invoke()
2016-05-19 01:10:17.139  INFO 9104 --- [main] o.s.b.a.e.mvc.EndpointHandlerMapping     : Mapped "{[/management/mappings || /management/mappings.json],methods=[GET],produces=[application/json]}" onto public java.lang.Object org.springframework.boot.actuate.endpoint.mvc.EndpointMvcAdapter.invoke()
2016-05-19 01:10:17.141  INFO 9104 --- [main] o.s.b.a.e.mvc.EndpointHandlerMapping     : Mapped "{[/management/env/{name:.*}],methods=[GET],produces=[application/json]}" onto public java.lang.Object org.springframework.boot.actuate.endpoint.mvc.EnvironmentMvcEndpoint.value(java.lang.String)
2016-05-19 01:10:17.141  INFO 9104 --- [main] o.s.b.a.e.mvc.EndpointHandlerMapping     : Mapped "{[/management/env || /management/env.json],methods=[GET],produces=[application/json]}" onto public java.lang.Object org.springframework.boot.actuate.endpoint.mvc.EndpointMvcAdapter.invoke()
2016-05-19 01:10:17.143  INFO 9104 --- [main] o.s.b.a.e.mvc.EndpointHandlerMapping     : Mapped "{[/management/beans || /management/beans.json],methods=[GET],produces=[application/json]}" onto public java.lang.Object org.springframework.boot.actuate.endpoint.mvc.EndpointMvcAdapter.invoke()
2016-05-19 01:10:17.144  INFO 9104 --- [main] o.s.b.a.e.mvc.EndpointHandlerMapping     : Mapped "{[/management/info || /management/info.json],methods=[GET],produces=[application/json]}" onto public java.lang.Object org.springframework.boot.actuate.endpoint.mvc.EndpointMvcAdapter.invoke()
2016-05-19 01:10:17.145  INFO 9104 --- [main] o.s.b.a.e.mvc.EndpointHandlerMapping     : Mapped "{[/management/logfile || /management/logfile.json],methods=[GET || HEAD]}" onto public void org.springframework.boot.actuate.endpoint.mvc.LogFileMvcEndpoint.invoke(javax.servlet.http.HttpServletRequest,javax.servlet.http.HttpServletResponse) throws javax.servlet.ServletException,java.io.IOException
2016-05-19 01:10:17.151  INFO 9104 --- [main] o.s.b.a.e.mvc.EndpointHandlerMapping     : Mapped "{[/management/trace || /management/trace.json],methods=[GET],produces=[application/json]}" onto public java.lang.Object org.springframework.boot.actuate.endpoint.mvc.EndpointMvcAdapter.invoke()
2016-05-19 01:10:17.154  INFO 9104 --- [main] o.s.b.a.e.mvc.EndpointHandlerMapping     : Mapped "{[/management/autoconfig || /management/autoconfig.json],methods=[GET],produces=[application/json]}" onto public java.lang.Object org.springframework.boot.actuate.endpoint.mvc.EndpointMvcAdapter.invoke()
2016-05-19 01:10:17.157  INFO 9104 --- [main] o.s.b.a.e.mvc.EndpointHandlerMapping     : Mapped "{[/management/dump || /management/dump.json],methods=[GET],produces=[application/json]}" onto public java.lang.Object org.springframework.boot.actuate.endpoint.mvc.EndpointMvcAdapter.invoke()
2016-05-19 01:10:17.159  INFO 9104 --- [main] o.s.b.a.e.mvc.EndpointHandlerMapping     : Mapped "{[/management/health || /management/health.json],produces=[application/json]}" onto public java.lang.Object org.springframework.boot.actuate.endpoint.mvc.HealthMvcEndpoint.invoke(java.security.Principal)
2016-05-19 01:10:17.161  INFO 9104 --- [main] o.s.b.a.e.mvc.EndpointHandlerMapping     : Mapped "{[/management/configprops || /management/configprops.json],methods=[GET],produces=[application/json]}" onto public java.lang.Object org.springframework.boot.actuate.endpoint.mvc.EndpointMvcAdapter.invoke()
2016-05-19 01:10:17.561  INFO 9104 --- [main] o.s.j.e.a.AnnotationMBeanExporter        : Registering beans for JMX exposure on startup
2016-05-19 01:10:17.585  INFO 9104 --- [main] o.s.c.support.DefaultLifecycleProcessor  : Starting beans in phase 0
2016-05-19 01:10:17.790  INFO 9104 --- [main] s.b.c.e.t.TomcatEmbeddedServletContainer : Tomcat started on port(s): 9292 (http)
2016-05-19 01:10:17.798  INFO 9104 --- [main] com.mimacom.app.springboot.Application   : Started Application in 12.128 seconds (JVM running for 13.007)
2016-05-19 01:10:22.564  INFO 9104 --- [http-nio-9292-exec-1] o.a.c.c.C.[Tomcat].[localhost].[/]       : Initializing Spring FrameworkServlet 'dispatcherServlet'
2016-05-19 01:10:22.564  INFO 9104 --- [http-nio-9292-exec-1] o.s.web.servlet.DispatcherServlet        : FrameworkServlet 'dispatcherServlet': initialization started
2016-05-19 01:10:22.599  INFO 9104 --- [http-nio-9292-exec-1] o.s.web.servlet.DispatcherServlet        : FrameworkServlet 'dispatcherServlet': initialization completed in 35 ms
2016-05-19 01:12:13.482  INFO 456 --- [main] com.mimacom.app.springboot.Application   : Starting Application on mima-ws-108 with PID 456 (C:\development\projects\sample-spring-boot-app\sample-spring-boot-web\target\classes started by pado in C:\development\projects\sample-spring-boot-app)
2016-05-19 01:12:13.490  INFO 456 --- [main] com.mimacom.app.springboot.Application   : No active profile set, falling back to default profiles: default
2016-05-19 01:12:13.630  INFO 456 --- [main] ationConfigEmbeddedWebApplicationContext : Refreshing org.springframework.boot.context.embedded.AnnotationConfigEmbeddedWebApplicationContext@7e057f43: startup date [Thu May 19 01:12:13 CEST 2016]; root of context hierarchy
2016-05-19 01:12:15.995  INFO 456 --- [main] o.s.b.f.s.DefaultListableBeanFactory     : Overriding bean definition for bean 'ignoredPathsWebSecurityConfigurerAdapter' with a different definition: replacing [Root bean: class [null]; scope=; abstract=false; lazyInit=false; autowireMode=3; dependencyCheck=0; autowireCandidate=true; primary=false; factoryBeanName=org.springframework.boot.autoconfigure.security.SpringBootWebSecurityConfiguration; factoryMethodName=ignoredPathsWebSecurityConfigurerAdapter; initMethodName=null; destroyMethodName=(inferred); defined in class path resource [org/springframework/boot/autoconfigure/security/SpringBootWebSecurityConfiguration.class]] with [Root bean: class [null]; scope=; abstract=false; lazyInit=false; autowireMode=3; dependencyCheck=0; autowireCandidate=true; primary=false; factoryBeanName=org.springframework.boot.actuate.autoconfigure.ManagementWebSecurityAutoConfiguration; factoryMethodName=ignoredPathsWebSecurityConfigurerAdapter; initMethodName=null; destroyMethodName=(inferred); defined in class path resource [org/springframework/boot/actuate/autoconfigure/ManagementWebSecurityAutoConfiguration.class]]
2016-05-19 01:12:16.826  INFO 456 --- [main] trationDelegate$BeanPostProcessorChecker : Bean 'org.springframework.transaction.annotation.ProxyTransactionManagementConfiguration' of type [class org.springframework.transaction.annotation.ProxyTransactionManagementConfiguration$$EnhancerBySpringCGLIB$$8fadf88c] is not eligible for getting processed by all BeanPostProcessors (for example: not eligible for auto-proxying)
2016-05-19 01:12:17.595  INFO 456 --- [main] s.b.c.e.t.TomcatEmbeddedServletContainer : Tomcat initialized with port(s): 9292 (http)
2016-05-19 01:12:17.609  INFO 456 --- [main] o.apache.catalina.core.StandardService   : Starting service Tomcat
2016-05-19 01:12:17.611  INFO 456 --- [main] org.apache.catalina.core.StandardEngine  : Starting Servlet Engine: Apache Tomcat/8.0.33
2016-05-19 01:12:17.799  INFO 456 --- [localhost-startStop-1] o.a.c.c.C.[Tomcat].[localhost].[/]       : Initializing Spring embedded WebApplicationContext
2016-05-19 01:12:17.799  INFO 456 --- [localhost-startStop-1] o.s.web.context.ContextLoader            : Root WebApplicationContext: initialization completed in 4174 ms
2016-05-19 01:12:18.548  INFO 456 --- [localhost-startStop-1] o.s.b.w.servlet.FilterRegistrationBean   : Mapping filter: 'metricFilter' to: [/*]
2016-05-19 01:12:18.549  INFO 456 --- [localhost-startStop-1] o.s.b.w.servlet.FilterRegistrationBean   : Mapping filter: 'characterEncodingFilter' to: [/*]
2016-05-19 01:12:18.549  INFO 456 --- [localhost-startStop-1] o.s.b.w.servlet.FilterRegistrationBean   : Mapping filter: 'hiddenHttpMethodFilter' to: [/*]
2016-05-19 01:12:18.550  INFO 456 --- [localhost-startStop-1] o.s.b.w.servlet.FilterRegistrationBean   : Mapping filter: 'httpPutFormContentFilter' to: [/*]
2016-05-19 01:12:18.550  INFO 456 --- [localhost-startStop-1] o.s.b.w.servlet.FilterRegistrationBean   : Mapping filter: 'requestContextFilter' to: [/*]
2016-05-19 01:12:18.552  INFO 456 --- [localhost-startStop-1] .s.DelegatingFilterProxyRegistrationBean : Mapping filter: 'springSecurityFilterChain' to: [/*]
2016-05-19 01:12:18.552  INFO 456 --- [localhost-startStop-1] o.s.b.w.servlet.FilterRegistrationBean   : Mapping filter: 'webRequestLoggingFilter' to: [/*]
2016-05-19 01:12:18.552  INFO 456 --- [localhost-startStop-1] o.s.b.w.servlet.FilterRegistrationBean   : Mapping filter: 'applicationContextIdFilter' to: [/*]
2016-05-19 01:12:18.553  INFO 456 --- [localhost-startStop-1] o.s.b.w.servlet.ServletRegistrationBean  : Mapping servlet: 'dispatcherServlet' to [/]
2016-05-19 01:12:19.159  INFO 456 --- [localhost-startStop-1] o.s.s.web.DefaultSecurityFilterChain     : Creating filter chain: OrRequestMatcher [requestMatchers=[Ant [pattern='/css/**'], Ant [pattern='/js/**'], Ant [pattern='/images/**'], Ant [pattern='/**/favicon.ico'], Ant [pattern='/error']]], []
2016-05-19 01:12:19.159  INFO 456 --- [localhost-startStop-1] o.s.s.web.DefaultSecurityFilterChain     : Creating filter chain: Ant [pattern='/swagger/**'], []
2016-05-19 01:12:19.159  INFO 456 --- [localhost-startStop-1] o.s.s.web.DefaultSecurityFilterChain     : Creating filter chain: Ant [pattern='/api/testdata/**'], []
2016-05-19 01:12:19.160  INFO 456 --- [localhost-startStop-1] o.s.s.web.DefaultSecurityFilterChain     : Creating filter chain: Ant [pattern='/api-docs/**'], []
2016-05-19 01:12:19.333  INFO 456 --- [localhost-startStop-1] o.s.s.web.DefaultSecurityFilterChain     : Creating filter chain: Ant [pattern='/management/**'], [org.springframework.security.web.context.request.async.WebAsyncManagerIntegrationFilter@7afa254c, org.springframework.security.web.context.SecurityContextPersistenceFilter@45c6d540, org.springframework.security.web.header.HeaderWriterFilter@2b7eddd8, org.springframework.security.web.authentication.logout.LogoutFilter@2d8ae441, org.springframework.security.web.authentication.www.BasicAuthenticationFilter@5e6ef672, org.springframework.security.web.savedrequest.RequestCacheAwareFilter@6a16985d, org.springframework.security.web.servletapi.SecurityContextHolderAwareRequestFilter@7a094eac, org.springframework.security.web.authentication.AnonymousAuthenticationFilter@4d807cf, org.springframework.security.web.session.SessionManagementFilter@7372e322, org.springframework.security.web.access.ExceptionTranslationFilter@6cc2208, org.springframework.security.web.access.intercept.FilterSecurityInterceptor@376c93cb]
2016-05-19 01:12:19.392  INFO 456 --- [localhost-startStop-1] o.s.s.web.DefaultSecurityFilterChain     : Creating filter chain: org.springframework.security.web.util.matcher.AnyRequestMatcher@1, [org.springframework.security.web.context.request.async.WebAsyncManagerIntegrationFilter@5210b85a, org.springframework.security.web.context.SecurityContextPersistenceFilter@221d92b, org.springframework.security.web.header.HeaderWriterFilter@550e1c8, org.springframework.security.web.csrf.CsrfFilter@33261713, org.springframework.security.web.authentication.logout.LogoutFilter@3d1a2bb6, org.springframework.security.web.authentication.UsernamePasswordAuthenticationFilter@5c5089f, org.springframework.security.web.authentication.ui.DefaultLoginPageGeneratingFilter@31fe4423, org.springframework.security.web.savedrequest.RequestCacheAwareFilter@54bd8b49, org.springframework.security.web.servletapi.SecurityContextHolderAwareRequestFilter@56e16eb7, org.springframework.security.web.session.SessionManagementFilter@1bcc880, org.springframework.security.web.access.ExceptionTranslationFilter@90be83e, org.springframework.security.web.access.intercept.FilterSecurityInterceptor@7d6f4235]
2016-05-19 01:12:19.399  INFO 456 --- [localhost-startStop-1] o.s.s.web.DefaultSecurityFilterChain     : Creating filter chain: OrRequestMatcher [requestMatchers=[Ant [pattern='/**']]], [org.springframework.security.web.context.request.async.WebAsyncManagerIntegrationFilter@3ec8d023, org.springframework.security.web.context.SecurityContextPersistenceFilter@3e5a5d40, org.springframework.security.web.header.HeaderWriterFilter@137800a2, org.springframework.security.web.authentication.logout.LogoutFilter@5fefa2f3, org.springframework.security.web.authentication.www.BasicAuthenticationFilter@33b34413, org.springframework.security.web.savedrequest.RequestCacheAwareFilter@18ed0e4c, org.springframework.security.web.servletapi.SecurityContextHolderAwareRequestFilter@4b4360e3, org.springframework.security.web.authentication.AnonymousAuthenticationFilter@696a1d72, org.springframework.security.web.session.SessionManagementFilter@35e43b9b, org.springframework.security.web.access.ExceptionTranslationFilter@6839d502, org.springframework.security.web.access.intercept.FilterSecurityInterceptor@18a80eea]
2016-05-19 01:12:19.911  INFO 456 --- [main] j.LocalContainerEntityManagerFactoryBean : Building JPA container EntityManagerFactory for persistence unit 'default'
2016-05-19 01:12:19.937  INFO 456 --- [main] o.hibernate.jpa.internal.util.LogHelper  : HHH000204: Processing PersistenceUnitInfo [
	name: default
	...]
2016-05-19 01:12:20.245  INFO 456 --- [main] org.hibernate.Version                    : HHH000412: Hibernate Core {5.1.0.Final}
2016-05-19 01:12:20.248  INFO 456 --- [main] org.hibernate.cfg.Environment            : HHH000206: hibernate.properties not found
2016-05-19 01:12:20.251  INFO 456 --- [main] org.hibernate.cfg.Environment            : HHH000021: Bytecode provider name : javassist
2016-05-19 01:12:20.314  INFO 456 --- [main] o.hibernate.annotations.common.Version   : HCANN000001: Hibernate Commons Annotations {5.0.1.Final}
2016-05-19 01:12:20.567  INFO 456 --- [main] org.hibernate.dialect.Dialect            : HHH000400: Using dialect: org.hibernate.dialect.H2Dialect
2016-05-19 01:12:21.194  INFO 456 --- [main] o.h.t.schema.internal.SchemaCreatorImpl  : HHH000476: Executing import script 'org.hibernate.tool.schema.internal.exec.ScriptSourceInputNonExistentImpl@47c81e89'
2016-05-19 01:12:21.233  INFO 456 --- [main] j.LocalContainerEntityManagerFactoryBean : Initialized JPA EntityManagerFactory for persistence unit 'default'
2016-05-19 01:12:21.771  INFO 456 --- [main] s.w.s.m.m.a.RequestMappingHandlerAdapter : Looking for @ControllerAdvice: org.springframework.boot.context.embedded.AnnotationConfigEmbeddedWebApplicationContext@7e057f43: startup date [Thu May 19 01:12:13 CEST 2016]; root of context hierarchy
2016-05-19 01:12:21.889  INFO 456 --- [main] s.w.s.m.m.a.RequestMappingHandlerMapping : Mapped "{[/api/user],methods=[GET]}" onto public void com.mimacom.app.springboot.web.UserController.addRandom()
2016-05-19 01:12:21.892  INFO 456 --- [main] s.w.s.m.m.a.RequestMappingHandlerMapping : Mapped "{[/error]}" onto public org.springframework.http.ResponseEntity<java.util.Map<java.lang.String, java.lang.Object>> org.springframework.boot.autoconfigure.web.BasicErrorController.error(javax.servlet.http.HttpServletRequest)
2016-05-19 01:12:21.893  INFO 456 --- [main] s.w.s.m.m.a.RequestMappingHandlerMapping : Mapped "{[/error],produces=[text/html]}" onto public org.springframework.web.servlet.ModelAndView org.springframework.boot.autoconfigure.web.BasicErrorController.errorHtml(javax.servlet.http.HttpServletRequest,javax.servlet.http.HttpServletResponse)
2016-05-19 01:12:21.905  INFO 456 --- [main] o.s.w.s.c.a.WebMvcConfigurerAdapter      : Adding welcome page: class path resource [static/index.html]
2016-05-19 01:12:21.928  INFO 456 --- [main] o.s.w.s.handler.SimpleUrlHandlerMapping  : Root mapping to handler of type [class org.springframework.web.servlet.mvc.ParameterizableViewController]
2016-05-19 01:12:21.949  INFO 456 --- [main] o.s.w.s.handler.SimpleUrlHandlerMapping  : Mapped URL path [/webjars/**] onto handler of type [class org.springframework.web.servlet.resource.ResourceHttpRequestHandler]
2016-05-19 01:12:21.949  INFO 456 --- [main] o.s.w.s.handler.SimpleUrlHandlerMapping  : Mapped URL path [/**] onto handler of type [class org.springframework.web.servlet.resource.ResourceHttpRequestHandler]
2016-05-19 01:12:22.044  INFO 456 --- [main] o.s.w.s.handler.SimpleUrlHandlerMapping  : Mapped URL path [/**/favicon.ico] onto handler of type [class org.springframework.web.servlet.resource.ResourceHttpRequestHandler]
2016-05-19 01:12:22.925  INFO 456 --- [main] o.s.b.a.e.mvc.EndpointHandlerMapping     : Mapped "{[/management/trace || /management/trace.json],methods=[GET],produces=[application/json]}" onto public java.lang.Object org.springframework.boot.actuate.endpoint.mvc.EndpointMvcAdapter.invoke()
2016-05-19 01:12:22.926  INFO 456 --- [main] o.s.b.a.e.mvc.EndpointHandlerMapping     : Mapped "{[/management/info || /management/info.json],methods=[GET],produces=[application/json]}" onto public java.lang.Object org.springframework.boot.actuate.endpoint.mvc.EndpointMvcAdapter.invoke()
2016-05-19 01:12:22.928  INFO 456 --- [main] o.s.b.a.e.mvc.EndpointHandlerMapping     : Mapped "{[/management/beans || /management/beans.json],methods=[GET],produces=[application/json]}" onto public java.lang.Object org.springframework.boot.actuate.endpoint.mvc.EndpointMvcAdapter.invoke()
2016-05-19 01:12:22.931  INFO 456 --- [main] o.s.b.a.e.mvc.EndpointHandlerMapping     : Mapped "{[/management/mappings || /management/mappings.json],methods=[GET],produces=[application/json]}" onto public java.lang.Object org.springframework.boot.actuate.endpoint.mvc.EndpointMvcAdapter.invoke()
2016-05-19 01:12:22.932  INFO 456 --- [main] o.s.b.a.e.mvc.EndpointHandlerMapping     : Mapped "{[/management/autoconfig || /management/autoconfig.json],methods=[GET],produces=[application/json]}" onto public java.lang.Object org.springframework.boot.actuate.endpoint.mvc.EndpointMvcAdapter.invoke()
2016-05-19 01:12:22.934  INFO 456 --- [main] o.s.b.a.e.mvc.EndpointHandlerMapping     : Mapped "{[/management/health || /management/health.json],produces=[application/json]}" onto public java.lang.Object org.springframework.boot.actuate.endpoint.mvc.HealthMvcEndpoint.invoke(java.security.Principal)
2016-05-19 01:12:22.935  INFO 456 --- [main] o.s.b.a.e.mvc.EndpointHandlerMapping     : Mapped "{[/management/configprops || /management/configprops.json],methods=[GET],produces=[application/json]}" onto public java.lang.Object org.springframework.boot.actuate.endpoint.mvc.EndpointMvcAdapter.invoke()
2016-05-19 01:12:22.938  INFO 456 --- [main] o.s.b.a.e.mvc.EndpointHandlerMapping     : Mapped "{[/management/dump || /management/dump.json],methods=[GET],produces=[application/json]}" onto public java.lang.Object org.springframework.boot.actuate.endpoint.mvc.EndpointMvcAdapter.invoke()
2016-05-19 01:12:22.942  INFO 456 --- [main] o.s.b.a.e.mvc.EndpointHandlerMapping     : Mapped "{[/management/metrics/{name:.*}],methods=[GET],produces=[application/json]}" onto public java.lang.Object org.springframework.boot.actuate.endpoint.mvc.MetricsMvcEndpoint.value(java.lang.String)
2016-05-19 01:12:22.942  INFO 456 --- [main] o.s.b.a.e.mvc.EndpointHandlerMapping     : Mapped "{[/management/metrics || /management/metrics.json],methods=[GET],produces=[application/json]}" onto public java.lang.Object org.springframework.boot.actuate.endpoint.mvc.EndpointMvcAdapter.invoke()
2016-05-19 01:12:22.942  INFO 456 --- [main] o.s.b.a.e.mvc.EndpointHandlerMapping     : Mapped "{[/management/logfile || /management/logfile.json],methods=[GET || HEAD]}" onto public void org.springframework.boot.actuate.endpoint.mvc.LogFileMvcEndpoint.invoke(javax.servlet.http.HttpServletRequest,javax.servlet.http.HttpServletResponse) throws javax.servlet.ServletException,java.io.IOException
2016-05-19 01:12:22.945  INFO 456 --- [main] o.s.b.a.e.mvc.EndpointHandlerMapping     : Mapped "{[/management/env/{name:.*}],methods=[GET],produces=[application/json]}" onto public java.lang.Object org.springframework.boot.actuate.endpoint.mvc.EnvironmentMvcEndpoint.value(java.lang.String)
2016-05-19 01:12:22.946  INFO 456 --- [main] o.s.b.a.e.mvc.EndpointHandlerMapping     : Mapped "{[/management/env || /management/env.json],methods=[GET],produces=[application/json]}" onto public java.lang.Object org.springframework.boot.actuate.endpoint.mvc.EndpointMvcAdapter.invoke()
2016-05-19 01:12:23.302  INFO 456 --- [main] o.s.j.e.a.AnnotationMBeanExporter        : Registering beans for JMX exposure on startup
2016-05-19 01:12:23.317  INFO 456 --- [main] o.s.c.support.DefaultLifecycleProcessor  : Starting beans in phase 0
2016-05-19 01:12:23.502  INFO 456 --- [main] s.b.c.e.t.TomcatEmbeddedServletContainer : Tomcat started on port(s): 9292 (http)
2016-05-19 01:12:23.508  INFO 456 --- [main] com.mimacom.app.springboot.Application   : Started Application in 10.677 seconds (JVM running for 11.301)
2016-05-19 01:12:29.171  INFO 456 --- [http-nio-9292-exec-1] o.a.c.c.C.[Tomcat].[localhost].[/]       : Initializing Spring FrameworkServlet 'dispatcherServlet'
2016-05-19 01:12:29.171  INFO 456 --- [http-nio-9292-exec-1] o.s.web.servlet.DispatcherServlet        : FrameworkServlet 'dispatcherServlet': initialization started
2016-05-19 01:12:29.199  INFO 456 --- [http-nio-9292-exec-1] o.s.web.servlet.DispatcherServlet        : FrameworkServlet 'dispatcherServlet': initialization completed in 28 ms
2016-05-19 01:14:33.571  INFO 10048 --- [main] com.mimacom.app.springboot.Application   : Starting Application on mima-ws-108 with PID 10048 (C:\development\projects\sample-spring-boot-app\sample-spring-boot-web\target\classes started by pado in C:\development\projects\sample-spring-boot-app)
2016-05-19 01:14:33.578  INFO 10048 --- [main] com.mimacom.app.springboot.Application   : No active profile set, falling back to default profiles: default
2016-05-19 01:14:33.720  INFO 10048 --- [main] ationConfigEmbeddedWebApplicationContext : Refreshing org.springframework.boot.context.embedded.AnnotationConfigEmbeddedWebApplicationContext@3bd40a57: startup date [Thu May 19 01:14:33 CEST 2016]; root of context hierarchy
2016-05-19 01:14:36.392  INFO 10048 --- [main] o.s.b.f.s.DefaultListableBeanFactory     : Overriding bean definition for bean 'ignoredPathsWebSecurityConfigurerAdapter' with a different definition: replacing [Root bean: class [null]; scope=; abstract=false; lazyInit=false; autowireMode=3; dependencyCheck=0; autowireCandidate=true; primary=false; factoryBeanName=org.springframework.boot.autoconfigure.security.SpringBootWebSecurityConfiguration; factoryMethodName=ignoredPathsWebSecurityConfigurerAdapter; initMethodName=null; destroyMethodName=(inferred); defined in class path resource [org/springframework/boot/autoconfigure/security/SpringBootWebSecurityConfiguration.class]] with [Root bean: class [null]; scope=; abstract=false; lazyInit=false; autowireMode=3; dependencyCheck=0; autowireCandidate=true; primary=false; factoryBeanName=org.springframework.boot.actuate.autoconfigure.ManagementWebSecurityAutoConfiguration; factoryMethodName=ignoredPathsWebSecurityConfigurerAdapter; initMethodName=null; destroyMethodName=(inferred); defined in class path resource [org/springframework/boot/actuate/autoconfigure/ManagementWebSecurityAutoConfiguration.class]]
2016-05-19 01:14:37.665  INFO 10048 --- [main] trationDelegate$BeanPostProcessorChecker : Bean 'org.springframework.transaction.annotation.ProxyTransactionManagementConfiguration' of type [class org.springframework.transaction.annotation.ProxyTransactionManagementConfiguration$$EnhancerBySpringCGLIB$$98861630] is not eligible for getting processed by all BeanPostProcessors (for example: not eligible for auto-proxying)
2016-05-19 01:14:38.812  INFO 10048 --- [main] s.b.c.e.t.TomcatEmbeddedServletContainer : Tomcat initialized with port(s): 9292 (http)
2016-05-19 01:14:38.830  INFO 10048 --- [main] o.apache.catalina.core.StandardService   : Starting service Tomcat
2016-05-19 01:14:38.832  INFO 10048 --- [main] org.apache.catalina.core.StandardEngine  : Starting Servlet Engine: Apache Tomcat/8.0.33
2016-05-19 01:14:38.988  INFO 10048 --- [localhost-startStop-1] o.a.c.c.C.[Tomcat].[localhost].[/]       : Initializing Spring embedded WebApplicationContext
2016-05-19 01:14:38.988  INFO 10048 --- [localhost-startStop-1] o.s.web.context.ContextLoader            : Root WebApplicationContext: initialization completed in 5273 ms
2016-05-19 01:14:39.605  INFO 10048 --- [localhost-startStop-1] o.s.b.w.servlet.FilterRegistrationBean   : Mapping filter: 'metricFilter' to: [/*]
2016-05-19 01:14:39.605  INFO 10048 --- [localhost-startStop-1] o.s.b.w.servlet.FilterRegistrationBean   : Mapping filter: 'characterEncodingFilter' to: [/*]
2016-05-19 01:14:39.605  INFO 10048 --- [localhost-startStop-1] o.s.b.w.servlet.FilterRegistrationBean   : Mapping filter: 'hiddenHttpMethodFilter' to: [/*]
2016-05-19 01:14:39.606  INFO 10048 --- [localhost-startStop-1] o.s.b.w.servlet.FilterRegistrationBean   : Mapping filter: 'httpPutFormContentFilter' to: [/*]
2016-05-19 01:14:39.606  INFO 10048 --- [localhost-startStop-1] o.s.b.w.servlet.FilterRegistrationBean   : Mapping filter: 'requestContextFilter' to: [/*]
2016-05-19 01:14:39.608  INFO 10048 --- [localhost-startStop-1] .s.DelegatingFilterProxyRegistrationBean : Mapping filter: 'springSecurityFilterChain' to: [/*]
2016-05-19 01:14:39.608  INFO 10048 --- [localhost-startStop-1] o.s.b.w.servlet.FilterRegistrationBean   : Mapping filter: 'webRequestLoggingFilter' to: [/*]
2016-05-19 01:14:39.608  INFO 10048 --- [localhost-startStop-1] o.s.b.w.servlet.FilterRegistrationBean   : Mapping filter: 'applicationContextIdFilter' to: [/*]
2016-05-19 01:14:39.609  INFO 10048 --- [localhost-startStop-1] o.s.b.w.servlet.ServletRegistrationBean  : Mapping servlet: 'dispatcherServlet' to [/]
2016-05-19 01:14:40.067  INFO 10048 --- [localhost-startStop-1] o.s.s.web.DefaultSecurityFilterChain     : Creating filter chain: OrRequestMatcher [requestMatchers=[Ant [pattern='/css/**'], Ant [pattern='/js/**'], Ant [pattern='/images/**'], Ant [pattern='/**/favicon.ico'], Ant [pattern='/error']]], []
2016-05-19 01:14:40.173  INFO 10048 --- [localhost-startStop-1] o.s.s.web.DefaultSecurityFilterChain     : Creating filter chain: Ant [pattern='/management/**'], [org.springframework.security.web.context.request.async.WebAsyncManagerIntegrationFilter@1171e08d, org.springframework.security.web.context.SecurityContextPersistenceFilter@cdb087e, org.springframework.security.web.header.HeaderWriterFilter@607d9289, org.springframework.security.web.authentication.logout.LogoutFilter@13584c1b, org.springframework.security.web.authentication.www.BasicAuthenticationFilter@1f8f68c0, org.springframework.security.web.savedrequest.RequestCacheAwareFilter@34c5715e, org.springframework.security.web.servletapi.SecurityContextHolderAwareRequestFilter@328c38cc, org.springframework.security.web.authentication.AnonymousAuthenticationFilter@755c530b, org.springframework.security.web.session.SessionManagementFilter@25a171f8, org.springframework.security.web.access.ExceptionTranslationFilter@980d560, org.springframework.security.web.access.intercept.FilterSecurityInterceptor@c824eb7]
2016-05-19 01:14:40.205  INFO 10048 --- [localhost-startStop-1] o.s.s.web.DefaultSecurityFilterChain     : Creating filter chain: org.springframework.security.web.util.matcher.AnyRequestMatcher@1, [org.springframework.security.web.context.request.async.WebAsyncManagerIntegrationFilter@5474fe13, org.springframework.security.web.context.SecurityContextPersistenceFilter@3cf08732, org.springframework.security.web.header.HeaderWriterFilter@693a1cc6, org.springframework.security.web.csrf.CsrfFilter@bee584f, org.springframework.security.web.authentication.logout.LogoutFilter@49f72d2b, org.springframework.security.web.authentication.UsernamePasswordAuthenticationFilter@2abc2032, org.springframework.security.web.authentication.ui.DefaultLoginPageGeneratingFilter@7106fd2e, org.springframework.security.web.savedrequest.RequestCacheAwareFilter@2088740b, org.springframework.security.web.servletapi.SecurityContextHolderAwareRequestFilter@19ed80f0, org.springframework.security.web.session.SessionManagementFilter@10ef1d8e, org.springframework.security.web.access.ExceptionTranslationFilter@152138a7, org.springframework.security.web.access.intercept.FilterSecurityInterceptor@64265652]
2016-05-19 01:14:40.211  INFO 10048 --- [localhost-startStop-1] o.s.s.web.DefaultSecurityFilterChain     : Creating filter chain: OrRequestMatcher [requestMatchers=[Ant [pattern='/**']]], [org.springframework.security.web.context.request.async.WebAsyncManagerIntegrationFilter@5a052890, org.springframework.security.web.context.SecurityContextPersistenceFilter@441bbec6, org.springframework.security.web.header.HeaderWriterFilter@31412e57, org.springframework.security.web.authentication.logout.LogoutFilter@2d143999, org.springframework.security.web.authentication.www.BasicAuthenticationFilter@34605f73, org.springframework.security.web.savedrequest.RequestCacheAwareFilter@613c45fa, org.springframework.security.web.servletapi.SecurityContextHolderAwareRequestFilter@5937ec1c, org.springframework.security.web.authentication.AnonymousAuthenticationFilter@70a93cc, org.springframework.security.web.session.SessionManagementFilter@29ed92a, org.springframework.security.web.access.ExceptionTranslationFilter@6108814e, org.springframework.security.web.access.intercept.FilterSecurityInterceptor@6b38f628]
2016-05-19 01:14:40.670  INFO 10048 --- [main] j.LocalContainerEntityManagerFactoryBean : Building JPA container EntityManagerFactory for persistence unit 'default'
2016-05-19 01:14:40.699  INFO 10048 --- [main] o.hibernate.jpa.internal.util.LogHelper  : HHH000204: Processing PersistenceUnitInfo [
	name: default
	...]
2016-05-19 01:14:40.805  INFO 10048 --- [main] org.hibernate.Version                    : HHH000412: Hibernate Core {5.1.0.Final}
2016-05-19 01:14:40.807  INFO 10048 --- [main] org.hibernate.cfg.Environment            : HHH000206: hibernate.properties not found
2016-05-19 01:14:40.810  INFO 10048 --- [main] org.hibernate.cfg.Environment            : HHH000021: Bytecode provider name : javassist
2016-05-19 01:14:41.040  INFO 10048 --- [main] o.hibernate.annotations.common.Version   : HCANN000001: Hibernate Commons Annotations {5.0.1.Final}
2016-05-19 01:14:41.228  INFO 10048 --- [main] org.hibernate.dialect.Dialect            : HHH000400: Using dialect: org.hibernate.dialect.H2Dialect
2016-05-19 01:14:41.744  INFO 10048 --- [main] o.h.t.schema.internal.SchemaCreatorImpl  : HHH000476: Executing import script 'org.hibernate.tool.schema.internal.exec.ScriptSourceInputNonExistentImpl@6f91fbda'
2016-05-19 01:14:41.778  INFO 10048 --- [main] j.LocalContainerEntityManagerFactoryBean : Initialized JPA EntityManagerFactory for persistence unit 'default'
2016-05-19 01:14:42.187  INFO 10048 --- [main] s.w.s.m.m.a.RequestMappingHandlerAdapter : Looking for @ControllerAdvice: org.springframework.boot.context.embedded.AnnotationConfigEmbeddedWebApplicationContext@3bd40a57: startup date [Thu May 19 01:14:33 CEST 2016]; root of context hierarchy
2016-05-19 01:14:42.271  INFO 10048 --- [main] s.w.s.m.m.a.RequestMappingHandlerMapping : Mapped "{[/api/user],methods=[GET]}" onto public void com.mimacom.app.springboot.web.UserController.addRandom()
2016-05-19 01:14:42.276  INFO 10048 --- [main] s.w.s.m.m.a.RequestMappingHandlerMapping : Mapped "{[/error]}" onto public org.springframework.http.ResponseEntity<java.util.Map<java.lang.String, java.lang.Object>> org.springframework.boot.autoconfigure.web.BasicErrorController.error(javax.servlet.http.HttpServletRequest)
2016-05-19 01:14:42.277  INFO 10048 --- [main] s.w.s.m.m.a.RequestMappingHandlerMapping : Mapped "{[/error],produces=[text/html]}" onto public org.springframework.web.servlet.ModelAndView org.springframework.boot.autoconfigure.web.BasicErrorController.errorHtml(javax.servlet.http.HttpServletRequest,javax.servlet.http.HttpServletResponse)
2016-05-19 01:14:42.285  INFO 10048 --- [main] o.s.w.s.c.a.WebMvcConfigurerAdapter      : Adding welcome page: class path resource [static/index.html]
2016-05-19 01:14:42.306  INFO 10048 --- [main] o.s.w.s.handler.SimpleUrlHandlerMapping  : Root mapping to handler of type [class org.springframework.web.servlet.mvc.ParameterizableViewController]
2016-05-19 01:14:42.325  INFO 10048 --- [main] o.s.w.s.handler.SimpleUrlHandlerMapping  : Mapped URL path [/webjars/**] onto handler of type [class org.springframework.web.servlet.resource.ResourceHttpRequestHandler]
2016-05-19 01:14:42.326  INFO 10048 --- [main] o.s.w.s.handler.SimpleUrlHandlerMapping  : Mapped URL path [/**] onto handler of type [class org.springframework.web.servlet.resource.ResourceHttpRequestHandler]
2016-05-19 01:14:42.379  INFO 10048 --- [main] o.s.w.s.handler.SimpleUrlHandlerMapping  : Mapped URL path [/**/favicon.ico] onto handler of type [class org.springframework.web.servlet.resource.ResourceHttpRequestHandler]
2016-05-19 01:14:43.000  INFO 10048 --- [main] o.s.b.a.e.mvc.EndpointHandlerMapping     : Mapped "{[/management/mappings || /management/mappings.json],methods=[GET],produces=[application/json]}" onto public java.lang.Object org.springframework.boot.actuate.endpoint.mvc.EndpointMvcAdapter.invoke()
2016-05-19 01:14:43.000  INFO 10048 --- [main] o.s.b.a.e.mvc.EndpointHandlerMapping     : Mapped "{[/management/logfile || /management/logfile.json],methods=[GET || HEAD]}" onto public void org.springframework.boot.actuate.endpoint.mvc.LogFileMvcEndpoint.invoke(javax.servlet.http.HttpServletRequest,javax.servlet.http.HttpServletResponse) throws javax.servlet.ServletException,java.io.IOException
2016-05-19 01:14:43.001  INFO 10048 --- [main] o.s.b.a.e.mvc.EndpointHandlerMapping     : Mapped "{[/management/info || /management/info.json],methods=[GET],produces=[application/json]}" onto public java.lang.Object org.springframework.boot.actuate.endpoint.mvc.EndpointMvcAdapter.invoke()
2016-05-19 01:14:43.002  INFO 10048 --- [main] o.s.b.a.e.mvc.EndpointHandlerMapping     : Mapped "{[/management/health || /management/health.json],produces=[application/json]}" onto public java.lang.Object org.springframework.boot.actuate.endpoint.mvc.HealthMvcEndpoint.invoke(java.security.Principal)
2016-05-19 01:14:43.003  INFO 10048 --- [main] o.s.b.a.e.mvc.EndpointHandlerMapping     : Mapped "{[/management/env/{name:.*}],methods=[GET],produces=[application/json]}" onto public java.lang.Object org.springframework.boot.actuate.endpoint.mvc.EnvironmentMvcEndpoint.value(java.lang.String)
2016-05-19 01:14:43.004  INFO 10048 --- [main] o.s.b.a.e.mvc.EndpointHandlerMapping     : Mapped "{[/management/env || /management/env.json],methods=[GET],produces=[application/json]}" onto public java.lang.Object org.springframework.boot.actuate.endpoint.mvc.EndpointMvcAdapter.invoke()
2016-05-19 01:14:43.005  INFO 10048 --- [main] o.s.b.a.e.mvc.EndpointHandlerMapping     : Mapped "{[/management/beans || /management/beans.json],methods=[GET],produces=[application/json]}" onto public java.lang.Object org.springframework.boot.actuate.endpoint.mvc.EndpointMvcAdapter.invoke()
2016-05-19 01:14:43.006  INFO 10048 --- [main] o.s.b.a.e.mvc.EndpointHandlerMapping     : Mapped "{[/management/autoconfig || /management/autoconfig.json],methods=[GET],produces=[application/json]}" onto public java.lang.Object org.springframework.boot.actuate.endpoint.mvc.EndpointMvcAdapter.invoke()
2016-05-19 01:14:43.009  INFO 10048 --- [main] o.s.b.a.e.mvc.EndpointHandlerMapping     : Mapped "{[/management/configprops || /management/configprops.json],methods=[GET],produces=[application/json]}" onto public java.lang.Object org.springframework.boot.actuate.endpoint.mvc.EndpointMvcAdapter.invoke()
2016-05-19 01:14:43.010  INFO 10048 --- [main] o.s.b.a.e.mvc.EndpointHandlerMapping     : Mapped "{[/management/trace || /management/trace.json],methods=[GET],produces=[application/json]}" onto public java.lang.Object org.springframework.boot.actuate.endpoint.mvc.EndpointMvcAdapter.invoke()
2016-05-19 01:14:43.013  INFO 10048 --- [main] o.s.b.a.e.mvc.EndpointHandlerMapping     : Mapped "{[/management/metrics/{name:.*}],methods=[GET],produces=[application/json]}" onto public java.lang.Object org.springframework.boot.actuate.endpoint.mvc.MetricsMvcEndpoint.value(java.lang.String)
2016-05-19 01:14:43.013  INFO 10048 --- [main] o.s.b.a.e.mvc.EndpointHandlerMapping     : Mapped "{[/management/metrics || /management/metrics.json],methods=[GET],produces=[application/json]}" onto public java.lang.Object org.springframework.boot.actuate.endpoint.mvc.EndpointMvcAdapter.invoke()
2016-05-19 01:14:43.014  INFO 10048 --- [main] o.s.b.a.e.mvc.EndpointHandlerMapping     : Mapped "{[/management/dump || /management/dump.json],methods=[GET],produces=[application/json]}" onto public java.lang.Object org.springframework.boot.actuate.endpoint.mvc.EndpointMvcAdapter.invoke()
2016-05-19 01:14:43.195  INFO 10048 --- [main] o.s.j.e.a.AnnotationMBeanExporter        : Registering beans for JMX exposure on startup
2016-05-19 01:14:43.241  INFO 10048 --- [main] o.s.c.support.DefaultLifecycleProcessor  : Starting beans in phase 0
2016-05-19 01:14:43.409  INFO 10048 --- [main] s.b.c.e.t.TomcatEmbeddedServletContainer : Tomcat started on port(s): 9292 (http)
2016-05-19 01:14:43.415  INFO 10048 --- [main] com.mimacom.app.springboot.Application   : Started Application in 10.493 seconds (JVM running for 11.025)
2016-05-19 01:14:55.858  INFO 10048 --- [http-nio-9292-exec-1] o.a.c.c.C.[Tomcat].[localhost].[/]       : Initializing Spring FrameworkServlet 'dispatcherServlet'
2016-05-19 01:14:55.859  INFO 10048 --- [http-nio-9292-exec-1] o.s.web.servlet.DispatcherServlet        : FrameworkServlet 'dispatcherServlet': initialization started
2016-05-19 01:14:55.976  INFO 10048 --- [http-nio-9292-exec-1] o.s.web.servlet.DispatcherServlet        : FrameworkServlet 'dispatcherServlet': initialization completed in 117 ms
2016-05-19 01:15:38.667  INFO 8044 --- [main] com.mimacom.app.springboot.Application   : Starting Application on mima-ws-108 with PID 8044 (C:\development\projects\sample-spring-boot-app\sample-spring-boot-web\target\classes started by pado in C:\development\projects\sample-spring-boot-app)
2016-05-19 01:15:38.672  INFO 8044 --- [main] com.mimacom.app.springboot.Application   : No active profile set, falling back to default profiles: default
2016-05-19 01:15:39.336  INFO 8044 --- [main] ationConfigEmbeddedWebApplicationContext : Refreshing org.springframework.boot.context.embedded.AnnotationConfigEmbeddedWebApplicationContext@353352b6: startup date [Thu May 19 01:15:39 CEST 2016]; root of context hierarchy
2016-05-19 01:15:41.458  INFO 8044 --- [main] o.s.b.f.s.DefaultListableBeanFactory     : Overriding bean definition for bean 'beanNameViewResolver' with a different definition: replacing [Root bean: class [null]; scope=; abstract=false; lazyInit=false; autowireMode=3; dependencyCheck=0; autowireCandidate=true; primary=false; factoryBeanName=org.springframework.boot.autoconfigure.web.ErrorMvcAutoConfiguration$WhitelabelErrorViewConfiguration; factoryMethodName=beanNameViewResolver; initMethodName=null; destroyMethodName=(inferred); defined in class path resource [org/springframework/boot/autoconfigure/web/ErrorMvcAutoConfiguration$WhitelabelErrorViewConfiguration.class]] with [Root bean: class [null]; scope=; abstract=false; lazyInit=false; autowireMode=3; dependencyCheck=0; autowireCandidate=true; primary=false; factoryBeanName=org.springframework.boot.autoconfigure.web.WebMvcAutoConfiguration$WebMvcAutoConfigurationAdapter; factoryMethodName=beanNameViewResolver; initMethodName=null; destroyMethodName=(inferred); defined in class path resource [org/springframework/boot/autoconfigure/web/WebMvcAutoConfiguration$WebMvcAutoConfigurationAdapter.class]]
2016-05-19 01:15:41.507  INFO 8044 --- [main] o.s.b.f.s.DefaultListableBeanFactory     : Overriding bean definition for bean 'ignoredPathsWebSecurityConfigurerAdapter' with a different definition: replacing [Root bean: class [null]; scope=; abstract=false; lazyInit=false; autowireMode=3; dependencyCheck=0; autowireCandidate=true; primary=false; factoryBeanName=org.springframework.boot.autoconfigure.security.SpringBootWebSecurityConfiguration; factoryMethodName=ignoredPathsWebSecurityConfigurerAdapter; initMethodName=null; destroyMethodName=(inferred); defined in class path resource [org/springframework/boot/autoconfigure/security/SpringBootWebSecurityConfiguration.class]] with [Root bean: class [null]; scope=; abstract=false; lazyInit=false; autowireMode=3; dependencyCheck=0; autowireCandidate=true; primary=false; factoryBeanName=org.springframework.boot.actuate.autoconfigure.ManagementWebSecurityAutoConfiguration; factoryMethodName=ignoredPathsWebSecurityConfigurerAdapter; initMethodName=null; destroyMethodName=(inferred); defined in class path resource [org/springframework/boot/actuate/autoconfigure/ManagementWebSecurityAutoConfiguration.class]]
2016-05-19 01:15:42.622  INFO 8044 --- [main] trationDelegate$BeanPostProcessorChecker : Bean 'org.springframework.transaction.annotation.ProxyTransactionManagementConfiguration' of type [class org.springframework.transaction.annotation.ProxyTransactionManagementConfiguration$$EnhancerBySpringCGLIB$$c044640c] is not eligible for getting processed by all BeanPostProcessors (for example: not eligible for auto-proxying)
2016-05-19 01:15:43.463  INFO 8044 --- [main] s.b.c.e.t.TomcatEmbeddedServletContainer : Tomcat initialized with port(s): 9292 (http)
2016-05-19 01:15:43.482  INFO 8044 --- [main] o.apache.catalina.core.StandardService   : Starting service Tomcat
2016-05-19 01:15:43.484  INFO 8044 --- [main] org.apache.catalina.core.StandardEngine  : Starting Servlet Engine: Apache Tomcat/8.0.33
2016-05-19 01:15:43.648  INFO 8044 --- [localhost-startStop-1] o.a.c.c.C.[Tomcat].[localhost].[/]       : Initializing Spring embedded WebApplicationContext
2016-05-19 01:15:43.648  INFO 8044 --- [localhost-startStop-1] o.s.web.context.ContextLoader            : Root WebApplicationContext: initialization completed in 4317 ms
2016-05-19 01:15:44.420  INFO 8044 --- [localhost-startStop-1] o.s.b.c.embedded.FilterRegistrationBean  : Mapping filter: 'metricFilter' to: [/*]
2016-05-19 01:15:44.421  INFO 8044 --- [localhost-startStop-1] o.s.b.c.embedded.FilterRegistrationBean  : Mapping filter: 'characterEncodingFilter' to: [/*]
2016-05-19 01:15:44.422  INFO 8044 --- [localhost-startStop-1] o.s.b.c.embedded.FilterRegistrationBean  : Mapping filter: 'hiddenHttpMethodFilter' to: [/*]
2016-05-19 01:15:44.422  INFO 8044 --- [localhost-startStop-1] o.s.b.c.embedded.FilterRegistrationBean  : Mapping filter: 'httpPutFormContentFilter' to: [/*]
2016-05-19 01:15:44.422  INFO 8044 --- [localhost-startStop-1] o.s.b.c.embedded.FilterRegistrationBean  : Mapping filter: 'requestContextFilter' to: [/*]
2016-05-19 01:15:44.424  INFO 8044 --- [localhost-startStop-1] .e.DelegatingFilterProxyRegistrationBean : Mapping filter: 'springSecurityFilterChain' to: [/*]
2016-05-19 01:15:44.425  INFO 8044 --- [localhost-startStop-1] o.s.b.c.embedded.FilterRegistrationBean  : Mapping filter: 'webRequestLoggingFilter' to: [/*]
2016-05-19 01:15:44.425  INFO 8044 --- [localhost-startStop-1] o.s.b.c.embedded.FilterRegistrationBean  : Mapping filter: 'applicationContextIdFilter' to: [/*]
2016-05-19 01:15:44.425  INFO 8044 --- [localhost-startStop-1] o.s.b.c.e.ServletRegistrationBean        : Mapping servlet: 'dispatcherServlet' to [/]
2016-05-19 01:15:45.138  INFO 8044 --- [localhost-startStop-1] o.s.s.web.DefaultSecurityFilterChain     : Creating filter chain: OrRequestMatcher [requestMatchers=[Ant [pattern='/css/**'], Ant [pattern='/js/**'], Ant [pattern='/images/**'], Ant [pattern='/**/favicon.ico'], Ant [pattern='/error']]], []
2016-05-19 01:15:45.250  INFO 8044 --- [localhost-startStop-1] o.s.s.web.DefaultSecurityFilterChain     : Creating filter chain: Ant [pattern='/management/**'], [org.springframework.security.web.context.request.async.WebAsyncManagerIntegrationFilter@424d4535, org.springframework.security.web.context.SecurityContextPersistenceFilter@661fd45b, org.springframework.security.web.header.HeaderWriterFilter@7c45bd3c, org.springframework.security.web.authentication.logout.LogoutFilter@58ce6473, org.springframework.security.web.authentication.www.BasicAuthenticationFilter@21c10d3b, org.springframework.security.web.savedrequest.RequestCacheAwareFilter@34106aa5, org.springframework.security.web.servletapi.SecurityContextHolderAwareRequestFilter@59b37f3, org.springframework.security.web.authentication.AnonymousAuthenticationFilter@45336621, org.springframework.security.web.session.SessionManagementFilter@7f5d8cbe, org.springframework.security.web.access.ExceptionTranslationFilter@16ccef25, org.springframework.security.web.access.intercept.FilterSecurityInterceptor@51329c4f]
2016-05-19 01:15:45.283  INFO 8044 --- [localhost-startStop-1] o.s.s.web.DefaultSecurityFilterChain     : Creating filter chain: org.springframework.security.web.util.matcher.AnyRequestMatcher@1, [org.springframework.security.web.context.request.async.WebAsyncManagerIntegrationFilter@171823f1, org.springframework.security.web.context.SecurityContextPersistenceFilter@4fb431cc, org.springframework.security.web.header.HeaderWriterFilter@d224c84, org.springframework.security.web.csrf.CsrfFilter@a323b76, org.springframework.security.web.authentication.logout.LogoutFilter@4381f684, org.springframework.security.web.authentication.UsernamePasswordAuthenticationFilter@1e653c97, org.springframework.security.web.authentication.ui.DefaultLoginPageGeneratingFilter@2d5598b3, org.springframework.security.web.savedrequest.RequestCacheAwareFilter@54e12b08, org.springframework.security.web.servletapi.SecurityContextHolderAwareRequestFilter@4b380b7c, org.springframework.security.web.session.SessionManagementFilter@54c649a9, org.springframework.security.web.access.ExceptionTranslationFilter@3265256f, org.springframework.security.web.access.intercept.FilterSecurityInterceptor@6fd3da00]
2016-05-19 01:15:45.287  INFO 8044 --- [localhost-startStop-1] o.s.s.web.DefaultSecurityFilterChain     : Creating filter chain: OrRequestMatcher [requestMatchers=[Ant [pattern='/**']]], [org.springframework.security.web.context.request.async.WebAsyncManagerIntegrationFilter@67c5ef3, org.springframework.security.web.context.SecurityContextPersistenceFilter@4f3cbc74, org.springframework.security.web.header.HeaderWriterFilter@4873fab5, org.springframework.security.web.authentication.logout.LogoutFilter@2a90d8ae, org.springframework.security.web.authentication.www.BasicAuthenticationFilter@651e94, org.springframework.security.web.savedrequest.RequestCacheAwareFilter@62bf998d, org.springframework.security.web.servletapi.SecurityContextHolderAwareRequestFilter@354e613d, org.springframework.security.web.authentication.AnonymousAuthenticationFilter@146b82f4, org.springframework.security.web.session.SessionManagementFilter@5335e44, org.springframework.security.web.access.ExceptionTranslationFilter@5ebe720c, org.springframework.security.web.access.intercept.FilterSecurityInterceptor@5cc98632]
2016-05-19 01:15:45.806  INFO 8044 --- [main] j.LocalContainerEntityManagerFactoryBean : Building JPA container EntityManagerFactory for persistence unit 'default'
2016-05-19 01:15:45.833  INFO 8044 --- [main] o.hibernate.jpa.internal.util.LogHelper  : HHH000204: Processing PersistenceUnitInfo [
	name: default
	...]
2016-05-19 01:15:45.956  INFO 8044 --- [main] org.hibernate.Version                    : HHH000412: Hibernate Core {5.1.0.Final}
2016-05-19 01:15:45.959  INFO 8044 --- [main] org.hibernate.cfg.Environment            : HHH000206: hibernate.properties not found
2016-05-19 01:15:45.961  INFO 8044 --- [main] org.hibernate.cfg.Environment            : HHH000021: Bytecode provider name : javassist
2016-05-19 01:15:46.213  INFO 8044 --- [main] o.hibernate.annotations.common.Version   : HCANN000001: Hibernate Commons Annotations {5.0.1.Final}
2016-05-19 01:15:46.450  INFO 8044 --- [main] org.hibernate.dialect.Dialect            : HHH000400: Using dialect: org.hibernate.dialect.H2Dialect
2016-05-19 01:15:47.174  INFO 8044 --- [main] o.h.t.schema.internal.SchemaCreatorImpl  : HHH000476: Executing import script 'org.hibernate.tool.schema.internal.exec.ScriptSourceInputNonExistentImpl@151a6598'
2016-05-19 01:15:47.225  INFO 8044 --- [main] j.LocalContainerEntityManagerFactoryBean : Initialized JPA EntityManagerFactory for persistence unit 'default'
2016-05-19 01:15:47.733  INFO 8044 --- [main] s.w.s.m.m.a.RequestMappingHandlerAdapter : Looking for @ControllerAdvice: org.springframework.boot.context.embedded.AnnotationConfigEmbeddedWebApplicationContext@353352b6: startup date [Thu May 19 01:15:39 CEST 2016]; root of context hierarchy
2016-05-19 01:15:47.847  INFO 8044 --- [main] s.w.s.m.m.a.RequestMappingHandlerMapping : Mapped "{[/api/user],methods=[GET]}" onto public void com.mimacom.app.springboot.web.UserController.addRandom()
2016-05-19 01:15:47.851  INFO 8044 --- [main] s.w.s.m.m.a.RequestMappingHandlerMapping : Mapped "{[/error]}" onto public org.springframework.http.ResponseEntity<java.util.Map<java.lang.String, java.lang.Object>> org.springframework.boot.autoconfigure.web.BasicErrorController.error(javax.servlet.http.HttpServletRequest)
2016-05-19 01:15:47.852  INFO 8044 --- [main] s.w.s.m.m.a.RequestMappingHandlerMapping : Mapped "{[/error],produces=[text/html]}" onto public org.springframework.web.servlet.ModelAndView org.springframework.boot.autoconfigure.web.BasicErrorController.errorHtml(javax.servlet.http.HttpServletRequest,javax.servlet.http.HttpServletResponse)
2016-05-19 01:15:47.861  INFO 8044 --- [main] o.s.w.s.c.a.WebMvcConfigurerAdapter      : Adding welcome page: class path resource [static/index.html]
2016-05-19 01:15:47.885  INFO 8044 --- [main] o.s.w.s.handler.SimpleUrlHandlerMapping  : Root mapping to handler of type [class org.springframework.web.servlet.mvc.ParameterizableViewController]
2016-05-19 01:15:47.908  INFO 8044 --- [main] o.s.w.s.handler.SimpleUrlHandlerMapping  : Mapped URL path [/webjars/**] onto handler of type [class org.springframework.web.servlet.resource.ResourceHttpRequestHandler]
2016-05-19 01:15:47.908  INFO 8044 --- [main] o.s.w.s.handler.SimpleUrlHandlerMapping  : Mapped URL path [/**] onto handler of type [class org.springframework.web.servlet.resource.ResourceHttpRequestHandler]
2016-05-19 01:15:47.989  INFO 8044 --- [main] o.s.w.s.handler.SimpleUrlHandlerMapping  : Mapped URL path [/**/favicon.ico] onto handler of type [class org.springframework.web.servlet.resource.ResourceHttpRequestHandler]
2016-05-19 01:15:48.705  INFO 8044 --- [main] o.s.b.a.e.mvc.EndpointHandlerMapping     : Mapped "{[/management/beans || /management/beans.json],methods=[GET],produces=[application/json]}" onto public java.lang.Object org.springframework.boot.actuate.endpoint.mvc.EndpointMvcAdapter.invoke()
2016-05-19 01:15:48.706  INFO 8044 --- [main] o.s.b.a.e.mvc.EndpointHandlerMapping     : Mapped "{[/management/configprops || /management/configprops.json],methods=[GET],produces=[application/json]}" onto public java.lang.Object org.springframework.boot.actuate.endpoint.mvc.EndpointMvcAdapter.invoke()
2016-05-19 01:15:48.706  INFO 8044 --- [main] o.s.b.a.e.mvc.EndpointHandlerMapping     : Mapped "{[/management/metrics/{name:.*}],methods=[GET],produces=[application/json]}" onto public java.lang.Object org.springframework.boot.actuate.endpoint.mvc.MetricsMvcEndpoint.value(java.lang.String)
2016-05-19 01:15:48.707  INFO 8044 --- [main] o.s.b.a.e.mvc.EndpointHandlerMapping     : Mapped "{[/management/metrics || /management/metrics.json],methods=[GET],produces=[application/json]}" onto public java.lang.Object org.springframework.boot.actuate.endpoint.mvc.EndpointMvcAdapter.invoke()
2016-05-19 01:15:48.707  INFO 8044 --- [main] o.s.b.a.e.mvc.EndpointHandlerMapping     : Mapped "{[/management/mappings || /management/mappings.json],methods=[GET],produces=[application/json]}" onto public java.lang.Object org.springframework.boot.actuate.endpoint.mvc.EndpointMvcAdapter.invoke()
2016-05-19 01:15:48.708  INFO 8044 --- [main] o.s.b.a.e.mvc.EndpointHandlerMapping     : Mapped "{[/management/trace || /management/trace.json],methods=[GET],produces=[application/json]}" onto public java.lang.Object org.springframework.boot.actuate.endpoint.mvc.EndpointMvcAdapter.invoke()
2016-05-19 01:15:48.711  INFO 8044 --- [main] o.s.b.a.e.mvc.EndpointHandlerMapping     : Mapped "{[/management/autoconfig || /management/autoconfig.json],methods=[GET],produces=[application/json]}" onto public java.lang.Object org.springframework.boot.actuate.endpoint.mvc.EndpointMvcAdapter.invoke()
2016-05-19 01:15:48.711  INFO 8044 --- [main] o.s.b.a.e.mvc.EndpointHandlerMapping     : Mapped "{[/management/logfile || /management/logfile.json],methods=[GET || HEAD]}" onto public void org.springframework.boot.actuate.endpoint.mvc.LogFileMvcEndpoint.invoke(javax.servlet.http.HttpServletRequest,javax.servlet.http.HttpServletResponse) throws javax.servlet.ServletException,java.io.IOException
2016-05-19 01:15:48.712  INFO 8044 --- [main] o.s.b.a.e.mvc.EndpointHandlerMapping     : Mapped "{[/management/dump || /management/dump.json],methods=[GET],produces=[application/json]}" onto public java.lang.Object org.springframework.boot.actuate.endpoint.mvc.EndpointMvcAdapter.invoke()
2016-05-19 01:15:48.712  INFO 8044 --- [main] o.s.b.a.e.mvc.EndpointHandlerMapping     : Mapped "{[/management/info || /management/info.json],methods=[GET],produces=[application/json]}" onto public java.lang.Object org.springframework.boot.actuate.endpoint.mvc.EndpointMvcAdapter.invoke()
2016-05-19 01:15:48.714  INFO 8044 --- [main] o.s.b.a.e.mvc.EndpointHandlerMapping     : Mapped "{[/management/env/{name:.*}],methods=[GET],produces=[application/json]}" onto public java.lang.Object org.springframework.boot.actuate.endpoint.mvc.EnvironmentMvcEndpoint.value(java.lang.String)
2016-05-19 01:15:48.714  INFO 8044 --- [main] o.s.b.a.e.mvc.EndpointHandlerMapping     : Mapped "{[/management/env || /management/env.json],methods=[GET],produces=[application/json]}" onto public java.lang.Object org.springframework.boot.actuate.endpoint.mvc.EndpointMvcAdapter.invoke()
2016-05-19 01:15:48.715  INFO 8044 --- [main] o.s.b.a.e.mvc.EndpointHandlerMapping     : Mapped "{[/management/health || /management/health.json],produces=[application/json]}" onto public java.lang.Object org.springframework.boot.actuate.endpoint.mvc.HealthMvcEndpoint.invoke(java.security.Principal)
2016-05-19 01:15:49.090  INFO 8044 --- [main] o.s.j.e.a.AnnotationMBeanExporter        : Registering beans for JMX exposure on startup
2016-05-19 01:15:49.107  INFO 8044 --- [main] o.s.c.support.DefaultLifecycleProcessor  : Starting beans in phase 0
2016-05-19 01:15:49.307  INFO 8044 --- [main] s.b.c.e.t.TomcatEmbeddedServletContainer : Tomcat started on port(s): 9292 (http)
2016-05-19 01:15:49.314  INFO 8044 --- [main] com.mimacom.app.springboot.Application   : Started Application in 11.78 seconds (JVM running for 12.703)
2016-05-19 01:16:03.344  INFO 8044 --- [http-nio-9292-exec-1] o.a.c.c.C.[Tomcat].[localhost].[/]       : Initializing Spring FrameworkServlet 'dispatcherServlet'
2016-05-19 01:16:03.344  INFO 8044 --- [http-nio-9292-exec-1] o.s.web.servlet.DispatcherServlet        : FrameworkServlet 'dispatcherServlet': initialization started
2016-05-19 01:16:03.371  INFO 8044 --- [http-nio-9292-exec-1] o.s.web.servlet.DispatcherServlet        : FrameworkServlet 'dispatcherServlet': initialization completed in 27 ms
2016-05-19 01:16:06.245  WARN 8044 --- [http-nio-9292-exec-2] o.s.w.s.r.ResourceHttpRequestHandler     : Locations list is empty. No resources will be served unless a custom ResourceResolver is configured as an alternative to PathResourceResolver.
2016-05-19 01:16:30.272  INFO 8688 --- [main] com.mimacom.app.springboot.Application   : Starting Application on mima-ws-108 with PID 8688 (C:\development\projects\sample-spring-boot-app\sample-spring-boot-web\target\classes started by pado in C:\development\projects\sample-spring-boot-app)
2016-05-19 01:16:30.278  INFO 8688 --- [main] com.mimacom.app.springboot.Application   : No active profile set, falling back to default profiles: default
2016-05-19 01:16:30.446  INFO 8688 --- [main] ationConfigEmbeddedWebApplicationContext : Refreshing org.springframework.boot.context.embedded.AnnotationConfigEmbeddedWebApplicationContext@7e057f43: startup date [Thu May 19 01:16:30 CEST 2016]; root of context hierarchy
2016-05-19 01:16:32.499  INFO 8688 --- [main] o.s.b.f.s.DefaultListableBeanFactory     : Overriding bean definition for bean 'ignoredPathsWebSecurityConfigurerAdapter' with a different definition: replacing [Root bean: class [null]; scope=; abstract=false; lazyInit=false; autowireMode=3; dependencyCheck=0; autowireCandidate=true; primary=false; factoryBeanName=org.springframework.boot.autoconfigure.security.SpringBootWebSecurityConfiguration; factoryMethodName=ignoredPathsWebSecurityConfigurerAdapter; initMethodName=null; destroyMethodName=(inferred); defined in class path resource [org/springframework/boot/autoconfigure/security/SpringBootWebSecurityConfiguration.class]] with [Root bean: class [null]; scope=; abstract=false; lazyInit=false; autowireMode=3; dependencyCheck=0; autowireCandidate=true; primary=false; factoryBeanName=org.springframework.boot.actuate.autoconfigure.ManagementWebSecurityAutoConfiguration; factoryMethodName=ignoredPathsWebSecurityConfigurerAdapter; initMethodName=null; destroyMethodName=(inferred); defined in class path resource [org/springframework/boot/actuate/autoconfigure/ManagementWebSecurityAutoConfiguration.class]]
2016-05-19 01:16:33.374  INFO 8688 --- [main] trationDelegate$BeanPostProcessorChecker : Bean 'org.springframework.transaction.annotation.ProxyTransactionManagementConfiguration' of type [class org.springframework.transaction.annotation.ProxyTransactionManagementConfiguration$$EnhancerBySpringCGLIB$$42b39e32] is not eligible for getting processed by all BeanPostProcessors (for example: not eligible for auto-proxying)
2016-05-19 01:16:34.185  INFO 8688 --- [main] s.b.c.e.t.TomcatEmbeddedServletContainer : Tomcat initialized with port(s): 9292 (http)
2016-05-19 01:16:34.203  INFO 8688 --- [main] o.apache.catalina.core.StandardService   : Starting service Tomcat
2016-05-19 01:16:34.205  INFO 8688 --- [main] org.apache.catalina.core.StandardEngine  : Starting Servlet Engine: Apache Tomcat/8.0.33
2016-05-19 01:16:34.382  INFO 8688 --- [localhost-startStop-1] o.a.c.c.C.[Tomcat].[localhost].[/]       : Initializing Spring embedded WebApplicationContext
2016-05-19 01:16:34.383  INFO 8688 --- [localhost-startStop-1] o.s.web.context.ContextLoader            : Root WebApplicationContext: initialization completed in 3941 ms
2016-05-19 01:16:35.097  INFO 8688 --- [localhost-startStop-1] o.s.b.w.servlet.FilterRegistrationBean   : Mapping filter: 'metricFilter' to: [/*]
2016-05-19 01:16:35.097  INFO 8688 --- [localhost-startStop-1] o.s.b.w.servlet.FilterRegistrationBean   : Mapping filter: 'characterEncodingFilter' to: [/*]
2016-05-19 01:16:35.097  INFO 8688 --- [localhost-startStop-1] o.s.b.w.servlet.FilterRegistrationBean   : Mapping filter: 'hiddenHttpMethodFilter' to: [/*]
2016-05-19 01:16:35.098  INFO 8688 --- [localhost-startStop-1] o.s.b.w.servlet.FilterRegistrationBean   : Mapping filter: 'httpPutFormContentFilter' to: [/*]
2016-05-19 01:16:35.098  INFO 8688 --- [localhost-startStop-1] o.s.b.w.servlet.FilterRegistrationBean   : Mapping filter: 'requestContextFilter' to: [/*]
2016-05-19 01:16:35.099  INFO 8688 --- [localhost-startStop-1] .s.DelegatingFilterProxyRegistrationBean : Mapping filter: 'springSecurityFilterChain' to: [/*]
2016-05-19 01:16:35.100  INFO 8688 --- [localhost-startStop-1] o.s.b.w.servlet.FilterRegistrationBean   : Mapping filter: 'webRequestLoggingFilter' to: [/*]
2016-05-19 01:16:35.101  INFO 8688 --- [localhost-startStop-1] o.s.b.w.servlet.FilterRegistrationBean   : Mapping filter: 'applicationContextIdFilter' to: [/*]
2016-05-19 01:16:35.102  INFO 8688 --- [localhost-startStop-1] o.s.b.w.servlet.ServletRegistrationBean  : Mapping servlet: 'dispatcherServlet' to [/]
2016-05-19 01:16:35.627  INFO 8688 --- [localhost-startStop-1] o.s.s.web.DefaultSecurityFilterChain     : Creating filter chain: OrRequestMatcher [requestMatchers=[Ant [pattern='/css/**'], Ant [pattern='/js/**'], Ant [pattern='/images/**'], Ant [pattern='/**/favicon.ico'], Ant [pattern='/error']]], []
2016-05-19 01:16:35.809  INFO 8688 --- [localhost-startStop-1] o.s.s.web.DefaultSecurityFilterChain     : Creating filter chain: Ant [pattern='/management/**'], [org.springframework.security.web.context.request.async.WebAsyncManagerIntegrationFilter@77c7e19f, org.springframework.security.web.context.SecurityContextPersistenceFilter@4a3855e3, org.springframework.security.web.header.HeaderWriterFilter@6a9b50b, org.springframework.security.web.authentication.logout.LogoutFilter@6d3f44c4, org.springframework.security.web.authentication.www.BasicAuthenticationFilter@33f9eb89, org.springframework.security.web.savedrequest.RequestCacheAwareFilter@3f9a040a, org.springframework.security.web.servletapi.SecurityContextHolderAwareRequestFilter@28e5443, org.springframework.security.web.authentication.AnonymousAuthenticationFilter@314e7204, org.springframework.security.web.session.SessionManagementFilter@56cd9e9f, org.springframework.security.web.access.ExceptionTranslationFilter@335d668, org.springframework.security.web.access.intercept.FilterSecurityInterceptor@19432a6d]
2016-05-19 01:16:35.862  INFO 8688 --- [localhost-startStop-1] o.s.s.web.DefaultSecurityFilterChain     : Creating filter chain: org.springframework.security.web.util.matcher.AnyRequestMatcher@1, [org.springframework.security.web.context.request.async.WebAsyncManagerIntegrationFilter@7fe411eb, org.springframework.security.web.context.SecurityContextPersistenceFilter@50ec8efa, org.springframework.security.web.header.HeaderWriterFilter@472d5877, org.springframework.security.web.csrf.CsrfFilter@467839b9, org.springframework.security.web.authentication.logout.LogoutFilter@4c309755, org.springframework.security.web.authentication.UsernamePasswordAuthenticationFilter@30fd4dad, org.springframework.security.web.authentication.ui.DefaultLoginPageGeneratingFilter@781f5df2, org.springframework.security.web.savedrequest.RequestCacheAwareFilter@7421120c, org.springframework.security.web.servletapi.SecurityContextHolderAwareRequestFilter@5962121f, org.springframework.security.web.session.SessionManagementFilter@57dec049, org.springframework.security.web.access.ExceptionTranslationFilter@2a11cf04, org.springframework.security.web.access.intercept.FilterSecurityInterceptor@7a4d99c5]
2016-05-19 01:16:35.868  INFO 8688 --- [localhost-startStop-1] o.s.s.web.DefaultSecurityFilterChain     : Creating filter chain: OrRequestMatcher [requestMatchers=[Ant [pattern='/**']]], [org.springframework.security.web.context.request.async.WebAsyncManagerIntegrationFilter@506659ac, org.springframework.security.web.context.SecurityContextPersistenceFilter@2cb2669d, org.springframework.security.web.header.HeaderWriterFilter@51cb4001, org.springframework.security.web.authentication.logout.LogoutFilter@2a4e5784, org.springframework.security.web.authentication.www.BasicAuthenticationFilter@15f75ade, org.springframework.security.web.savedrequest.RequestCacheAwareFilter@1b1881c6, org.springframework.security.web.servletapi.SecurityContextHolderAwareRequestFilter@105811ec, org.springframework.security.web.authentication.AnonymousAuthenticationFilter@9c4c5, org.springframework.security.web.session.SessionManagementFilter@5bac300b, org.springframework.security.web.access.ExceptionTranslationFilter@34607fa2, org.springframework.security.web.access.intercept.FilterSecurityInterceptor@6d9d554f]
2016-05-19 01:16:36.339  INFO 8688 --- [main] j.LocalContainerEntityManagerFactoryBean : Building JPA container EntityManagerFactory for persistence unit 'default'
2016-05-19 01:16:36.366  INFO 8688 --- [main] o.hibernate.jpa.internal.util.LogHelper  : HHH000204: Processing PersistenceUnitInfo [
	name: default
	...]
2016-05-19 01:16:36.834  INFO 8688 --- [main] org.hibernate.Version                    : HHH000412: Hibernate Core {5.1.0.Final}
2016-05-19 01:16:36.837  INFO 8688 --- [main] org.hibernate.cfg.Environment            : HHH000206: hibernate.properties not found
2016-05-19 01:16:36.839  INFO 8688 --- [main] org.hibernate.cfg.Environment            : HHH000021: Bytecode provider name : javassist
2016-05-19 01:16:36.909  INFO 8688 --- [main] o.hibernate.annotations.common.Version   : HCANN000001: Hibernate Commons Annotations {5.0.1.Final}
2016-05-19 01:16:37.145  INFO 8688 --- [main] org.hibernate.dialect.Dialect            : HHH000400: Using dialect: org.hibernate.dialect.H2Dialect
2016-05-19 01:16:37.740  INFO 8688 --- [main] o.h.t.schema.internal.SchemaCreatorImpl  : HHH000476: Executing import script 'org.hibernate.tool.schema.internal.exec.ScriptSourceInputNonExistentImpl@56299b0e'
2016-05-19 01:16:37.785  INFO 8688 --- [main] j.LocalContainerEntityManagerFactoryBean : Initialized JPA EntityManagerFactory for persistence unit 'default'
2016-05-19 01:16:38.293  INFO 8688 --- [main] s.w.s.m.m.a.RequestMappingHandlerAdapter : Looking for @ControllerAdvice: org.springframework.boot.context.embedded.AnnotationConfigEmbeddedWebApplicationContext@7e057f43: startup date [Thu May 19 01:16:30 CEST 2016]; root of context hierarchy
2016-05-19 01:16:38.396  INFO 8688 --- [main] s.w.s.m.m.a.RequestMappingHandlerMapping : Mapped "{[/api/user],methods=[GET]}" onto public void com.mimacom.app.springboot.web.UserController.addRandom()
2016-05-19 01:16:38.399  INFO 8688 --- [main] s.w.s.m.m.a.RequestMappingHandlerMapping : Mapped "{[/error]}" onto public org.springframework.http.ResponseEntity<java.util.Map<java.lang.String, java.lang.Object>> org.springframework.boot.autoconfigure.web.BasicErrorController.error(javax.servlet.http.HttpServletRequest)
2016-05-19 01:16:38.400  INFO 8688 --- [main] s.w.s.m.m.a.RequestMappingHandlerMapping : Mapped "{[/error],produces=[text/html]}" onto public org.springframework.web.servlet.ModelAndView org.springframework.boot.autoconfigure.web.BasicErrorController.errorHtml(javax.servlet.http.HttpServletRequest,javax.servlet.http.HttpServletResponse)
2016-05-19 01:16:38.408  INFO 8688 --- [main] o.s.w.s.c.a.WebMvcConfigurerAdapter      : Adding welcome page: class path resource [static/index.html]
2016-05-19 01:16:38.432  INFO 8688 --- [main] o.s.w.s.handler.SimpleUrlHandlerMapping  : Root mapping to handler of type [class org.springframework.web.servlet.mvc.ParameterizableViewController]
2016-05-19 01:16:38.455  INFO 8688 --- [main] o.s.w.s.handler.SimpleUrlHandlerMapping  : Mapped URL path [/webjars/**] onto handler of type [class org.springframework.web.servlet.resource.ResourceHttpRequestHandler]
2016-05-19 01:16:38.455  INFO 8688 --- [main] o.s.w.s.handler.SimpleUrlHandlerMapping  : Mapped URL path [/**] onto handler of type [class org.springframework.web.servlet.resource.ResourceHttpRequestHandler]
2016-05-19 01:16:38.547  INFO 8688 --- [main] o.s.w.s.handler.SimpleUrlHandlerMapping  : Mapped URL path [/**/favicon.ico] onto handler of type [class org.springframework.web.servlet.resource.ResourceHttpRequestHandler]
2016-05-19 01:16:39.317  INFO 8688 --- [main] o.s.b.a.e.mvc.EndpointHandlerMapping     : Mapped "{[/management/dump || /management/dump.json],methods=[GET],produces=[application/json]}" onto public java.lang.Object org.springframework.boot.actuate.endpoint.mvc.EndpointMvcAdapter.invoke()
2016-05-19 01:16:39.318  INFO 8688 --- [main] o.s.b.a.e.mvc.EndpointHandlerMapping     : Mapped "{[/management/info || /management/info.json],methods=[GET],produces=[application/json]}" onto public java.lang.Object org.springframework.boot.actuate.endpoint.mvc.EndpointMvcAdapter.invoke()
2016-05-19 01:16:39.319  INFO 8688 --- [main] o.s.b.a.e.mvc.EndpointHandlerMapping     : Mapped "{[/management/beans || /management/beans.json],methods=[GET],produces=[application/json]}" onto public java.lang.Object org.springframework.boot.actuate.endpoint.mvc.EndpointMvcAdapter.invoke()
2016-05-19 01:16:39.320  INFO 8688 --- [main] o.s.b.a.e.mvc.EndpointHandlerMapping     : Mapped "{[/management/metrics/{name:.*}],methods=[GET],produces=[application/json]}" onto public java.lang.Object org.springframework.boot.actuate.endpoint.mvc.MetricsMvcEndpoint.value(java.lang.String)
2016-05-19 01:16:39.321  INFO 8688 --- [main] o.s.b.a.e.mvc.EndpointHandlerMapping     : Mapped "{[/management/metrics || /management/metrics.json],methods=[GET],produces=[application/json]}" onto public java.lang.Object org.springframework.boot.actuate.endpoint.mvc.EndpointMvcAdapter.invoke()
2016-05-19 01:16:39.322  INFO 8688 --- [main] o.s.b.a.e.mvc.EndpointHandlerMapping     : Mapped "{[/management/mappings || /management/mappings.json],methods=[GET],produces=[application/json]}" onto public java.lang.Object org.springframework.boot.actuate.endpoint.mvc.EndpointMvcAdapter.invoke()
2016-05-19 01:16:39.325  INFO 8688 --- [main] o.s.b.a.e.mvc.EndpointHandlerMapping     : Mapped "{[/management/env/{name:.*}],methods=[GET],produces=[application/json]}" onto public java.lang.Object org.springframework.boot.actuate.endpoint.mvc.EnvironmentMvcEndpoint.value(java.lang.String)
2016-05-19 01:16:39.325  INFO 8688 --- [main] o.s.b.a.e.mvc.EndpointHandlerMapping     : Mapped "{[/management/env || /management/env.json],methods=[GET],produces=[application/json]}" onto public java.lang.Object org.springframework.boot.actuate.endpoint.mvc.EndpointMvcAdapter.invoke()
2016-05-19 01:16:39.329  INFO 8688 --- [main] o.s.b.a.e.mvc.EndpointHandlerMapping     : Mapped "{[/management/trace || /management/trace.json],methods=[GET],produces=[application/json]}" onto public java.lang.Object org.springframework.boot.actuate.endpoint.mvc.EndpointMvcAdapter.invoke()
2016-05-19 01:16:39.330  INFO 8688 --- [main] o.s.b.a.e.mvc.EndpointHandlerMapping     : Mapped "{[/management/autoconfig || /management/autoconfig.json],methods=[GET],produces=[application/json]}" onto public java.lang.Object org.springframework.boot.actuate.endpoint.mvc.EndpointMvcAdapter.invoke()
2016-05-19 01:16:39.331  INFO 8688 --- [main] o.s.b.a.e.mvc.EndpointHandlerMapping     : Mapped "{[/management/health || /management/health.json],produces=[application/json]}" onto public java.lang.Object org.springframework.boot.actuate.endpoint.mvc.HealthMvcEndpoint.invoke(java.security.Principal)
2016-05-19 01:16:39.332  INFO 8688 --- [main] o.s.b.a.e.mvc.EndpointHandlerMapping     : Mapped "{[/management/logfile || /management/logfile.json],methods=[GET || HEAD]}" onto public void org.springframework.boot.actuate.endpoint.mvc.LogFileMvcEndpoint.invoke(javax.servlet.http.HttpServletRequest,javax.servlet.http.HttpServletResponse) throws javax.servlet.ServletException,java.io.IOException
2016-05-19 01:16:39.332  INFO 8688 --- [main] o.s.b.a.e.mvc.EndpointHandlerMapping     : Mapped "{[/management/configprops || /management/configprops.json],methods=[GET],produces=[application/json]}" onto public java.lang.Object org.springframework.boot.actuate.endpoint.mvc.EndpointMvcAdapter.invoke()
2016-05-19 01:16:39.663  INFO 8688 --- [main] o.s.j.e.a.AnnotationMBeanExporter        : Registering beans for JMX exposure on startup
2016-05-19 01:16:39.678  INFO 8688 --- [main] o.s.c.support.DefaultLifecycleProcessor  : Starting beans in phase 0
2016-05-19 01:16:39.845  INFO 8688 --- [main] s.b.c.e.t.TomcatEmbeddedServletContainer : Tomcat started on port(s): 9292 (http)
2016-05-19 01:16:39.852  INFO 8688 --- [main] com.mimacom.app.springboot.Application   : Started Application in 10.488 seconds (JVM running for 11.195)
2016-05-19 01:16:45.107  INFO 8688 --- [http-nio-9292-exec-1] o.a.c.c.C.[Tomcat].[localhost].[/]       : Initializing Spring FrameworkServlet 'dispatcherServlet'
2016-05-19 01:16:45.108  INFO 8688 --- [http-nio-9292-exec-1] o.s.web.servlet.DispatcherServlet        : FrameworkServlet 'dispatcherServlet': initialization started
2016-05-19 01:16:45.131  INFO 8688 --- [http-nio-9292-exec-1] o.s.web.servlet.DispatcherServlet        : FrameworkServlet 'dispatcherServlet': initialization completed in 23 ms
2016-05-19 01:17:16.630  INFO 5248 --- [main] com.mimacom.app.springboot.Application   : Starting Application on mima-ws-108 with PID 5248 (C:\development\projects\sample-spring-boot-app\sample-spring-boot-web\target\classes started by pado in C:\development\projects\sample-spring-boot-app)
2016-05-19 01:17:16.639  INFO 5248 --- [main] com.mimacom.app.springboot.Application   : No active profile set, falling back to default profiles: default
2016-05-19 01:17:16.913  INFO 5248 --- [main] ationConfigEmbeddedWebApplicationContext : Refreshing org.springframework.boot.context.embedded.AnnotationConfigEmbeddedWebApplicationContext@7e057f43: startup date [Thu May 19 01:17:16 CEST 2016]; root of context hierarchy
2016-05-19 01:17:18.724  INFO 5248 --- [main] o.s.b.f.s.DefaultListableBeanFactory     : Overriding bean definition for bean 'ignoredPathsWebSecurityConfigurerAdapter' with a different definition: replacing [Root bean: class [null]; scope=; abstract=false; lazyInit=false; autowireMode=3; dependencyCheck=0; autowireCandidate=true; primary=false; factoryBeanName=org.springframework.boot.autoconfigure.security.SpringBootWebSecurityConfiguration; factoryMethodName=ignoredPathsWebSecurityConfigurerAdapter; initMethodName=null; destroyMethodName=(inferred); defined in class path resource [org/springframework/boot/autoconfigure/security/SpringBootWebSecurityConfiguration.class]] with [Root bean: class [null]; scope=; abstract=false; lazyInit=false; autowireMode=3; dependencyCheck=0; autowireCandidate=true; primary=false; factoryBeanName=org.springframework.boot.actuate.autoconfigure.ManagementWebSecurityAutoConfiguration; factoryMethodName=ignoredPathsWebSecurityConfigurerAdapter; initMethodName=null; destroyMethodName=(inferred); defined in class path resource [org/springframework/boot/actuate/autoconfigure/ManagementWebSecurityAutoConfiguration.class]]
2016-05-19 01:17:19.708  INFO 5248 --- [main] trationDelegate$BeanPostProcessorChecker : Bean 'org.springframework.transaction.annotation.ProxyTransactionManagementConfiguration' of type [class org.springframework.transaction.annotation.ProxyTransactionManagementConfiguration$$EnhancerBySpringCGLIB$$2efc04b3] is not eligible for getting processed by all BeanPostProcessors (for example: not eligible for auto-proxying)
2016-05-19 01:17:20.493  INFO 5248 --- [main] s.b.c.e.t.TomcatEmbeddedServletContainer : Tomcat initialized with port(s): 9292 (http)
2016-05-19 01:17:20.506  INFO 5248 --- [main] o.apache.catalina.core.StandardService   : Starting service Tomcat
2016-05-19 01:17:20.508  INFO 5248 --- [main] org.apache.catalina.core.StandardEngine  : Starting Servlet Engine: Apache Tomcat/8.0.33
2016-05-19 01:17:20.664  INFO 5248 --- [localhost-startStop-1] o.a.c.c.C.[Tomcat].[localhost].[/]       : Initializing Spring embedded WebApplicationContext
2016-05-19 01:17:20.665  INFO 5248 --- [localhost-startStop-1] o.s.web.context.ContextLoader            : Root WebApplicationContext: initialization completed in 3757 ms
2016-05-19 01:17:21.308  INFO 5248 --- [localhost-startStop-1] o.s.b.w.servlet.FilterRegistrationBean   : Mapping filter: 'metricFilter' to: [/*]
2016-05-19 01:17:21.309  INFO 5248 --- [localhost-startStop-1] o.s.b.w.servlet.FilterRegistrationBean   : Mapping filter: 'characterEncodingFilter' to: [/*]
2016-05-19 01:17:21.309  INFO 5248 --- [localhost-startStop-1] o.s.b.w.servlet.FilterRegistrationBean   : Mapping filter: 'hiddenHttpMethodFilter' to: [/*]
2016-05-19 01:17:21.309  INFO 5248 --- [localhost-startStop-1] o.s.b.w.servlet.FilterRegistrationBean   : Mapping filter: 'httpPutFormContentFilter' to: [/*]
2016-05-19 01:17:21.310  INFO 5248 --- [localhost-startStop-1] o.s.b.w.servlet.FilterRegistrationBean   : Mapping filter: 'requestContextFilter' to: [/*]
2016-05-19 01:17:21.311  INFO 5248 --- [localhost-startStop-1] .s.DelegatingFilterProxyRegistrationBean : Mapping filter: 'springSecurityFilterChain' to: [/*]
2016-05-19 01:17:21.312  INFO 5248 --- [localhost-startStop-1] o.s.b.w.servlet.FilterRegistrationBean   : Mapping filter: 'webRequestLoggingFilter' to: [/*]
2016-05-19 01:17:21.312  INFO 5248 --- [localhost-startStop-1] o.s.b.w.servlet.FilterRegistrationBean   : Mapping filter: 'applicationContextIdFilter' to: [/*]
2016-05-19 01:17:21.312  INFO 5248 --- [localhost-startStop-1] o.s.b.w.servlet.ServletRegistrationBean  : Mapping servlet: 'dispatcherServlet' to [/]
2016-05-19 01:17:21.844  INFO 5248 --- [localhost-startStop-1] o.s.s.web.DefaultSecurityFilterChain     : Creating filter chain: OrRequestMatcher [requestMatchers=[Ant [pattern='/css/**'], Ant [pattern='/js/**'], Ant [pattern='/images/**'], Ant [pattern='/**/favicon.ico'], Ant [pattern='/error']]], []
2016-05-19 01:17:21.990  INFO 5248 --- [localhost-startStop-1] o.s.s.web.DefaultSecurityFilterChain     : Creating filter chain: Ant [pattern='/management/**'], [org.springframework.security.web.context.request.async.WebAsyncManagerIntegrationFilter@166fea8b, org.springframework.security.web.context.SecurityContextPersistenceFilter@8de2fd5, org.springframework.security.web.header.HeaderWriterFilter@6978057e, org.springframework.security.web.authentication.logout.LogoutFilter@725f0ca9, org.springframework.security.web.authentication.www.BasicAuthenticationFilter@db46232, org.springframework.security.web.savedrequest.RequestCacheAwareFilter@3689e1ed, org.springframework.security.web.servletapi.SecurityContextHolderAwareRequestFilter@2381fae8, org.springframework.security.web.authentication.AnonymousAuthenticationFilter@63244815, org.springframework.security.web.session.SessionManagementFilter@5013b52c, org.springframework.security.web.access.ExceptionTranslationFilter@5a1a1ecd, org.springframework.security.web.access.intercept.FilterSecurityInterceptor@200b5e64]
2016-05-19 01:17:22.040  INFO 5248 --- [localhost-startStop-1] o.s.s.web.DefaultSecurityFilterChain     : Creating filter chain: org.springframework.security.web.util.matcher.AnyRequestMatcher@1, [org.springframework.security.web.context.request.async.WebAsyncManagerIntegrationFilter@6a0ca4b, org.springframework.security.web.context.SecurityContextPersistenceFilter@7052df4d, org.springframework.security.web.header.HeaderWriterFilter@6d70e7b3, org.springframework.security.web.csrf.CsrfFilter@56eabc24, org.springframework.security.web.authentication.logout.LogoutFilter@16786a30, org.springframework.security.web.authentication.UsernamePasswordAuthenticationFilter@590e2dff, org.springframework.security.web.authentication.ui.DefaultLoginPageGeneratingFilter@70b66bdc, org.springframework.security.web.savedrequest.RequestCacheAwareFilter@3bde8cec, org.springframework.security.web.servletapi.SecurityContextHolderAwareRequestFilter@51f9b95b, org.springframework.security.web.session.SessionManagementFilter@73da468e, org.springframework.security.web.access.ExceptionTranslationFilter@5b5202a1, org.springframework.security.web.access.intercept.FilterSecurityInterceptor@63537c01]
2016-05-19 01:17:22.047  INFO 5248 --- [localhost-startStop-1] o.s.s.web.DefaultSecurityFilterChain     : Creating filter chain: OrRequestMatcher [requestMatchers=[Ant [pattern='/**']]], [org.springframework.security.web.context.request.async.WebAsyncManagerIntegrationFilter@33499388, org.springframework.security.web.context.SecurityContextPersistenceFilter@70958036, org.springframework.security.web.header.HeaderWriterFilter@57f7b0a2, org.springframework.security.web.authentication.logout.LogoutFilter@76fb0f30, org.springframework.security.web.authentication.www.BasicAuthenticationFilter@2a33a5e9, org.springframework.security.web.savedrequest.RequestCacheAwareFilter@471fe071, org.springframework.security.web.servletapi.SecurityContextHolderAwareRequestFilter@2d872a90, org.springframework.security.web.authentication.AnonymousAuthenticationFilter@3064f4f0, org.springframework.security.web.session.SessionManagementFilter@26dfbf17, org.springframework.security.web.access.ExceptionTranslationFilter@3c217396, org.springframework.security.web.access.intercept.FilterSecurityInterceptor@1f5746b0]
2016-05-19 01:17:22.516  INFO 5248 --- [main] j.LocalContainerEntityManagerFactoryBean : Building JPA container EntityManagerFactory for persistence unit 'default'
2016-05-19 01:17:22.543  INFO 5248 --- [main] o.hibernate.jpa.internal.util.LogHelper  : HHH000204: Processing PersistenceUnitInfo [
	name: default
	...]
2016-05-19 01:17:23.052  INFO 5248 --- [main] org.hibernate.Version                    : HHH000412: Hibernate Core {5.1.0.Final}
2016-05-19 01:17:23.054  INFO 5248 --- [main] org.hibernate.cfg.Environment            : HHH000206: hibernate.properties not found
2016-05-19 01:17:23.056  INFO 5248 --- [main] org.hibernate.cfg.Environment            : HHH000021: Bytecode provider name : javassist
2016-05-19 01:17:23.127  INFO 5248 --- [main] o.hibernate.annotations.common.Version   : HCANN000001: Hibernate Commons Annotations {5.0.1.Final}
2016-05-19 01:17:23.374  INFO 5248 --- [main] org.hibernate.dialect.Dialect            : HHH000400: Using dialect: org.hibernate.dialect.H2Dialect
2016-05-19 01:17:24.011  INFO 5248 --- [main] o.h.t.schema.internal.SchemaCreatorImpl  : HHH000476: Executing import script 'org.hibernate.tool.schema.internal.exec.ScriptSourceInputNonExistentImpl@2336cd91'
2016-05-19 01:17:24.061  INFO 5248 --- [main] j.LocalContainerEntityManagerFactoryBean : Initialized JPA EntityManagerFactory for persistence unit 'default'
2016-05-19 01:17:24.525  INFO 5248 --- [main] s.w.s.m.m.a.RequestMappingHandlerAdapter : Looking for @ControllerAdvice: org.springframework.boot.context.embedded.AnnotationConfigEmbeddedWebApplicationContext@7e057f43: startup date [Thu May 19 01:17:16 CEST 2016]; root of context hierarchy
2016-05-19 01:17:24.626  INFO 5248 --- [main] s.w.s.m.m.a.RequestMappingHandlerMapping : Mapped "{[/api/user],methods=[GET]}" onto public void com.mimacom.app.springboot.web.UserController.addRandom()
2016-05-19 01:17:24.629  INFO 5248 --- [main] s.w.s.m.m.a.RequestMappingHandlerMapping : Mapped "{[/error]}" onto public org.springframework.http.ResponseEntity<java.util.Map<java.lang.String, java.lang.Object>> org.springframework.boot.autoconfigure.web.BasicErrorController.error(javax.servlet.http.HttpServletRequest)
2016-05-19 01:17:24.630  INFO 5248 --- [main] s.w.s.m.m.a.RequestMappingHandlerMapping : Mapped "{[/error],produces=[text/html]}" onto public org.springframework.web.servlet.ModelAndView org.springframework.boot.autoconfigure.web.BasicErrorController.errorHtml(javax.servlet.http.HttpServletRequest,javax.servlet.http.HttpServletResponse)
2016-05-19 01:17:24.639  INFO 5248 --- [main] o.s.w.s.c.a.WebMvcConfigurerAdapter      : Adding welcome page: class path resource [static/index.html]
2016-05-19 01:17:24.661  INFO 5248 --- [main] o.s.w.s.handler.SimpleUrlHandlerMapping  : Root mapping to handler of type [class org.springframework.web.servlet.mvc.ParameterizableViewController]
2016-05-19 01:17:24.682  INFO 5248 --- [main] o.s.w.s.handler.SimpleUrlHandlerMapping  : Mapped URL path [/webjars/**] onto handler of type [class org.springframework.web.servlet.resource.ResourceHttpRequestHandler]
2016-05-19 01:17:24.683  INFO 5248 --- [main] o.s.w.s.handler.SimpleUrlHandlerMapping  : Mapped URL path [/**] onto handler of type [class org.springframework.web.servlet.resource.ResourceHttpRequestHandler]
2016-05-19 01:17:24.768  INFO 5248 --- [main] o.s.w.s.handler.SimpleUrlHandlerMapping  : Mapped URL path [/**/favicon.ico] onto handler of type [class org.springframework.web.servlet.resource.ResourceHttpRequestHandler]
2016-05-19 01:17:25.544  INFO 5248 --- [main] o.s.b.a.e.mvc.EndpointHandlerMapping     : Mapped "{[/management/health || /management/health.json],produces=[application/json]}" onto public java.lang.Object org.springframework.boot.actuate.endpoint.mvc.HealthMvcEndpoint.invoke(java.security.Principal)
2016-05-19 01:17:25.547  INFO 5248 --- [main] o.s.b.a.e.mvc.EndpointHandlerMapping     : Mapped "{[/management/mappings || /management/mappings.json],methods=[GET],produces=[application/json]}" onto public java.lang.Object org.springframework.boot.actuate.endpoint.mvc.EndpointMvcAdapter.invoke()
2016-05-19 01:17:25.548  INFO 5248 --- [main] o.s.b.a.e.mvc.EndpointHandlerMapping     : Mapped "{[/management/info || /management/info.json],methods=[GET],produces=[application/json]}" onto public java.lang.Object org.springframework.boot.actuate.endpoint.mvc.EndpointMvcAdapter.invoke()
2016-05-19 01:17:25.549  INFO 5248 --- [main] o.s.b.a.e.mvc.EndpointHandlerMapping     : Mapped "{[/management/autoconfig || /management/autoconfig.json],methods=[GET],produces=[application/json]}" onto public java.lang.Object org.springframework.boot.actuate.endpoint.mvc.EndpointMvcAdapter.invoke()
2016-05-19 01:17:25.550  INFO 5248 --- [main] o.s.b.a.e.mvc.EndpointHandlerMapping     : Mapped "{[/management/logfile || /management/logfile.json],methods=[GET || HEAD]}" onto public void org.springframework.boot.actuate.endpoint.mvc.LogFileMvcEndpoint.invoke(javax.servlet.http.HttpServletRequest,javax.servlet.http.HttpServletResponse) throws javax.servlet.ServletException,java.io.IOException
2016-05-19 01:17:25.551  INFO 5248 --- [main] o.s.b.a.e.mvc.EndpointHandlerMapping     : Mapped "{[/management/dump || /management/dump.json],methods=[GET],produces=[application/json]}" onto public java.lang.Object org.springframework.boot.actuate.endpoint.mvc.EndpointMvcAdapter.invoke()
2016-05-19 01:17:25.552  INFO 5248 --- [main] o.s.b.a.e.mvc.EndpointHandlerMapping     : Mapped "{[/management/metrics/{name:.*}],methods=[GET],produces=[application/json]}" onto public java.lang.Object org.springframework.boot.actuate.endpoint.mvc.MetricsMvcEndpoint.value(java.lang.String)
2016-05-19 01:17:25.553  INFO 5248 --- [main] o.s.b.a.e.mvc.EndpointHandlerMapping     : Mapped "{[/management/metrics || /management/metrics.json],methods=[GET],produces=[application/json]}" onto public java.lang.Object org.springframework.boot.actuate.endpoint.mvc.EndpointMvcAdapter.invoke()
2016-05-19 01:17:25.556  INFO 5248 --- [main] o.s.b.a.e.mvc.EndpointHandlerMapping     : Mapped "{[/management/trace || /management/trace.json],methods=[GET],produces=[application/json]}" onto public java.lang.Object org.springframework.boot.actuate.endpoint.mvc.EndpointMvcAdapter.invoke()
2016-05-19 01:17:25.561  INFO 5248 --- [main] o.s.b.a.e.mvc.EndpointHandlerMapping     : Mapped "{[/management/env/{name:.*}],methods=[GET],produces=[application/json]}" onto public java.lang.Object org.springframework.boot.actuate.endpoint.mvc.EnvironmentMvcEndpoint.value(java.lang.String)
2016-05-19 01:17:25.562  INFO 5248 --- [main] o.s.b.a.e.mvc.EndpointHandlerMapping     : Mapped "{[/management/env || /management/env.json],methods=[GET],produces=[application/json]}" onto public java.lang.Object org.springframework.boot.actuate.endpoint.mvc.EndpointMvcAdapter.invoke()
2016-05-19 01:17:25.563  INFO 5248 --- [main] o.s.b.a.e.mvc.EndpointHandlerMapping     : Mapped "{[/management/beans || /management/beans.json],methods=[GET],produces=[application/json]}" onto public java.lang.Object org.springframework.boot.actuate.endpoint.mvc.EndpointMvcAdapter.invoke()
2016-05-19 01:17:25.564  INFO 5248 --- [main] o.s.b.a.e.mvc.EndpointHandlerMapping     : Mapped "{[/management/configprops || /management/configprops.json],methods=[GET],produces=[application/json]}" onto public java.lang.Object org.springframework.boot.actuate.endpoint.mvc.EndpointMvcAdapter.invoke()
2016-05-19 01:17:25.905  INFO 5248 --- [main] o.s.j.e.a.AnnotationMBeanExporter        : Registering beans for JMX exposure on startup
2016-05-19 01:17:25.919  INFO 5248 --- [main] o.s.c.support.DefaultLifecycleProcessor  : Starting beans in phase 0
2016-05-19 01:17:26.104  INFO 5248 --- [main] s.b.c.e.t.TomcatEmbeddedServletContainer : Tomcat started on port(s): 9292 (http)
2016-05-19 01:17:26.110  INFO 5248 --- [main] com.mimacom.app.springboot.Application   : Started Application in 10.346 seconds (JVM running for 11.084)
2016-05-19 01:17:34.512  INFO 5248 --- [http-nio-9292-exec-1] o.a.c.c.C.[Tomcat].[localhost].[/]       : Initializing Spring FrameworkServlet 'dispatcherServlet'
2016-05-19 01:17:34.513  INFO 5248 --- [http-nio-9292-exec-1] o.s.web.servlet.DispatcherServlet        : FrameworkServlet 'dispatcherServlet': initialization started
2016-05-19 01:17:34.533  INFO 5248 --- [http-nio-9292-exec-1] o.s.web.servlet.DispatcherServlet        : FrameworkServlet 'dispatcherServlet': initialization completed in 20 ms
2016-05-19 01:17:37.722  WARN 5248 --- [http-nio-9292-exec-2] o.s.w.s.r.ResourceHttpRequestHandler     : Locations list is empty. No resources will be served unless a custom ResourceResolver is configured as an alternative to PathResourceResolver.
2016-05-19 01:30:52.684  INFO 5628 --- [main] com.mimacom.app.springboot.Application   : Starting Application on mima-ws-108 with PID 5628 (C:\development\projects\sample-spring-boot-app\sample-spring-boot-web\target\classes started by pado in C:\development\projects\sample-spring-boot-app)
2016-05-19 01:30:52.688  INFO 5628 --- [main] com.mimacom.app.springboot.Application   : No active profile set, falling back to default profiles: default
2016-05-19 01:30:52.866  INFO 5628 --- [main] ationConfigEmbeddedWebApplicationContext : Refreshing org.springframework.boot.context.embedded.AnnotationConfigEmbeddedWebApplicationContext@7e057f43: startup date [Thu May 19 01:30:52 CEST 2016]; root of context hierarchy
2016-05-19 01:30:55.591  INFO 5628 --- [main] o.s.b.f.s.DefaultListableBeanFactory     : Overriding bean definition for bean 'ignoredPathsWebSecurityConfigurerAdapter' with a different definition: replacing [Root bean: class [null]; scope=; abstract=false; lazyInit=false; autowireMode=3; dependencyCheck=0; autowireCandidate=true; primary=false; factoryBeanName=org.springframework.boot.autoconfigure.security.SpringBootWebSecurityConfiguration; factoryMethodName=ignoredPathsWebSecurityConfigurerAdapter; initMethodName=null; destroyMethodName=(inferred); defined in class path resource [org/springframework/boot/autoconfigure/security/SpringBootWebSecurityConfiguration.class]] with [Root bean: class [null]; scope=; abstract=false; lazyInit=false; autowireMode=3; dependencyCheck=0; autowireCandidate=true; primary=false; factoryBeanName=org.springframework.boot.actuate.autoconfigure.ManagementWebSecurityAutoConfiguration; factoryMethodName=ignoredPathsWebSecurityConfigurerAdapter; initMethodName=null; destroyMethodName=(inferred); defined in class path resource [org/springframework/boot/actuate/autoconfigure/ManagementWebSecurityAutoConfiguration.class]]
2016-05-19 01:30:57.405  INFO 5628 --- [main] trationDelegate$BeanPostProcessorChecker : Bean 'org.springframework.transaction.annotation.ProxyTransactionManagementConfiguration' of type [class org.springframework.transaction.annotation.ProxyTransactionManagementConfiguration$$EnhancerBySpringCGLIB$$2b5d7378] is not eligible for getting processed by all BeanPostProcessors (for example: not eligible for auto-proxying)
2016-05-19 01:30:58.399  INFO 5628 --- [main] s.b.c.e.t.TomcatEmbeddedServletContainer : Tomcat initialized with port(s): 9292 (http)
2016-05-19 01:30:58.416  INFO 5628 --- [main] o.apache.catalina.core.StandardService   : Starting service Tomcat
2016-05-19 01:30:58.418  INFO 5628 --- [main] org.apache.catalina.core.StandardEngine  : Starting Servlet Engine: Apache Tomcat/8.0.33
2016-05-19 01:30:58.602  INFO 5628 --- [localhost-startStop-1] o.a.c.c.C.[Tomcat].[localhost].[/]       : Initializing Spring embedded WebApplicationContext
2016-05-19 01:30:58.602  INFO 5628 --- [localhost-startStop-1] o.s.web.context.ContextLoader            : Root WebApplicationContext: initialization completed in 5741 ms
2016-05-19 01:30:59.265  INFO 5628 --- [localhost-startStop-1] o.s.b.w.servlet.FilterRegistrationBean   : Mapping filter: 'metricFilter' to: [/*]
2016-05-19 01:30:59.266  INFO 5628 --- [localhost-startStop-1] o.s.b.w.servlet.FilterRegistrationBean   : Mapping filter: 'characterEncodingFilter' to: [/*]
2016-05-19 01:30:59.266  INFO 5628 --- [localhost-startStop-1] o.s.b.w.servlet.FilterRegistrationBean   : Mapping filter: 'hiddenHttpMethodFilter' to: [/*]
2016-05-19 01:30:59.267  INFO 5628 --- [localhost-startStop-1] o.s.b.w.servlet.FilterRegistrationBean   : Mapping filter: 'httpPutFormContentFilter' to: [/*]
2016-05-19 01:30:59.267  INFO 5628 --- [localhost-startStop-1] o.s.b.w.servlet.FilterRegistrationBean   : Mapping filter: 'requestContextFilter' to: [/*]
2016-05-19 01:30:59.269  INFO 5628 --- [localhost-startStop-1] .s.DelegatingFilterProxyRegistrationBean : Mapping filter: 'springSecurityFilterChain' to: [/*]
2016-05-19 01:30:59.269  INFO 5628 --- [localhost-startStop-1] o.s.b.w.servlet.FilterRegistrationBean   : Mapping filter: 'webRequestLoggingFilter' to: [/*]
2016-05-19 01:30:59.269  INFO 5628 --- [localhost-startStop-1] o.s.b.w.servlet.FilterRegistrationBean   : Mapping filter: 'applicationContextIdFilter' to: [/*]
2016-05-19 01:30:59.269  INFO 5628 --- [localhost-startStop-1] o.s.b.w.servlet.ServletRegistrationBean  : Mapping servlet: 'dispatcherServlet' to [/]
2016-05-19 01:30:59.779  INFO 5628 --- [localhost-startStop-1] o.s.s.web.DefaultSecurityFilterChain     : Creating filter chain: OrRequestMatcher [requestMatchers=[Ant [pattern='/css/**'], Ant [pattern='/js/**'], Ant [pattern='/images/**'], Ant [pattern='/**/favicon.ico'], Ant [pattern='/error']]], []
2016-05-19 01:30:59.915  INFO 5628 --- [localhost-startStop-1] o.s.s.web.DefaultSecurityFilterChain     : Creating filter chain: Ant [pattern='/management/**'], [org.springframework.security.web.context.request.async.WebAsyncManagerIntegrationFilter@6ac7ada3, org.springframework.security.web.context.SecurityContextPersistenceFilter@70f81768, org.springframework.security.web.header.HeaderWriterFilter@58fa0ab6, org.springframework.security.web.authentication.logout.LogoutFilter@1ba3e0c8, org.springframework.security.web.authentication.www.BasicAuthenticationFilter@48e56a11, org.springframework.security.web.savedrequest.RequestCacheAwareFilter@69f2da61, org.springframework.security.web.servletapi.SecurityContextHolderAwareRequestFilter@2927aab9, org.springframework.security.web.authentication.AnonymousAuthenticationFilter@7921013f, org.springframework.security.web.session.SessionManagementFilter@70b05736, org.springframework.security.web.access.ExceptionTranslationFilter@7a261cd7, org.springframework.security.web.access.intercept.FilterSecurityInterceptor@372ace3d]
2016-05-19 01:30:59.966  INFO 5628 --- [localhost-startStop-1] o.s.s.web.DefaultSecurityFilterChain     : Creating filter chain: org.springframework.security.web.util.matcher.AnyRequestMatcher@1, [org.springframework.security.web.context.request.async.WebAsyncManagerIntegrationFilter@52d2e41f, org.springframework.security.web.context.SecurityContextPersistenceFilter@45a89ce9, org.springframework.security.web.header.HeaderWriterFilter@4274299f, org.springframework.security.web.csrf.CsrfFilter@31fd15c3, org.springframework.security.web.authentication.logout.LogoutFilter@347e61c9, org.springframework.security.web.authentication.UsernamePasswordAuthenticationFilter@1fe7d2dc, org.springframework.security.web.authentication.ui.DefaultLoginPageGeneratingFilter@3530fc52, org.springframework.security.web.savedrequest.RequestCacheAwareFilter@5cceef9d, org.springframework.security.web.servletapi.SecurityContextHolderAwareRequestFilter@3f950d4a, org.springframework.security.web.session.SessionManagementFilter@1ca2c1b3, org.springframework.security.web.access.ExceptionTranslationFilter@50192cc5, org.springframework.security.web.access.intercept.FilterSecurityInterceptor@6ba60e64]
2016-05-19 01:30:59.971  INFO 5628 --- [localhost-startStop-1] o.s.s.web.DefaultSecurityFilterChain     : Creating filter chain: OrRequestMatcher [requestMatchers=[Ant [pattern='/**']]], [org.springframework.security.web.context.request.async.WebAsyncManagerIntegrationFilter@12e751d6, org.springframework.security.web.context.SecurityContextPersistenceFilter@2856ad08, org.springframework.security.web.header.HeaderWriterFilter@5ad548db, org.springframework.security.web.authentication.logout.LogoutFilter@7d9da378, org.springframework.security.web.authentication.www.BasicAuthenticationFilter@603e6f2e, org.springframework.security.web.savedrequest.RequestCacheAwareFilter@8918e94, org.springframework.security.web.servletapi.SecurityContextHolderAwareRequestFilter@78f28ccd, org.springframework.security.web.authentication.AnonymousAuthenticationFilter@24d799f7, org.springframework.security.web.session.SessionManagementFilter@6bfdd2f1, org.springframework.security.web.access.ExceptionTranslationFilter@4b2d7957, org.springframework.security.web.access.intercept.FilterSecurityInterceptor@be57b09]
2016-05-19 01:31:00.432  INFO 5628 --- [main] j.LocalContainerEntityManagerFactoryBean : Building JPA container EntityManagerFactory for persistence unit 'default'
2016-05-19 01:31:00.462  INFO 5628 --- [main] o.hibernate.jpa.internal.util.LogHelper  : HHH000204: Processing PersistenceUnitInfo [
	name: default
	...]
2016-05-19 01:31:00.814  INFO 5628 --- [main] org.hibernate.Version                    : HHH000412: Hibernate Core {5.1.0.Final}
2016-05-19 01:31:00.818  INFO 5628 --- [main] org.hibernate.cfg.Environment            : HHH000206: hibernate.properties not found
2016-05-19 01:31:00.820  INFO 5628 --- [main] org.hibernate.cfg.Environment            : HHH000021: Bytecode provider name : javassist
2016-05-19 01:31:00.883  INFO 5628 --- [main] o.hibernate.annotations.common.Version   : HCANN000001: Hibernate Commons Annotations {5.0.1.Final}
2016-05-19 01:31:01.090  INFO 5628 --- [main] org.hibernate.dialect.Dialect            : HHH000400: Using dialect: org.hibernate.dialect.H2Dialect
2016-05-19 01:31:01.687  INFO 5628 --- [main] o.h.t.schema.internal.SchemaCreatorImpl  : HHH000476: Executing import script 'org.hibernate.tool.schema.internal.exec.ScriptSourceInputNonExistentImpl@6b7c4734'
2016-05-19 01:31:01.736  INFO 5628 --- [main] j.LocalContainerEntityManagerFactoryBean : Initialized JPA EntityManagerFactory for persistence unit 'default'
2016-05-19 01:31:02.211  INFO 5628 --- [main] s.w.s.m.m.a.RequestMappingHandlerAdapter : Looking for @ControllerAdvice: org.springframework.boot.context.embedded.AnnotationConfigEmbeddedWebApplicationContext@7e057f43: startup date [Thu May 19 01:30:52 CEST 2016]; root of context hierarchy
2016-05-19 01:31:02.312  INFO 5628 --- [main] s.w.s.m.m.a.RequestMappingHandlerMapping : Mapped "{[/api/user],methods=[GET]}" onto public void com.mimacom.app.springboot.web.UserController.addRandom()
2016-05-19 01:31:02.315  INFO 5628 --- [main] s.w.s.m.m.a.RequestMappingHandlerMapping : Mapped "{[/error]}" onto public org.springframework.http.ResponseEntity<java.util.Map<java.lang.String, java.lang.Object>> org.springframework.boot.autoconfigure.web.BasicErrorController.error(javax.servlet.http.HttpServletRequest)
2016-05-19 01:31:02.316  INFO 5628 --- [main] s.w.s.m.m.a.RequestMappingHandlerMapping : Mapped "{[/error],produces=[text/html]}" onto public org.springframework.web.servlet.ModelAndView org.springframework.boot.autoconfigure.web.BasicErrorController.errorHtml(javax.servlet.http.HttpServletRequest,javax.servlet.http.HttpServletResponse)
2016-05-19 01:31:02.324  INFO 5628 --- [main] o.s.w.s.c.a.WebMvcConfigurerAdapter      : Adding welcome page: class path resource [static/index.html]
2016-05-19 01:31:02.350  INFO 5628 --- [main] o.s.w.s.handler.SimpleUrlHandlerMapping  : Root mapping to handler of type [class org.springframework.web.servlet.mvc.ParameterizableViewController]
2016-05-19 01:31:02.374  INFO 5628 --- [main] o.s.w.s.handler.SimpleUrlHandlerMapping  : Mapped URL path [/webjars/**] onto handler of type [class org.springframework.web.servlet.resource.ResourceHttpRequestHandler]
2016-05-19 01:31:02.374  INFO 5628 --- [main] o.s.w.s.handler.SimpleUrlHandlerMapping  : Mapped URL path [/**] onto handler of type [class org.springframework.web.servlet.resource.ResourceHttpRequestHandler]
2016-05-19 01:31:02.469  INFO 5628 --- [main] o.s.w.s.handler.SimpleUrlHandlerMapping  : Mapped URL path [/**/favicon.ico] onto handler of type [class org.springframework.web.servlet.resource.ResourceHttpRequestHandler]
2016-05-19 01:31:03.137  INFO 5628 --- [main] o.s.b.a.e.mvc.EndpointHandlerMapping     : Mapped "{[/management/mappings || /management/mappings.json],methods=[GET],produces=[application/json]}" onto public java.lang.Object org.springframework.boot.actuate.endpoint.mvc.EndpointMvcAdapter.invoke()
2016-05-19 01:31:03.139  INFO 5628 --- [main] o.s.b.a.e.mvc.EndpointHandlerMapping     : Mapped "{[/management/metrics/{name:.*}],methods=[GET],produces=[application/json]}" onto public java.lang.Object org.springframework.boot.actuate.endpoint.mvc.MetricsMvcEndpoint.value(java.lang.String)
2016-05-19 01:31:03.139  INFO 5628 --- [main] o.s.b.a.e.mvc.EndpointHandlerMapping     : Mapped "{[/management/metrics || /management/metrics.json],methods=[GET],produces=[application/json]}" onto public java.lang.Object org.springframework.boot.actuate.endpoint.mvc.EndpointMvcAdapter.invoke()
2016-05-19 01:31:03.139  INFO 5628 --- [main] o.s.b.a.e.mvc.EndpointHandlerMapping     : Mapped "{[/management/logfile || /management/logfile.json],methods=[GET || HEAD]}" onto public void org.springframework.boot.actuate.endpoint.mvc.LogFileMvcEndpoint.invoke(javax.servlet.http.HttpServletRequest,javax.servlet.http.HttpServletResponse) throws javax.servlet.ServletException,java.io.IOException
2016-05-19 01:31:03.140  INFO 5628 --- [main] o.s.b.a.e.mvc.EndpointHandlerMapping     : Mapped "{[/management/configprops || /management/configprops.json],methods=[GET],produces=[application/json]}" onto public java.lang.Object org.springframework.boot.actuate.endpoint.mvc.EndpointMvcAdapter.invoke()
2016-05-19 01:31:03.141  INFO 5628 --- [main] o.s.b.a.e.mvc.EndpointHandlerMapping     : Mapped "{[/management/info || /management/info.json],methods=[GET],produces=[application/json]}" onto public java.lang.Object org.springframework.boot.actuate.endpoint.mvc.EndpointMvcAdapter.invoke()
2016-05-19 01:31:03.142  INFO 5628 --- [main] o.s.b.a.e.mvc.EndpointHandlerMapping     : Mapped "{[/management/trace || /management/trace.json],methods=[GET],produces=[application/json]}" onto public java.lang.Object org.springframework.boot.actuate.endpoint.mvc.EndpointMvcAdapter.invoke()
2016-05-19 01:31:03.145  INFO 5628 --- [main] o.s.b.a.e.mvc.EndpointHandlerMapping     : Mapped "{[/management/dump || /management/dump.json],methods=[GET],produces=[application/json]}" onto public java.lang.Object org.springframework.boot.actuate.endpoint.mvc.EndpointMvcAdapter.invoke()
2016-05-19 01:31:03.147  INFO 5628 --- [main] o.s.b.a.e.mvc.EndpointHandlerMapping     : Mapped "{[/management/health || /management/health.json],produces=[application/json]}" onto public java.lang.Object org.springframework.boot.actuate.endpoint.mvc.HealthMvcEndpoint.invoke(java.security.Principal)
2016-05-19 01:31:03.148  INFO 5628 --- [main] o.s.b.a.e.mvc.EndpointHandlerMapping     : Mapped "{[/management/beans || /management/beans.json],methods=[GET],produces=[application/json]}" onto public java.lang.Object org.springframework.boot.actuate.endpoint.mvc.EndpointMvcAdapter.invoke()
2016-05-19 01:31:03.152  INFO 5628 --- [main] o.s.b.a.e.mvc.EndpointHandlerMapping     : Mapped "{[/management/env/{name:.*}],methods=[GET],produces=[application/json]}" onto public java.lang.Object org.springframework.boot.actuate.endpoint.mvc.EnvironmentMvcEndpoint.value(java.lang.String)
2016-05-19 01:31:03.152  INFO 5628 --- [main] o.s.b.a.e.mvc.EndpointHandlerMapping     : Mapped "{[/management/env || /management/env.json],methods=[GET],produces=[application/json]}" onto public java.lang.Object org.springframework.boot.actuate.endpoint.mvc.EndpointMvcAdapter.invoke()
2016-05-19 01:31:03.153  INFO 5628 --- [main] o.s.b.a.e.mvc.EndpointHandlerMapping     : Mapped "{[/management/autoconfig || /management/autoconfig.json],methods=[GET],produces=[application/json]}" onto public java.lang.Object org.springframework.boot.actuate.endpoint.mvc.EndpointMvcAdapter.invoke()
2016-05-19 01:31:03.506  INFO 5628 --- [main] o.s.j.e.a.AnnotationMBeanExporter        : Registering beans for JMX exposure on startup
2016-05-19 01:31:03.528  INFO 5628 --- [main] o.s.c.support.DefaultLifecycleProcessor  : Starting beans in phase 0
2016-05-19 01:31:03.702  INFO 5628 --- [main] s.b.c.e.t.TomcatEmbeddedServletContainer : Tomcat started on port(s): 9292 (http)
2016-05-19 01:31:03.708  INFO 5628 --- [main] com.mimacom.app.springboot.Application   : Started Application in 11.704 seconds (JVM running for 12.177)
2016-05-19 01:31:29.268  INFO 5628 --- [http-nio-9292-exec-1] o.a.c.c.C.[Tomcat].[localhost].[/]       : Initializing Spring FrameworkServlet 'dispatcherServlet'
2016-05-19 01:31:29.268  INFO 5628 --- [http-nio-9292-exec-1] o.s.web.servlet.DispatcherServlet        : FrameworkServlet 'dispatcherServlet': initialization started
2016-05-19 01:31:29.297  INFO 5628 --- [http-nio-9292-exec-1] o.s.web.servlet.DispatcherServlet        : FrameworkServlet 'dispatcherServlet': initialization completed in 29 ms
2016-05-19 01:34:46.582  INFO 4380 --- [main] com.mimacom.app.springboot.Application   : Starting Application on mima-ws-108 with PID 4380 (C:\development\projects\sample-spring-boot-app\sample-spring-boot-web\target\classes started by pado in C:\development\projects\sample-spring-boot-app)
2016-05-19 01:34:46.587  INFO 4380 --- [main] com.mimacom.app.springboot.Application   : No active profile set, falling back to default profiles: default
2016-05-19 01:34:46.723  INFO 4380 --- [main] ationConfigEmbeddedWebApplicationContext : Refreshing org.springframework.boot.context.embedded.AnnotationConfigEmbeddedWebApplicationContext@7e057f43: startup date [Thu May 19 01:34:46 CEST 2016]; root of context hierarchy
2016-05-19 01:34:49.008  INFO 4380 --- [main] o.s.b.f.s.DefaultListableBeanFactory     : Overriding bean definition for bean 'ignoredPathsWebSecurityConfigurerAdapter' with a different definition: replacing [Root bean: class [null]; scope=; abstract=false; lazyInit=false; autowireMode=3; dependencyCheck=0; autowireCandidate=true; primary=false; factoryBeanName=org.springframework.boot.autoconfigure.security.SpringBootWebSecurityConfiguration; factoryMethodName=ignoredPathsWebSecurityConfigurerAdapter; initMethodName=null; destroyMethodName=(inferred); defined in class path resource [org/springframework/boot/autoconfigure/security/SpringBootWebSecurityConfiguration.class]] with [Root bean: class [null]; scope=; abstract=false; lazyInit=false; autowireMode=3; dependencyCheck=0; autowireCandidate=true; primary=false; factoryBeanName=org.springframework.boot.actuate.autoconfigure.ManagementWebSecurityAutoConfiguration; factoryMethodName=ignoredPathsWebSecurityConfigurerAdapter; initMethodName=null; destroyMethodName=(inferred); defined in class path resource [org/springframework/boot/actuate/autoconfigure/ManagementWebSecurityAutoConfiguration.class]]
2016-05-19 01:34:49.867  INFO 4380 --- [main] trationDelegate$BeanPostProcessorChecker : Bean 'org.springframework.transaction.annotation.ProxyTransactionManagementConfiguration' of type [class org.springframework.transaction.annotation.ProxyTransactionManagementConfiguration$$EnhancerBySpringCGLIB$$b6743fd4] is not eligible for getting processed by all BeanPostProcessors (for example: not eligible for auto-proxying)
2016-05-19 01:34:50.699  INFO 4380 --- [main] s.b.c.e.t.TomcatEmbeddedServletContainer : Tomcat initialized with port(s): 9292 (http)
2016-05-19 01:34:50.718  INFO 4380 --- [main] o.apache.catalina.core.StandardService   : Starting service Tomcat
2016-05-19 01:34:50.720  INFO 4380 --- [main] org.apache.catalina.core.StandardEngine  : Starting Servlet Engine: Apache Tomcat/8.0.33
2016-05-19 01:34:50.922  INFO 4380 --- [localhost-startStop-1] o.a.c.c.C.[Tomcat].[localhost].[/]       : Initializing Spring embedded WebApplicationContext
2016-05-19 01:34:50.922  INFO 4380 --- [localhost-startStop-1] o.s.web.context.ContextLoader            : Root WebApplicationContext: initialization completed in 4204 ms
2016-05-19 01:34:51.664  INFO 4380 --- [localhost-startStop-1] o.s.b.w.servlet.FilterRegistrationBean   : Mapping filter: 'metricFilter' to: [/*]
2016-05-19 01:34:51.665  INFO 4380 --- [localhost-startStop-1] o.s.b.w.servlet.FilterRegistrationBean   : Mapping filter: 'characterEncodingFilter' to: [/*]
2016-05-19 01:34:51.665  INFO 4380 --- [localhost-startStop-1] o.s.b.w.servlet.FilterRegistrationBean   : Mapping filter: 'hiddenHttpMethodFilter' to: [/*]
2016-05-19 01:34:51.665  INFO 4380 --- [localhost-startStop-1] o.s.b.w.servlet.FilterRegistrationBean   : Mapping filter: 'httpPutFormContentFilter' to: [/*]
2016-05-19 01:34:51.666  INFO 4380 --- [localhost-startStop-1] o.s.b.w.servlet.FilterRegistrationBean   : Mapping filter: 'requestContextFilter' to: [/*]
2016-05-19 01:34:51.667  INFO 4380 --- [localhost-startStop-1] .s.DelegatingFilterProxyRegistrationBean : Mapping filter: 'springSecurityFilterChain' to: [/*]
2016-05-19 01:34:51.667  INFO 4380 --- [localhost-startStop-1] o.s.b.w.servlet.FilterRegistrationBean   : Mapping filter: 'webRequestLoggingFilter' to: [/*]
2016-05-19 01:34:51.668  INFO 4380 --- [localhost-startStop-1] o.s.b.w.servlet.FilterRegistrationBean   : Mapping filter: 'applicationContextIdFilter' to: [/*]
2016-05-19 01:34:51.668  INFO 4380 --- [localhost-startStop-1] o.s.b.w.servlet.ServletRegistrationBean  : Mapping servlet: 'dispatcherServlet' to [/]
2016-05-19 01:34:52.227  INFO 4380 --- [localhost-startStop-1] o.s.s.web.DefaultSecurityFilterChain     : Creating filter chain: OrRequestMatcher [requestMatchers=[Ant [pattern='/css/**'], Ant [pattern='/js/**'], Ant [pattern='/images/**'], Ant [pattern='/**/favicon.ico'], Ant [pattern='/error']]], []
2016-05-19 01:34:52.452  INFO 4380 --- [localhost-startStop-1] o.s.s.web.DefaultSecurityFilterChain     : Creating filter chain: Ant [pattern='/management/**'], [org.springframework.security.web.context.request.async.WebAsyncManagerIntegrationFilter@64dd5caa, org.springframework.security.web.context.SecurityContextPersistenceFilter@340c2ebd, org.springframework.security.web.header.HeaderWriterFilter@597ad666, org.springframework.security.web.authentication.logout.LogoutFilter@5cd1e1d9, org.springframework.security.web.authentication.www.BasicAuthenticationFilter@ab628d4, org.springframework.security.web.savedrequest.RequestCacheAwareFilter@25844370, org.springframework.security.web.servletapi.SecurityContextHolderAwareRequestFilter@32fad9cc, org.springframework.security.web.authentication.AnonymousAuthenticationFilter@3b0832b2, org.springframework.security.web.session.SessionManagementFilter@33879643, org.springframework.security.web.access.ExceptionTranslationFilter@1236e6ae, org.springframework.security.web.access.intercept.FilterSecurityInterceptor@774255a6]
2016-05-19 01:34:52.502  INFO 4380 --- [localhost-startStop-1] o.s.s.web.DefaultSecurityFilterChain     : Creating filter chain: org.springframework.security.web.util.matcher.AnyRequestMatcher@1, [org.springframework.security.web.context.request.async.WebAsyncManagerIntegrationFilter@1e05ed1, org.springframework.security.web.context.SecurityContextPersistenceFilter@1a56e0b7, org.springframework.security.web.header.HeaderWriterFilter@3c332d06, org.springframework.security.web.csrf.CsrfFilter@35fda7ed, org.springframework.security.web.authentication.logout.LogoutFilter@3f99c40e, org.springframework.security.web.authentication.UsernamePasswordAuthenticationFilter@5e642745, org.springframework.security.web.authentication.ui.DefaultLoginPageGeneratingFilter@12e7ddbd, org.springframework.security.web.savedrequest.RequestCacheAwareFilter@125e6850, org.springframework.security.web.servletapi.SecurityContextHolderAwareRequestFilter@37202c00, org.springframework.security.web.session.SessionManagementFilter@42ccf5cc, org.springframework.security.web.access.ExceptionTranslationFilter@65ddabb6, org.springframework.security.web.access.intercept.FilterSecurityInterceptor@57f26f53]
2016-05-19 01:34:52.509  INFO 4380 --- [localhost-startStop-1] o.s.s.web.DefaultSecurityFilterChain     : Creating filter chain: OrRequestMatcher [requestMatchers=[Ant [pattern='/**']]], [org.springframework.security.web.context.request.async.WebAsyncManagerIntegrationFilter@55b4b55a, org.springframework.security.web.context.SecurityContextPersistenceFilter@3d3ee33b, org.springframework.security.web.header.HeaderWriterFilter@461b61a1, org.springframework.security.web.authentication.logout.LogoutFilter@29d32932, org.springframework.security.web.authentication.www.BasicAuthenticationFilter@63be3008, org.springframework.security.web.savedrequest.RequestCacheAwareFilter@53d8434, org.springframework.security.web.servletapi.SecurityContextHolderAwareRequestFilter@1836eb5b, org.springframework.security.web.authentication.AnonymousAuthenticationFilter@32894f18, org.springframework.security.web.session.SessionManagementFilter@6ffbd5ea, org.springframework.security.web.access.ExceptionTranslationFilter@1aa453e3, org.springframework.security.web.access.intercept.FilterSecurityInterceptor@70e21a8]
2016-05-19 01:34:52.997  INFO 4380 --- [main] j.LocalContainerEntityManagerFactoryBean : Building JPA container EntityManagerFactory for persistence unit 'default'
2016-05-19 01:34:53.025  INFO 4380 --- [main] o.hibernate.jpa.internal.util.LogHelper  : HHH000204: Processing PersistenceUnitInfo [
	name: default
	...]
2016-05-19 01:34:53.677  INFO 4380 --- [main] org.hibernate.Version                    : HHH000412: Hibernate Core {5.1.0.Final}
2016-05-19 01:34:53.680  INFO 4380 --- [main] org.hibernate.cfg.Environment            : HHH000206: hibernate.properties not found
2016-05-19 01:34:53.682  INFO 4380 --- [main] org.hibernate.cfg.Environment            : HHH000021: Bytecode provider name : javassist
2016-05-19 01:34:53.745  INFO 4380 --- [main] o.hibernate.annotations.common.Version   : HCANN000001: Hibernate Commons Annotations {5.0.1.Final}
2016-05-19 01:34:53.996  INFO 4380 --- [main] org.hibernate.dialect.Dialect            : HHH000400: Using dialect: org.hibernate.dialect.H2Dialect
2016-05-19 01:34:54.708  INFO 4380 --- [main] o.h.t.schema.internal.SchemaCreatorImpl  : HHH000476: Executing import script 'org.hibernate.tool.schema.internal.exec.ScriptSourceInputNonExistentImpl@1b19712f'
2016-05-19 01:34:54.757  INFO 4380 --- [main] j.LocalContainerEntityManagerFactoryBean : Initialized JPA EntityManagerFactory for persistence unit 'default'
2016-05-19 01:34:55.339  INFO 4380 --- [main] s.w.s.m.m.a.RequestMappingHandlerAdapter : Looking for @ControllerAdvice: org.springframework.boot.context.embedded.AnnotationConfigEmbeddedWebApplicationContext@7e057f43: startup date [Thu May 19 01:34:46 CEST 2016]; root of context hierarchy
2016-05-19 01:34:55.460  INFO 4380 --- [main] s.w.s.m.m.a.RequestMappingHandlerMapping : Mapped "{[/api/user],methods=[GET]}" onto public void com.mimacom.app.springboot.web.UserController.addRandom()
2016-05-19 01:34:55.464  INFO 4380 --- [main] s.w.s.m.m.a.RequestMappingHandlerMapping : Mapped "{[/error]}" onto public org.springframework.http.ResponseEntity<java.util.Map<java.lang.String, java.lang.Object>> org.springframework.boot.autoconfigure.web.BasicErrorController.error(javax.servlet.http.HttpServletRequest)
2016-05-19 01:34:55.464  INFO 4380 --- [main] s.w.s.m.m.a.RequestMappingHandlerMapping : Mapped "{[/error],produces=[text/html]}" onto public org.springframework.web.servlet.ModelAndView org.springframework.boot.autoconfigure.web.BasicErrorController.errorHtml(javax.servlet.http.HttpServletRequest,javax.servlet.http.HttpServletResponse)
2016-05-19 01:34:55.478  INFO 4380 --- [main] o.s.w.s.c.a.WebMvcConfigurerAdapter      : Adding welcome page: class path resource [static/index.html]
2016-05-19 01:34:55.507  INFO 4380 --- [main] o.s.w.s.handler.SimpleUrlHandlerMapping  : Root mapping to handler of type [class org.springframework.web.servlet.mvc.ParameterizableViewController]
2016-05-19 01:34:55.531  INFO 4380 --- [main] o.s.w.s.handler.SimpleUrlHandlerMapping  : Mapped URL path [/webjars/**] onto handler of type [class org.springframework.web.servlet.resource.ResourceHttpRequestHandler]
2016-05-19 01:34:55.531  INFO 4380 --- [main] o.s.w.s.handler.SimpleUrlHandlerMapping  : Mapped URL path [/**] onto handler of type [class org.springframework.web.servlet.resource.ResourceHttpRequestHandler]
2016-05-19 01:34:55.635  INFO 4380 --- [main] o.s.w.s.handler.SimpleUrlHandlerMapping  : Mapped URL path [/**/favicon.ico] onto handler of type [class org.springframework.web.servlet.resource.ResourceHttpRequestHandler]
2016-05-19 01:34:56.630  INFO 4380 --- [main] o.s.b.a.e.mvc.EndpointHandlerMapping     : Mapped "{[/management/beans || /management/beans.json],methods=[GET],produces=[application/json]}" onto public java.lang.Object org.springframework.boot.actuate.endpoint.mvc.EndpointMvcAdapter.invoke()
2016-05-19 01:34:56.631  INFO 4380 --- [main] o.s.b.a.e.mvc.EndpointHandlerMapping     : Mapped "{[/management/autoconfig || /management/autoconfig.json],methods=[GET],produces=[application/json]}" onto public java.lang.Object org.springframework.boot.actuate.endpoint.mvc.EndpointMvcAdapter.invoke()
2016-05-19 01:34:56.632  INFO 4380 --- [main] o.s.b.a.e.mvc.EndpointHandlerMapping     : Mapped "{[/management/logfile || /management/logfile.json],methods=[GET || HEAD]}" onto public void org.springframework.boot.actuate.endpoint.mvc.LogFileMvcEndpoint.invoke(javax.servlet.http.HttpServletRequest,javax.servlet.http.HttpServletResponse) throws javax.servlet.ServletException,java.io.IOException
2016-05-19 01:34:56.633  INFO 4380 --- [main] o.s.b.a.e.mvc.EndpointHandlerMapping     : Mapped "{[/management/metrics/{name:.*}],methods=[GET],produces=[application/json]}" onto public java.lang.Object org.springframework.boot.actuate.endpoint.mvc.MetricsMvcEndpoint.value(java.lang.String)
2016-05-19 01:34:56.633  INFO 4380 --- [main] o.s.b.a.e.mvc.EndpointHandlerMapping     : Mapped "{[/management/metrics || /management/metrics.json],methods=[GET],produces=[application/json]}" onto public java.lang.Object org.springframework.boot.actuate.endpoint.mvc.EndpointMvcAdapter.invoke()
2016-05-19 01:34:56.634  INFO 4380 --- [main] o.s.b.a.e.mvc.EndpointHandlerMapping     : Mapped "{[/management/configprops || /management/configprops.json],methods=[GET],produces=[application/json]}" onto public java.lang.Object org.springframework.boot.actuate.endpoint.mvc.EndpointMvcAdapter.invoke()
2016-05-19 01:34:56.635  INFO 4380 --- [main] o.s.b.a.e.mvc.EndpointHandlerMapping     : Mapped "{[/management/dump || /management/dump.json],methods=[GET],produces=[application/json]}" onto public java.lang.Object org.springframework.boot.actuate.endpoint.mvc.EndpointMvcAdapter.invoke()
2016-05-19 01:34:56.639  INFO 4380 --- [main] o.s.b.a.e.mvc.EndpointHandlerMapping     : Mapped "{[/management/info || /management/info.json],methods=[GET],produces=[application/json]}" onto public java.lang.Object org.springframework.boot.actuate.endpoint.mvc.EndpointMvcAdapter.invoke()
2016-05-19 01:34:56.641  INFO 4380 --- [main] o.s.b.a.e.mvc.EndpointHandlerMapping     : Mapped "{[/management/health || /management/health.json],produces=[application/json]}" onto public java.lang.Object org.springframework.boot.actuate.endpoint.mvc.HealthMvcEndpoint.invoke(java.security.Principal)
2016-05-19 01:34:56.643  INFO 4380 --- [main] o.s.b.a.e.mvc.EndpointHandlerMapping     : Mapped "{[/management/mappings || /management/mappings.json],methods=[GET],produces=[application/json]}" onto public java.lang.Object org.springframework.boot.actuate.endpoint.mvc.EndpointMvcAdapter.invoke()
2016-05-19 01:34:56.649  INFO 4380 --- [main] o.s.b.a.e.mvc.EndpointHandlerMapping     : Mapped "{[/management/env/{name:.*}],methods=[GET],produces=[application/json]}" onto public java.lang.Object org.springframework.boot.actuate.endpoint.mvc.EnvironmentMvcEndpoint.value(java.lang.String)
2016-05-19 01:34:56.649  INFO 4380 --- [main] o.s.b.a.e.mvc.EndpointHandlerMapping     : Mapped "{[/management/env || /management/env.json],methods=[GET],produces=[application/json]}" onto public java.lang.Object org.springframework.boot.actuate.endpoint.mvc.EndpointMvcAdapter.invoke()
2016-05-19 01:34:56.651  INFO 4380 --- [main] o.s.b.a.e.mvc.EndpointHandlerMapping     : Mapped "{[/management/trace || /management/trace.json],methods=[GET],produces=[application/json]}" onto public java.lang.Object org.springframework.boot.actuate.endpoint.mvc.EndpointMvcAdapter.invoke()
2016-05-19 01:34:57.056  INFO 4380 --- [main] o.s.j.e.a.AnnotationMBeanExporter        : Registering beans for JMX exposure on startup
2016-05-19 01:34:57.073  INFO 4380 --- [main] o.s.c.support.DefaultLifecycleProcessor  : Starting beans in phase 0
2016-05-19 01:34:57.292  INFO 4380 --- [main] s.b.c.e.t.TomcatEmbeddedServletContainer : Tomcat started on port(s): 9292 (http)
2016-05-19 01:34:57.300  INFO 4380 --- [main] com.mimacom.app.springboot.Application   : Started Application in 11.455 seconds (JVM running for 11.933)
2016-05-19 01:35:04.970  INFO 4380 --- [http-nio-9292-exec-1] o.a.c.c.C.[Tomcat].[localhost].[/]       : Initializing Spring FrameworkServlet 'dispatcherServlet'
2016-05-19 01:35:04.970  INFO 4380 --- [http-nio-9292-exec-1] o.s.web.servlet.DispatcherServlet        : FrameworkServlet 'dispatcherServlet': initialization started
2016-05-19 01:35:05.013  INFO 4380 --- [http-nio-9292-exec-1] o.s.web.servlet.DispatcherServlet        : FrameworkServlet 'dispatcherServlet': initialization completed in 43 ms
2016-05-19 01:35:05.098  WARN 4380 --- [http-nio-9292-exec-1] o.s.w.s.r.ResourceHttpRequestHandler     : Locations list is empty. No resources will be served unless a custom ResourceResolver is configured as an alternative to PathResourceResolver.
2016-05-19 01:36:28.568  WARN 4380 --- [http-nio-9292-exec-3] o.s.w.s.r.ResourceHttpRequestHandler     : Locations list is empty. No resources will be served unless a custom ResourceResolver is configured as an alternative to PathResourceResolver.
2016-05-19 01:43:49.279  INFO 7360 --- [main] com.mimacom.app.springboot.Application   : Starting Application on mima-ws-108 with PID 7360 (C:\development\projects\sample-spring-boot-app\sample-spring-boot-web\target\classes started by pado in C:\development\projects\sample-spring-boot-app)
2016-05-19 01:43:49.284  INFO 7360 --- [main] com.mimacom.app.springboot.Application   : No active profile set, falling back to default profiles: default
2016-05-19 01:43:49.414  INFO 7360 --- [main] ationConfigEmbeddedWebApplicationContext : Refreshing org.springframework.boot.context.embedded.AnnotationConfigEmbeddedWebApplicationContext@6c284af: startup date [Thu May 19 01:43:49 CEST 2016]; root of context hierarchy
2016-05-19 01:43:51.595  INFO 7360 --- [main] o.s.b.f.s.DefaultListableBeanFactory     : Overriding bean definition for bean 'ignoredPathsWebSecurityConfigurerAdapter' with a different definition: replacing [Root bean: class [null]; scope=; abstract=false; lazyInit=false; autowireMode=3; dependencyCheck=0; autowireCandidate=true; primary=false; factoryBeanName=org.springframework.boot.autoconfigure.security.SpringBootWebSecurityConfiguration; factoryMethodName=ignoredPathsWebSecurityConfigurerAdapter; initMethodName=null; destroyMethodName=(inferred); defined in class path resource [org/springframework/boot/autoconfigure/security/SpringBootWebSecurityConfiguration.class]] with [Root bean: class [null]; scope=; abstract=false; lazyInit=false; autowireMode=3; dependencyCheck=0; autowireCandidate=true; primary=false; factoryBeanName=org.springframework.boot.actuate.autoconfigure.ManagementWebSecurityAutoConfiguration; factoryMethodName=ignoredPathsWebSecurityConfigurerAdapter; initMethodName=null; destroyMethodName=(inferred); defined in class path resource [org/springframework/boot/actuate/autoconfigure/ManagementWebSecurityAutoConfiguration.class]]
2016-05-19 01:43:52.347  INFO 7360 --- [main] trationDelegate$BeanPostProcessorChecker : Bean 'org.springframework.transaction.annotation.ProxyTransactionManagementConfiguration' of type [class org.springframework.transaction.annotation.ProxyTransactionManagementConfiguration$$EnhancerBySpringCGLIB$$281fc02c] is not eligible for getting processed by all BeanPostProcessors (for example: not eligible for auto-proxying)
2016-05-19 01:43:53.138  INFO 7360 --- [main] s.b.c.e.t.TomcatEmbeddedServletContainer : Tomcat initialized with port(s): 9292 (http)
2016-05-19 01:43:53.154  INFO 7360 --- [main] o.apache.catalina.core.StandardService   : Starting service Tomcat
2016-05-19 01:43:53.156  INFO 7360 --- [main] org.apache.catalina.core.StandardEngine  : Starting Servlet Engine: Apache Tomcat/8.0.33
2016-05-19 01:43:53.319  INFO 7360 --- [localhost-startStop-1] o.a.c.c.C.[Tomcat].[localhost].[/]       : Initializing Spring embedded WebApplicationContext
2016-05-19 01:43:53.320  INFO 7360 --- [localhost-startStop-1] o.s.web.context.ContextLoader            : Root WebApplicationContext: initialization completed in 3910 ms
2016-05-19 01:43:53.988  INFO 7360 --- [localhost-startStop-1] o.s.b.w.servlet.FilterRegistrationBean   : Mapping filter: 'metricFilter' to: [/*]
2016-05-19 01:43:53.989  INFO 7360 --- [localhost-startStop-1] o.s.b.w.servlet.FilterRegistrationBean   : Mapping filter: 'characterEncodingFilter' to: [/*]
2016-05-19 01:43:53.989  INFO 7360 --- [localhost-startStop-1] o.s.b.w.servlet.FilterRegistrationBean   : Mapping filter: 'hiddenHttpMethodFilter' to: [/*]
2016-05-19 01:43:53.989  INFO 7360 --- [localhost-startStop-1] o.s.b.w.servlet.FilterRegistrationBean   : Mapping filter: 'httpPutFormContentFilter' to: [/*]
2016-05-19 01:43:53.990  INFO 7360 --- [localhost-startStop-1] o.s.b.w.servlet.FilterRegistrationBean   : Mapping filter: 'requestContextFilter' to: [/*]
2016-05-19 01:43:53.991  INFO 7360 --- [localhost-startStop-1] .s.DelegatingFilterProxyRegistrationBean : Mapping filter: 'springSecurityFilterChain' to: [/*]
2016-05-19 01:43:53.992  INFO 7360 --- [localhost-startStop-1] o.s.b.w.servlet.FilterRegistrationBean   : Mapping filter: 'webRequestLoggingFilter' to: [/*]
2016-05-19 01:43:53.992  INFO 7360 --- [localhost-startStop-1] o.s.b.w.servlet.FilterRegistrationBean   : Mapping filter: 'applicationContextIdFilter' to: [/*]
2016-05-19 01:43:53.992  INFO 7360 --- [localhost-startStop-1] o.s.b.w.servlet.ServletRegistrationBean  : Mapping servlet: 'dispatcherServlet' to [/]
2016-05-19 01:43:54.432 DEBUG 7360 --- [localhost-startStop-1] eGlobalAuthenticationAutowiredConfigurer : Eagerly initializing {org.springframework.boot.autoconfigure.security.SpringBootWebSecurityConfiguration=org.springframework.boot.autoconfigure.security.SpringBootWebSecurityConfiguration$$EnhancerBySpringCGLIB$$701484d4@2c73607b}
2016-05-19 01:43:54.558  INFO 7360 --- [localhost-startStop-1] o.s.s.web.DefaultSecurityFilterChain     : Creating filter chain: OrRequestMatcher [requestMatchers=[Ant [pattern='/css/**'], Ant [pattern='/js/**'], Ant [pattern='/images/**'], Ant [pattern='/**/favicon.ico'], Ant [pattern='/error']]], []
2016-05-19 01:43:54.669 DEBUG 7360 --- [localhost-startStop-1] edFilterInvocationSecurityMetadataSource : Adding web access control expression 'permitAll', for org.springframework.boot.actuate.autoconfigure.ManagementWebSecurityAutoConfiguration$LazyEndpointPathRequestMatcher@73ce26a
2016-05-19 01:43:54.672 DEBUG 7360 --- [localhost-startStop-1] edFilterInvocationSecurityMetadataSource : Adding web access control expression 'hasRole('ROLE_ADMIN')', for org.springframework.security.web.util.matcher.AnyRequestMatcher@1
2016-05-19 01:43:54.687 DEBUG 7360 --- [localhost-startStop-1] o.s.s.w.a.i.FilterSecurityInterceptor    : Validated configuration attributes
2016-05-19 01:43:54.688 DEBUG 7360 --- [localhost-startStop-1] o.s.s.w.a.i.FilterSecurityInterceptor    : Validated configuration attributes
2016-05-19 01:43:54.705  INFO 7360 --- [localhost-startStop-1] o.s.s.web.DefaultSecurityFilterChain     : Creating filter chain: Ant [pattern='/management/**'], [org.springframework.security.web.context.request.async.WebAsyncManagerIntegrationFilter@502ac00c, org.springframework.security.web.context.SecurityContextPersistenceFilter@46f2e12, org.springframework.security.web.header.HeaderWriterFilter@2ac1edae, org.springframework.security.web.authentication.logout.LogoutFilter@7af91f6c, org.springframework.security.web.authentication.www.BasicAuthenticationFilter@56b46dc9, org.springframework.security.web.savedrequest.RequestCacheAwareFilter@12e1af2f, org.springframework.security.web.servletapi.SecurityContextHolderAwareRequestFilter@210a02c4, org.springframework.security.web.authentication.AnonymousAuthenticationFilter@73972639, org.springframework.security.web.session.SessionManagementFilter@636ea7e9, org.springframework.security.web.access.ExceptionTranslationFilter@561de624, org.springframework.security.web.access.intercept.FilterSecurityInterceptor@23888b8]
2016-05-19 01:43:54.749 DEBUG 7360 --- [localhost-startStop-1] edFilterInvocationSecurityMetadataSource : Adding web access control expression 'fullyAuthenticated', for Ant [pattern='/**']
2016-05-19 01:43:54.750 DEBUG 7360 --- [localhost-startStop-1] o.s.s.w.a.i.FilterSecurityInterceptor    : Validated configuration attributes
2016-05-19 01:43:54.750 DEBUG 7360 --- [localhost-startStop-1] o.s.s.w.a.i.FilterSecurityInterceptor    : Validated configuration attributes
2016-05-19 01:43:54.751  INFO 7360 --- [localhost-startStop-1] o.s.s.web.DefaultSecurityFilterChain     : Creating filter chain: org.springframework.security.web.util.matcher.AnyRequestMatcher@1, [org.springframework.security.web.context.request.async.WebAsyncManagerIntegrationFilter@2453d86e, org.springframework.security.web.context.SecurityContextPersistenceFilter@74ed92f9, org.springframework.security.web.header.HeaderWriterFilter@3d6507d3, org.springframework.security.web.csrf.CsrfFilter@5ff627bd, org.springframework.security.web.authentication.logout.LogoutFilter@5abd34, org.springframework.security.web.authentication.UsernamePasswordAuthenticationFilter@226b9536, org.springframework.security.web.authentication.ui.DefaultLoginPageGeneratingFilter@18b88e80, org.springframework.security.web.savedrequest.RequestCacheAwareFilter@53ce2bb2, org.springframework.security.web.servletapi.SecurityContextHolderAwareRequestFilter@4680f587, org.springframework.security.web.session.SessionManagementFilter@1ac895d2, org.springframework.security.web.access.ExceptionTranslationFilter@5f5f0b75, org.springframework.security.web.access.intercept.FilterSecurityInterceptor@4a712a03]
2016-05-19 01:43:54.757 DEBUG 7360 --- [localhost-startStop-1] edFilterInvocationSecurityMetadataSource : Adding web access control expression 'hasAnyRole('ROLE_USER','ROLE_ADMIN')', for org.springframework.security.web.util.matcher.AnyRequestMatcher@1
2016-05-19 01:43:54.758 DEBUG 7360 --- [localhost-startStop-1] o.s.s.w.a.i.FilterSecurityInterceptor    : Validated configuration attributes
2016-05-19 01:43:54.759 DEBUG 7360 --- [localhost-startStop-1] o.s.s.w.a.i.FilterSecurityInterceptor    : Validated configuration attributes
2016-05-19 01:43:54.759  INFO 7360 --- [localhost-startStop-1] o.s.s.web.DefaultSecurityFilterChain     : Creating filter chain: OrRequestMatcher [requestMatchers=[Ant [pattern='/**']]], [org.springframework.security.web.context.request.async.WebAsyncManagerIntegrationFilter@557198b6, org.springframework.security.web.context.SecurityContextPersistenceFilter@7a17ee1, org.springframework.security.web.header.HeaderWriterFilter@5b2e8dc4, org.springframework.security.web.authentication.logout.LogoutFilter@63f6b8e6, org.springframework.security.web.authentication.www.BasicAuthenticationFilter@6fac940f, org.springframework.security.web.savedrequest.RequestCacheAwareFilter@2d5c6984, org.springframework.security.web.servletapi.SecurityContextHolderAwareRequestFilter@2b38146, org.springframework.security.web.authentication.AnonymousAuthenticationFilter@44520c5a, org.springframework.security.web.session.SessionManagementFilter@1b0f557b, org.springframework.security.web.access.ExceptionTranslationFilter@954851, org.springframework.security.web.access.intercept.FilterSecurityInterceptor@62359fbf]
2016-05-19 01:43:55.271  INFO 7360 --- [main] j.LocalContainerEntityManagerFactoryBean : Building JPA container EntityManagerFactory for persistence unit 'default'
2016-05-19 01:43:55.300  INFO 7360 --- [main] o.hibernate.jpa.internal.util.LogHelper  : HHH000204: Processing PersistenceUnitInfo [
	name: default
	...]
2016-05-19 01:43:55.620  INFO 7360 --- [main] org.hibernate.Version                    : HHH000412: Hibernate Core {5.1.0.Final}
2016-05-19 01:43:55.623  INFO 7360 --- [main] org.hibernate.cfg.Environment            : HHH000206: hibernate.properties not found
2016-05-19 01:43:55.624  INFO 7360 --- [main] org.hibernate.cfg.Environment            : HHH000021: Bytecode provider name : javassist
2016-05-19 01:43:55.670  INFO 7360 --- [main] o.hibernate.annotations.common.Version   : HCANN000001: Hibernate Commons Annotations {5.0.1.Final}
2016-05-19 01:43:55.886  INFO 7360 --- [main] org.hibernate.dialect.Dialect            : HHH000400: Using dialect: org.hibernate.dialect.H2Dialect
2016-05-19 01:43:56.566  INFO 7360 --- [main] o.h.t.schema.internal.SchemaCreatorImpl  : HHH000476: Executing import script 'org.hibernate.tool.schema.internal.exec.ScriptSourceInputNonExistentImpl@6124dda2'
2016-05-19 01:43:56.624  INFO 7360 --- [main] j.LocalContainerEntityManagerFactoryBean : Initialized JPA EntityManagerFactory for persistence unit 'default'
2016-05-19 01:43:57.127  INFO 7360 --- [main] s.w.s.m.m.a.RequestMappingHandlerAdapter : Looking for @ControllerAdvice: org.springframework.boot.context.embedded.AnnotationConfigEmbeddedWebApplicationContext@6c284af: startup date [Thu May 19 01:43:49 CEST 2016]; root of context hierarchy
2016-05-19 01:43:57.250  INFO 7360 --- [main] s.w.s.m.m.a.RequestMappingHandlerMapping : Mapped "{[/api/user],methods=[GET]}" onto public void com.mimacom.app.springboot.web.UserController.addRandom()
2016-05-19 01:43:57.255  INFO 7360 --- [main] s.w.s.m.m.a.RequestMappingHandlerMapping : Mapped "{[/error]}" onto public org.springframework.http.ResponseEntity<java.util.Map<java.lang.String, java.lang.Object>> org.springframework.boot.autoconfigure.web.BasicErrorController.error(javax.servlet.http.HttpServletRequest)
2016-05-19 01:43:57.255  INFO 7360 --- [main] s.w.s.m.m.a.RequestMappingHandlerMapping : Mapped "{[/error],produces=[text/html]}" onto public org.springframework.web.servlet.ModelAndView org.springframework.boot.autoconfigure.web.BasicErrorController.errorHtml(javax.servlet.http.HttpServletRequest,javax.servlet.http.HttpServletResponse)
2016-05-19 01:43:57.263  INFO 7360 --- [main] o.s.w.s.c.a.WebMvcConfigurerAdapter      : Adding welcome page: class path resource [static/index.html]
2016-05-19 01:43:57.289  INFO 7360 --- [main] o.s.w.s.handler.SimpleUrlHandlerMapping  : Root mapping to handler of type [class org.springframework.web.servlet.mvc.ParameterizableViewController]
2016-05-19 01:43:57.313  INFO 7360 --- [main] o.s.w.s.handler.SimpleUrlHandlerMapping  : Mapped URL path [/webjars/**] onto handler of type [class org.springframework.web.servlet.resource.ResourceHttpRequestHandler]
2016-05-19 01:43:57.314  INFO 7360 --- [main] o.s.w.s.handler.SimpleUrlHandlerMapping  : Mapped URL path [/**] onto handler of type [class org.springframework.web.servlet.resource.ResourceHttpRequestHandler]
2016-05-19 01:43:57.425  INFO 7360 --- [main] o.s.w.s.handler.SimpleUrlHandlerMapping  : Mapped URL path [/**/favicon.ico] onto handler of type [class org.springframework.web.servlet.resource.ResourceHttpRequestHandler]
2016-05-19 01:43:58.219  INFO 7360 --- [main] o.s.b.a.e.mvc.EndpointHandlerMapping     : Mapped "{[/management/metrics/{name:.*}],methods=[GET],produces=[application/json]}" onto public java.lang.Object org.springframework.boot.actuate.endpoint.mvc.MetricsMvcEndpoint.value(java.lang.String)
2016-05-19 01:43:58.219  INFO 7360 --- [main] o.s.b.a.e.mvc.EndpointHandlerMapping     : Mapped "{[/management/metrics || /management/metrics.json],methods=[GET],produces=[application/json]}" onto public java.lang.Object org.springframework.boot.actuate.endpoint.mvc.EndpointMvcAdapter.invoke()
2016-05-19 01:43:58.220  INFO 7360 --- [main] o.s.b.a.e.mvc.EndpointHandlerMapping     : Mapped "{[/management/logfile || /management/logfile.json],methods=[GET || HEAD]}" onto public void org.springframework.boot.actuate.endpoint.mvc.LogFileMvcEndpoint.invoke(javax.servlet.http.HttpServletRequest,javax.servlet.http.HttpServletResponse) throws javax.servlet.ServletException,java.io.IOException
2016-05-19 01:43:58.221  INFO 7360 --- [main] o.s.b.a.e.mvc.EndpointHandlerMapping     : Mapped "{[/management/info || /management/info.json],methods=[GET],produces=[application/json]}" onto public java.lang.Object org.springframework.boot.actuate.endpoint.mvc.EndpointMvcAdapter.invoke()
2016-05-19 01:43:58.222  INFO 7360 --- [main] o.s.b.a.e.mvc.EndpointHandlerMapping     : Mapped "{[/management/trace || /management/trace.json],methods=[GET],produces=[application/json]}" onto public java.lang.Object org.springframework.boot.actuate.endpoint.mvc.EndpointMvcAdapter.invoke()
2016-05-19 01:43:58.225  INFO 7360 --- [main] o.s.b.a.e.mvc.EndpointHandlerMapping     : Mapped "{[/management/env/{name:.*}],methods=[GET],produces=[application/json]}" onto public java.lang.Object org.springframework.boot.actuate.endpoint.mvc.EnvironmentMvcEndpoint.value(java.lang.String)
2016-05-19 01:43:58.225  INFO 7360 --- [main] o.s.b.a.e.mvc.EndpointHandlerMapping     : Mapped "{[/management/env || /management/env.json],methods=[GET],produces=[application/json]}" onto public java.lang.Object org.springframework.boot.actuate.endpoint.mvc.EndpointMvcAdapter.invoke()
2016-05-19 01:43:58.226  INFO 7360 --- [main] o.s.b.a.e.mvc.EndpointHandlerMapping     : Mapped "{[/management/beans || /management/beans.json],methods=[GET],produces=[application/json]}" onto public java.lang.Object org.springframework.boot.actuate.endpoint.mvc.EndpointMvcAdapter.invoke()
2016-05-19 01:43:58.229  INFO 7360 --- [main] o.s.b.a.e.mvc.EndpointHandlerMapping     : Mapped "{[/management/dump || /management/dump.json],methods=[GET],produces=[application/json]}" onto public java.lang.Object org.springframework.boot.actuate.endpoint.mvc.EndpointMvcAdapter.invoke()
2016-05-19 01:43:58.233  INFO 7360 --- [main] o.s.b.a.e.mvc.EndpointHandlerMapping     : Mapped "{[/management/configprops || /management/configprops.json],methods=[GET],produces=[application/json]}" onto public java.lang.Object org.springframework.boot.actuate.endpoint.mvc.EndpointMvcAdapter.invoke()
2016-05-19 01:43:58.234  INFO 7360 --- [main] o.s.b.a.e.mvc.EndpointHandlerMapping     : Mapped "{[/management/mappings || /management/mappings.json],methods=[GET],produces=[application/json]}" onto public java.lang.Object org.springframework.boot.actuate.endpoint.mvc.EndpointMvcAdapter.invoke()
2016-05-19 01:43:58.235  INFO 7360 --- [main] o.s.b.a.e.mvc.EndpointHandlerMapping     : Mapped "{[/management/health || /management/health.json],produces=[application/json]}" onto public java.lang.Object org.springframework.boot.actuate.endpoint.mvc.HealthMvcEndpoint.invoke(java.security.Principal)
2016-05-19 01:43:58.236  INFO 7360 --- [main] o.s.b.a.e.mvc.EndpointHandlerMapping     : Mapped "{[/management/autoconfig || /management/autoconfig.json],methods=[GET],produces=[application/json]}" onto public java.lang.Object org.springframework.boot.actuate.endpoint.mvc.EndpointMvcAdapter.invoke()
2016-05-19 01:43:58.642  INFO 7360 --- [main] o.s.j.e.a.AnnotationMBeanExporter        : Registering beans for JMX exposure on startup
2016-05-19 01:43:58.664  INFO 7360 --- [main] o.s.c.support.DefaultLifecycleProcessor  : Starting beans in phase 0
2016-05-19 01:43:58.840  INFO 7360 --- [main] s.b.c.e.t.TomcatEmbeddedServletContainer : Tomcat started on port(s): 9292 (http)
2016-05-19 01:43:58.847  INFO 7360 --- [main] com.mimacom.app.springboot.Application   : Started Application in 10.168 seconds (JVM running for 10.754)
2016-05-19 01:44:04.809  INFO 7360 --- [http-nio-9292-exec-1] o.a.c.c.C.[Tomcat].[localhost].[/]       : Initializing Spring FrameworkServlet 'dispatcherServlet'
2016-05-19 01:44:04.810  INFO 7360 --- [http-nio-9292-exec-1] o.s.web.servlet.DispatcherServlet        : FrameworkServlet 'dispatcherServlet': initialization started
2016-05-19 01:44:04.842  INFO 7360 --- [http-nio-9292-exec-1] o.s.web.servlet.DispatcherServlet        : FrameworkServlet 'dispatcherServlet': initialization completed in 32 ms
2016-05-19 01:44:04.866 DEBUG 7360 --- [http-nio-9292-exec-1] o.s.s.web.util.matcher.OrRequestMatcher  : Trying to match using Ant [pattern='/css/**']
2016-05-19 01:44:04.867 DEBUG 7360 --- [http-nio-9292-exec-1] o.s.s.w.u.matcher.AntPathRequestMatcher  : Checking match of request : '/management/beans'; against '/css/**'
2016-05-19 01:44:04.867 DEBUG 7360 --- [http-nio-9292-exec-1] o.s.s.web.util.matcher.OrRequestMatcher  : Trying to match using Ant [pattern='/js/**']
2016-05-19 01:44:04.867 DEBUG 7360 --- [http-nio-9292-exec-1] o.s.s.w.u.matcher.AntPathRequestMatcher  : Checking match of request : '/management/beans'; against '/js/**'
2016-05-19 01:44:04.867 DEBUG 7360 --- [http-nio-9292-exec-1] o.s.s.web.util.matcher.OrRequestMatcher  : Trying to match using Ant [pattern='/images/**']
2016-05-19 01:44:04.867 DEBUG 7360 --- [http-nio-9292-exec-1] o.s.s.w.u.matcher.AntPathRequestMatcher  : Checking match of request : '/management/beans'; against '/images/**'
2016-05-19 01:44:04.867 DEBUG 7360 --- [http-nio-9292-exec-1] o.s.s.web.util.matcher.OrRequestMatcher  : Trying to match using Ant [pattern='/**/favicon.ico']
2016-05-19 01:44:04.867 DEBUG 7360 --- [http-nio-9292-exec-1] o.s.s.w.u.matcher.AntPathRequestMatcher  : Checking match of request : '/management/beans'; against '/**/favicon.ico'
2016-05-19 01:44:04.868 DEBUG 7360 --- [http-nio-9292-exec-1] o.s.s.web.util.matcher.OrRequestMatcher  : Trying to match using Ant [pattern='/error']
2016-05-19 01:44:04.868 DEBUG 7360 --- [http-nio-9292-exec-1] o.s.s.w.u.matcher.AntPathRequestMatcher  : Checking match of request : '/management/beans'; against '/error'
2016-05-19 01:44:04.868 DEBUG 7360 --- [http-nio-9292-exec-1] o.s.s.web.util.matcher.OrRequestMatcher  : No matches found
2016-05-19 01:44:04.868 DEBUG 7360 --- [http-nio-9292-exec-1] o.s.s.w.u.matcher.AntPathRequestMatcher  : Checking match of request : '/management/beans'; against '/management/**'
2016-05-19 01:44:04.869 DEBUG 7360 --- [http-nio-9292-exec-1] o.s.security.web.FilterChainProxy        : /management/beans at position 1 of 11 in additional filter chain; firing Filter: 'WebAsyncManagerIntegrationFilter'
2016-05-19 01:44:04.870 DEBUG 7360 --- [http-nio-9292-exec-1] o.s.security.web.FilterChainProxy        : /management/beans at position 2 of 11 in additional filter chain; firing Filter: 'SecurityContextPersistenceFilter'
2016-05-19 01:44:04.870 DEBUG 7360 --- [http-nio-9292-exec-1] o.s.security.web.FilterChainProxy        : /management/beans at position 3 of 11 in additional filter chain; firing Filter: 'HeaderWriterFilter'
2016-05-19 01:44:04.872 DEBUG 7360 --- [http-nio-9292-exec-1] o.s.security.web.FilterChainProxy        : /management/beans at position 4 of 11 in additional filter chain; firing Filter: 'LogoutFilter'
2016-05-19 01:44:04.872 DEBUG 7360 --- [http-nio-9292-exec-1] o.s.s.w.u.matcher.AntPathRequestMatcher  : Checking match of request : '/management/beans'; against '/logout'
2016-05-19 01:44:04.873 DEBUG 7360 --- [http-nio-9292-exec-1] o.s.security.web.FilterChainProxy        : /management/beans at position 5 of 11 in additional filter chain; firing Filter: 'BasicAuthenticationFilter'
2016-05-19 01:44:04.874 DEBUG 7360 --- [http-nio-9292-exec-1] o.s.s.w.a.www.BasicAuthenticationFilter  : Basic Authentication Authorization header found for user 'admin'
2016-05-19 01:44:10.405 DEBUG 7360 --- [http-nio-9292-exec-1] o.s.s.authentication.ProviderManager     : Authentication attempt using org.springframework.security.authentication.dao.DaoAuthenticationProvider
2016-05-19 01:44:10.409 DEBUG 7360 --- [http-nio-9292-exec-1] o.s.s.w.a.www.BasicAuthenticationFilter  : Authentication success: org.springframework.security.authentication.UsernamePasswordAuthenticationToken@fec7843d: Principal: org.springframework.security.core.userdetails.User@586034f: Username: admin; Password: [PROTECTED]; Enabled: true; AccountNonExpired: true; credentialsNonExpired: true; AccountNonLocked: true; Granted Authorities: ROLE_ADMIN,ROLE_USER; Credentials: [PROTECTED]; Authenticated: true; Details: org.springframework.security.web.authentication.WebAuthenticationDetails@b364: RemoteIpAddress: 0:0:0:0:0:0:0:1; SessionId: null; Granted Authorities: ROLE_ADMIN, ROLE_USER
2016-05-19 01:44:10.410 DEBUG 7360 --- [http-nio-9292-exec-1] o.s.security.web.FilterChainProxy        : /management/beans at position 6 of 11 in additional filter chain; firing Filter: 'RequestCacheAwareFilter'
2016-05-19 01:44:10.410 DEBUG 7360 --- [http-nio-9292-exec-1] o.s.security.web.FilterChainProxy        : /management/beans at position 7 of 11 in additional filter chain; firing Filter: 'SecurityContextHolderAwareRequestFilter'
2016-05-19 01:44:10.411 DEBUG 7360 --- [http-nio-9292-exec-1] o.s.security.web.FilterChainProxy        : /management/beans at position 8 of 11 in additional filter chain; firing Filter: 'AnonymousAuthenticationFilter'
2016-05-19 01:44:10.411 DEBUG 7360 --- [http-nio-9292-exec-1] o.s.s.w.a.AnonymousAuthenticationFilter  : SecurityContextHolder not populated with anonymous token, as it already contained: 'org.springframework.security.authentication.UsernamePasswordAuthenticationToken@fec7843d: Principal: org.springframework.security.core.userdetails.User@586034f: Username: admin; Password: [PROTECTED]; Enabled: true; AccountNonExpired: true; credentialsNonExpired: true; AccountNonLocked: true; Granted Authorities: ROLE_ADMIN,ROLE_USER; Credentials: [PROTECTED]; Authenticated: true; Details: org.springframework.security.web.authentication.WebAuthenticationDetails@b364: RemoteIpAddress: 0:0:0:0:0:0:0:1; SessionId: null; Granted Authorities: ROLE_ADMIN, ROLE_USER'
2016-05-19 01:44:10.411 DEBUG 7360 --- [http-nio-9292-exec-1] o.s.security.web.FilterChainProxy        : /management/beans at position 9 of 11 in additional filter chain; firing Filter: 'SessionManagementFilter'
2016-05-19 01:44:10.412 DEBUG 7360 --- [http-nio-9292-exec-1] s.CompositeSessionAuthenticationStrategy : Delegating to org.springframework.security.web.authentication.session.ChangeSessionIdAuthenticationStrategy@26344a9f
2016-05-19 01:44:10.412 DEBUG 7360 --- [http-nio-9292-exec-1] o.s.security.web.FilterChainProxy        : /management/beans at position 10 of 11 in additional filter chain; firing Filter: 'ExceptionTranslationFilter'
2016-05-19 01:44:10.412 DEBUG 7360 --- [http-nio-9292-exec-1] o.s.security.web.FilterChainProxy        : /management/beans at position 11 of 11 in additional filter chain; firing Filter: 'FilterSecurityInterceptor'
2016-05-19 01:44:10.414 DEBUG 7360 --- [http-nio-9292-exec-1] o.s.s.web.util.matcher.OrRequestMatcher  : Trying to match using Ant [pattern='/management/health']
2016-05-19 01:44:10.414 DEBUG 7360 --- [http-nio-9292-exec-1] o.s.s.w.u.matcher.AntPathRequestMatcher  : Checking match of request : '/management/beans'; against '/management/health'
2016-05-19 01:44:10.415 DEBUG 7360 --- [http-nio-9292-exec-1] o.s.s.web.util.matcher.OrRequestMatcher  : Trying to match using Ant [pattern='/management/health/']
2016-05-19 01:44:10.415 DEBUG 7360 --- [http-nio-9292-exec-1] o.s.s.w.u.matcher.AntPathRequestMatcher  : Checking match of request : '/management/beans'; against '/management/health/'
2016-05-19 01:44:10.415 DEBUG 7360 --- [http-nio-9292-exec-1] o.s.s.web.util.matcher.OrRequestMatcher  : No matches found
2016-05-19 01:44:10.415 DEBUG 7360 --- [http-nio-9292-exec-1] o.s.s.w.a.i.FilterSecurityInterceptor    : Secure object: FilterInvocation: URL: /management/beans; Attributes: [hasRole('ROLE_ADMIN')]
2016-05-19 01:44:10.415 DEBUG 7360 --- [http-nio-9292-exec-1] o.s.s.w.a.i.FilterSecurityInterceptor    : Previously Authenticated: org.springframework.security.authentication.UsernamePasswordAuthenticationToken@fec7843d: Principal: org.springframework.security.core.userdetails.User@586034f: Username: admin; Password: [PROTECTED]; Enabled: true; AccountNonExpired: true; credentialsNonExpired: true; AccountNonLocked: true; Granted Authorities: ROLE_ADMIN,ROLE_USER; Credentials: [PROTECTED]; Authenticated: true; Details: org.springframework.security.web.authentication.WebAuthenticationDetails@b364: RemoteIpAddress: 0:0:0:0:0:0:0:1; SessionId: null; Granted Authorities: ROLE_ADMIN, ROLE_USER
2016-05-19 01:44:10.418 DEBUG 7360 --- [http-nio-9292-exec-1] o.s.s.access.vote.AffirmativeBased       : Voter: org.springframework.security.web.access.expression.WebExpressionVoter@6fc9b868, returned: 1
2016-05-19 01:44:10.418 DEBUG 7360 --- [http-nio-9292-exec-1] o.s.s.w.a.i.FilterSecurityInterceptor    : Authorization successful
2016-05-19 01:44:10.418 DEBUG 7360 --- [http-nio-9292-exec-1] o.s.s.w.a.i.FilterSecurityInterceptor    : RunAsManager did not change Authentication object
2016-05-19 01:44:10.418 DEBUG 7360 --- [http-nio-9292-exec-1] o.s.security.web.FilterChainProxy        : /management/beans reached end of additional filter chain; proceeding with original chain
2016-05-19 01:44:10.507 DEBUG 7360 --- [http-nio-9292-exec-1] o.s.s.w.header.writers.HstsHeaderWriter  : Not injecting HSTS header since it did not match the requestMatcher org.springframework.security.web.header.writers.HstsHeaderWriter$SecureRequestMatcher@77711fd7
2016-05-19 01:44:10.543 DEBUG 7360 --- [http-nio-9292-exec-1] o.s.s.w.a.ExceptionTranslationFilter     : Chain processed normally
2016-05-19 01:44:10.543 DEBUG 7360 --- [http-nio-9292-exec-1] s.s.w.c.SecurityContextPersistenceFilter : SecurityContextHolder now cleared, as request processing completed
2016-05-19 01:44:38.569 DEBUG 7360 --- [http-nio-9292-exec-2] o.s.s.web.util.matcher.OrRequestMatcher  : Trying to match using Ant [pattern='/css/**']
2016-05-19 01:44:38.569 DEBUG 7360 --- [http-nio-9292-exec-2] o.s.s.w.u.matcher.AntPathRequestMatcher  : Checking match of request : '/management/beans'; against '/css/**'
2016-05-19 01:44:38.572 DEBUG 7360 --- [http-nio-9292-exec-2] o.s.s.web.util.matcher.OrRequestMatcher  : Trying to match using Ant [pattern='/js/**']
2016-05-19 01:44:38.572 DEBUG 7360 --- [http-nio-9292-exec-2] o.s.s.w.u.matcher.AntPathRequestMatcher  : Checking match of request : '/management/beans'; against '/js/**'
2016-05-19 01:44:38.572 DEBUG 7360 --- [http-nio-9292-exec-2] o.s.s.web.util.matcher.OrRequestMatcher  : Trying to match using Ant [pattern='/images/**']
2016-05-19 01:44:38.572 DEBUG 7360 --- [http-nio-9292-exec-2] o.s.s.w.u.matcher.AntPathRequestMatcher  : Checking match of request : '/management/beans'; against '/images/**'
2016-05-19 01:44:38.573 DEBUG 7360 --- [http-nio-9292-exec-2] o.s.s.web.util.matcher.OrRequestMatcher  : Trying to match using Ant [pattern='/**/favicon.ico']
2016-05-19 01:44:38.573 DEBUG 7360 --- [http-nio-9292-exec-2] o.s.s.w.u.matcher.AntPathRequestMatcher  : Checking match of request : '/management/beans'; against '/**/favicon.ico'
2016-05-19 01:44:38.573 DEBUG 7360 --- [http-nio-9292-exec-2] o.s.s.web.util.matcher.OrRequestMatcher  : Trying to match using Ant [pattern='/error']
2016-05-19 01:44:38.573 DEBUG 7360 --- [http-nio-9292-exec-2] o.s.s.w.u.matcher.AntPathRequestMatcher  : Checking match of request : '/management/beans'; against '/error'
2016-05-19 01:44:38.573 DEBUG 7360 --- [http-nio-9292-exec-2] o.s.s.web.util.matcher.OrRequestMatcher  : No matches found
2016-05-19 01:44:38.573 DEBUG 7360 --- [http-nio-9292-exec-2] o.s.s.w.u.matcher.AntPathRequestMatcher  : Checking match of request : '/management/beans'; against '/management/**'
2016-05-19 01:44:38.573 DEBUG 7360 --- [http-nio-9292-exec-2] o.s.security.web.FilterChainProxy        : /management/beans at position 1 of 11 in additional filter chain; firing Filter: 'WebAsyncManagerIntegrationFilter'
2016-05-19 01:44:38.573 DEBUG 7360 --- [http-nio-9292-exec-2] o.s.security.web.FilterChainProxy        : /management/beans at position 2 of 11 in additional filter chain; firing Filter: 'SecurityContextPersistenceFilter'
2016-05-19 01:44:38.573 DEBUG 7360 --- [http-nio-9292-exec-2] o.s.security.web.FilterChainProxy        : /management/beans at position 3 of 11 in additional filter chain; firing Filter: 'HeaderWriterFilter'
2016-05-19 01:44:38.573 DEBUG 7360 --- [http-nio-9292-exec-2] o.s.security.web.FilterChainProxy        : /management/beans at position 4 of 11 in additional filter chain; firing Filter: 'LogoutFilter'
2016-05-19 01:44:38.573 DEBUG 7360 --- [http-nio-9292-exec-2] o.s.s.w.u.matcher.AntPathRequestMatcher  : Checking match of request : '/management/beans'; against '/logout'
2016-05-19 01:44:38.575 DEBUG 7360 --- [http-nio-9292-exec-2] o.s.security.web.FilterChainProxy        : /management/beans at position 5 of 11 in additional filter chain; firing Filter: 'BasicAuthenticationFilter'
2016-05-19 01:44:38.576 DEBUG 7360 --- [http-nio-9292-exec-2] o.s.s.w.a.www.BasicAuthenticationFilter  : Basic Authentication Authorization header found for user 'admin'
2016-05-19 01:44:44.672 DEBUG 7360 --- [http-nio-9292-exec-2] o.s.s.authentication.ProviderManager     : Authentication attempt using org.springframework.security.authentication.dao.DaoAuthenticationProvider
2016-05-19 01:44:44.672 DEBUG 7360 --- [http-nio-9292-exec-2] o.s.s.w.a.www.BasicAuthenticationFilter  : Authentication success: org.springframework.security.authentication.UsernamePasswordAuthenticationToken@fec7843d: Principal: org.springframework.security.core.userdetails.User@586034f: Username: admin; Password: [PROTECTED]; Enabled: true; AccountNonExpired: true; credentialsNonExpired: true; AccountNonLocked: true; Granted Authorities: ROLE_ADMIN,ROLE_USER; Credentials: [PROTECTED]; Authenticated: true; Details: org.springframework.security.web.authentication.WebAuthenticationDetails@b364: RemoteIpAddress: 0:0:0:0:0:0:0:1; SessionId: null; Granted Authorities: ROLE_ADMIN, ROLE_USER
2016-05-19 01:44:44.673 DEBUG 7360 --- [http-nio-9292-exec-2] o.s.security.web.FilterChainProxy        : /management/beans at position 6 of 11 in additional filter chain; firing Filter: 'RequestCacheAwareFilter'
2016-05-19 01:44:44.674 DEBUG 7360 --- [http-nio-9292-exec-2] o.s.security.web.FilterChainProxy        : /management/beans at position 7 of 11 in additional filter chain; firing Filter: 'SecurityContextHolderAwareRequestFilter'
2016-05-19 01:44:44.674 DEBUG 7360 --- [http-nio-9292-exec-2] o.s.security.web.FilterChainProxy        : /management/beans at position 8 of 11 in additional filter chain; firing Filter: 'AnonymousAuthenticationFilter'
2016-05-19 01:44:44.674 DEBUG 7360 --- [http-nio-9292-exec-2] o.s.s.w.a.AnonymousAuthenticationFilter  : SecurityContextHolder not populated with anonymous token, as it already contained: 'org.springframework.security.authentication.UsernamePasswordAuthenticationToken@fec7843d: Principal: org.springframework.security.core.userdetails.User@586034f: Username: admin; Password: [PROTECTED]; Enabled: true; AccountNonExpired: true; credentialsNonExpired: true; AccountNonLocked: true; Granted Authorities: ROLE_ADMIN,ROLE_USER; Credentials: [PROTECTED]; Authenticated: true; Details: org.springframework.security.web.authentication.WebAuthenticationDetails@b364: RemoteIpAddress: 0:0:0:0:0:0:0:1; SessionId: null; Granted Authorities: ROLE_ADMIN, ROLE_USER'
2016-05-19 01:44:44.674 DEBUG 7360 --- [http-nio-9292-exec-2] o.s.security.web.FilterChainProxy        : /management/beans at position 9 of 11 in additional filter chain; firing Filter: 'SessionManagementFilter'
2016-05-19 01:44:44.674 DEBUG 7360 --- [http-nio-9292-exec-2] s.CompositeSessionAuthenticationStrategy : Delegating to org.springframework.security.web.authentication.session.ChangeSessionIdAuthenticationStrategy@26344a9f
2016-05-19 01:44:44.674 DEBUG 7360 --- [http-nio-9292-exec-2] o.s.security.web.FilterChainProxy        : /management/beans at position 10 of 11 in additional filter chain; firing Filter: 'ExceptionTranslationFilter'
2016-05-19 01:44:44.674 DEBUG 7360 --- [http-nio-9292-exec-2] o.s.security.web.FilterChainProxy        : /management/beans at position 11 of 11 in additional filter chain; firing Filter: 'FilterSecurityInterceptor'
2016-05-19 01:44:44.676 DEBUG 7360 --- [http-nio-9292-exec-2] o.s.s.web.util.matcher.OrRequestMatcher  : Trying to match using Ant [pattern='/management/health']
2016-05-19 01:44:44.676 DEBUG 7360 --- [http-nio-9292-exec-2] o.s.s.w.u.matcher.AntPathRequestMatcher  : Checking match of request : '/management/beans'; against '/management/health'
2016-05-19 01:44:44.676 DEBUG 7360 --- [http-nio-9292-exec-2] o.s.s.web.util.matcher.OrRequestMatcher  : Trying to match using Ant [pattern='/management/health/']
2016-05-19 01:44:44.676 DEBUG 7360 --- [http-nio-9292-exec-2] o.s.s.w.u.matcher.AntPathRequestMatcher  : Checking match of request : '/management/beans'; against '/management/health/'
2016-05-19 01:44:44.676 DEBUG 7360 --- [http-nio-9292-exec-2] o.s.s.web.util.matcher.OrRequestMatcher  : No matches found
2016-05-19 01:44:44.676 DEBUG 7360 --- [http-nio-9292-exec-2] o.s.s.w.a.i.FilterSecurityInterceptor    : Secure object: FilterInvocation: URL: /management/beans; Attributes: [hasRole('ROLE_ADMIN')]
2016-05-19 01:44:44.676 DEBUG 7360 --- [http-nio-9292-exec-2] o.s.s.w.a.i.FilterSecurityInterceptor    : Previously Authenticated: org.springframework.security.authentication.UsernamePasswordAuthenticationToken@fec7843d: Principal: org.springframework.security.core.userdetails.User@586034f: Username: admin; Password: [PROTECTED]; Enabled: true; AccountNonExpired: true; credentialsNonExpired: true; AccountNonLocked: true; Granted Authorities: ROLE_ADMIN,ROLE_USER; Credentials: [PROTECTED]; Authenticated: true; Details: org.springframework.security.web.authentication.WebAuthenticationDetails@b364: RemoteIpAddress: 0:0:0:0:0:0:0:1; SessionId: null; Granted Authorities: ROLE_ADMIN, ROLE_USER
2016-05-19 01:44:44.677 DEBUG 7360 --- [http-nio-9292-exec-2] o.s.s.access.vote.AffirmativeBased       : Voter: org.springframework.security.web.access.expression.WebExpressionVoter@6fc9b868, returned: 1
2016-05-19 01:44:44.678 DEBUG 7360 --- [http-nio-9292-exec-2] o.s.s.w.a.i.FilterSecurityInterceptor    : Authorization successful
2016-05-19 01:44:44.678 DEBUG 7360 --- [http-nio-9292-exec-2] o.s.s.w.a.i.FilterSecurityInterceptor    : RunAsManager did not change Authentication object
2016-05-19 01:44:44.678 DEBUG 7360 --- [http-nio-9292-exec-2] o.s.security.web.FilterChainProxy        : /management/beans reached end of additional filter chain; proceeding with original chain
2016-05-19 01:44:44.685 DEBUG 7360 --- [http-nio-9292-exec-2] o.s.s.w.header.writers.HstsHeaderWriter  : Not injecting HSTS header since it did not match the requestMatcher org.springframework.security.web.header.writers.HstsHeaderWriter$SecureRequestMatcher@77711fd7
2016-05-19 01:44:44.703 DEBUG 7360 --- [http-nio-9292-exec-2] o.s.s.w.a.ExceptionTranslationFilter     : Chain processed normally
2016-05-19 01:44:44.703 DEBUG 7360 --- [http-nio-9292-exec-2] s.s.w.c.SecurityContextPersistenceFilter : SecurityContextHolder now cleared, as request processing completed
2016-05-19 01:44:45.269 DEBUG 7360 --- [http-nio-9292-exec-3] o.s.s.web.util.matcher.OrRequestMatcher  : Trying to match using Ant [pattern='/css/**']
2016-05-19 01:44:45.269 DEBUG 7360 --- [http-nio-9292-exec-3] o.s.s.w.u.matcher.AntPathRequestMatcher  : Checking match of request : '/favicon.ico'; against '/css/**'
2016-05-19 01:44:45.272 DEBUG 7360 --- [http-nio-9292-exec-3] o.s.s.web.util.matcher.OrRequestMatcher  : Trying to match using Ant [pattern='/js/**']
2016-05-19 01:44:45.272 DEBUG 7360 --- [http-nio-9292-exec-3] o.s.s.w.u.matcher.AntPathRequestMatcher  : Checking match of request : '/favicon.ico'; against '/js/**'
2016-05-19 01:44:45.272 DEBUG 7360 --- [http-nio-9292-exec-3] o.s.s.web.util.matcher.OrRequestMatcher  : Trying to match using Ant [pattern='/images/**']
2016-05-19 01:44:45.272 DEBUG 7360 --- [http-nio-9292-exec-3] o.s.s.w.u.matcher.AntPathRequestMatcher  : Checking match of request : '/favicon.ico'; against '/images/**'
2016-05-19 01:44:45.275 DEBUG 7360 --- [http-nio-9292-exec-3] o.s.s.web.util.matcher.OrRequestMatcher  : Trying to match using Ant [pattern='/**/favicon.ico']
2016-05-19 01:44:45.276 DEBUG 7360 --- [http-nio-9292-exec-3] o.s.s.w.u.matcher.AntPathRequestMatcher  : Checking match of request : '/favicon.ico'; against '/**/favicon.ico'
2016-05-19 01:44:45.276 DEBUG 7360 --- [http-nio-9292-exec-3] o.s.s.web.util.matcher.OrRequestMatcher  : matched
2016-05-19 01:44:45.276 DEBUG 7360 --- [http-nio-9292-exec-3] o.s.security.web.FilterChainProxy        : /favicon.ico has an empty filter list
2016-05-19 01:44:53.218 DEBUG 7360 --- [http-nio-9292-exec-4] o.s.s.web.util.matcher.OrRequestMatcher  : Trying to match using Ant [pattern='/css/**']
2016-05-19 01:44:53.219 DEBUG 7360 --- [http-nio-9292-exec-4] o.s.s.w.u.matcher.AntPathRequestMatcher  : Checking match of request : '/management/beans'; against '/css/**'
2016-05-19 01:44:53.219 DEBUG 7360 --- [http-nio-9292-exec-4] o.s.s.web.util.matcher.OrRequestMatcher  : Trying to match using Ant [pattern='/js/**']
2016-05-19 01:44:53.219 DEBUG 7360 --- [http-nio-9292-exec-4] o.s.s.w.u.matcher.AntPathRequestMatcher  : Checking match of request : '/management/beans'; against '/js/**'
2016-05-19 01:44:53.219 DEBUG 7360 --- [http-nio-9292-exec-4] o.s.s.web.util.matcher.OrRequestMatcher  : Trying to match using Ant [pattern='/images/**']
2016-05-19 01:44:53.219 DEBUG 7360 --- [http-nio-9292-exec-4] o.s.s.w.u.matcher.AntPathRequestMatcher  : Checking match of request : '/management/beans'; against '/images/**'
2016-05-19 01:44:53.219 DEBUG 7360 --- [http-nio-9292-exec-4] o.s.s.web.util.matcher.OrRequestMatcher  : Trying to match using Ant [pattern='/**/favicon.ico']
2016-05-19 01:44:53.219 DEBUG 7360 --- [http-nio-9292-exec-4] o.s.s.w.u.matcher.AntPathRequestMatcher  : Checking match of request : '/management/beans'; against '/**/favicon.ico'
2016-05-19 01:44:53.219 DEBUG 7360 --- [http-nio-9292-exec-4] o.s.s.web.util.matcher.OrRequestMatcher  : Trying to match using Ant [pattern='/error']
2016-05-19 01:44:53.219 DEBUG 7360 --- [http-nio-9292-exec-4] o.s.s.w.u.matcher.AntPathRequestMatcher  : Checking match of request : '/management/beans'; against '/error'
2016-05-19 01:44:53.219 DEBUG 7360 --- [http-nio-9292-exec-4] o.s.s.web.util.matcher.OrRequestMatcher  : No matches found
2016-05-19 01:44:53.219 DEBUG 7360 --- [http-nio-9292-exec-4] o.s.s.w.u.matcher.AntPathRequestMatcher  : Checking match of request : '/management/beans'; against '/management/**'
2016-05-19 01:44:53.219 DEBUG 7360 --- [http-nio-9292-exec-4] o.s.security.web.FilterChainProxy        : /management/beans at position 1 of 11 in additional filter chain; firing Filter: 'WebAsyncManagerIntegrationFilter'
2016-05-19 01:44:53.219 DEBUG 7360 --- [http-nio-9292-exec-4] o.s.security.web.FilterChainProxy        : /management/beans at position 2 of 11 in additional filter chain; firing Filter: 'SecurityContextPersistenceFilter'
2016-05-19 01:44:53.219 DEBUG 7360 --- [http-nio-9292-exec-4] o.s.security.web.FilterChainProxy        : /management/beans at position 3 of 11 in additional filter chain; firing Filter: 'HeaderWriterFilter'
2016-05-19 01:44:53.219 DEBUG 7360 --- [http-nio-9292-exec-4] o.s.security.web.FilterChainProxy        : /management/beans at position 4 of 11 in additional filter chain; firing Filter: 'LogoutFilter'
2016-05-19 01:44:53.219 DEBUG 7360 --- [http-nio-9292-exec-4] o.s.s.w.u.matcher.AntPathRequestMatcher  : Checking match of request : '/management/beans'; against '/logout'
2016-05-19 01:44:53.223 DEBUG 7360 --- [http-nio-9292-exec-4] o.s.security.web.FilterChainProxy        : /management/beans at position 5 of 11 in additional filter chain; firing Filter: 'BasicAuthenticationFilter'
2016-05-19 01:44:53.223 DEBUG 7360 --- [http-nio-9292-exec-4] o.s.s.w.a.www.BasicAuthenticationFilter  : Basic Authentication Authorization header found for user 'admin'
2016-05-19 01:44:58.161 DEBUG 7360 --- [http-nio-9292-exec-4] o.s.s.authentication.ProviderManager     : Authentication attempt using org.springframework.security.authentication.dao.DaoAuthenticationProvider
2016-05-19 01:44:58.161 DEBUG 7360 --- [http-nio-9292-exec-4] o.s.s.w.a.www.BasicAuthenticationFilter  : Authentication success: org.springframework.security.authentication.UsernamePasswordAuthenticationToken@fec7843d: Principal: org.springframework.security.core.userdetails.User@586034f: Username: admin; Password: [PROTECTED]; Enabled: true; AccountNonExpired: true; credentialsNonExpired: true; AccountNonLocked: true; Granted Authorities: ROLE_ADMIN,ROLE_USER; Credentials: [PROTECTED]; Authenticated: true; Details: org.springframework.security.web.authentication.WebAuthenticationDetails@b364: RemoteIpAddress: 0:0:0:0:0:0:0:1; SessionId: null; Granted Authorities: ROLE_ADMIN, ROLE_USER
2016-05-19 01:44:58.161 DEBUG 7360 --- [http-nio-9292-exec-4] o.s.security.web.FilterChainProxy        : /management/beans at position 6 of 11 in additional filter chain; firing Filter: 'RequestCacheAwareFilter'
2016-05-19 01:44:58.162 DEBUG 7360 --- [http-nio-9292-exec-4] o.s.security.web.FilterChainProxy        : /management/beans at position 7 of 11 in additional filter chain; firing Filter: 'SecurityContextHolderAwareRequestFilter'
2016-05-19 01:44:58.162 DEBUG 7360 --- [http-nio-9292-exec-4] o.s.security.web.FilterChainProxy        : /management/beans at position 8 of 11 in additional filter chain; firing Filter: 'AnonymousAuthenticationFilter'
2016-05-19 01:44:58.162 DEBUG 7360 --- [http-nio-9292-exec-4] o.s.s.w.a.AnonymousAuthenticationFilter  : SecurityContextHolder not populated with anonymous token, as it already contained: 'org.springframework.security.authentication.UsernamePasswordAuthenticationToken@fec7843d: Principal: org.springframework.security.core.userdetails.User@586034f: Username: admin; Password: [PROTECTED]; Enabled: true; AccountNonExpired: true; credentialsNonExpired: true; AccountNonLocked: true; Granted Authorities: ROLE_ADMIN,ROLE_USER; Credentials: [PROTECTED]; Authenticated: true; Details: org.springframework.security.web.authentication.WebAuthenticationDetails@b364: RemoteIpAddress: 0:0:0:0:0:0:0:1; SessionId: null; Granted Authorities: ROLE_ADMIN, ROLE_USER'
2016-05-19 01:44:58.162 DEBUG 7360 --- [http-nio-9292-exec-4] o.s.security.web.FilterChainProxy        : /management/beans at position 9 of 11 in additional filter chain; firing Filter: 'SessionManagementFilter'
2016-05-19 01:44:58.163 DEBUG 7360 --- [http-nio-9292-exec-4] s.CompositeSessionAuthenticationStrategy : Delegating to org.springframework.security.web.authentication.session.ChangeSessionIdAuthenticationStrategy@26344a9f
2016-05-19 01:44:58.163 DEBUG 7360 --- [http-nio-9292-exec-4] o.s.security.web.FilterChainProxy        : /management/beans at position 10 of 11 in additional filter chain; firing Filter: 'ExceptionTranslationFilter'
2016-05-19 01:44:58.163 DEBUG 7360 --- [http-nio-9292-exec-4] o.s.security.web.FilterChainProxy        : /management/beans at position 11 of 11 in additional filter chain; firing Filter: 'FilterSecurityInterceptor'
2016-05-19 01:44:58.163 DEBUG 7360 --- [http-nio-9292-exec-4] o.s.s.web.util.matcher.OrRequestMatcher  : Trying to match using Ant [pattern='/management/health']
2016-05-19 01:44:58.163 DEBUG 7360 --- [http-nio-9292-exec-4] o.s.s.w.u.matcher.AntPathRequestMatcher  : Checking match of request : '/management/beans'; against '/management/health'
2016-05-19 01:44:58.163 DEBUG 7360 --- [http-nio-9292-exec-4] o.s.s.web.util.matcher.OrRequestMatcher  : Trying to match using Ant [pattern='/management/health/']
2016-05-19 01:44:58.163 DEBUG 7360 --- [http-nio-9292-exec-4] o.s.s.w.u.matcher.AntPathRequestMatcher  : Checking match of request : '/management/beans'; against '/management/health/'
2016-05-19 01:44:58.163 DEBUG 7360 --- [http-nio-9292-exec-4] o.s.s.web.util.matcher.OrRequestMatcher  : No matches found
2016-05-19 01:44:58.163 DEBUG 7360 --- [http-nio-9292-exec-4] o.s.s.w.a.i.FilterSecurityInterceptor    : Secure object: FilterInvocation: URL: /management/beans; Attributes: [hasRole('ROLE_ADMIN')]
2016-05-19 01:44:58.163 DEBUG 7360 --- [http-nio-9292-exec-4] o.s.s.w.a.i.FilterSecurityInterceptor    : Previously Authenticated: org.springframework.security.authentication.UsernamePasswordAuthenticationToken@fec7843d: Principal: org.springframework.security.core.userdetails.User@586034f: Username: admin; Password: [PROTECTED]; Enabled: true; AccountNonExpired: true; credentialsNonExpired: true; AccountNonLocked: true; Granted Authorities: ROLE_ADMIN,ROLE_USER; Credentials: [PROTECTED]; Authenticated: true; Details: org.springframework.security.web.authentication.WebAuthenticationDetails@b364: RemoteIpAddress: 0:0:0:0:0:0:0:1; SessionId: null; Granted Authorities: ROLE_ADMIN, ROLE_USER
2016-05-19 01:44:58.163 DEBUG 7360 --- [http-nio-9292-exec-4] o.s.s.access.vote.AffirmativeBased       : Voter: org.springframework.security.web.access.expression.WebExpressionVoter@6fc9b868, returned: 1
2016-05-19 01:44:58.163 DEBUG 7360 --- [http-nio-9292-exec-4] o.s.s.w.a.i.FilterSecurityInterceptor    : Authorization successful
2016-05-19 01:44:58.163 DEBUG 7360 --- [http-nio-9292-exec-4] o.s.s.w.a.i.FilterSecurityInterceptor    : RunAsManager did not change Authentication object
2016-05-19 01:44:58.164 DEBUG 7360 --- [http-nio-9292-exec-4] o.s.security.web.FilterChainProxy        : /management/beans reached end of additional filter chain; proceeding with original chain
2016-05-19 01:44:58.168 DEBUG 7360 --- [http-nio-9292-exec-4] o.s.s.w.header.writers.HstsHeaderWriter  : Not injecting HSTS header since it did not match the requestMatcher org.springframework.security.web.header.writers.HstsHeaderWriter$SecureRequestMatcher@77711fd7
2016-05-19 01:44:58.197 DEBUG 7360 --- [http-nio-9292-exec-4] o.s.s.w.a.ExceptionTranslationFilter     : Chain processed normally
2016-05-19 01:44:58.197 DEBUG 7360 --- [http-nio-9292-exec-4] s.s.w.c.SecurityContextPersistenceFilter : SecurityContextHolder now cleared, as request processing completed
2016-05-19 01:44:58.728 DEBUG 7360 --- [http-nio-9292-exec-5] o.s.s.web.util.matcher.OrRequestMatcher  : Trying to match using Ant [pattern='/css/**']
2016-05-19 01:44:58.728 DEBUG 7360 --- [http-nio-9292-exec-5] o.s.s.w.u.matcher.AntPathRequestMatcher  : Checking match of request : '/favicon.ico'; against '/css/**'
2016-05-19 01:44:58.729 DEBUG 7360 --- [http-nio-9292-exec-5] o.s.s.web.util.matcher.OrRequestMatcher  : Trying to match using Ant [pattern='/js/**']
2016-05-19 01:44:58.730 DEBUG 7360 --- [http-nio-9292-exec-5] o.s.s.w.u.matcher.AntPathRequestMatcher  : Checking match of request : '/favicon.ico'; against '/js/**'
2016-05-19 01:44:58.730 DEBUG 7360 --- [http-nio-9292-exec-5] o.s.s.web.util.matcher.OrRequestMatcher  : Trying to match using Ant [pattern='/images/**']
2016-05-19 01:44:58.730 DEBUG 7360 --- [http-nio-9292-exec-5] o.s.s.w.u.matcher.AntPathRequestMatcher  : Checking match of request : '/favicon.ico'; against '/images/**'
2016-05-19 01:44:58.730 DEBUG 7360 --- [http-nio-9292-exec-5] o.s.s.web.util.matcher.OrRequestMatcher  : Trying to match using Ant [pattern='/**/favicon.ico']
2016-05-19 01:44:58.730 DEBUG 7360 --- [http-nio-9292-exec-5] o.s.s.w.u.matcher.AntPathRequestMatcher  : Checking match of request : '/favicon.ico'; against '/**/favicon.ico'
2016-05-19 01:44:58.730 DEBUG 7360 --- [http-nio-9292-exec-5] o.s.s.web.util.matcher.OrRequestMatcher  : matched
2016-05-19 01:44:58.730 DEBUG 7360 --- [http-nio-9292-exec-5] o.s.security.web.FilterChainProxy        : /favicon.ico has an empty filter list
2016-05-19 01:46:14.322  INFO 3060 --- [main] com.mimacom.app.springboot.Application   : Starting Application on mima-ws-108 with PID 3060 (C:\development\projects\sample-spring-boot-app\sample-spring-boot-web\target\classes started by pado in C:\development\projects\sample-spring-boot-app)
2016-05-19 01:46:14.327  INFO 3060 --- [main] com.mimacom.app.springboot.Application   : No active profile set, falling back to default profiles: default
2016-05-19 01:46:14.506  INFO 3060 --- [main] ationConfigEmbeddedWebApplicationContext : Refreshing org.springframework.boot.context.embedded.AnnotationConfigEmbeddedWebApplicationContext@4681c175: startup date [Thu May 19 01:46:14 CEST 2016]; root of context hierarchy
2016-05-19 01:46:16.522  INFO 3060 --- [main] o.s.b.f.s.DefaultListableBeanFactory     : Overriding bean definition for bean 'beanNameViewResolver' with a different definition: replacing [Root bean: class [null]; scope=; abstract=false; lazyInit=false; autowireMode=3; dependencyCheck=0; autowireCandidate=true; primary=false; factoryBeanName=org.springframework.boot.autoconfigure.web.ErrorMvcAutoConfiguration$WhitelabelErrorViewConfiguration; factoryMethodName=beanNameViewResolver; initMethodName=null; destroyMethodName=(inferred); defined in class path resource [org/springframework/boot/autoconfigure/web/ErrorMvcAutoConfiguration$WhitelabelErrorViewConfiguration.class]] with [Root bean: class [null]; scope=; abstract=false; lazyInit=false; autowireMode=3; dependencyCheck=0; autowireCandidate=true; primary=false; factoryBeanName=org.springframework.boot.autoconfigure.web.WebMvcAutoConfiguration$WebMvcAutoConfigurationAdapter; factoryMethodName=beanNameViewResolver; initMethodName=null; destroyMethodName=(inferred); defined in class path resource [org/springframework/boot/autoconfigure/web/WebMvcAutoConfiguration$WebMvcAutoConfigurationAdapter.class]]
2016-05-19 01:46:16.558  INFO 3060 --- [main] o.s.b.f.s.DefaultListableBeanFactory     : Overriding bean definition for bean 'ignoredPathsWebSecurityConfigurerAdapter' with a different definition: replacing [Root bean: class [null]; scope=; abstract=false; lazyInit=false; autowireMode=3; dependencyCheck=0; autowireCandidate=true; primary=false; factoryBeanName=org.springframework.boot.autoconfigure.security.SpringBootWebSecurityConfiguration; factoryMethodName=ignoredPathsWebSecurityConfigurerAdapter; initMethodName=null; destroyMethodName=(inferred); defined in class path resource [org/springframework/boot/autoconfigure/security/SpringBootWebSecurityConfiguration.class]] with [Root bean: class [null]; scope=; abstract=false; lazyInit=false; autowireMode=3; dependencyCheck=0; autowireCandidate=true; primary=false; factoryBeanName=org.springframework.boot.actuate.autoconfigure.ManagementWebSecurityAutoConfiguration; factoryMethodName=ignoredPathsWebSecurityConfigurerAdapter; initMethodName=null; destroyMethodName=(inferred); defined in class path resource [org/springframework/boot/actuate/autoconfigure/ManagementWebSecurityAutoConfiguration.class]]
2016-05-19 01:46:17.752  INFO 3060 --- [main] trationDelegate$BeanPostProcessorChecker : Bean 'org.springframework.transaction.annotation.ProxyTransactionManagementConfiguration' of type [class org.springframework.transaction.annotation.ProxyTransactionManagementConfiguration$$EnhancerBySpringCGLIB$$7e2c9c6a] is not eligible for getting processed by all BeanPostProcessors (for example: not eligible for auto-proxying)
2016-05-19 01:46:20.176  INFO 3060 --- [main] s.b.c.e.t.TomcatEmbeddedServletContainer : Tomcat initialized with port(s): 9292 (http)
2016-05-19 01:46:20.193  INFO 3060 --- [main] o.apache.catalina.core.StandardService   : Starting service Tomcat
2016-05-19 01:46:20.195  INFO 3060 --- [main] org.apache.catalina.core.StandardEngine  : Starting Servlet Engine: Apache Tomcat/8.0.33
2016-05-19 01:46:20.611  INFO 3060 --- [localhost-startStop-1] o.a.c.c.C.[Tomcat].[localhost].[/]       : Initializing Spring embedded WebApplicationContext
2016-05-19 01:46:20.612  INFO 3060 --- [localhost-startStop-1] o.s.web.context.ContextLoader            : Root WebApplicationContext: initialization completed in 6112 ms
2016-05-19 01:46:21.305  INFO 3060 --- [localhost-startStop-1] o.s.b.c.embedded.FilterRegistrationBean  : Mapping filter: 'metricFilter' to: [/*]
2016-05-19 01:46:21.305  INFO 3060 --- [localhost-startStop-1] o.s.b.c.embedded.FilterRegistrationBean  : Mapping filter: 'characterEncodingFilter' to: [/*]
2016-05-19 01:46:21.305  INFO 3060 --- [localhost-startStop-1] o.s.b.c.embedded.FilterRegistrationBean  : Mapping filter: 'hiddenHttpMethodFilter' to: [/*]
2016-05-19 01:46:21.306  INFO 3060 --- [localhost-startStop-1] o.s.b.c.embedded.FilterRegistrationBean  : Mapping filter: 'httpPutFormContentFilter' to: [/*]
2016-05-19 01:46:21.306  INFO 3060 --- [localhost-startStop-1] o.s.b.c.embedded.FilterRegistrationBean  : Mapping filter: 'requestContextFilter' to: [/*]
2016-05-19 01:46:21.308  INFO 3060 --- [localhost-startStop-1] .e.DelegatingFilterProxyRegistrationBean : Mapping filter: 'springSecurityFilterChain' to: [/*]
2016-05-19 01:46:21.308  INFO 3060 --- [localhost-startStop-1] o.s.b.c.embedded.FilterRegistrationBean  : Mapping filter: 'webRequestLoggingFilter' to: [/*]
2016-05-19 01:46:21.309  INFO 3060 --- [localhost-startStop-1] o.s.b.c.embedded.FilterRegistrationBean  : Mapping filter: 'applicationContextIdFilter' to: [/*]
2016-05-19 01:46:21.309  INFO 3060 --- [localhost-startStop-1] o.s.b.c.e.ServletRegistrationBean        : Mapping servlet: 'dispatcherServlet' to [/]
2016-05-19 01:46:21.837 DEBUG 3060 --- [localhost-startStop-1] eGlobalAuthenticationAutowiredConfigurer : Eagerly initializing {org.springframework.boot.autoconfigure.security.SpringBootWebSecurityConfiguration=org.springframework.boot.autoconfigure.security.SpringBootWebSecurityConfiguration$$EnhancerBySpringCGLIB$$3c05ec12@198f6207}
2016-05-19 01:46:21.953  INFO 3060 --- [localhost-startStop-1] o.s.s.web.DefaultSecurityFilterChain     : Creating filter chain: OrRequestMatcher [requestMatchers=[Ant [pattern='/css/**'], Ant [pattern='/js/**'], Ant [pattern='/images/**'], Ant [pattern='/**/favicon.ico'], Ant [pattern='/error']]], []
2016-05-19 01:46:22.010 DEBUG 3060 --- [localhost-startStop-1] edFilterInvocationSecurityMetadataSource : Adding web access control expression 'permitAll', for org.springframework.boot.actuate.autoconfigure.ManagementWebSecurityAutoConfiguration$LazyEndpointPathRequestMatcher@79fe14cb
2016-05-19 01:46:22.012 DEBUG 3060 --- [localhost-startStop-1] edFilterInvocationSecurityMetadataSource : Adding web access control expression 'hasRole('ROLE_ADMIN')', for org.springframework.security.web.util.matcher.AnyRequestMatcher@1
2016-05-19 01:46:22.025 DEBUG 3060 --- [localhost-startStop-1] o.s.s.w.a.i.FilterSecurityInterceptor    : Validated configuration attributes
2016-05-19 01:46:22.026 DEBUG 3060 --- [localhost-startStop-1] o.s.s.w.a.i.FilterSecurityInterceptor    : Validated configuration attributes
2016-05-19 01:46:22.039  INFO 3060 --- [localhost-startStop-1] o.s.s.web.DefaultSecurityFilterChain     : Creating filter chain: Ant [pattern='/management/**'], [org.springframework.security.web.context.request.async.WebAsyncManagerIntegrationFilter@69e72177, org.springframework.security.web.context.SecurityContextPersistenceFilter@28336b9f, org.springframework.security.web.header.HeaderWriterFilter@37c41f00, org.springframework.security.web.authentication.logout.LogoutFilter@13ba33be, org.springframework.security.web.authentication.www.BasicAuthenticationFilter@3617585b, org.springframework.security.web.savedrequest.RequestCacheAwareFilter@22529f7e, org.springframework.security.web.servletapi.SecurityContextHolderAwareRequestFilter@7398743f, org.springframework.security.web.authentication.AnonymousAuthenticationFilter@290fdd35, org.springframework.security.web.session.SessionManagementFilter@1b498002, org.springframework.security.web.access.ExceptionTranslationFilter@1c9f864c, org.springframework.security.web.access.intercept.FilterSecurityInterceptor@1488da7f]
2016-05-19 01:46:22.075 DEBUG 3060 --- [localhost-startStop-1] edFilterInvocationSecurityMetadataSource : Adding web access control expression 'fullyAuthenticated', for Ant [pattern='/**']
2016-05-19 01:46:22.076 DEBUG 3060 --- [localhost-startStop-1] o.s.s.w.a.i.FilterSecurityInterceptor    : Validated configuration attributes
2016-05-19 01:46:22.076 DEBUG 3060 --- [localhost-startStop-1] o.s.s.w.a.i.FilterSecurityInterceptor    : Validated configuration attributes
2016-05-19 01:46:22.076  INFO 3060 --- [localhost-startStop-1] o.s.s.web.DefaultSecurityFilterChain     : Creating filter chain: org.springframework.security.web.util.matcher.AnyRequestMatcher@1, [org.springframework.security.web.context.request.async.WebAsyncManagerIntegrationFilter@385f0914, org.springframework.security.web.context.SecurityContextPersistenceFilter@f4328b3, org.springframework.security.web.header.HeaderWriterFilter@31cfee55, org.springframework.security.web.csrf.CsrfFilter@2bd5a6dc, org.springframework.security.web.authentication.logout.LogoutFilter@7a5acfe9, org.springframework.security.web.authentication.UsernamePasswordAuthenticationFilter@7434ac79, org.springframework.security.web.authentication.ui.DefaultLoginPageGeneratingFilter@6cca6473, org.springframework.security.web.savedrequest.RequestCacheAwareFilter@1f423457, org.springframework.security.web.servletapi.SecurityContextHolderAwareRequestFilter@51b1dcac, org.springframework.security.web.session.SessionManagementFilter@9268c0d, org.springframework.security.web.access.ExceptionTranslationFilter@1cf19c10, org.springframework.security.web.access.intercept.FilterSecurityInterceptor@69e6dee5]
2016-05-19 01:46:22.081 DEBUG 3060 --- [localhost-startStop-1] edFilterInvocationSecurityMetadataSource : Adding web access control expression 'hasAnyRole('ROLE_USER','ROLE_ADMIN')', for org.springframework.security.web.util.matcher.AnyRequestMatcher@1
2016-05-19 01:46:22.082 DEBUG 3060 --- [localhost-startStop-1] o.s.s.w.a.i.FilterSecurityInterceptor    : Validated configuration attributes
2016-05-19 01:46:22.082 DEBUG 3060 --- [localhost-startStop-1] o.s.s.w.a.i.FilterSecurityInterceptor    : Validated configuration attributes
2016-05-19 01:46:22.082  INFO 3060 --- [localhost-startStop-1] o.s.s.web.DefaultSecurityFilterChain     : Creating filter chain: OrRequestMatcher [requestMatchers=[Ant [pattern='/**']]], [org.springframework.security.web.context.request.async.WebAsyncManagerIntegrationFilter@22329b08, org.springframework.security.web.context.SecurityContextPersistenceFilter@72e70140, org.springframework.security.web.header.HeaderWriterFilter@4e1d1806, org.springframework.security.web.authentication.logout.LogoutFilter@65d2bd14, org.springframework.security.web.authentication.www.BasicAuthenticationFilter@2ff55def, org.springframework.security.web.savedrequest.RequestCacheAwareFilter@7a5df142, org.springframework.security.web.servletapi.SecurityContextHolderAwareRequestFilter@5c260b27, org.springframework.security.web.authentication.AnonymousAuthenticationFilter@554eb10b, org.springframework.security.web.session.SessionManagementFilter@438f5857, org.springframework.security.web.access.ExceptionTranslationFilter@3e56cc82, org.springframework.security.web.access.intercept.FilterSecurityInterceptor@23f1332a]
2016-05-19 01:46:22.570  INFO 3060 --- [main] j.LocalContainerEntityManagerFactoryBean : Building JPA container EntityManagerFactory for persistence unit 'default'
2016-05-19 01:46:22.602  INFO 3060 --- [main] o.hibernate.jpa.internal.util.LogHelper  : HHH000204: Processing PersistenceUnitInfo [
	name: default
	...]
2016-05-19 01:46:22.921  INFO 3060 --- [main] org.hibernate.Version                    : HHH000412: Hibernate Core {5.1.0.Final}
2016-05-19 01:46:22.930  INFO 3060 --- [main] org.hibernate.cfg.Environment            : HHH000206: hibernate.properties not found
2016-05-19 01:46:22.933  INFO 3060 --- [main] org.hibernate.cfg.Environment            : HHH000021: Bytecode provider name : javassist
2016-05-19 01:46:23.002  INFO 3060 --- [main] o.hibernate.annotations.common.Version   : HCANN000001: Hibernate Commons Annotations {5.0.1.Final}
2016-05-19 01:46:23.265  INFO 3060 --- [main] org.hibernate.dialect.Dialect            : HHH000400: Using dialect: org.hibernate.dialect.H2Dialect
2016-05-19 01:46:23.905  INFO 3060 --- [main] o.h.t.schema.internal.SchemaCreatorImpl  : HHH000476: Executing import script 'org.hibernate.tool.schema.internal.exec.ScriptSourceInputNonExistentImpl@7b2e931'
2016-05-19 01:46:23.950  INFO 3060 --- [main] j.LocalContainerEntityManagerFactoryBean : Initialized JPA EntityManagerFactory for persistence unit 'default'
2016-05-19 01:46:24.392  INFO 3060 --- [main] s.w.s.m.m.a.RequestMappingHandlerAdapter : Looking for @ControllerAdvice: org.springframework.boot.context.embedded.AnnotationConfigEmbeddedWebApplicationContext@4681c175: startup date [Thu May 19 01:46:14 CEST 2016]; root of context hierarchy
2016-05-19 01:46:24.488  INFO 3060 --- [main] s.w.s.m.m.a.RequestMappingHandlerMapping : Mapped "{[/api/user],methods=[GET]}" onto public void com.mimacom.app.springboot.web.UserController.addRandom()
2016-05-19 01:46:24.493  INFO 3060 --- [main] s.w.s.m.m.a.RequestMappingHandlerMapping : Mapped "{[/error]}" onto public org.springframework.http.ResponseEntity<java.util.Map<java.lang.String, java.lang.Object>> org.springframework.boot.autoconfigure.web.BasicErrorController.error(javax.servlet.http.HttpServletRequest)
2016-05-19 01:46:24.494  INFO 3060 --- [main] s.w.s.m.m.a.RequestMappingHandlerMapping : Mapped "{[/error],produces=[text/html]}" onto public org.springframework.web.servlet.ModelAndView org.springframework.boot.autoconfigure.web.BasicErrorController.errorHtml(javax.servlet.http.HttpServletRequest,javax.servlet.http.HttpServletResponse)
2016-05-19 01:46:24.501  INFO 3060 --- [main] o.s.w.s.c.a.WebMvcConfigurerAdapter      : Adding welcome page: class path resource [static/index.html]
2016-05-19 01:46:24.520  INFO 3060 --- [main] o.s.w.s.handler.SimpleUrlHandlerMapping  : Root mapping to handler of type [class org.springframework.web.servlet.mvc.ParameterizableViewController]
2016-05-19 01:46:24.539  INFO 3060 --- [main] o.s.w.s.handler.SimpleUrlHandlerMapping  : Mapped URL path [/webjars/**] onto handler of type [class org.springframework.web.servlet.resource.ResourceHttpRequestHandler]
2016-05-19 01:46:24.540  INFO 3060 --- [main] o.s.w.s.handler.SimpleUrlHandlerMapping  : Mapped URL path [/**] onto handler of type [class org.springframework.web.servlet.resource.ResourceHttpRequestHandler]
2016-05-19 01:46:24.602  INFO 3060 --- [main] o.s.w.s.handler.SimpleUrlHandlerMapping  : Mapped URL path [/**/favicon.ico] onto handler of type [class org.springframework.web.servlet.resource.ResourceHttpRequestHandler]
2016-05-19 01:46:25.343  INFO 3060 --- [main] o.s.b.a.e.mvc.EndpointHandlerMapping     : Mapped "{[/management/dump || /management/dump.json],methods=[GET],produces=[application/json]}" onto public java.lang.Object org.springframework.boot.actuate.endpoint.mvc.EndpointMvcAdapter.invoke()
2016-05-19 01:46:25.344  INFO 3060 --- [main] o.s.b.a.e.mvc.EndpointHandlerMapping     : Mapped "{[/management/info || /management/info.json],methods=[GET],produces=[application/json]}" onto public java.lang.Object org.springframework.boot.actuate.endpoint.mvc.EndpointMvcAdapter.invoke()
2016-05-19 01:46:25.345  INFO 3060 --- [main] o.s.b.a.e.mvc.EndpointHandlerMapping     : Mapped "{[/management/trace || /management/trace.json],methods=[GET],produces=[application/json]}" onto public java.lang.Object org.springframework.boot.actuate.endpoint.mvc.EndpointMvcAdapter.invoke()
2016-05-19 01:46:25.346  INFO 3060 --- [main] o.s.b.a.e.mvc.EndpointHandlerMapping     : Mapped "{[/management/logfile || /management/logfile.json],methods=[GET || HEAD]}" onto public void org.springframework.boot.actuate.endpoint.mvc.LogFileMvcEndpoint.invoke(javax.servlet.http.HttpServletRequest,javax.servlet.http.HttpServletResponse) throws javax.servlet.ServletException,java.io.IOException
2016-05-19 01:46:25.346  INFO 3060 --- [main] o.s.b.a.e.mvc.EndpointHandlerMapping     : Mapped "{[/management/autoconfig || /management/autoconfig.json],methods=[GET],produces=[application/json]}" onto public java.lang.Object org.springframework.boot.actuate.endpoint.mvc.EndpointMvcAdapter.invoke()
2016-05-19 01:46:25.347  INFO 3060 --- [main] o.s.b.a.e.mvc.EndpointHandlerMapping     : Mapped "{[/management/beans || /management/beans.json],methods=[GET],produces=[application/json]}" onto public java.lang.Object org.springframework.boot.actuate.endpoint.mvc.EndpointMvcAdapter.invoke()
2016-05-19 01:46:25.349  INFO 3060 --- [main] o.s.b.a.e.mvc.EndpointHandlerMapping     : Mapped "{[/management/mappings || /management/mappings.json],methods=[GET],produces=[application/json]}" onto public java.lang.Object org.springframework.boot.actuate.endpoint.mvc.EndpointMvcAdapter.invoke()
2016-05-19 01:46:25.351  INFO 3060 --- [main] o.s.b.a.e.mvc.EndpointHandlerMapping     : Mapped "{[/management/health || /management/health.json],produces=[application/json]}" onto public java.lang.Object org.springframework.boot.actuate.endpoint.mvc.HealthMvcEndpoint.invoke(java.security.Principal)
2016-05-19 01:46:25.352  INFO 3060 --- [main] o.s.b.a.e.mvc.EndpointHandlerMapping     : Mapped "{[/management/env/{name:.*}],methods=[GET],produces=[application/json]}" onto public java.lang.Object org.springframework.boot.actuate.endpoint.mvc.EnvironmentMvcEndpoint.value(java.lang.String)
2016-05-19 01:46:25.352  INFO 3060 --- [main] o.s.b.a.e.mvc.EndpointHandlerMapping     : Mapped "{[/management/env || /management/env.json],methods=[GET],produces=[application/json]}" onto public java.lang.Object org.springframework.boot.actuate.endpoint.mvc.EndpointMvcAdapter.invoke()
2016-05-19 01:46:25.353  INFO 3060 --- [main] o.s.b.a.e.mvc.EndpointHandlerMapping     : Mapped "{[/management/configprops || /management/configprops.json],methods=[GET],produces=[application/json]}" onto public java.lang.Object org.springframework.boot.actuate.endpoint.mvc.EndpointMvcAdapter.invoke()
2016-05-19 01:46:25.355  INFO 3060 --- [main] o.s.b.a.e.mvc.EndpointHandlerMapping     : Mapped "{[/management/metrics/{name:.*}],methods=[GET],produces=[application/json]}" onto public java.lang.Object org.springframework.boot.actuate.endpoint.mvc.MetricsMvcEndpoint.value(java.lang.String)
2016-05-19 01:46:25.355  INFO 3060 --- [main] o.s.b.a.e.mvc.EndpointHandlerMapping     : Mapped "{[/management/metrics || /management/metrics.json],methods=[GET],produces=[application/json]}" onto public java.lang.Object org.springframework.boot.actuate.endpoint.mvc.EndpointMvcAdapter.invoke()
2016-05-19 01:46:25.663  INFO 3060 --- [main] o.s.j.e.a.AnnotationMBeanExporter        : Registering beans for JMX exposure on startup
2016-05-19 01:46:25.678  INFO 3060 --- [main] o.s.c.support.DefaultLifecycleProcessor  : Starting beans in phase 0
2016-05-19 01:46:25.852  INFO 3060 --- [main] s.b.c.e.t.TomcatEmbeddedServletContainer : Tomcat started on port(s): 9292 (http)
2016-05-19 01:46:25.858  INFO 3060 --- [main] com.mimacom.app.springboot.Application   : Started Application in 12.389 seconds (JVM running for 13.061)
2016-05-19 01:46:41.371  INFO 3060 --- [http-nio-9292-exec-1] o.a.c.c.C.[Tomcat].[localhost].[/]       : Initializing Spring FrameworkServlet 'dispatcherServlet'
2016-05-19 01:46:41.372  INFO 3060 --- [http-nio-9292-exec-1] o.s.web.servlet.DispatcherServlet        : FrameworkServlet 'dispatcherServlet': initialization started
2016-05-19 01:46:41.395  INFO 3060 --- [http-nio-9292-exec-1] o.s.web.servlet.DispatcherServlet        : FrameworkServlet 'dispatcherServlet': initialization completed in 23 ms
2016-05-19 01:46:41.420 DEBUG 3060 --- [http-nio-9292-exec-1] o.s.s.web.util.matcher.OrRequestMatcher  : Trying to match using Ant [pattern='/css/**']
2016-05-19 01:46:41.420 DEBUG 3060 --- [http-nio-9292-exec-1] o.s.s.w.u.matcher.AntPathRequestMatcher  : Checking match of request : '/management/beans'; against '/css/**'
2016-05-19 01:46:41.421 DEBUG 3060 --- [http-nio-9292-exec-1] o.s.s.web.util.matcher.OrRequestMatcher  : Trying to match using Ant [pattern='/js/**']
2016-05-19 01:46:41.421 DEBUG 3060 --- [http-nio-9292-exec-1] o.s.s.w.u.matcher.AntPathRequestMatcher  : Checking match of request : '/management/beans'; against '/js/**'
2016-05-19 01:46:41.421 DEBUG 3060 --- [http-nio-9292-exec-1] o.s.s.web.util.matcher.OrRequestMatcher  : Trying to match using Ant [pattern='/images/**']
2016-05-19 01:46:41.421 DEBUG 3060 --- [http-nio-9292-exec-1] o.s.s.w.u.matcher.AntPathRequestMatcher  : Checking match of request : '/management/beans'; against '/images/**'
2016-05-19 01:46:41.421 DEBUG 3060 --- [http-nio-9292-exec-1] o.s.s.web.util.matcher.OrRequestMatcher  : Trying to match using Ant [pattern='/**/favicon.ico']
2016-05-19 01:46:41.421 DEBUG 3060 --- [http-nio-9292-exec-1] o.s.s.w.u.matcher.AntPathRequestMatcher  : Checking match of request : '/management/beans'; against '/**/favicon.ico'
2016-05-19 01:46:41.422 DEBUG 3060 --- [http-nio-9292-exec-1] o.s.s.web.util.matcher.OrRequestMatcher  : Trying to match using Ant [pattern='/error']
2016-05-19 01:46:41.422 DEBUG 3060 --- [http-nio-9292-exec-1] o.s.s.w.u.matcher.AntPathRequestMatcher  : Checking match of request : '/management/beans'; against '/error'
2016-05-19 01:46:41.422 DEBUG 3060 --- [http-nio-9292-exec-1] o.s.s.web.util.matcher.OrRequestMatcher  : No matches found
2016-05-19 01:46:41.422 DEBUG 3060 --- [http-nio-9292-exec-1] o.s.s.w.u.matcher.AntPathRequestMatcher  : Checking match of request : '/management/beans'; against '/management/**'
2016-05-19 01:46:41.424 DEBUG 3060 --- [http-nio-9292-exec-1] o.s.security.web.FilterChainProxy        : /management/beans at position 1 of 11 in additional filter chain; firing Filter: 'WebAsyncManagerIntegrationFilter'
2016-05-19 01:46:41.425 DEBUG 3060 --- [http-nio-9292-exec-1] o.s.security.web.FilterChainProxy        : /management/beans at position 2 of 11 in additional filter chain; firing Filter: 'SecurityContextPersistenceFilter'
2016-05-19 01:46:41.426 DEBUG 3060 --- [http-nio-9292-exec-1] o.s.security.web.FilterChainProxy        : /management/beans at position 3 of 11 in additional filter chain; firing Filter: 'HeaderWriterFilter'
2016-05-19 01:46:41.427 DEBUG 3060 --- [http-nio-9292-exec-1] o.s.s.w.header.writers.HstsHeaderWriter  : Not injecting HSTS header since it did not match the requestMatcher org.springframework.security.web.header.writers.HstsHeaderWriter$SecureRequestMatcher@12074dab
2016-05-19 01:46:41.427 DEBUG 3060 --- [http-nio-9292-exec-1] o.s.security.web.FilterChainProxy        : /management/beans at position 4 of 11 in additional filter chain; firing Filter: 'LogoutFilter'
2016-05-19 01:46:41.427 DEBUG 3060 --- [http-nio-9292-exec-1] o.s.s.w.u.matcher.AntPathRequestMatcher  : Checking match of request : '/management/beans'; against '/logout'
2016-05-19 01:46:41.427 DEBUG 3060 --- [http-nio-9292-exec-1] o.s.security.web.FilterChainProxy        : /management/beans at position 5 of 11 in additional filter chain; firing Filter: 'BasicAuthenticationFilter'
2016-05-19 01:46:41.431 DEBUG 3060 --- [http-nio-9292-exec-1] o.s.s.w.a.www.BasicAuthenticationFilter  : Basic Authentication Authorization header found for user 'admin'
2016-05-19 01:46:44.833 DEBUG 3060 --- [http-nio-9292-exec-1] o.s.s.authentication.ProviderManager     : Authentication attempt using org.springframework.security.authentication.dao.DaoAuthenticationProvider
2016-05-19 01:46:44.836 DEBUG 3060 --- [http-nio-9292-exec-1] o.s.s.w.a.www.BasicAuthenticationFilter  : Authentication success: org.springframework.security.authentication.UsernamePasswordAuthenticationToken@fec7843d: Principal: org.springframework.security.core.userdetails.User@586034f: Username: admin; Password: [PROTECTED]; Enabled: true; AccountNonExpired: true; credentialsNonExpired: true; AccountNonLocked: true; Granted Authorities: ROLE_ADMIN,ROLE_USER; Credentials: [PROTECTED]; Authenticated: true; Details: org.springframework.security.web.authentication.WebAuthenticationDetails@b364: RemoteIpAddress: 0:0:0:0:0:0:0:1; SessionId: null; Granted Authorities: ROLE_ADMIN, ROLE_USER
2016-05-19 01:46:44.837 DEBUG 3060 --- [http-nio-9292-exec-1] o.s.security.web.FilterChainProxy        : /management/beans at position 6 of 11 in additional filter chain; firing Filter: 'RequestCacheAwareFilter'
2016-05-19 01:46:44.837 DEBUG 3060 --- [http-nio-9292-exec-1] o.s.security.web.FilterChainProxy        : /management/beans at position 7 of 11 in additional filter chain; firing Filter: 'SecurityContextHolderAwareRequestFilter'
2016-05-19 01:46:44.838 DEBUG 3060 --- [http-nio-9292-exec-1] o.s.security.web.FilterChainProxy        : /management/beans at position 8 of 11 in additional filter chain; firing Filter: 'AnonymousAuthenticationFilter'
2016-05-19 01:46:44.838 DEBUG 3060 --- [http-nio-9292-exec-1] o.s.s.w.a.AnonymousAuthenticationFilter  : SecurityContextHolder not populated with anonymous token, as it already contained: 'org.springframework.security.authentication.UsernamePasswordAuthenticationToken@fec7843d: Principal: org.springframework.security.core.userdetails.User@586034f: Username: admin; Password: [PROTECTED]; Enabled: true; AccountNonExpired: true; credentialsNonExpired: true; AccountNonLocked: true; Granted Authorities: ROLE_ADMIN,ROLE_USER; Credentials: [PROTECTED]; Authenticated: true; Details: org.springframework.security.web.authentication.WebAuthenticationDetails@b364: RemoteIpAddress: 0:0:0:0:0:0:0:1; SessionId: null; Granted Authorities: ROLE_ADMIN, ROLE_USER'
2016-05-19 01:46:44.838 DEBUG 3060 --- [http-nio-9292-exec-1] o.s.security.web.FilterChainProxy        : /management/beans at position 9 of 11 in additional filter chain; firing Filter: 'SessionManagementFilter'
2016-05-19 01:46:44.838 DEBUG 3060 --- [http-nio-9292-exec-1] s.CompositeSessionAuthenticationStrategy : Delegating to org.springframework.security.web.authentication.session.ChangeSessionIdAuthenticationStrategy@73177070
2016-05-19 01:46:44.839 DEBUG 3060 --- [http-nio-9292-exec-1] o.s.security.web.FilterChainProxy        : /management/beans at position 10 of 11 in additional filter chain; firing Filter: 'ExceptionTranslationFilter'
2016-05-19 01:46:44.839 DEBUG 3060 --- [http-nio-9292-exec-1] o.s.security.web.FilterChainProxy        : /management/beans at position 11 of 11 in additional filter chain; firing Filter: 'FilterSecurityInterceptor'
2016-05-19 01:46:44.842 DEBUG 3060 --- [http-nio-9292-exec-1] o.s.s.web.util.matcher.OrRequestMatcher  : Trying to match using Ant [pattern='/management/health']
2016-05-19 01:46:44.843 DEBUG 3060 --- [http-nio-9292-exec-1] o.s.s.w.u.matcher.AntPathRequestMatcher  : Checking match of request : '/management/beans'; against '/management/health'
2016-05-19 01:46:44.843 DEBUG 3060 --- [http-nio-9292-exec-1] o.s.s.web.util.matcher.OrRequestMatcher  : Trying to match using Ant [pattern='/management/health/']
2016-05-19 01:46:44.843 DEBUG 3060 --- [http-nio-9292-exec-1] o.s.s.w.u.matcher.AntPathRequestMatcher  : Checking match of request : '/management/beans'; against '/management/health/'
2016-05-19 01:46:44.843 DEBUG 3060 --- [http-nio-9292-exec-1] o.s.s.web.util.matcher.OrRequestMatcher  : No matches found
2016-05-19 01:46:44.843 DEBUG 3060 --- [http-nio-9292-exec-1] o.s.s.w.a.i.FilterSecurityInterceptor    : Secure object: FilterInvocation: URL: /management/beans; Attributes: [hasRole('ROLE_ADMIN')]
2016-05-19 01:46:44.843 DEBUG 3060 --- [http-nio-9292-exec-1] o.s.s.w.a.i.FilterSecurityInterceptor    : Previously Authenticated: org.springframework.security.authentication.UsernamePasswordAuthenticationToken@fec7843d: Principal: org.springframework.security.core.userdetails.User@586034f: Username: admin; Password: [PROTECTED]; Enabled: true; AccountNonExpired: true; credentialsNonExpired: true; AccountNonLocked: true; Granted Authorities: ROLE_ADMIN,ROLE_USER; Credentials: [PROTECTED]; Authenticated: true; Details: org.springframework.security.web.authentication.WebAuthenticationDetails@b364: RemoteIpAddress: 0:0:0:0:0:0:0:1; SessionId: null; Granted Authorities: ROLE_ADMIN, ROLE_USER
2016-05-19 01:46:44.846 DEBUG 3060 --- [http-nio-9292-exec-1] o.s.s.access.vote.AffirmativeBased       : Voter: org.springframework.security.web.access.expression.WebExpressionVoter@d74d764, returned: 1
2016-05-19 01:46:44.846 DEBUG 3060 --- [http-nio-9292-exec-1] o.s.s.w.a.i.FilterSecurityInterceptor    : Authorization successful
2016-05-19 01:46:44.846 DEBUG 3060 --- [http-nio-9292-exec-1] o.s.s.w.a.i.FilterSecurityInterceptor    : RunAsManager did not change Authentication object
2016-05-19 01:46:44.847 DEBUG 3060 --- [http-nio-9292-exec-1] o.s.security.web.FilterChainProxy        : /management/beans reached end of additional filter chain; proceeding with original chain
2016-05-19 01:46:44.991 DEBUG 3060 --- [http-nio-9292-exec-1] o.s.s.w.a.ExceptionTranslationFilter     : Chain processed normally
2016-05-19 01:46:44.992 DEBUG 3060 --- [http-nio-9292-exec-1] s.s.w.c.SecurityContextPersistenceFilter : SecurityContextHolder now cleared, as request processing completed
2016-05-19 01:46:45.686 DEBUG 3060 --- [http-nio-9292-exec-2] o.s.s.web.util.matcher.OrRequestMatcher  : Trying to match using Ant [pattern='/css/**']
2016-05-19 01:46:45.686 DEBUG 3060 --- [http-nio-9292-exec-2] o.s.s.w.u.matcher.AntPathRequestMatcher  : Checking match of request : '/favicon.ico'; against '/css/**'
2016-05-19 01:46:45.686 DEBUG 3060 --- [http-nio-9292-exec-2] o.s.s.web.util.matcher.OrRequestMatcher  : Trying to match using Ant [pattern='/js/**']
2016-05-19 01:46:45.686 DEBUG 3060 --- [http-nio-9292-exec-2] o.s.s.w.u.matcher.AntPathRequestMatcher  : Checking match of request : '/favicon.ico'; against '/js/**'
2016-05-19 01:46:45.687 DEBUG 3060 --- [http-nio-9292-exec-2] o.s.s.web.util.matcher.OrRequestMatcher  : Trying to match using Ant [pattern='/images/**']
2016-05-19 01:46:45.687 DEBUG 3060 --- [http-nio-9292-exec-2] o.s.s.w.u.matcher.AntPathRequestMatcher  : Checking match of request : '/favicon.ico'; against '/images/**'
2016-05-19 01:46:45.687 DEBUG 3060 --- [http-nio-9292-exec-2] o.s.s.web.util.matcher.OrRequestMatcher  : Trying to match using Ant [pattern='/**/favicon.ico']
2016-05-19 01:46:45.687 DEBUG 3060 --- [http-nio-9292-exec-2] o.s.s.w.u.matcher.AntPathRequestMatcher  : Checking match of request : '/favicon.ico'; against '/**/favicon.ico'
2016-05-19 01:46:45.687 DEBUG 3060 --- [http-nio-9292-exec-2] o.s.s.web.util.matcher.OrRequestMatcher  : matched
2016-05-19 01:46:45.687 DEBUG 3060 --- [http-nio-9292-exec-2] o.s.security.web.FilterChainProxy        : /favicon.ico has an empty filter list
2016-05-19 01:46:51.139 DEBUG 3060 --- [http-nio-9292-exec-3] o.s.s.web.util.matcher.OrRequestMatcher  : Trying to match using Ant [pattern='/css/**']
2016-05-19 01:46:51.139 DEBUG 3060 --- [http-nio-9292-exec-3] o.s.s.w.u.matcher.AntPathRequestMatcher  : Checking match of request : '/management/beans'; against '/css/**'
2016-05-19 01:46:51.139 DEBUG 3060 --- [http-nio-9292-exec-3] o.s.s.web.util.matcher.OrRequestMatcher  : Trying to match using Ant [pattern='/js/**']
2016-05-19 01:46:51.139 DEBUG 3060 --- [http-nio-9292-exec-3] o.s.s.w.u.matcher.AntPathRequestMatcher  : Checking match of request : '/management/beans'; against '/js/**'
2016-05-19 01:46:51.139 DEBUG 3060 --- [http-nio-9292-exec-3] o.s.s.web.util.matcher.OrRequestMatcher  : Trying to match using Ant [pattern='/images/**']
2016-05-19 01:46:51.140 DEBUG 3060 --- [http-nio-9292-exec-3] o.s.s.w.u.matcher.AntPathRequestMatcher  : Checking match of request : '/management/beans'; against '/images/**'
2016-05-19 01:46:51.140 DEBUG 3060 --- [http-nio-9292-exec-3] o.s.s.web.util.matcher.OrRequestMatcher  : Trying to match using Ant [pattern='/**/favicon.ico']
2016-05-19 01:46:51.140 DEBUG 3060 --- [http-nio-9292-exec-3] o.s.s.w.u.matcher.AntPathRequestMatcher  : Checking match of request : '/management/beans'; against '/**/favicon.ico'
2016-05-19 01:46:51.140 DEBUG 3060 --- [http-nio-9292-exec-3] o.s.s.web.util.matcher.OrRequestMatcher  : Trying to match using Ant [pattern='/error']
2016-05-19 01:46:51.140 DEBUG 3060 --- [http-nio-9292-exec-3] o.s.s.w.u.matcher.AntPathRequestMatcher  : Checking match of request : '/management/beans'; against '/error'
2016-05-19 01:46:51.140 DEBUG 3060 --- [http-nio-9292-exec-3] o.s.s.web.util.matcher.OrRequestMatcher  : No matches found
2016-05-19 01:46:51.140 DEBUG 3060 --- [http-nio-9292-exec-3] o.s.s.w.u.matcher.AntPathRequestMatcher  : Checking match of request : '/management/beans'; against '/management/**'
2016-05-19 01:46:51.140 DEBUG 3060 --- [http-nio-9292-exec-3] o.s.security.web.FilterChainProxy        : /management/beans at position 1 of 11 in additional filter chain; firing Filter: 'WebAsyncManagerIntegrationFilter'
2016-05-19 01:46:51.140 DEBUG 3060 --- [http-nio-9292-exec-3] o.s.security.web.FilterChainProxy        : /management/beans at position 2 of 11 in additional filter chain; firing Filter: 'SecurityContextPersistenceFilter'
2016-05-19 01:46:51.140 DEBUG 3060 --- [http-nio-9292-exec-3] o.s.security.web.FilterChainProxy        : /management/beans at position 3 of 11 in additional filter chain; firing Filter: 'HeaderWriterFilter'
2016-05-19 01:46:51.140 DEBUG 3060 --- [http-nio-9292-exec-3] o.s.s.w.header.writers.HstsHeaderWriter  : Not injecting HSTS header since it did not match the requestMatcher org.springframework.security.web.header.writers.HstsHeaderWriter$SecureRequestMatcher@12074dab
2016-05-19 01:46:51.140 DEBUG 3060 --- [http-nio-9292-exec-3] o.s.security.web.FilterChainProxy        : /management/beans at position 4 of 11 in additional filter chain; firing Filter: 'LogoutFilter'
2016-05-19 01:46:51.142 DEBUG 3060 --- [http-nio-9292-exec-3] o.s.s.w.u.matcher.AntPathRequestMatcher  : Checking match of request : '/management/beans'; against '/logout'
2016-05-19 01:46:51.142 DEBUG 3060 --- [http-nio-9292-exec-3] o.s.security.web.FilterChainProxy        : /management/beans at position 5 of 11 in additional filter chain; firing Filter: 'BasicAuthenticationFilter'
2016-05-19 01:46:51.143 DEBUG 3060 --- [http-nio-9292-exec-3] o.s.s.w.a.www.BasicAuthenticationFilter  : Basic Authentication Authorization header found for user 'admin'
2016-05-19 01:46:55.060 DEBUG 3060 --- [http-nio-9292-exec-3] o.s.s.authentication.ProviderManager     : Authentication attempt using org.springframework.security.authentication.dao.DaoAuthenticationProvider
2016-05-19 01:46:55.061 DEBUG 3060 --- [http-nio-9292-exec-3] o.s.s.w.a.www.BasicAuthenticationFilter  : Authentication success: org.springframework.security.authentication.UsernamePasswordAuthenticationToken@fec7843d: Principal: org.springframework.security.core.userdetails.User@586034f: Username: admin; Password: [PROTECTED]; Enabled: true; AccountNonExpired: true; credentialsNonExpired: true; AccountNonLocked: true; Granted Authorities: ROLE_ADMIN,ROLE_USER; Credentials: [PROTECTED]; Authenticated: true; Details: org.springframework.security.web.authentication.WebAuthenticationDetails@b364: RemoteIpAddress: 0:0:0:0:0:0:0:1; SessionId: null; Granted Authorities: ROLE_ADMIN, ROLE_USER
2016-05-19 01:46:55.061 DEBUG 3060 --- [http-nio-9292-exec-3] o.s.security.web.FilterChainProxy        : /management/beans at position 6 of 11 in additional filter chain; firing Filter: 'RequestCacheAwareFilter'
2016-05-19 01:46:55.061 DEBUG 3060 --- [http-nio-9292-exec-3] o.s.security.web.FilterChainProxy        : /management/beans at position 7 of 11 in additional filter chain; firing Filter: 'SecurityContextHolderAwareRequestFilter'
2016-05-19 01:46:55.061 DEBUG 3060 --- [http-nio-9292-exec-3] o.s.security.web.FilterChainProxy        : /management/beans at position 8 of 11 in additional filter chain; firing Filter: 'AnonymousAuthenticationFilter'
2016-05-19 01:46:55.061 DEBUG 3060 --- [http-nio-9292-exec-3] o.s.s.w.a.AnonymousAuthenticationFilter  : SecurityContextHolder not populated with anonymous token, as it already contained: 'org.springframework.security.authentication.UsernamePasswordAuthenticationToken@fec7843d: Principal: org.springframework.security.core.userdetails.User@586034f: Username: admin; Password: [PROTECTED]; Enabled: true; AccountNonExpired: true; credentialsNonExpired: true; AccountNonLocked: true; Granted Authorities: ROLE_ADMIN,ROLE_USER; Credentials: [PROTECTED]; Authenticated: true; Details: org.springframework.security.web.authentication.WebAuthenticationDetails@b364: RemoteIpAddress: 0:0:0:0:0:0:0:1; SessionId: null; Granted Authorities: ROLE_ADMIN, ROLE_USER'
2016-05-19 01:46:55.062 DEBUG 3060 --- [http-nio-9292-exec-3] o.s.security.web.FilterChainProxy        : /management/beans at position 9 of 11 in additional filter chain; firing Filter: 'SessionManagementFilter'
2016-05-19 01:46:55.062 DEBUG 3060 --- [http-nio-9292-exec-3] s.CompositeSessionAuthenticationStrategy : Delegating to org.springframework.security.web.authentication.session.ChangeSessionIdAuthenticationStrategy@73177070
2016-05-19 01:46:55.062 DEBUG 3060 --- [http-nio-9292-exec-3] o.s.security.web.FilterChainProxy        : /management/beans at position 10 of 11 in additional filter chain; firing Filter: 'ExceptionTranslationFilter'
2016-05-19 01:46:55.062 DEBUG 3060 --- [http-nio-9292-exec-3] o.s.security.web.FilterChainProxy        : /management/beans at position 11 of 11 in additional filter chain; firing Filter: 'FilterSecurityInterceptor'
2016-05-19 01:46:55.062 DEBUG 3060 --- [http-nio-9292-exec-3] o.s.s.web.util.matcher.OrRequestMatcher  : Trying to match using Ant [pattern='/management/health']
2016-05-19 01:46:55.068 DEBUG 3060 --- [http-nio-9292-exec-3] o.s.s.w.u.matcher.AntPathRequestMatcher  : Checking match of request : '/management/beans'; against '/management/health'
2016-05-19 01:46:55.068 DEBUG 3060 --- [http-nio-9292-exec-3] o.s.s.web.util.matcher.OrRequestMatcher  : Trying to match using Ant [pattern='/management/health/']
2016-05-19 01:46:55.068 DEBUG 3060 --- [http-nio-9292-exec-3] o.s.s.w.u.matcher.AntPathRequestMatcher  : Checking match of request : '/management/beans'; against '/management/health/'
2016-05-19 01:46:55.068 DEBUG 3060 --- [http-nio-9292-exec-3] o.s.s.web.util.matcher.OrRequestMatcher  : No matches found
2016-05-19 01:46:55.068 DEBUG 3060 --- [http-nio-9292-exec-3] o.s.s.w.a.i.FilterSecurityInterceptor    : Secure object: FilterInvocation: URL: /management/beans; Attributes: [hasRole('ROLE_ADMIN')]
2016-05-19 01:46:55.068 DEBUG 3060 --- [http-nio-9292-exec-3] o.s.s.w.a.i.FilterSecurityInterceptor    : Previously Authenticated: org.springframework.security.authentication.UsernamePasswordAuthenticationToken@fec7843d: Principal: org.springframework.security.core.userdetails.User@586034f: Username: admin; Password: [PROTECTED]; Enabled: true; AccountNonExpired: true; credentialsNonExpired: true; AccountNonLocked: true; Granted Authorities: ROLE_ADMIN,ROLE_USER; Credentials: [PROTECTED]; Authenticated: true; Details: org.springframework.security.web.authentication.WebAuthenticationDetails@b364: RemoteIpAddress: 0:0:0:0:0:0:0:1; SessionId: null; Granted Authorities: ROLE_ADMIN, ROLE_USER
2016-05-19 01:46:55.069 DEBUG 3060 --- [http-nio-9292-exec-3] o.s.s.access.vote.AffirmativeBased       : Voter: org.springframework.security.web.access.expression.WebExpressionVoter@d74d764, returned: 1
2016-05-19 01:46:55.069 DEBUG 3060 --- [http-nio-9292-exec-3] o.s.s.w.a.i.FilterSecurityInterceptor    : Authorization successful
2016-05-19 01:46:55.069 DEBUG 3060 --- [http-nio-9292-exec-3] o.s.s.w.a.i.FilterSecurityInterceptor    : RunAsManager did not change Authentication object
2016-05-19 01:46:55.069 DEBUG 3060 --- [http-nio-9292-exec-3] o.s.security.web.FilterChainProxy        : /management/beans reached end of additional filter chain; proceeding with original chain
2016-05-19 01:46:55.096 DEBUG 3060 --- [http-nio-9292-exec-3] o.s.s.w.a.ExceptionTranslationFilter     : Chain processed normally
2016-05-19 01:46:55.096 DEBUG 3060 --- [http-nio-9292-exec-3] s.s.w.c.SecurityContextPersistenceFilter : SecurityContextHolder now cleared, as request processing completed
2016-05-19 01:46:55.614 DEBUG 3060 --- [http-nio-9292-exec-4] o.s.s.web.util.matcher.OrRequestMatcher  : Trying to match using Ant [pattern='/css/**']
2016-05-19 01:46:55.615 DEBUG 3060 --- [http-nio-9292-exec-4] o.s.s.w.u.matcher.AntPathRequestMatcher  : Checking match of request : '/favicon.ico'; against '/css/**'
2016-05-19 01:46:55.615 DEBUG 3060 --- [http-nio-9292-exec-4] o.s.s.web.util.matcher.OrRequestMatcher  : Trying to match using Ant [pattern='/js/**']
2016-05-19 01:46:55.616 DEBUG 3060 --- [http-nio-9292-exec-4] o.s.s.w.u.matcher.AntPathRequestMatcher  : Checking match of request : '/favicon.ico'; against '/js/**'
2016-05-19 01:46:55.616 DEBUG 3060 --- [http-nio-9292-exec-4] o.s.s.web.util.matcher.OrRequestMatcher  : Trying to match using Ant [pattern='/images/**']
2016-05-19 01:46:55.616 DEBUG 3060 --- [http-nio-9292-exec-4] o.s.s.w.u.matcher.AntPathRequestMatcher  : Checking match of request : '/favicon.ico'; against '/images/**'
2016-05-19 01:46:55.616 DEBUG 3060 --- [http-nio-9292-exec-4] o.s.s.web.util.matcher.OrRequestMatcher  : Trying to match using Ant [pattern='/**/favicon.ico']
2016-05-19 01:46:55.616 DEBUG 3060 --- [http-nio-9292-exec-4] o.s.s.w.u.matcher.AntPathRequestMatcher  : Checking match of request : '/favicon.ico'; against '/**/favicon.ico'
2016-05-19 01:46:55.616 DEBUG 3060 --- [http-nio-9292-exec-4] o.s.s.web.util.matcher.OrRequestMatcher  : matched
2016-05-19 01:46:55.616 DEBUG 3060 --- [http-nio-9292-exec-4] o.s.security.web.FilterChainProxy        : /favicon.ico has an empty filter list
2016-05-19 01:47:42.377 DEBUG 3060 --- [http-nio-9292-exec-5] o.s.s.web.util.matcher.OrRequestMatcher  : Trying to match using Ant [pattern='/css/**']
2016-05-19 01:47:42.378 DEBUG 3060 --- [http-nio-9292-exec-5] o.s.s.w.u.matcher.AntPathRequestMatcher  : Checking match of request : '/management/beans'; against '/css/**'
2016-05-19 01:47:42.378 DEBUG 3060 --- [http-nio-9292-exec-5] o.s.s.web.util.matcher.OrRequestMatcher  : Trying to match using Ant [pattern='/js/**']
2016-05-19 01:47:42.378 DEBUG 3060 --- [http-nio-9292-exec-5] o.s.s.w.u.matcher.AntPathRequestMatcher  : Checking match of request : '/management/beans'; against '/js/**'
2016-05-19 01:47:42.378 DEBUG 3060 --- [http-nio-9292-exec-5] o.s.s.web.util.matcher.OrRequestMatcher  : Trying to match using Ant [pattern='/images/**']
2016-05-19 01:47:42.378 DEBUG 3060 --- [http-nio-9292-exec-5] o.s.s.w.u.matcher.AntPathRequestMatcher  : Checking match of request : '/management/beans'; against '/images/**'
2016-05-19 01:47:42.378 DEBUG 3060 --- [http-nio-9292-exec-5] o.s.s.web.util.matcher.OrRequestMatcher  : Trying to match using Ant [pattern='/**/favicon.ico']
2016-05-19 01:47:42.378 DEBUG 3060 --- [http-nio-9292-exec-5] o.s.s.w.u.matcher.AntPathRequestMatcher  : Checking match of request : '/management/beans'; against '/**/favicon.ico'
2016-05-19 01:47:42.378 DEBUG 3060 --- [http-nio-9292-exec-5] o.s.s.web.util.matcher.OrRequestMatcher  : Trying to match using Ant [pattern='/error']
2016-05-19 01:47:42.378 DEBUG 3060 --- [http-nio-9292-exec-5] o.s.s.w.u.matcher.AntPathRequestMatcher  : Checking match of request : '/management/beans'; against '/error'
2016-05-19 01:47:42.378 DEBUG 3060 --- [http-nio-9292-exec-5] o.s.s.web.util.matcher.OrRequestMatcher  : No matches found
2016-05-19 01:47:42.378 DEBUG 3060 --- [http-nio-9292-exec-5] o.s.s.w.u.matcher.AntPathRequestMatcher  : Checking match of request : '/management/beans'; against '/management/**'
2016-05-19 01:47:42.378 DEBUG 3060 --- [http-nio-9292-exec-5] o.s.security.web.FilterChainProxy        : /management/beans at position 1 of 11 in additional filter chain; firing Filter: 'WebAsyncManagerIntegrationFilter'
2016-05-19 01:47:42.379 DEBUG 3060 --- [http-nio-9292-exec-5] o.s.security.web.FilterChainProxy        : /management/beans at position 2 of 11 in additional filter chain; firing Filter: 'SecurityContextPersistenceFilter'
2016-05-19 01:47:42.379 DEBUG 3060 --- [http-nio-9292-exec-5] o.s.security.web.FilterChainProxy        : /management/beans at position 3 of 11 in additional filter chain; firing Filter: 'HeaderWriterFilter'
2016-05-19 01:47:42.379 DEBUG 3060 --- [http-nio-9292-exec-5] o.s.s.w.header.writers.HstsHeaderWriter  : Not injecting HSTS header since it did not match the requestMatcher org.springframework.security.web.header.writers.HstsHeaderWriter$SecureRequestMatcher@12074dab
2016-05-19 01:47:42.379 DEBUG 3060 --- [http-nio-9292-exec-5] o.s.security.web.FilterChainProxy        : /management/beans at position 4 of 11 in additional filter chain; firing Filter: 'LogoutFilter'
2016-05-19 01:47:42.380 DEBUG 3060 --- [http-nio-9292-exec-5] o.s.s.w.u.matcher.AntPathRequestMatcher  : Checking match of request : '/management/beans'; against '/logout'
2016-05-19 01:47:42.380 DEBUG 3060 --- [http-nio-9292-exec-5] o.s.security.web.FilterChainProxy        : /management/beans at position 5 of 11 in additional filter chain; firing Filter: 'BasicAuthenticationFilter'
2016-05-19 01:47:42.380 DEBUG 3060 --- [http-nio-9292-exec-5] o.s.s.w.a.www.BasicAuthenticationFilter  : Basic Authentication Authorization header found for user 'admin'
2016-05-19 01:47:45.357 DEBUG 3060 --- [http-nio-9292-exec-5] o.s.s.authentication.ProviderManager     : Authentication attempt using org.springframework.security.authentication.dao.DaoAuthenticationProvider
2016-05-19 01:47:45.358 DEBUG 3060 --- [http-nio-9292-exec-5] o.s.s.w.a.www.BasicAuthenticationFilter  : Authentication success: org.springframework.security.authentication.UsernamePasswordAuthenticationToken@fec7843d: Principal: org.springframework.security.core.userdetails.User@586034f: Username: admin; Password: [PROTECTED]; Enabled: true; AccountNonExpired: true; credentialsNonExpired: true; AccountNonLocked: true; Granted Authorities: ROLE_ADMIN,ROLE_USER; Credentials: [PROTECTED]; Authenticated: true; Details: org.springframework.security.web.authentication.WebAuthenticationDetails@b364: RemoteIpAddress: 0:0:0:0:0:0:0:1; SessionId: null; Granted Authorities: ROLE_ADMIN, ROLE_USER
2016-05-19 01:47:45.358 DEBUG 3060 --- [http-nio-9292-exec-5] o.s.security.web.FilterChainProxy        : /management/beans at position 6 of 11 in additional filter chain; firing Filter: 'RequestCacheAwareFilter'
2016-05-19 01:47:45.358 DEBUG 3060 --- [http-nio-9292-exec-5] o.s.security.web.FilterChainProxy        : /management/beans at position 7 of 11 in additional filter chain; firing Filter: 'SecurityContextHolderAwareRequestFilter'
2016-05-19 01:47:45.358 DEBUG 3060 --- [http-nio-9292-exec-5] o.s.security.web.FilterChainProxy        : /management/beans at position 8 of 11 in additional filter chain; firing Filter: 'AnonymousAuthenticationFilter'
2016-05-19 01:47:45.359 DEBUG 3060 --- [http-nio-9292-exec-5] o.s.s.w.a.AnonymousAuthenticationFilter  : SecurityContextHolder not populated with anonymous token, as it already contained: 'org.springframework.security.authentication.UsernamePasswordAuthenticationToken@fec7843d: Principal: org.springframework.security.core.userdetails.User@586034f: Username: admin; Password: [PROTECTED]; Enabled: true; AccountNonExpired: true; credentialsNonExpired: true; AccountNonLocked: true; Granted Authorities: ROLE_ADMIN,ROLE_USER; Credentials: [PROTECTED]; Authenticated: true; Details: org.springframework.security.web.authentication.WebAuthenticationDetails@b364: RemoteIpAddress: 0:0:0:0:0:0:0:1; SessionId: null; Granted Authorities: ROLE_ADMIN, ROLE_USER'
2016-05-19 01:47:45.359 DEBUG 3060 --- [http-nio-9292-exec-5] o.s.security.web.FilterChainProxy        : /management/beans at position 9 of 11 in additional filter chain; firing Filter: 'SessionManagementFilter'
2016-05-19 01:47:45.359 DEBUG 3060 --- [http-nio-9292-exec-5] s.CompositeSessionAuthenticationStrategy : Delegating to org.springframework.security.web.authentication.session.ChangeSessionIdAuthenticationStrategy@73177070
2016-05-19 01:47:45.359 DEBUG 3060 --- [http-nio-9292-exec-5] o.s.security.web.FilterChainProxy        : /management/beans at position 10 of 11 in additional filter chain; firing Filter: 'ExceptionTranslationFilter'
2016-05-19 01:47:45.359 DEBUG 3060 --- [http-nio-9292-exec-5] o.s.security.web.FilterChainProxy        : /management/beans at position 11 of 11 in additional filter chain; firing Filter: 'FilterSecurityInterceptor'
2016-05-19 01:47:45.359 DEBUG 3060 --- [http-nio-9292-exec-5] o.s.s.web.util.matcher.OrRequestMatcher  : Trying to match using Ant [pattern='/management/health']
2016-05-19 01:47:45.363 DEBUG 3060 --- [http-nio-9292-exec-5] o.s.s.w.u.matcher.AntPathRequestMatcher  : Checking match of request : '/management/beans'; against '/management/health'
2016-05-19 01:47:45.363 DEBUG 3060 --- [http-nio-9292-exec-5] o.s.s.web.util.matcher.OrRequestMatcher  : Trying to match using Ant [pattern='/management/health/']
2016-05-19 01:47:45.363 DEBUG 3060 --- [http-nio-9292-exec-5] o.s.s.w.u.matcher.AntPathRequestMatcher  : Checking match of request : '/management/beans'; against '/management/health/'
2016-05-19 01:47:45.363 DEBUG 3060 --- [http-nio-9292-exec-5] o.s.s.web.util.matcher.OrRequestMatcher  : No matches found
2016-05-19 01:47:45.363 DEBUG 3060 --- [http-nio-9292-exec-5] o.s.s.w.a.i.FilterSecurityInterceptor    : Secure object: FilterInvocation: URL: /management/beans; Attributes: [hasRole('ROLE_ADMIN')]
2016-05-19 01:47:45.364 DEBUG 3060 --- [http-nio-9292-exec-5] o.s.s.w.a.i.FilterSecurityInterceptor    : Previously Authenticated: org.springframework.security.authentication.UsernamePasswordAuthenticationToken@fec7843d: Principal: org.springframework.security.core.userdetails.User@586034f: Username: admin; Password: [PROTECTED]; Enabled: true; AccountNonExpired: true; credentialsNonExpired: true; AccountNonLocked: true; Granted Authorities: ROLE_ADMIN,ROLE_USER; Credentials: [PROTECTED]; Authenticated: true; Details: org.springframework.security.web.authentication.WebAuthenticationDetails@b364: RemoteIpAddress: 0:0:0:0:0:0:0:1; SessionId: null; Granted Authorities: ROLE_ADMIN, ROLE_USER
2016-05-19 01:47:45.364 DEBUG 3060 --- [http-nio-9292-exec-5] o.s.s.access.vote.AffirmativeBased       : Voter: org.springframework.security.web.access.expression.WebExpressionVoter@d74d764, returned: 1
2016-05-19 01:47:45.364 DEBUG 3060 --- [http-nio-9292-exec-5] o.s.s.w.a.i.FilterSecurityInterceptor    : Authorization successful
2016-05-19 01:47:45.364 DEBUG 3060 --- [http-nio-9292-exec-5] o.s.s.w.a.i.FilterSecurityInterceptor    : RunAsManager did not change Authentication object
2016-05-19 01:47:45.364 DEBUG 3060 --- [http-nio-9292-exec-5] o.s.security.web.FilterChainProxy        : /management/beans reached end of additional filter chain; proceeding with original chain
2016-05-19 01:47:45.400 DEBUG 3060 --- [http-nio-9292-exec-5] o.s.s.w.a.ExceptionTranslationFilter     : Chain processed normally
2016-05-19 01:47:45.401 DEBUG 3060 --- [http-nio-9292-exec-5] s.s.w.c.SecurityContextPersistenceFilter : SecurityContextHolder now cleared, as request processing completed
2016-05-19 01:47:45.920 DEBUG 3060 --- [http-nio-9292-exec-6] o.s.s.web.util.matcher.OrRequestMatcher  : Trying to match using Ant [pattern='/css/**']
2016-05-19 01:47:45.920 DEBUG 3060 --- [http-nio-9292-exec-6] o.s.s.w.u.matcher.AntPathRequestMatcher  : Checking match of request : '/favicon.ico'; against '/css/**'
2016-05-19 01:47:45.921 DEBUG 3060 --- [http-nio-9292-exec-6] o.s.s.web.util.matcher.OrRequestMatcher  : Trying to match using Ant [pattern='/js/**']
2016-05-19 01:47:45.921 DEBUG 3060 --- [http-nio-9292-exec-6] o.s.s.w.u.matcher.AntPathRequestMatcher  : Checking match of request : '/favicon.ico'; against '/js/**'
2016-05-19 01:47:45.921 DEBUG 3060 --- [http-nio-9292-exec-6] o.s.s.web.util.matcher.OrRequestMatcher  : Trying to match using Ant [pattern='/images/**']
2016-05-19 01:47:45.921 DEBUG 3060 --- [http-nio-9292-exec-6] o.s.s.w.u.matcher.AntPathRequestMatcher  : Checking match of request : '/favicon.ico'; against '/images/**'
2016-05-19 01:47:45.921 DEBUG 3060 --- [http-nio-9292-exec-6] o.s.s.web.util.matcher.OrRequestMatcher  : Trying to match using Ant [pattern='/**/favicon.ico']
2016-05-19 01:47:45.921 DEBUG 3060 --- [http-nio-9292-exec-6] o.s.s.w.u.matcher.AntPathRequestMatcher  : Checking match of request : '/favicon.ico'; against '/**/favicon.ico'
2016-05-19 01:47:45.921 DEBUG 3060 --- [http-nio-9292-exec-6] o.s.s.web.util.matcher.OrRequestMatcher  : matched
2016-05-19 01:47:45.921 DEBUG 3060 --- [http-nio-9292-exec-6] o.s.security.web.FilterChainProxy        : /favicon.ico has an empty filter list
2016-05-19 01:52:28.338  INFO 1716 --- [main] com.mimacom.app.springboot.Application   : Starting Application on mima-ws-108 with PID 1716 (C:\development\projects\sample-spring-boot-app\sample-spring-boot-web\target\classes started by pado in C:\development\projects\sample-spring-boot-app)
2016-05-19 01:52:28.343  INFO 1716 --- [main] com.mimacom.app.springboot.Application   : No active profile set, falling back to default profiles: default
2016-05-19 01:52:28.489  INFO 1716 --- [main] ationConfigEmbeddedWebApplicationContext : Refreshing org.springframework.boot.context.embedded.AnnotationConfigEmbeddedWebApplicationContext@5890e879: startup date [Thu May 19 01:52:28 CEST 2016]; root of context hierarchy
2016-05-19 01:52:30.395  INFO 1716 --- [main] o.s.b.f.s.DefaultListableBeanFactory     : Overriding bean definition for bean 'ignoredPathsWebSecurityConfigurerAdapter' with a different definition: replacing [Root bean: class [null]; scope=; abstract=false; lazyInit=false; autowireMode=3; dependencyCheck=0; autowireCandidate=true; primary=false; factoryBeanName=org.springframework.boot.autoconfigure.security.SpringBootWebSecurityConfiguration; factoryMethodName=ignoredPathsWebSecurityConfigurerAdapter; initMethodName=null; destroyMethodName=(inferred); defined in class path resource [org/springframework/boot/autoconfigure/security/SpringBootWebSecurityConfiguration.class]] with [Root bean: class [null]; scope=; abstract=false; lazyInit=false; autowireMode=3; dependencyCheck=0; autowireCandidate=true; primary=false; factoryBeanName=org.springframework.boot.actuate.autoconfigure.ManagementWebSecurityAutoConfiguration; factoryMethodName=ignoredPathsWebSecurityConfigurerAdapter; initMethodName=null; destroyMethodName=(inferred); defined in class path resource [org/springframework/boot/actuate/autoconfigure/ManagementWebSecurityAutoConfiguration.class]]
2016-05-19 01:52:31.602  INFO 1716 --- [main] trationDelegate$BeanPostProcessorChecker : Bean 'org.springframework.transaction.annotation.ProxyTransactionManagementConfiguration' of type [class org.springframework.transaction.annotation.ProxyTransactionManagementConfiguration$$EnhancerBySpringCGLIB$$f370ae15] is not eligible for getting processed by all BeanPostProcessors (for example: not eligible for auto-proxying)
2016-05-19 01:52:32.525  INFO 1716 --- [main] s.b.c.e.t.TomcatEmbeddedServletContainer : Tomcat initialized with port(s): 9292 (http)
2016-05-19 01:52:32.541  INFO 1716 --- [main] o.apache.catalina.core.StandardService   : Starting service Tomcat
2016-05-19 01:52:32.543  INFO 1716 --- [main] org.apache.catalina.core.StandardEngine  : Starting Servlet Engine: Apache Tomcat/8.0.33
2016-05-19 01:52:32.702  INFO 1716 --- [localhost-startStop-1] o.a.c.c.C.[Tomcat].[localhost].[/]       : Initializing Spring embedded WebApplicationContext
2016-05-19 01:52:32.702  INFO 1716 --- [localhost-startStop-1] o.s.web.context.ContextLoader            : Root WebApplicationContext: initialization completed in 4217 ms
2016-05-19 01:52:33.526  INFO 1716 --- [localhost-startStop-1] o.s.b.w.servlet.FilterRegistrationBean   : Mapping filter: 'metricFilter' to: [/*]
2016-05-19 01:52:33.526  INFO 1716 --- [localhost-startStop-1] o.s.b.w.servlet.FilterRegistrationBean   : Mapping filter: 'characterEncodingFilter' to: [/*]
2016-05-19 01:52:33.527  INFO 1716 --- [localhost-startStop-1] o.s.b.w.servlet.FilterRegistrationBean   : Mapping filter: 'hiddenHttpMethodFilter' to: [/*]
2016-05-19 01:52:33.527  INFO 1716 --- [localhost-startStop-1] o.s.b.w.servlet.FilterRegistrationBean   : Mapping filter: 'httpPutFormContentFilter' to: [/*]
2016-05-19 01:52:33.527  INFO 1716 --- [localhost-startStop-1] o.s.b.w.servlet.FilterRegistrationBean   : Mapping filter: 'requestContextFilter' to: [/*]
2016-05-19 01:52:33.528  INFO 1716 --- [localhost-startStop-1] .s.DelegatingFilterProxyRegistrationBean : Mapping filter: 'springSecurityFilterChain' to: [/*]
2016-05-19 01:52:33.529  INFO 1716 --- [localhost-startStop-1] o.s.b.w.servlet.FilterRegistrationBean   : Mapping filter: 'webRequestLoggingFilter' to: [/*]
2016-05-19 01:52:33.529  INFO 1716 --- [localhost-startStop-1] o.s.b.w.servlet.FilterRegistrationBean   : Mapping filter: 'applicationContextIdFilter' to: [/*]
2016-05-19 01:52:33.529  INFO 1716 --- [localhost-startStop-1] o.s.b.w.servlet.ServletRegistrationBean  : Mapping servlet: 'dispatcherServlet' to [/]
2016-05-19 01:52:33.973 DEBUG 1716 --- [localhost-startStop-1] eGlobalAuthenticationAutowiredConfigurer : Eagerly initializing {org.springframework.boot.autoconfigure.security.SpringBootWebSecurityConfiguration=org.springframework.boot.autoconfigure.security.SpringBootWebSecurityConfiguration$$EnhancerBySpringCGLIB$$3b6572bd@1912376a}
2016-05-19 01:52:34.104  INFO 1716 --- [localhost-startStop-1] o.s.s.web.DefaultSecurityFilterChain     : Creating filter chain: OrRequestMatcher [requestMatchers=[Ant [pattern='/css/**'], Ant [pattern='/js/**'], Ant [pattern='/images/**'], Ant [pattern='/**/favicon.ico'], Ant [pattern='/error']]], []
2016-05-19 01:52:34.220 DEBUG 1716 --- [localhost-startStop-1] edFilterInvocationSecurityMetadataSource : Adding web access control expression 'permitAll', for org.springframework.boot.actuate.autoconfigure.ManagementWebSecurityAutoConfiguration$LazyEndpointPathRequestMatcher@7a63db67
2016-05-19 01:52:34.221 DEBUG 1716 --- [localhost-startStop-1] edFilterInvocationSecurityMetadataSource : Adding web access control expression 'hasRole('ROLE_ADMIN')', for org.springframework.security.web.util.matcher.AnyRequestMatcher@1
2016-05-19 01:52:34.236 DEBUG 1716 --- [localhost-startStop-1] o.s.s.w.a.i.FilterSecurityInterceptor    : Validated configuration attributes
2016-05-19 01:52:34.239 DEBUG 1716 --- [localhost-startStop-1] o.s.s.w.a.i.FilterSecurityInterceptor    : Validated configuration attributes
2016-05-19 01:52:34.258  INFO 1716 --- [localhost-startStop-1] o.s.s.web.DefaultSecurityFilterChain     : Creating filter chain: Ant [pattern='/management/**'], [org.springframework.security.web.context.request.async.WebAsyncManagerIntegrationFilter@17878070, org.springframework.security.web.context.SecurityContextPersistenceFilter@7ad68c3e, org.springframework.security.web.header.HeaderWriterFilter@6627656f, org.springframework.security.web.authentication.logout.LogoutFilter@7370f0d7, org.springframework.security.web.authentication.www.BasicAuthenticationFilter@5dd5eee8, org.springframework.security.web.savedrequest.RequestCacheAwareFilter@3d0bae31, org.springframework.security.web.servletapi.SecurityContextHolderAwareRequestFilter@7bb84f80, org.springframework.security.web.authentication.AnonymousAuthenticationFilter@4e12be1b, org.springframework.security.web.session.SessionManagementFilter@f610540, org.springframework.security.web.access.ExceptionTranslationFilter@38a038d2, org.springframework.security.web.access.intercept.FilterSecurityInterceptor@613a5a1f]
2016-05-19 01:52:34.313 DEBUG 1716 --- [localhost-startStop-1] edFilterInvocationSecurityMetadataSource : Adding web access control expression 'fullyAuthenticated', for Ant [pattern='/**']
2016-05-19 01:52:34.314 DEBUG 1716 --- [localhost-startStop-1] o.s.s.w.a.i.FilterSecurityInterceptor    : Validated configuration attributes
2016-05-19 01:52:34.315 DEBUG 1716 --- [localhost-startStop-1] o.s.s.w.a.i.FilterSecurityInterceptor    : Validated configuration attributes
2016-05-19 01:52:34.315  INFO 1716 --- [localhost-startStop-1] o.s.s.web.DefaultSecurityFilterChain     : Creating filter chain: org.springframework.security.web.util.matcher.AnyRequestMatcher@1, [org.springframework.security.web.context.request.async.WebAsyncManagerIntegrationFilter@533dd03, org.springframework.security.web.context.SecurityContextPersistenceFilter@11502d2b, org.springframework.security.web.header.HeaderWriterFilter@44e58dd6, org.springframework.security.web.csrf.CsrfFilter@7115ec77, org.springframework.security.web.authentication.logout.LogoutFilter@3af1b081, org.springframework.security.web.authentication.UsernamePasswordAuthenticationFilter@2e872686, org.springframework.security.web.authentication.ui.DefaultLoginPageGeneratingFilter@2ad8f984, org.springframework.security.web.savedrequest.RequestCacheAwareFilter@4dfb232a, org.springframework.security.web.servletapi.SecurityContextHolderAwareRequestFilter@25989c7e, org.springframework.security.web.session.SessionManagementFilter@4ff806f7, org.springframework.security.web.access.ExceptionTranslationFilter@372d6b40, org.springframework.security.web.access.intercept.FilterSecurityInterceptor@21fd7262]
2016-05-19 01:52:34.322 DEBUG 1716 --- [localhost-startStop-1] edFilterInvocationSecurityMetadataSource : Adding web access control expression 'hasAnyRole('ROLE_USER','ROLE_ADMIN')', for org.springframework.security.web.util.matcher.AnyRequestMatcher@1
2016-05-19 01:52:34.323 DEBUG 1716 --- [localhost-startStop-1] o.s.s.w.a.i.FilterSecurityInterceptor    : Validated configuration attributes
2016-05-19 01:52:34.323 DEBUG 1716 --- [localhost-startStop-1] o.s.s.w.a.i.FilterSecurityInterceptor    : Validated configuration attributes
2016-05-19 01:52:34.324  INFO 1716 --- [localhost-startStop-1] o.s.s.web.DefaultSecurityFilterChain     : Creating filter chain: OrRequestMatcher [requestMatchers=[Ant [pattern='/**']]], [org.springframework.security.web.context.request.async.WebAsyncManagerIntegrationFilter@5a2fd46b, org.springframework.security.web.context.SecurityContextPersistenceFilter@9ea5326, org.springframework.security.web.header.HeaderWriterFilter@7d1188c, org.springframework.security.web.authentication.logout.LogoutFilter@4775c7a2, org.springframework.security.web.authentication.www.BasicAuthenticationFilter@1c5ddf09, org.springframework.security.web.savedrequest.RequestCacheAwareFilter@34cce364, org.springframework.security.web.servletapi.SecurityContextHolderAwareRequestFilter@3b568809, org.springframework.security.web.authentication.AnonymousAuthenticationFilter@1a171896, org.springframework.security.web.session.SessionManagementFilter@5165b746, org.springframework.security.web.access.ExceptionTranslationFilter@550d02d5, org.springframework.security.web.access.intercept.FilterSecurityInterceptor@5b36a7c8]
2016-05-19 01:52:34.878  INFO 1716 --- [main] j.LocalContainerEntityManagerFactoryBean : Building JPA container EntityManagerFactory for persistence unit 'default'
2016-05-19 01:52:34.904  INFO 1716 --- [main] o.hibernate.jpa.internal.util.LogHelper  : HHH000204: Processing PersistenceUnitInfo [
	name: default
	...]
2016-05-19 01:52:35.236  INFO 1716 --- [main] org.hibernate.Version                    : HHH000412: Hibernate Core {5.1.0.Final}
2016-05-19 01:52:35.239  INFO 1716 --- [main] org.hibernate.cfg.Environment            : HHH000206: hibernate.properties not found
2016-05-19 01:52:35.242  INFO 1716 --- [main] org.hibernate.cfg.Environment            : HHH000021: Bytecode provider name : javassist
2016-05-19 01:52:35.307  INFO 1716 --- [main] o.hibernate.annotations.common.Version   : HCANN000001: Hibernate Commons Annotations {5.0.1.Final}
2016-05-19 01:52:35.571  INFO 1716 --- [main] org.hibernate.dialect.Dialect            : HHH000400: Using dialect: org.hibernate.dialect.H2Dialect
2016-05-19 01:52:36.231  INFO 1716 --- [main] o.h.t.schema.internal.SchemaCreatorImpl  : HHH000476: Executing import script 'org.hibernate.tool.schema.internal.exec.ScriptSourceInputNonExistentImpl@30fa8a6b'
2016-05-19 01:52:36.285  INFO 1716 --- [main] j.LocalContainerEntityManagerFactoryBean : Initialized JPA EntityManagerFactory for persistence unit 'default'
2016-05-19 01:52:36.791  INFO 1716 --- [main] s.w.s.m.m.a.RequestMappingHandlerAdapter : Looking for @ControllerAdvice: org.springframework.boot.context.embedded.AnnotationConfigEmbeddedWebApplicationContext@5890e879: startup date [Thu May 19 01:52:28 CEST 2016]; root of context hierarchy
2016-05-19 01:52:36.908  INFO 1716 --- [main] s.w.s.m.m.a.RequestMappingHandlerMapping : Mapped "{[/api/user],methods=[GET]}" onto public void com.mimacom.app.springboot.web.UserController.addRandom()
2016-05-19 01:52:36.911  INFO 1716 --- [main] s.w.s.m.m.a.RequestMappingHandlerMapping : Mapped "{[/error]}" onto public org.springframework.http.ResponseEntity<java.util.Map<java.lang.String, java.lang.Object>> org.springframework.boot.autoconfigure.web.BasicErrorController.error(javax.servlet.http.HttpServletRequest)
2016-05-19 01:52:36.912  INFO 1716 --- [main] s.w.s.m.m.a.RequestMappingHandlerMapping : Mapped "{[/error],produces=[text/html]}" onto public org.springframework.web.servlet.ModelAndView org.springframework.boot.autoconfigure.web.BasicErrorController.errorHtml(javax.servlet.http.HttpServletRequest,javax.servlet.http.HttpServletResponse)
2016-05-19 01:52:36.919  INFO 1716 --- [main] o.s.w.s.c.a.WebMvcConfigurerAdapter      : Adding welcome page: class path resource [static/index.html]
2016-05-19 01:52:36.941  INFO 1716 --- [main] o.s.w.s.handler.SimpleUrlHandlerMapping  : Root mapping to handler of type [class org.springframework.web.servlet.mvc.ParameterizableViewController]
2016-05-19 01:52:36.964  INFO 1716 --- [main] o.s.w.s.handler.SimpleUrlHandlerMapping  : Mapped URL path [/webjars/**] onto handler of type [class org.springframework.web.servlet.resource.ResourceHttpRequestHandler]
2016-05-19 01:52:36.964  INFO 1716 --- [main] o.s.w.s.handler.SimpleUrlHandlerMapping  : Mapped URL path [/**] onto handler of type [class org.springframework.web.servlet.resource.ResourceHttpRequestHandler]
2016-05-19 01:52:37.047  INFO 1716 --- [main] o.s.w.s.handler.SimpleUrlHandlerMapping  : Mapped URL path [/**/favicon.ico] onto handler of type [class org.springframework.web.servlet.resource.ResourceHttpRequestHandler]
2016-05-19 01:52:37.854  INFO 1716 --- [main] o.s.b.a.e.mvc.EndpointHandlerMapping     : Mapped "{[/management/mappings || /management/mappings.json],methods=[GET],produces=[application/json]}" onto public java.lang.Object org.springframework.boot.actuate.endpoint.mvc.EndpointMvcAdapter.invoke()
2016-05-19 01:52:37.856  INFO 1716 --- [main] o.s.b.a.e.mvc.EndpointHandlerMapping     : Mapped "{[/management/beans || /management/beans.json],methods=[GET],produces=[application/json]}" onto public java.lang.Object org.springframework.boot.actuate.endpoint.mvc.EndpointMvcAdapter.invoke()
2016-05-19 01:52:37.857  INFO 1716 --- [main] o.s.b.a.e.mvc.EndpointHandlerMapping     : Mapped "{[/management/metrics/{name:.*}],methods=[GET],produces=[application/json]}" onto public java.lang.Object org.springframework.boot.actuate.endpoint.mvc.MetricsMvcEndpoint.value(java.lang.String)
2016-05-19 01:52:37.858  INFO 1716 --- [main] o.s.b.a.e.mvc.EndpointHandlerMapping     : Mapped "{[/management/metrics || /management/metrics.json],methods=[GET],produces=[application/json]}" onto public java.lang.Object org.springframework.boot.actuate.endpoint.mvc.EndpointMvcAdapter.invoke()
2016-05-19 01:52:37.859  INFO 1716 --- [main] o.s.b.a.e.mvc.EndpointHandlerMapping     : Mapped "{[/management/dump || /management/dump.json],methods=[GET],produces=[application/json]}" onto public java.lang.Object org.springframework.boot.actuate.endpoint.mvc.EndpointMvcAdapter.invoke()
2016-05-19 01:52:37.861  INFO 1716 --- [main] o.s.b.a.e.mvc.EndpointHandlerMapping     : Mapped "{[/management/env/{name:.*}],methods=[GET],produces=[application/json]}" onto public java.lang.Object org.springframework.boot.actuate.endpoint.mvc.EnvironmentMvcEndpoint.value(java.lang.String)
2016-05-19 01:52:37.861  INFO 1716 --- [main] o.s.b.a.e.mvc.EndpointHandlerMapping     : Mapped "{[/management/env || /management/env.json],methods=[GET],produces=[application/json]}" onto public java.lang.Object org.springframework.boot.actuate.endpoint.mvc.EndpointMvcAdapter.invoke()
2016-05-19 01:52:37.862  INFO 1716 --- [main] o.s.b.a.e.mvc.EndpointHandlerMapping     : Mapped "{[/management/logfile || /management/logfile.json],methods=[GET || HEAD]}" onto public void org.springframework.boot.actuate.endpoint.mvc.LogFileMvcEndpoint.invoke(javax.servlet.http.HttpServletRequest,javax.servlet.http.HttpServletResponse) throws javax.servlet.ServletException,java.io.IOException
2016-05-19 01:52:37.865  INFO 1716 --- [main] o.s.b.a.e.mvc.EndpointHandlerMapping     : Mapped "{[/management/trace || /management/trace.json],methods=[GET],produces=[application/json]}" onto public java.lang.Object org.springframework.boot.actuate.endpoint.mvc.EndpointMvcAdapter.invoke()
2016-05-19 01:52:37.878  INFO 1716 --- [main] o.s.b.a.e.mvc.EndpointHandlerMapping     : Mapped "{[/management/autoconfig || /management/autoconfig.json],methods=[GET],produces=[application/json]}" onto public java.lang.Object org.springframework.boot.actuate.endpoint.mvc.EndpointMvcAdapter.invoke()
2016-05-19 01:52:37.880  INFO 1716 --- [main] o.s.b.a.e.mvc.EndpointHandlerMapping     : Mapped "{[/management/info || /management/info.json],methods=[GET],produces=[application/json]}" onto public java.lang.Object org.springframework.boot.actuate.endpoint.mvc.EndpointMvcAdapter.invoke()
2016-05-19 01:52:37.881  INFO 1716 --- [main] o.s.b.a.e.mvc.EndpointHandlerMapping     : Mapped "{[/management/configprops || /management/configprops.json],methods=[GET],produces=[application/json]}" onto public java.lang.Object org.springframework.boot.actuate.endpoint.mvc.EndpointMvcAdapter.invoke()
2016-05-19 01:52:37.883  INFO 1716 --- [main] o.s.b.a.e.mvc.EndpointHandlerMapping     : Mapped "{[/management/health || /management/health.json],produces=[application/json]}" onto public java.lang.Object org.springframework.boot.actuate.endpoint.mvc.HealthMvcEndpoint.invoke(java.security.Principal)
2016-05-19 01:52:38.295  INFO 1716 --- [main] o.s.j.e.a.AnnotationMBeanExporter        : Registering beans for JMX exposure on startup
2016-05-19 01:52:38.322  INFO 1716 --- [main] o.s.c.support.DefaultLifecycleProcessor  : Starting beans in phase 0
2016-05-19 01:52:38.509  INFO 1716 --- [main] s.b.c.e.t.TomcatEmbeddedServletContainer : Tomcat started on port(s): 9292 (http)
2016-05-19 01:52:38.517  INFO 1716 --- [main] com.mimacom.app.springboot.Application   : Started Application in 10.78 seconds (JVM running for 11.361)
2016-05-19 01:59:49.673  INFO 4340 --- [main] com.mimacom.app.springboot.Application   : Starting Application on mima-ws-108 with PID 4340 (C:\development\projects\sample-spring-boot-app\sample-spring-boot-web\target\classes started by pado in C:\development\projects\sample-spring-boot-app)
2016-05-19 01:59:49.678  INFO 4340 --- [main] com.mimacom.app.springboot.Application   : No active profile set, falling back to default profiles: default
2016-05-19 01:59:49.776  INFO 4340 --- [main] ationConfigEmbeddedWebApplicationContext : Refreshing org.springframework.boot.context.embedded.AnnotationConfigEmbeddedWebApplicationContext@6c284af: startup date [Thu May 19 01:59:49 CEST 2016]; root of context hierarchy
2016-05-19 01:59:52.132  INFO 4340 --- [main] o.s.b.f.s.DefaultListableBeanFactory     : Overriding bean definition for bean 'ignoredPathsWebSecurityConfigurerAdapter' with a different definition: replacing [Root bean: class [null]; scope=; abstract=false; lazyInit=false; autowireMode=3; dependencyCheck=0; autowireCandidate=true; primary=false; factoryBeanName=org.springframework.boot.autoconfigure.security.SpringBootWebSecurityConfiguration; factoryMethodName=ignoredPathsWebSecurityConfigurerAdapter; initMethodName=null; destroyMethodName=(inferred); defined in class path resource [org/springframework/boot/autoconfigure/security/SpringBootWebSecurityConfiguration.class]] with [Root bean: class [null]; scope=; abstract=false; lazyInit=false; autowireMode=3; dependencyCheck=0; autowireCandidate=true; primary=false; factoryBeanName=org.springframework.boot.actuate.autoconfigure.ManagementWebSecurityAutoConfiguration; factoryMethodName=ignoredPathsWebSecurityConfigurerAdapter; initMethodName=null; destroyMethodName=(inferred); defined in class path resource [org/springframework/boot/actuate/autoconfigure/ManagementWebSecurityAutoConfiguration.class]]
2016-05-19 01:59:52.909  INFO 4340 --- [main] trationDelegate$BeanPostProcessorChecker : Bean 'org.springframework.transaction.annotation.ProxyTransactionManagementConfiguration' of type [class org.springframework.transaction.annotation.ProxyTransactionManagementConfiguration$$EnhancerBySpringCGLIB$$4d2025f6] is not eligible for getting processed by all BeanPostProcessors (for example: not eligible for auto-proxying)
2016-05-19 01:59:53.725  INFO 4340 --- [main] s.b.c.e.t.TomcatEmbeddedServletContainer : Tomcat initialized with port(s): 9292 (http)
2016-05-19 01:59:53.743  INFO 4340 --- [main] o.apache.catalina.core.StandardService   : Starting service Tomcat
2016-05-19 01:59:53.745  INFO 4340 --- [main] org.apache.catalina.core.StandardEngine  : Starting Servlet Engine: Apache Tomcat/8.0.33
2016-05-19 01:59:53.945  INFO 4340 --- [localhost-startStop-1] o.a.c.c.C.[Tomcat].[localhost].[/]       : Initializing Spring embedded WebApplicationContext
2016-05-19 01:59:53.945  INFO 4340 --- [localhost-startStop-1] o.s.web.context.ContextLoader            : Root WebApplicationContext: initialization completed in 4173 ms
2016-05-19 01:59:54.650  INFO 4340 --- [localhost-startStop-1] o.s.b.w.servlet.FilterRegistrationBean   : Mapping filter: 'metricFilter' to: [/*]
2016-05-19 01:59:54.650  INFO 4340 --- [localhost-startStop-1] o.s.b.w.servlet.FilterRegistrationBean   : Mapping filter: 'characterEncodingFilter' to: [/*]
2016-05-19 01:59:54.651  INFO 4340 --- [localhost-startStop-1] o.s.b.w.servlet.FilterRegistrationBean   : Mapping filter: 'hiddenHttpMethodFilter' to: [/*]
2016-05-19 01:59:54.651  INFO 4340 --- [localhost-startStop-1] o.s.b.w.servlet.FilterRegistrationBean   : Mapping filter: 'httpPutFormContentFilter' to: [/*]
2016-05-19 01:59:54.651  INFO 4340 --- [localhost-startStop-1] o.s.b.w.servlet.FilterRegistrationBean   : Mapping filter: 'requestContextFilter' to: [/*]
2016-05-19 01:59:54.652  INFO 4340 --- [localhost-startStop-1] .s.DelegatingFilterProxyRegistrationBean : Mapping filter: 'springSecurityFilterChain' to: [/*]
2016-05-19 01:59:54.653  INFO 4340 --- [localhost-startStop-1] o.s.b.w.servlet.FilterRegistrationBean   : Mapping filter: 'webRequestLoggingFilter' to: [/*]
2016-05-19 01:59:54.653  INFO 4340 --- [localhost-startStop-1] o.s.b.w.servlet.FilterRegistrationBean   : Mapping filter: 'applicationContextIdFilter' to: [/*]
2016-05-19 01:59:54.653  INFO 4340 --- [localhost-startStop-1] o.s.b.w.servlet.ServletRegistrationBean  : Mapping servlet: 'dispatcherServlet' to [/]
2016-05-19 01:59:55.110 DEBUG 4340 --- [localhost-startStop-1] eGlobalAuthenticationAutowiredConfigurer : Eagerly initializing {org.springframework.boot.autoconfigure.security.SpringBootWebSecurityConfiguration=org.springframework.boot.autoconfigure.security.SpringBootWebSecurityConfiguration$$EnhancerBySpringCGLIB$$9514ea9e@e962a4c}
2016-05-19 01:59:55.246  INFO 4340 --- [localhost-startStop-1] o.s.s.web.DefaultSecurityFilterChain     : Creating filter chain: OrRequestMatcher [requestMatchers=[Ant [pattern='/css/**'], Ant [pattern='/js/**'], Ant [pattern='/images/**'], Ant [pattern='/**/favicon.ico'], Ant [pattern='/error']]], []
2016-05-19 01:59:55.366 DEBUG 4340 --- [localhost-startStop-1] edFilterInvocationSecurityMetadataSource : Adding web access control expression 'permitAll', for org.springframework.boot.actuate.autoconfigure.ManagementWebSecurityAutoConfiguration$LazyEndpointPathRequestMatcher@2c9578c
2016-05-19 01:59:55.367 DEBUG 4340 --- [localhost-startStop-1] edFilterInvocationSecurityMetadataSource : Adding web access control expression 'hasRole('ROLE_ADMIN')', for org.springframework.security.web.util.matcher.AnyRequestMatcher@1
2016-05-19 01:59:55.384 DEBUG 4340 --- [localhost-startStop-1] o.s.s.w.a.i.FilterSecurityInterceptor    : Validated configuration attributes
2016-05-19 01:59:55.386 DEBUG 4340 --- [localhost-startStop-1] o.s.s.w.a.i.FilterSecurityInterceptor    : Validated configuration attributes
2016-05-19 01:59:55.406  INFO 4340 --- [localhost-startStop-1] o.s.s.web.DefaultSecurityFilterChain     : Creating filter chain: Ant [pattern='/management/**'], [org.springframework.security.web.context.request.async.WebAsyncManagerIntegrationFilter@403a9a1a, org.springframework.security.web.context.SecurityContextPersistenceFilter@29e658e6, org.springframework.security.web.header.HeaderWriterFilter@3976e8ed, org.springframework.security.web.authentication.logout.LogoutFilter@7f9836a, org.springframework.security.web.authentication.www.BasicAuthenticationFilter@15554f03, org.springframework.security.web.savedrequest.RequestCacheAwareFilter@719e10f0, org.springframework.security.web.servletapi.SecurityContextHolderAwareRequestFilter@3c2b136a, org.springframework.security.web.authentication.AnonymousAuthenticationFilter@7990d173, org.springframework.security.web.session.SessionManagementFilter@36d5b7b1, org.springframework.security.web.access.ExceptionTranslationFilter@7e400b5a, org.springframework.security.web.access.intercept.FilterSecurityInterceptor@2fa0cb13]
2016-05-19 01:59:55.455 DEBUG 4340 --- [localhost-startStop-1] edFilterInvocationSecurityMetadataSource : Adding web access control expression 'fullyAuthenticated', for Ant [pattern='/**']
2016-05-19 01:59:55.456 DEBUG 4340 --- [localhost-startStop-1] o.s.s.w.a.i.FilterSecurityInterceptor    : Validated configuration attributes
2016-05-19 01:59:55.457 DEBUG 4340 --- [localhost-startStop-1] o.s.s.w.a.i.FilterSecurityInterceptor    : Validated configuration attributes
2016-05-19 01:59:55.457  INFO 4340 --- [localhost-startStop-1] o.s.s.web.DefaultSecurityFilterChain     : Creating filter chain: org.springframework.security.web.util.matcher.AnyRequestMatcher@1, [org.springframework.security.web.context.request.async.WebAsyncManagerIntegrationFilter@3329c2, org.springframework.security.web.context.SecurityContextPersistenceFilter@1316fce1, org.springframework.security.web.header.HeaderWriterFilter@4de15b96, org.springframework.security.web.csrf.CsrfFilter@506ce916, org.springframework.security.web.authentication.logout.LogoutFilter@573e2f75, org.springframework.security.web.authentication.UsernamePasswordAuthenticationFilter@46048dc5, org.springframework.security.web.authentication.ui.DefaultLoginPageGeneratingFilter@736b240d, org.springframework.security.web.savedrequest.RequestCacheAwareFilter@3cb5b3c4, org.springframework.security.web.servletapi.SecurityContextHolderAwareRequestFilter@7bcf722f, org.springframework.security.web.session.SessionManagementFilter@2485953e, org.springframework.security.web.access.ExceptionTranslationFilter@c847106, org.springframework.security.web.access.intercept.FilterSecurityInterceptor@a6f17a9]
2016-05-19 01:59:55.464 DEBUG 4340 --- [localhost-startStop-1] edFilterInvocationSecurityMetadataSource : Adding web access control expression 'hasAnyRole('ROLE_USER','ROLE_ADMIN')', for org.springframework.security.web.util.matcher.AnyRequestMatcher@1
2016-05-19 01:59:55.464 DEBUG 4340 --- [localhost-startStop-1] o.s.s.w.a.i.FilterSecurityInterceptor    : Validated configuration attributes
2016-05-19 01:59:55.465 DEBUG 4340 --- [localhost-startStop-1] o.s.s.w.a.i.FilterSecurityInterceptor    : Validated configuration attributes
2016-05-19 01:59:55.465  INFO 4340 --- [localhost-startStop-1] o.s.s.web.DefaultSecurityFilterChain     : Creating filter chain: OrRequestMatcher [requestMatchers=[Ant [pattern='/**']]], [org.springframework.security.web.context.request.async.WebAsyncManagerIntegrationFilter@68aee110, org.springframework.security.web.context.SecurityContextPersistenceFilter@31565c6a, org.springframework.security.web.header.HeaderWriterFilter@53ccad83, org.springframework.security.web.authentication.logout.LogoutFilter@535a8fac, org.springframework.security.web.authentication.www.BasicAuthenticationFilter@50ec3ca1, org.springframework.security.web.savedrequest.RequestCacheAwareFilter@374315c6, org.springframework.security.web.servletapi.SecurityContextHolderAwareRequestFilter@1d51618, org.springframework.security.web.authentication.AnonymousAuthenticationFilter@2c1bff13, org.springframework.security.web.session.SessionManagementFilter@2a7f045a, org.springframework.security.web.access.ExceptionTranslationFilter@2ef51cca, org.springframework.security.web.access.intercept.FilterSecurityInterceptor@607ab746]
2016-05-19 01:59:55.999  INFO 4340 --- [main] j.LocalContainerEntityManagerFactoryBean : Building JPA container EntityManagerFactory for persistence unit 'default'
2016-05-19 01:59:56.025  INFO 4340 --- [main] o.hibernate.jpa.internal.util.LogHelper  : HHH000204: Processing PersistenceUnitInfo [
	name: default
	...]
2016-05-19 01:59:56.541  INFO 4340 --- [main] org.hibernate.Version                    : HHH000412: Hibernate Core {5.1.0.Final}
2016-05-19 01:59:56.544  INFO 4340 --- [main] org.hibernate.cfg.Environment            : HHH000206: hibernate.properties not found
2016-05-19 01:59:56.546  INFO 4340 --- [main] org.hibernate.cfg.Environment            : HHH000021: Bytecode provider name : javassist
2016-05-19 01:59:56.609  INFO 4340 --- [main] o.hibernate.annotations.common.Version   : HCANN000001: Hibernate Commons Annotations {5.0.1.Final}
2016-05-19 01:59:56.834  INFO 4340 --- [main] org.hibernate.dialect.Dialect            : HHH000400: Using dialect: org.hibernate.dialect.H2Dialect
2016-05-19 01:59:57.531  INFO 4340 --- [main] o.h.t.schema.internal.SchemaCreatorImpl  : HHH000476: Executing import script 'org.hibernate.tool.schema.internal.exec.ScriptSourceInputNonExistentImpl@2f6e92ca'
2016-05-19 01:59:57.591  INFO 4340 --- [main] j.LocalContainerEntityManagerFactoryBean : Initialized JPA EntityManagerFactory for persistence unit 'default'
2016-05-19 01:59:58.115  INFO 4340 --- [main] s.w.s.m.m.a.RequestMappingHandlerAdapter : Looking for @ControllerAdvice: org.springframework.boot.context.embedded.AnnotationConfigEmbeddedWebApplicationContext@6c284af: startup date [Thu May 19 01:59:49 CEST 2016]; root of context hierarchy
2016-05-19 01:59:58.224  INFO 4340 --- [main] s.w.s.m.m.a.RequestMappingHandlerMapping : Mapped "{[/api/user],methods=[GET]}" onto public void com.mimacom.app.springboot.web.UserController.addRandom()
2016-05-19 01:59:58.228  INFO 4340 --- [main] s.w.s.m.m.a.RequestMappingHandlerMapping : Mapped "{[/error]}" onto public org.springframework.http.ResponseEntity<java.util.Map<java.lang.String, java.lang.Object>> org.springframework.boot.autoconfigure.web.BasicErrorController.error(javax.servlet.http.HttpServletRequest)
2016-05-19 01:59:58.229  INFO 4340 --- [main] s.w.s.m.m.a.RequestMappingHandlerMapping : Mapped "{[/error],produces=[text/html]}" onto public org.springframework.web.servlet.ModelAndView org.springframework.boot.autoconfigure.web.BasicErrorController.errorHtml(javax.servlet.http.HttpServletRequest,javax.servlet.http.HttpServletResponse)
2016-05-19 01:59:58.238  INFO 4340 --- [main] o.s.w.s.c.a.WebMvcConfigurerAdapter      : Adding welcome page: class path resource [static/index.html]
2016-05-19 01:59:58.260  INFO 4340 --- [main] o.s.w.s.handler.SimpleUrlHandlerMapping  : Root mapping to handler of type [class org.springframework.web.servlet.mvc.ParameterizableViewController]
2016-05-19 01:59:58.285  INFO 4340 --- [main] o.s.w.s.handler.SimpleUrlHandlerMapping  : Mapped URL path [/webjars/**] onto handler of type [class org.springframework.web.servlet.resource.ResourceHttpRequestHandler]
2016-05-19 01:59:58.286  INFO 4340 --- [main] o.s.w.s.handler.SimpleUrlHandlerMapping  : Mapped URL path [/**] onto handler of type [class org.springframework.web.servlet.resource.ResourceHttpRequestHandler]
2016-05-19 01:59:58.384  INFO 4340 --- [main] o.s.w.s.handler.SimpleUrlHandlerMapping  : Mapped URL path [/**/favicon.ico] onto handler of type [class org.springframework.web.servlet.resource.ResourceHttpRequestHandler]
2016-05-19 01:59:59.202  INFO 4340 --- [main] o.s.b.a.e.mvc.EndpointHandlerMapping     : Mapped "{[/management/env/{name:.*}],methods=[GET],produces=[application/json]}" onto public java.lang.Object org.springframework.boot.actuate.endpoint.mvc.EnvironmentMvcEndpoint.value(java.lang.String)
2016-05-19 01:59:59.202  INFO 4340 --- [main] o.s.b.a.e.mvc.EndpointHandlerMapping     : Mapped "{[/management/env || /management/env.json],methods=[GET],produces=[application/json]}" onto public java.lang.Object org.springframework.boot.actuate.endpoint.mvc.EndpointMvcAdapter.invoke()
2016-05-19 01:59:59.203  INFO 4340 --- [main] o.s.b.a.e.mvc.EndpointHandlerMapping     : Mapped "{[/management/logfile || /management/logfile.json],methods=[GET || HEAD]}" onto public void org.springframework.boot.actuate.endpoint.mvc.LogFileMvcEndpoint.invoke(javax.servlet.http.HttpServletRequest,javax.servlet.http.HttpServletResponse) throws javax.servlet.ServletException,java.io.IOException
2016-05-19 01:59:59.204  INFO 4340 --- [main] o.s.b.a.e.mvc.EndpointHandlerMapping     : Mapped "{[/management/autoconfig || /management/autoconfig.json],methods=[GET],produces=[application/json]}" onto public java.lang.Object org.springframework.boot.actuate.endpoint.mvc.EndpointMvcAdapter.invoke()
2016-05-19 01:59:59.205  INFO 4340 --- [main] o.s.b.a.e.mvc.EndpointHandlerMapping     : Mapped "{[/management/configprops || /management/configprops.json],methods=[GET],produces=[application/json]}" onto public java.lang.Object org.springframework.boot.actuate.endpoint.mvc.EndpointMvcAdapter.invoke()
2016-05-19 01:59:59.206  INFO 4340 --- [main] o.s.b.a.e.mvc.EndpointHandlerMapping     : Mapped "{[/management/health || /management/health.json],produces=[application/json]}" onto public java.lang.Object org.springframework.boot.actuate.endpoint.mvc.HealthMvcEndpoint.invoke(java.security.Principal)
2016-05-19 01:59:59.208  INFO 4340 --- [main] o.s.b.a.e.mvc.EndpointHandlerMapping     : Mapped "{[/management/metrics/{name:.*}],methods=[GET],produces=[application/json]}" onto public java.lang.Object org.springframework.boot.actuate.endpoint.mvc.MetricsMvcEndpoint.value(java.lang.String)
2016-05-19 01:59:59.209  INFO 4340 --- [main] o.s.b.a.e.mvc.EndpointHandlerMapping     : Mapped "{[/management/metrics || /management/metrics.json],methods=[GET],produces=[application/json]}" onto public java.lang.Object org.springframework.boot.actuate.endpoint.mvc.EndpointMvcAdapter.invoke()
2016-05-19 01:59:59.210  INFO 4340 --- [main] o.s.b.a.e.mvc.EndpointHandlerMapping     : Mapped "{[/management/beans || /management/beans.json],methods=[GET],produces=[application/json]}" onto public java.lang.Object org.springframework.boot.actuate.endpoint.mvc.EndpointMvcAdapter.invoke()
2016-05-19 01:59:59.215  INFO 4340 --- [main] o.s.b.a.e.mvc.EndpointHandlerMapping     : Mapped "{[/management/info || /management/info.json],methods=[GET],produces=[application/json]}" onto public java.lang.Object org.springframework.boot.actuate.endpoint.mvc.EndpointMvcAdapter.invoke()
2016-05-19 01:59:59.219  INFO 4340 --- [main] o.s.b.a.e.mvc.EndpointHandlerMapping     : Mapped "{[/management/trace || /management/trace.json],methods=[GET],produces=[application/json]}" onto public java.lang.Object org.springframework.boot.actuate.endpoint.mvc.EndpointMvcAdapter.invoke()
2016-05-19 01:59:59.220  INFO 4340 --- [main] o.s.b.a.e.mvc.EndpointHandlerMapping     : Mapped "{[/management/mappings || /management/mappings.json],methods=[GET],produces=[application/json]}" onto public java.lang.Object org.springframework.boot.actuate.endpoint.mvc.EndpointMvcAdapter.invoke()
2016-05-19 01:59:59.221  INFO 4340 --- [main] o.s.b.a.e.mvc.EndpointHandlerMapping     : Mapped "{[/management/dump || /management/dump.json],methods=[GET],produces=[application/json]}" onto public java.lang.Object org.springframework.boot.actuate.endpoint.mvc.EndpointMvcAdapter.invoke()
2016-05-19 01:59:59.577  INFO 4340 --- [main] o.s.j.e.a.AnnotationMBeanExporter        : Registering beans for JMX exposure on startup
2016-05-19 01:59:59.592  INFO 4340 --- [main] o.s.c.support.DefaultLifecycleProcessor  : Starting beans in phase 0
2016-05-19 01:59:59.768  INFO 4340 --- [main] s.b.c.e.t.TomcatEmbeddedServletContainer : Tomcat started on port(s): 9292 (http)
2016-05-19 01:59:59.775  INFO 4340 --- [main] com.mimacom.app.springboot.Application   : Started Application in 10.744 seconds (JVM running for 11.34)
2016-05-19 02:00:04.714  INFO 4340 --- [http-nio-9292-exec-1] o.a.c.c.C.[Tomcat].[localhost].[/]       : Initializing Spring FrameworkServlet 'dispatcherServlet'
2016-05-19 02:00:04.715  INFO 4340 --- [http-nio-9292-exec-1] o.s.web.servlet.DispatcherServlet        : FrameworkServlet 'dispatcherServlet': initialization started
2016-05-19 02:00:04.752  INFO 4340 --- [http-nio-9292-exec-1] o.s.web.servlet.DispatcherServlet        : FrameworkServlet 'dispatcherServlet': initialization completed in 37 ms
2016-05-19 02:00:04.778 DEBUG 4340 --- [http-nio-9292-exec-1] o.s.s.web.util.matcher.OrRequestMatcher  : Trying to match using Ant [pattern='/css/**']
2016-05-19 02:00:04.780 DEBUG 4340 --- [http-nio-9292-exec-1] o.s.s.w.u.matcher.AntPathRequestMatcher  : Checking match of request : '/management/beans'; against '/css/**'
2016-05-19 02:00:04.780 DEBUG 4340 --- [http-nio-9292-exec-1] o.s.s.web.util.matcher.OrRequestMatcher  : Trying to match using Ant [pattern='/js/**']
2016-05-19 02:00:04.780 DEBUG 4340 --- [http-nio-9292-exec-1] o.s.s.w.u.matcher.AntPathRequestMatcher  : Checking match of request : '/management/beans'; against '/js/**'
2016-05-19 02:00:04.780 DEBUG 4340 --- [http-nio-9292-exec-1] o.s.s.web.util.matcher.OrRequestMatcher  : Trying to match using Ant [pattern='/images/**']
2016-05-19 02:00:04.780 DEBUG 4340 --- [http-nio-9292-exec-1] o.s.s.w.u.matcher.AntPathRequestMatcher  : Checking match of request : '/management/beans'; against '/images/**'
2016-05-19 02:00:04.780 DEBUG 4340 --- [http-nio-9292-exec-1] o.s.s.web.util.matcher.OrRequestMatcher  : Trying to match using Ant [pattern='/**/favicon.ico']
2016-05-19 02:00:04.780 DEBUG 4340 --- [http-nio-9292-exec-1] o.s.s.w.u.matcher.AntPathRequestMatcher  : Checking match of request : '/management/beans'; against '/**/favicon.ico'
2016-05-19 02:00:04.781 DEBUG 4340 --- [http-nio-9292-exec-1] o.s.s.web.util.matcher.OrRequestMatcher  : Trying to match using Ant [pattern='/error']
2016-05-19 02:00:04.781 DEBUG 4340 --- [http-nio-9292-exec-1] o.s.s.w.u.matcher.AntPathRequestMatcher  : Checking match of request : '/management/beans'; against '/error'
2016-05-19 02:00:04.781 DEBUG 4340 --- [http-nio-9292-exec-1] o.s.s.web.util.matcher.OrRequestMatcher  : No matches found
2016-05-19 02:00:04.781 DEBUG 4340 --- [http-nio-9292-exec-1] o.s.s.w.u.matcher.AntPathRequestMatcher  : Checking match of request : '/management/beans'; against '/management/**'
2016-05-19 02:00:04.782 DEBUG 4340 --- [http-nio-9292-exec-1] o.s.security.web.FilterChainProxy        : /management/beans at position 1 of 11 in additional filter chain; firing Filter: 'WebAsyncManagerIntegrationFilter'
2016-05-19 02:00:04.784 DEBUG 4340 --- [http-nio-9292-exec-1] o.s.security.web.FilterChainProxy        : /management/beans at position 2 of 11 in additional filter chain; firing Filter: 'SecurityContextPersistenceFilter'
2016-05-19 02:00:04.785 DEBUG 4340 --- [http-nio-9292-exec-1] o.s.security.web.FilterChainProxy        : /management/beans at position 3 of 11 in additional filter chain; firing Filter: 'HeaderWriterFilter'
2016-05-19 02:00:04.788 DEBUG 4340 --- [http-nio-9292-exec-1] o.s.security.web.FilterChainProxy        : /management/beans at position 4 of 11 in additional filter chain; firing Filter: 'LogoutFilter'
2016-05-19 02:00:04.788 DEBUG 4340 --- [http-nio-9292-exec-1] o.s.s.w.u.matcher.AntPathRequestMatcher  : Checking match of request : '/management/beans'; against '/logout'
2016-05-19 02:00:04.788 DEBUG 4340 --- [http-nio-9292-exec-1] o.s.security.web.FilterChainProxy        : /management/beans at position 5 of 11 in additional filter chain; firing Filter: 'BasicAuthenticationFilter'
2016-05-19 02:00:04.790 DEBUG 4340 --- [http-nio-9292-exec-1] o.s.s.w.a.www.BasicAuthenticationFilter  : Basic Authentication Authorization header found for user 'admin'
2016-05-19 02:00:25.169 DEBUG 4340 --- [http-nio-9292-exec-1] o.s.s.authentication.ProviderManager     : Authentication attempt using org.springframework.security.authentication.dao.DaoAuthenticationProvider
2016-05-19 02:00:25.175 DEBUG 4340 --- [http-nio-9292-exec-1] o.s.s.w.a.www.BasicAuthenticationFilter  : Authentication success: org.springframework.security.authentication.UsernamePasswordAuthenticationToken@ffff4ca0: Principal: org.springframework.security.core.userdetails.User@36ebcb: Username: user; Password: [PROTECTED]; Enabled: true; AccountNonExpired: true; credentialsNonExpired: true; AccountNonLocked: true; Granted Authorities: user; Credentials: [PROTECTED]; Authenticated: true; Details: org.springframework.security.web.authentication.WebAuthenticationDetails@b364: RemoteIpAddress: 0:0:0:0:0:0:0:1; SessionId: null; Granted Authorities: user
2016-05-19 02:00:25.175 DEBUG 4340 --- [http-nio-9292-exec-1] o.s.security.web.FilterChainProxy        : /management/beans at position 6 of 11 in additional filter chain; firing Filter: 'RequestCacheAwareFilter'
2016-05-19 02:00:25.175 DEBUG 4340 --- [http-nio-9292-exec-1] o.s.security.web.FilterChainProxy        : /management/beans at position 7 of 11 in additional filter chain; firing Filter: 'SecurityContextHolderAwareRequestFilter'
2016-05-19 02:00:25.177 DEBUG 4340 --- [http-nio-9292-exec-1] o.s.security.web.FilterChainProxy        : /management/beans at position 8 of 11 in additional filter chain; firing Filter: 'AnonymousAuthenticationFilter'
2016-05-19 02:00:25.177 DEBUG 4340 --- [http-nio-9292-exec-1] o.s.s.w.a.AnonymousAuthenticationFilter  : SecurityContextHolder not populated with anonymous token, as it already contained: 'org.springframework.security.authentication.UsernamePasswordAuthenticationToken@ffff4ca0: Principal: org.springframework.security.core.userdetails.User@36ebcb: Username: user; Password: [PROTECTED]; Enabled: true; AccountNonExpired: true; credentialsNonExpired: true; AccountNonLocked: true; Granted Authorities: user; Credentials: [PROTECTED]; Authenticated: true; Details: org.springframework.security.web.authentication.WebAuthenticationDetails@b364: RemoteIpAddress: 0:0:0:0:0:0:0:1; SessionId: null; Granted Authorities: user'
2016-05-19 02:00:25.177 DEBUG 4340 --- [http-nio-9292-exec-1] o.s.security.web.FilterChainProxy        : /management/beans at position 9 of 11 in additional filter chain; firing Filter: 'SessionManagementFilter'
2016-05-19 02:00:25.177 DEBUG 4340 --- [http-nio-9292-exec-1] s.CompositeSessionAuthenticationStrategy : Delegating to org.springframework.security.web.authentication.session.ChangeSessionIdAuthenticationStrategy@59e53005
2016-05-19 02:00:25.177 DEBUG 4340 --- [http-nio-9292-exec-1] o.s.security.web.FilterChainProxy        : /management/beans at position 10 of 11 in additional filter chain; firing Filter: 'ExceptionTranslationFilter'
2016-05-19 02:00:25.178 DEBUG 4340 --- [http-nio-9292-exec-1] o.s.security.web.FilterChainProxy        : /management/beans at position 11 of 11 in additional filter chain; firing Filter: 'FilterSecurityInterceptor'
2016-05-19 02:00:25.180 DEBUG 4340 --- [http-nio-9292-exec-1] o.s.s.web.util.matcher.OrRequestMatcher  : Trying to match using Ant [pattern='/management/health']
2016-05-19 02:00:25.181 DEBUG 4340 --- [http-nio-9292-exec-1] o.s.s.w.u.matcher.AntPathRequestMatcher  : Checking match of request : '/management/beans'; against '/management/health'
2016-05-19 02:00:25.181 DEBUG 4340 --- [http-nio-9292-exec-1] o.s.s.web.util.matcher.OrRequestMatcher  : Trying to match using Ant [pattern='/management/health/']
2016-05-19 02:00:25.181 DEBUG 4340 --- [http-nio-9292-exec-1] o.s.s.w.u.matcher.AntPathRequestMatcher  : Checking match of request : '/management/beans'; against '/management/health/'
2016-05-19 02:00:25.181 DEBUG 4340 --- [http-nio-9292-exec-1] o.s.s.web.util.matcher.OrRequestMatcher  : No matches found
2016-05-19 02:00:25.181 DEBUG 4340 --- [http-nio-9292-exec-1] o.s.s.w.a.i.FilterSecurityInterceptor    : Secure object: FilterInvocation: URL: /management/beans; Attributes: [hasRole('ROLE_ADMIN')]
2016-05-19 02:00:25.181 DEBUG 4340 --- [http-nio-9292-exec-1] o.s.s.w.a.i.FilterSecurityInterceptor    : Previously Authenticated: org.springframework.security.authentication.UsernamePasswordAuthenticationToken@ffff4ca0: Principal: org.springframework.security.core.userdetails.User@36ebcb: Username: user; Password: [PROTECTED]; Enabled: true; AccountNonExpired: true; credentialsNonExpired: true; AccountNonLocked: true; Granted Authorities: user; Credentials: [PROTECTED]; Authenticated: true; Details: org.springframework.security.web.authentication.WebAuthenticationDetails@b364: RemoteIpAddress: 0:0:0:0:0:0:0:1; SessionId: null; Granted Authorities: user
2016-05-19 02:00:25.184 DEBUG 4340 --- [http-nio-9292-exec-1] o.s.s.access.vote.AffirmativeBased       : Voter: org.springframework.security.web.access.expression.WebExpressionVoter@4de42203, returned: -1
2016-05-19 02:00:25.188 DEBUG 4340 --- [http-nio-9292-exec-1] o.s.s.w.a.ExceptionTranslationFilter     : Access is denied (user is not anonymous); delegating to AccessDeniedHandler

org.springframework.security.access.AccessDeniedException: Access is denied
	at org.springframework.security.access.vote.AffirmativeBased.decide(AffirmativeBased.java:84)
	at org.springframework.security.access.intercept.AbstractSecurityInterceptor.beforeInvocation(AbstractSecurityInterceptor.java:233)
	at org.springframework.security.web.access.intercept.FilterSecurityInterceptor.invoke(FilterSecurityInterceptor.java:124)
	at org.springframework.security.web.access.intercept.FilterSecurityInterceptor.doFilter(FilterSecurityInterceptor.java:91)
	at org.springframework.security.web.FilterChainProxy$VirtualFilterChain.doFilter(FilterChainProxy.java:331)
	at org.springframework.security.web.access.ExceptionTranslationFilter.doFilter(ExceptionTranslationFilter.java:115)
	at org.springframework.security.web.FilterChainProxy$VirtualFilterChain.doFilter(FilterChainProxy.java:331)
	at org.springframework.security.web.session.SessionManagementFilter.doFilter(SessionManagementFilter.java:137)
	at org.springframework.security.web.FilterChainProxy$VirtualFilterChain.doFilter(FilterChainProxy.java:331)
	at org.springframework.security.web.authentication.AnonymousAuthenticationFilter.doFilter(AnonymousAuthenticationFilter.java:112)
	at org.springframework.security.web.FilterChainProxy$VirtualFilterChain.doFilter(FilterChainProxy.java:331)
	at org.springframework.security.web.servletapi.SecurityContextHolderAwareRequestFilter.doFilter(SecurityContextHolderAwareRequestFilter.java:169)
	at org.springframework.security.web.FilterChainProxy$VirtualFilterChain.doFilter(FilterChainProxy.java:331)
	at org.springframework.security.web.savedrequest.RequestCacheAwareFilter.doFilter(RequestCacheAwareFilter.java:63)
	at org.springframework.security.web.FilterChainProxy$VirtualFilterChain.doFilter(FilterChainProxy.java:331)
	at org.springframework.security.web.authentication.www.BasicAuthenticationFilter.doFilterInternal(BasicAuthenticationFilter.java:215)
	at org.springframework.web.filter.OncePerRequestFilter.doFilter(OncePerRequestFilter.java:107)
	at org.springframework.security.web.FilterChainProxy$VirtualFilterChain.doFilter(FilterChainProxy.java:331)
	at org.springframework.security.web.authentication.logout.LogoutFilter.doFilter(LogoutFilter.java:121)
	at org.springframework.security.web.FilterChainProxy$VirtualFilterChain.doFilter(FilterChainProxy.java:331)
	at org.springframework.security.web.header.HeaderWriterFilter.doFilterInternal(HeaderWriterFilter.java:66)
	at org.springframework.web.filter.OncePerRequestFilter.doFilter(OncePerRequestFilter.java:107)
	at org.springframework.security.web.FilterChainProxy$VirtualFilterChain.doFilter(FilterChainProxy.java:331)
	at org.springframework.security.web.context.SecurityContextPersistenceFilter.doFilter(SecurityContextPersistenceFilter.java:106)
	at org.springframework.security.web.FilterChainProxy$VirtualFilterChain.doFilter(FilterChainProxy.java:331)
	at org.springframework.security.web.context.request.async.WebAsyncManagerIntegrationFilter.doFilterInternal(WebAsyncManagerIntegrationFilter.java:56)
	at org.springframework.web.filter.OncePerRequestFilter.doFilter(OncePerRequestFilter.java:107)
	at org.springframework.security.web.FilterChainProxy$VirtualFilterChain.doFilter(FilterChainProxy.java:331)
	at org.springframework.security.web.FilterChainProxy.doFilterInternal(FilterChainProxy.java:214)
	at org.springframework.security.web.FilterChainProxy.doFilter(FilterChainProxy.java:177)
	at org.springframework.web.filter.DelegatingFilterProxy.invokeDelegate(DelegatingFilterProxy.java:346)
	at org.springframework.web.filter.DelegatingFilterProxy.doFilter(DelegatingFilterProxy.java:262)
	at org.apache.catalina.core.ApplicationFilterChain.internalDoFilter(ApplicationFilterChain.java:240)
	at org.apache.catalina.core.ApplicationFilterChain.doFilter(ApplicationFilterChain.java:207)
	at org.springframework.web.filter.RequestContextFilter.doFilterInternal(RequestContextFilter.java:99)
	at org.springframework.web.filter.OncePerRequestFilter.doFilter(OncePerRequestFilter.java:107)
	at org.apache.catalina.core.ApplicationFilterChain.internalDoFilter(ApplicationFilterChain.java:240)
	at org.apache.catalina.core.ApplicationFilterChain.doFilter(ApplicationFilterChain.java:207)
	at org.springframework.web.filter.HttpPutFormContentFilter.doFilterInternal(HttpPutFormContentFilter.java:87)
	at org.springframework.web.filter.OncePerRequestFilter.doFilter(OncePerRequestFilter.java:107)
	at org.apache.catalina.core.ApplicationFilterChain.internalDoFilter(ApplicationFilterChain.java:240)
	at org.apache.catalina.core.ApplicationFilterChain.doFilter(ApplicationFilterChain.java:207)
	at org.springframework.web.filter.HiddenHttpMethodFilter.doFilterInternal(HiddenHttpMethodFilter.java:77)
	at org.springframework.web.filter.OncePerRequestFilter.doFilter(OncePerRequestFilter.java:107)
	at org.apache.catalina.core.ApplicationFilterChain.internalDoFilter(ApplicationFilterChain.java:240)
	at org.apache.catalina.core.ApplicationFilterChain.doFilter(ApplicationFilterChain.java:207)
	at org.springframework.web.filter.CharacterEncodingFilter.doFilterInternal(CharacterEncodingFilter.java:197)
	at org.springframework.web.filter.OncePerRequestFilter.doFilter(OncePerRequestFilter.java:107)
	at org.apache.catalina.core.ApplicationFilterChain.internalDoFilter(ApplicationFilterChain.java:240)
	at org.apache.catalina.core.ApplicationFilterChain.doFilter(ApplicationFilterChain.java:207)
	at org.springframework.boot.actuate.autoconfigure.MetricsFilter.doFilterInternal(MetricsFilter.java:107)
	at org.springframework.web.filter.OncePerRequestFilter.doFilter(OncePerRequestFilter.java:107)
	at org.apache.catalina.core.ApplicationFilterChain.internalDoFilter(ApplicationFilterChain.java:240)
	at org.apache.catalina.core.ApplicationFilterChain.doFilter(ApplicationFilterChain.java:207)
	at org.apache.catalina.core.StandardWrapperValve.invoke(StandardWrapperValve.java:212)
	at org.apache.catalina.core.StandardContextValve.invoke(StandardContextValve.java:106)
	at org.apache.catalina.authenticator.AuthenticatorBase.invoke(AuthenticatorBase.java:502)
	at org.apache.catalina.core.StandardHostValve.invoke(StandardHostValve.java:141)
	at org.apache.catalina.valves.ErrorReportValve.invoke(ErrorReportValve.java:79)
	at org.apache.catalina.core.StandardEngineValve.invoke(StandardEngineValve.java:88)
	at org.apache.catalina.connector.CoyoteAdapter.service(CoyoteAdapter.java:522)
	at org.apache.coyote.http11.AbstractHttp11Processor.process(AbstractHttp11Processor.java:1095)
	at org.apache.coyote.AbstractProtocol$AbstractConnectionHandler.process(AbstractProtocol.java:672)
	at org.apache.tomcat.util.net.NioEndpoint$SocketProcessor.doRun(NioEndpoint.java:1502)
	at org.apache.tomcat.util.net.NioEndpoint$SocketProcessor.run(NioEndpoint.java:1458)
	at java.util.concurrent.ThreadPoolExecutor.runWorker(ThreadPoolExecutor.java:1142)
	at java.util.concurrent.ThreadPoolExecutor$Worker.run(ThreadPoolExecutor.java:617)
	at org.apache.tomcat.util.threads.TaskThread$WrappingRunnable.run(TaskThread.java:61)
	at java.lang.Thread.run(Thread.java:745)

2016-05-19 02:00:25.191 DEBUG 4340 --- [http-nio-9292-exec-1] o.s.s.w.header.writers.HstsHeaderWriter  : Not injecting HSTS header since it did not match the requestMatcher org.springframework.security.web.header.writers.HstsHeaderWriter$SecureRequestMatcher@1706c08e
2016-05-19 02:00:25.192 DEBUG 4340 --- [http-nio-9292-exec-1] s.s.w.c.SecurityContextPersistenceFilter : SecurityContextHolder now cleared, as request processing completed
2016-05-19 02:00:25.475 DEBUG 4340 --- [http-nio-9292-exec-3] o.s.s.web.util.matcher.OrRequestMatcher  : Trying to match using Ant [pattern='/css/**']
2016-05-19 02:00:25.476 DEBUG 4340 --- [http-nio-9292-exec-3] o.s.s.w.u.matcher.AntPathRequestMatcher  : Checking match of request : '/favicon.ico'; against '/css/**'
2016-05-19 02:00:25.476 DEBUG 4340 --- [http-nio-9292-exec-3] o.s.s.web.util.matcher.OrRequestMatcher  : Trying to match using Ant [pattern='/js/**']
2016-05-19 02:00:25.476 DEBUG 4340 --- [http-nio-9292-exec-3] o.s.s.w.u.matcher.AntPathRequestMatcher  : Checking match of request : '/favicon.ico'; against '/js/**'
2016-05-19 02:00:25.476 DEBUG 4340 --- [http-nio-9292-exec-3] o.s.s.web.util.matcher.OrRequestMatcher  : Trying to match using Ant [pattern='/images/**']
2016-05-19 02:00:25.476 DEBUG 4340 --- [http-nio-9292-exec-3] o.s.s.w.u.matcher.AntPathRequestMatcher  : Checking match of request : '/favicon.ico'; against '/images/**'
2016-05-19 02:00:25.476 DEBUG 4340 --- [http-nio-9292-exec-3] o.s.s.web.util.matcher.OrRequestMatcher  : Trying to match using Ant [pattern='/**/favicon.ico']
2016-05-19 02:00:25.476 DEBUG 4340 --- [http-nio-9292-exec-3] o.s.s.w.u.matcher.AntPathRequestMatcher  : Checking match of request : '/favicon.ico'; against '/**/favicon.ico'
2016-05-19 02:00:25.477 DEBUG 4340 --- [http-nio-9292-exec-3] o.s.s.web.util.matcher.OrRequestMatcher  : matched
2016-05-19 02:00:25.477 DEBUG 4340 --- [http-nio-9292-exec-3] o.s.security.web.FilterChainProxy        : /favicon.ico has an empty filter list
2016-05-19 02:00:43.509  INFO 4824 --- [main] com.mimacom.app.springboot.Application   : Starting Application on mima-ws-108 with PID 4824 (C:\development\projects\sample-spring-boot-app\sample-spring-boot-web\target\classes started by pado in C:\development\projects\sample-spring-boot-app)
2016-05-19 02:00:43.591  INFO 4824 --- [main] com.mimacom.app.springboot.Application   : No active profile set, falling back to default profiles: default
2016-05-19 02:00:44.012  INFO 4824 --- [main] ationConfigEmbeddedWebApplicationContext : Refreshing org.springframework.boot.context.embedded.AnnotationConfigEmbeddedWebApplicationContext@6c284af: startup date [Thu May 19 02:00:44 CEST 2016]; root of context hierarchy
2016-05-19 02:00:45.652  INFO 4824 --- [main] o.s.b.f.s.DefaultListableBeanFactory     : Overriding bean definition for bean 'ignoredPathsWebSecurityConfigurerAdapter' with a different definition: replacing [Root bean: class [null]; scope=; abstract=false; lazyInit=false; autowireMode=3; dependencyCheck=0; autowireCandidate=true; primary=false; factoryBeanName=org.springframework.boot.autoconfigure.security.SpringBootWebSecurityConfiguration; factoryMethodName=ignoredPathsWebSecurityConfigurerAdapter; initMethodName=null; destroyMethodName=(inferred); defined in class path resource [org/springframework/boot/autoconfigure/security/SpringBootWebSecurityConfiguration.class]] with [Root bean: class [null]; scope=; abstract=false; lazyInit=false; autowireMode=3; dependencyCheck=0; autowireCandidate=true; primary=false; factoryBeanName=org.springframework.boot.actuate.autoconfigure.ManagementWebSecurityAutoConfiguration; factoryMethodName=ignoredPathsWebSecurityConfigurerAdapter; initMethodName=null; destroyMethodName=(inferred); defined in class path resource [org/springframework/boot/actuate/autoconfigure/ManagementWebSecurityAutoConfiguration.class]]
2016-05-19 02:00:46.401  INFO 4824 --- [main] trationDelegate$BeanPostProcessorChecker : Bean 'org.springframework.transaction.annotation.ProxyTransactionManagementConfiguration' of type [class org.springframework.transaction.annotation.ProxyTransactionManagementConfiguration$$EnhancerBySpringCGLIB$$348fd130] is not eligible for getting processed by all BeanPostProcessors (for example: not eligible for auto-proxying)
2016-05-19 02:00:47.198  INFO 4824 --- [main] s.b.c.e.t.TomcatEmbeddedServletContainer : Tomcat initialized with port(s): 9292 (http)
2016-05-19 02:00:47.218  INFO 4824 --- [main] o.apache.catalina.core.StandardService   : Starting service Tomcat
2016-05-19 02:00:47.221  INFO 4824 --- [main] org.apache.catalina.core.StandardEngine  : Starting Servlet Engine: Apache Tomcat/8.0.33
2016-05-19 02:00:47.403  INFO 4824 --- [localhost-startStop-1] o.a.c.c.C.[Tomcat].[localhost].[/]       : Initializing Spring embedded WebApplicationContext
2016-05-19 02:00:47.404  INFO 4824 --- [localhost-startStop-1] o.s.web.context.ContextLoader            : Root WebApplicationContext: initialization completed in 3396 ms
2016-05-19 02:00:48.119  INFO 4824 --- [localhost-startStop-1] o.s.b.w.servlet.FilterRegistrationBean   : Mapping filter: 'metricFilter' to: [/*]
2016-05-19 02:00:48.119  INFO 4824 --- [localhost-startStop-1] o.s.b.w.servlet.FilterRegistrationBean   : Mapping filter: 'characterEncodingFilter' to: [/*]
2016-05-19 02:00:48.120  INFO 4824 --- [localhost-startStop-1] o.s.b.w.servlet.FilterRegistrationBean   : Mapping filter: 'hiddenHttpMethodFilter' to: [/*]
2016-05-19 02:00:48.120  INFO 4824 --- [localhost-startStop-1] o.s.b.w.servlet.FilterRegistrationBean   : Mapping filter: 'httpPutFormContentFilter' to: [/*]
2016-05-19 02:00:48.120  INFO 4824 --- [localhost-startStop-1] o.s.b.w.servlet.FilterRegistrationBean   : Mapping filter: 'requestContextFilter' to: [/*]
2016-05-19 02:00:48.122  INFO 4824 --- [localhost-startStop-1] .s.DelegatingFilterProxyRegistrationBean : Mapping filter: 'springSecurityFilterChain' to: [/*]
2016-05-19 02:00:48.122  INFO 4824 --- [localhost-startStop-1] o.s.b.w.servlet.FilterRegistrationBean   : Mapping filter: 'webRequestLoggingFilter' to: [/*]
2016-05-19 02:00:48.122  INFO 4824 --- [localhost-startStop-1] o.s.b.w.servlet.FilterRegistrationBean   : Mapping filter: 'applicationContextIdFilter' to: [/*]
2016-05-19 02:00:48.123  INFO 4824 --- [localhost-startStop-1] o.s.b.w.servlet.ServletRegistrationBean  : Mapping servlet: 'dispatcherServlet' to [/]
2016-05-19 02:00:48.569 DEBUG 4824 --- [localhost-startStop-1] eGlobalAuthenticationAutowiredConfigurer : Eagerly initializing {org.springframework.boot.autoconfigure.security.SpringBootWebSecurityConfiguration=org.springframework.boot.autoconfigure.security.SpringBootWebSecurityConfiguration$$EnhancerBySpringCGLIB$$7c8495d8@4c209377}
2016-05-19 10:31:24.872  INFO 9212 --- [main] com.mimacom.app.springboot.Application   : Starting Application on mima-ws-108 with PID 9212 (C:\development\projects\sample-spring-boot-app\sample-spring-boot-web\target\classes started by pado in C:\development\projects\sample-spring-boot-app)
2016-05-19 10:31:24.877  INFO 9212 --- [main] com.mimacom.app.springboot.Application   : No active profile set, falling back to default profiles: default
2016-05-19 10:31:24.975  INFO 9212 --- [main] ationConfigEmbeddedWebApplicationContext : Refreshing org.springframework.boot.context.embedded.AnnotationConfigEmbeddedWebApplicationContext@6c284af: startup date [Thu May 19 10:31:24 CEST 2016]; root of context hierarchy
2016-05-19 10:31:28.619  INFO 9212 --- [main] o.s.b.f.s.DefaultListableBeanFactory     : Overriding bean definition for bean 'ignoredPathsWebSecurityConfigurerAdapter' with a different definition: replacing [Root bean: class [null]; scope=; abstract=false; lazyInit=false; autowireMode=3; dependencyCheck=0; autowireCandidate=true; primary=false; factoryBeanName=org.springframework.boot.autoconfigure.security.SpringBootWebSecurityConfiguration; factoryMethodName=ignoredPathsWebSecurityConfigurerAdapter; initMethodName=null; destroyMethodName=(inferred); defined in class path resource [org/springframework/boot/autoconfigure/security/SpringBootWebSecurityConfiguration.class]] with [Root bean: class [null]; scope=; abstract=false; lazyInit=false; autowireMode=3; dependencyCheck=0; autowireCandidate=true; primary=false; factoryBeanName=org.springframework.boot.actuate.autoconfigure.ManagementWebSecurityAutoConfiguration; factoryMethodName=ignoredPathsWebSecurityConfigurerAdapter; initMethodName=null; destroyMethodName=(inferred); defined in class path resource [org/springframework/boot/actuate/autoconfigure/ManagementWebSecurityAutoConfiguration.class]]
2016-05-19 10:31:30.454  INFO 9212 --- [main] trationDelegate$BeanPostProcessorChecker : Bean 'org.springframework.transaction.annotation.ProxyTransactionManagementConfiguration' of type [class org.springframework.transaction.annotation.ProxyTransactionManagementConfiguration$$EnhancerBySpringCGLIB$$417f50ad] is not eligible for getting processed by all BeanPostProcessors (for example: not eligible for auto-proxying)
2016-05-19 10:31:32.744  INFO 9212 --- [main] s.b.c.e.t.TomcatEmbeddedServletContainer : Tomcat initialized with port(s): 9292 (http)
2016-05-19 10:31:32.776  INFO 9212 --- [main] o.apache.catalina.core.StandardService   : Starting service Tomcat
2016-05-19 10:31:32.779  INFO 9212 --- [main] org.apache.catalina.core.StandardEngine  : Starting Servlet Engine: Apache Tomcat/8.0.33
2016-05-19 10:31:33.170  INFO 9212 --- [localhost-startStop-1] o.a.c.c.C.[Tomcat].[localhost].[/]       : Initializing Spring embedded WebApplicationContext
2016-05-19 10:31:33.170  INFO 9212 --- [localhost-startStop-1] o.s.web.context.ContextLoader            : Root WebApplicationContext: initialization completed in 8199 ms
2016-05-19 10:31:33.850  INFO 9212 --- [localhost-startStop-1] o.s.b.w.servlet.FilterRegistrationBean   : Mapping filter: 'metricFilter' to: [/*]
2016-05-19 10:31:33.851  INFO 9212 --- [localhost-startStop-1] o.s.b.w.servlet.FilterRegistrationBean   : Mapping filter: 'characterEncodingFilter' to: [/*]
2016-05-19 10:31:33.851  INFO 9212 --- [localhost-startStop-1] o.s.b.w.servlet.FilterRegistrationBean   : Mapping filter: 'hiddenHttpMethodFilter' to: [/*]
2016-05-19 10:31:33.851  INFO 9212 --- [localhost-startStop-1] o.s.b.w.servlet.FilterRegistrationBean   : Mapping filter: 'httpPutFormContentFilter' to: [/*]
2016-05-19 10:31:33.851  INFO 9212 --- [localhost-startStop-1] o.s.b.w.servlet.FilterRegistrationBean   : Mapping filter: 'requestContextFilter' to: [/*]
2016-05-19 10:31:33.853  INFO 9212 --- [localhost-startStop-1] .s.DelegatingFilterProxyRegistrationBean : Mapping filter: 'springSecurityFilterChain' to: [/*]
2016-05-19 10:31:33.853  INFO 9212 --- [localhost-startStop-1] o.s.b.w.servlet.FilterRegistrationBean   : Mapping filter: 'webRequestLoggingFilter' to: [/*]
2016-05-19 10:31:33.853  INFO 9212 --- [localhost-startStop-1] o.s.b.w.servlet.FilterRegistrationBean   : Mapping filter: 'applicationContextIdFilter' to: [/*]
2016-05-19 10:31:33.853  INFO 9212 --- [localhost-startStop-1] o.s.b.w.servlet.ServletRegistrationBean  : Mapping servlet: 'dispatcherServlet' to [/]
2016-05-19 10:31:34.275 DEBUG 9212 --- [localhost-startStop-1] eGlobalAuthenticationAutowiredConfigurer : Eagerly initializing {org.springframework.boot.autoconfigure.security.SpringBootWebSecurityConfiguration=org.springframework.boot.autoconfigure.security.SpringBootWebSecurityConfiguration$$EnhancerBySpringCGLIB$$89741555@4c6da51a}
2016-05-19 10:31:34.463  INFO 9212 --- [localhost-startStop-1] o.s.s.web.DefaultSecurityFilterChain     : Creating filter chain: OrRequestMatcher [requestMatchers=[Ant [pattern='/css/**'], Ant [pattern='/js/**'], Ant [pattern='/images/**'], Ant [pattern='/**/favicon.ico'], Ant [pattern='/error']]], []
2016-05-19 10:31:34.628 DEBUG 9212 --- [localhost-startStop-1] edFilterInvocationSecurityMetadataSource : Adding web access control expression 'permitAll', for org.springframework.boot.actuate.autoconfigure.ManagementWebSecurityAutoConfiguration$LazyEndpointPathRequestMatcher@1230578e
2016-05-19 10:31:34.630 DEBUG 9212 --- [localhost-startStop-1] edFilterInvocationSecurityMetadataSource : Adding web access control expression 'hasRole('ROLE_ADMIN')', for org.springframework.security.web.util.matcher.AnyRequestMatcher@1
2016-05-19 10:31:34.646 DEBUG 9212 --- [localhost-startStop-1] o.s.s.w.a.i.FilterSecurityInterceptor    : Validated configuration attributes
2016-05-19 10:31:34.647 DEBUG 9212 --- [localhost-startStop-1] o.s.s.w.a.i.FilterSecurityInterceptor    : Validated configuration attributes
2016-05-19 10:31:34.667  INFO 9212 --- [localhost-startStop-1] o.s.s.web.DefaultSecurityFilterChain     : Creating filter chain: Ant [pattern='/management/**'], [org.springframework.security.web.context.request.async.WebAsyncManagerIntegrationFilter@2e33104f, org.springframework.security.web.context.SecurityContextPersistenceFilter@3e6548a5, org.springframework.security.web.header.HeaderWriterFilter@394d44b9, org.springframework.security.web.authentication.logout.LogoutFilter@661d342c, org.springframework.security.web.authentication.www.BasicAuthenticationFilter@1ed697b3, org.springframework.security.web.savedrequest.RequestCacheAwareFilter@6a275e87, org.springframework.security.web.servletapi.SecurityContextHolderAwareRequestFilter@45279abb, org.springframework.security.web.authentication.AnonymousAuthenticationFilter@79877fd8, org.springframework.security.web.session.SessionManagementFilter@25e746e, org.springframework.security.web.access.ExceptionTranslationFilter@3ffb9dcf, org.springframework.security.web.access.intercept.FilterSecurityInterceptor@1641bf79]
2016-05-19 10:31:34.714 DEBUG 9212 --- [localhost-startStop-1] edFilterInvocationSecurityMetadataSource : Adding web access control expression 'fullyAuthenticated', for Ant [pattern='/**']
2016-05-19 10:31:34.715 DEBUG 9212 --- [localhost-startStop-1] o.s.s.w.a.i.FilterSecurityInterceptor    : Validated configuration attributes
2016-05-19 10:31:34.715 DEBUG 9212 --- [localhost-startStop-1] o.s.s.w.a.i.FilterSecurityInterceptor    : Validated configuration attributes
2016-05-19 10:31:34.715  INFO 9212 --- [localhost-startStop-1] o.s.s.web.DefaultSecurityFilterChain     : Creating filter chain: org.springframework.security.web.util.matcher.AnyRequestMatcher@1, [org.springframework.security.web.context.request.async.WebAsyncManagerIntegrationFilter@3af4c6af, org.springframework.security.web.context.SecurityContextPersistenceFilter@5680512e, org.springframework.security.web.header.HeaderWriterFilter@1da744, org.springframework.security.web.csrf.CsrfFilter@54fb71fd, org.springframework.security.web.authentication.logout.LogoutFilter@6d4bd95b, org.springframework.security.web.authentication.UsernamePasswordAuthenticationFilter@79e4cb20, org.springframework.security.web.authentication.ui.DefaultLoginPageGeneratingFilter@3996f666, org.springframework.security.web.savedrequest.RequestCacheAwareFilter@50988466, org.springframework.security.web.servletapi.SecurityContextHolderAwareRequestFilter@3d523eb6, org.springframework.security.web.session.SessionManagementFilter@59fba775, org.springframework.security.web.access.ExceptionTranslationFilter@22d49949, org.springframework.security.web.access.intercept.FilterSecurityInterceptor@662613b7]
2016-05-19 10:31:34.720 DEBUG 9212 --- [localhost-startStop-1] edFilterInvocationSecurityMetadataSource : Adding web access control expression 'hasAnyRole('ROLE_USER','ROLE_ADMIN')', for org.springframework.security.web.util.matcher.AnyRequestMatcher@1
2016-05-19 10:31:34.721 DEBUG 9212 --- [localhost-startStop-1] o.s.s.w.a.i.FilterSecurityInterceptor    : Validated configuration attributes
2016-05-19 10:31:34.721 DEBUG 9212 --- [localhost-startStop-1] o.s.s.w.a.i.FilterSecurityInterceptor    : Validated configuration attributes
2016-05-19 10:31:34.721  INFO 9212 --- [localhost-startStop-1] o.s.s.web.DefaultSecurityFilterChain     : Creating filter chain: OrRequestMatcher [requestMatchers=[Ant [pattern='/**']]], [org.springframework.security.web.context.request.async.WebAsyncManagerIntegrationFilter@577db19b, org.springframework.security.web.context.SecurityContextPersistenceFilter@450cb026, org.springframework.security.web.header.HeaderWriterFilter@4c8bb09a, org.springframework.security.web.authentication.logout.LogoutFilter@7786540c, org.springframework.security.web.authentication.www.BasicAuthenticationFilter@572b475a, org.springframework.security.web.savedrequest.RequestCacheAwareFilter@2bd31c56, org.springframework.security.web.servletapi.SecurityContextHolderAwareRequestFilter@3acd76d6, org.springframework.security.web.authentication.AnonymousAuthenticationFilter@795ec7c5, org.springframework.security.web.session.SessionManagementFilter@309fa320, org.springframework.security.web.access.ExceptionTranslationFilter@171f35c4, org.springframework.security.web.access.intercept.FilterSecurityInterceptor@7dfcfd89]
2016-05-19 10:31:35.337  INFO 9212 --- [main] j.LocalContainerEntityManagerFactoryBean : Building JPA container EntityManagerFactory for persistence unit 'default'
2016-05-19 10:31:35.372  INFO 9212 --- [main] o.hibernate.jpa.internal.util.LogHelper  : HHH000204: Processing PersistenceUnitInfo [
	name: default
	...]
2016-05-19 10:31:35.747  INFO 9212 --- [main] org.hibernate.Version                    : HHH000412: Hibernate Core {5.1.0.Final}
2016-05-19 10:31:35.750  INFO 9212 --- [main] org.hibernate.cfg.Environment            : HHH000206: hibernate.properties not found
2016-05-19 10:31:35.752  INFO 9212 --- [main] org.hibernate.cfg.Environment            : HHH000021: Bytecode provider name : javassist
2016-05-19 10:31:35.817  INFO 9212 --- [main] o.hibernate.annotations.common.Version   : HCANN000001: Hibernate Commons Annotations {5.0.1.Final}
2016-05-19 10:31:36.011  INFO 9212 --- [main] org.hibernate.dialect.Dialect            : HHH000400: Using dialect: org.hibernate.dialect.H2Dialect
2016-05-19 10:31:36.663  INFO 9212 --- [main] o.h.t.schema.internal.SchemaCreatorImpl  : HHH000476: Executing import script 'org.hibernate.tool.schema.internal.exec.ScriptSourceInputNonExistentImpl@1fc5c0b2'
2016-05-19 10:31:36.712  INFO 9212 --- [main] j.LocalContainerEntityManagerFactoryBean : Initialized JPA EntityManagerFactory for persistence unit 'default'
2016-05-19 10:31:37.231  INFO 9212 --- [main] s.w.s.m.m.a.RequestMappingHandlerAdapter : Looking for @ControllerAdvice: org.springframework.boot.context.embedded.AnnotationConfigEmbeddedWebApplicationContext@6c284af: startup date [Thu May 19 10:31:24 CEST 2016]; root of context hierarchy
2016-05-19 10:31:37.327  INFO 9212 --- [main] s.w.s.m.m.a.RequestMappingHandlerMapping : Mapped "{[/api/user],methods=[GET]}" onto public void com.mimacom.app.springboot.web.UserController.addRandom()
2016-05-19 10:31:37.332  INFO 9212 --- [main] s.w.s.m.m.a.RequestMappingHandlerMapping : Mapped "{[/error]}" onto public org.springframework.http.ResponseEntity<java.util.Map<java.lang.String, java.lang.Object>> org.springframework.boot.autoconfigure.web.BasicErrorController.error(javax.servlet.http.HttpServletRequest)
2016-05-19 10:31:37.333  INFO 9212 --- [main] s.w.s.m.m.a.RequestMappingHandlerMapping : Mapped "{[/error],produces=[text/html]}" onto public org.springframework.web.servlet.ModelAndView org.springframework.boot.autoconfigure.web.BasicErrorController.errorHtml(javax.servlet.http.HttpServletRequest,javax.servlet.http.HttpServletResponse)
2016-05-19 10:31:37.341  INFO 9212 --- [main] o.s.w.s.c.a.WebMvcConfigurerAdapter      : Adding welcome page: class path resource [static/index.html]
2016-05-19 10:31:37.362  INFO 9212 --- [main] o.s.w.s.handler.SimpleUrlHandlerMapping  : Root mapping to handler of type [class org.springframework.web.servlet.mvc.ParameterizableViewController]
2016-05-19 10:31:37.383  INFO 9212 --- [main] o.s.w.s.handler.SimpleUrlHandlerMapping  : Mapped URL path [/webjars/**] onto handler of type [class org.springframework.web.servlet.resource.ResourceHttpRequestHandler]
2016-05-19 10:31:37.383  INFO 9212 --- [main] o.s.w.s.handler.SimpleUrlHandlerMapping  : Mapped URL path [/**] onto handler of type [class org.springframework.web.servlet.resource.ResourceHttpRequestHandler]
2016-05-19 10:31:37.479  INFO 9212 --- [main] o.s.w.s.handler.SimpleUrlHandlerMapping  : Mapped URL path [/**/favicon.ico] onto handler of type [class org.springframework.web.servlet.resource.ResourceHttpRequestHandler]
2016-05-19 10:31:38.289  INFO 9212 --- [main] o.s.b.a.e.mvc.EndpointHandlerMapping     : Mapped "{[/management/dump || /management/dump.json],methods=[GET],produces=[application/json]}" onto public java.lang.Object org.springframework.boot.actuate.endpoint.mvc.EndpointMvcAdapter.invoke()
2016-05-19 10:31:38.290  INFO 9212 --- [main] o.s.b.a.e.mvc.EndpointHandlerMapping     : Mapped "{[/management/trace || /management/trace.json],methods=[GET],produces=[application/json]}" onto public java.lang.Object org.springframework.boot.actuate.endpoint.mvc.EndpointMvcAdapter.invoke()
2016-05-19 10:31:38.291  INFO 9212 --- [main] o.s.b.a.e.mvc.EndpointHandlerMapping     : Mapped "{[/management/logfile || /management/logfile.json],methods=[GET || HEAD]}" onto public void org.springframework.boot.actuate.endpoint.mvc.LogFileMvcEndpoint.invoke(javax.servlet.http.HttpServletRequest,javax.servlet.http.HttpServletResponse) throws javax.servlet.ServletException,java.io.IOException
2016-05-19 10:31:38.293  INFO 9212 --- [main] o.s.b.a.e.mvc.EndpointHandlerMapping     : Mapped "{[/management/env/{name:.*}],methods=[GET],produces=[application/json]}" onto public java.lang.Object org.springframework.boot.actuate.endpoint.mvc.EnvironmentMvcEndpoint.value(java.lang.String)
2016-05-19 10:31:38.293  INFO 9212 --- [main] o.s.b.a.e.mvc.EndpointHandlerMapping     : Mapped "{[/management/env || /management/env.json],methods=[GET],produces=[application/json]}" onto public java.lang.Object org.springframework.boot.actuate.endpoint.mvc.EndpointMvcAdapter.invoke()
2016-05-19 10:31:38.295  INFO 9212 --- [main] o.s.b.a.e.mvc.EndpointHandlerMapping     : Mapped "{[/management/configprops || /management/configprops.json],methods=[GET],produces=[application/json]}" onto public java.lang.Object org.springframework.boot.actuate.endpoint.mvc.EndpointMvcAdapter.invoke()
2016-05-19 10:31:38.296  INFO 9212 --- [main] o.s.b.a.e.mvc.EndpointHandlerMapping     : Mapped "{[/management/health || /management/health.json],produces=[application/json]}" onto public java.lang.Object org.springframework.boot.actuate.endpoint.mvc.HealthMvcEndpoint.invoke(java.security.Principal)
2016-05-19 10:31:38.297  INFO 9212 --- [main] o.s.b.a.e.mvc.EndpointHandlerMapping     : Mapped "{[/management/beans || /management/beans.json],methods=[GET],produces=[application/json]}" onto public java.lang.Object org.springframework.boot.actuate.endpoint.mvc.EndpointMvcAdapter.invoke()
2016-05-19 10:31:38.300  INFO 9212 --- [main] o.s.b.a.e.mvc.EndpointHandlerMapping     : Mapped "{[/management/mappings || /management/mappings.json],methods=[GET],produces=[application/json]}" onto public java.lang.Object org.springframework.boot.actuate.endpoint.mvc.EndpointMvcAdapter.invoke()
2016-05-19 10:31:38.301  INFO 9212 --- [main] o.s.b.a.e.mvc.EndpointHandlerMapping     : Mapped "{[/management/autoconfig || /management/autoconfig.json],methods=[GET],produces=[application/json]}" onto public java.lang.Object org.springframework.boot.actuate.endpoint.mvc.EndpointMvcAdapter.invoke()
2016-05-19 10:31:38.305  INFO 9212 --- [main] o.s.b.a.e.mvc.EndpointHandlerMapping     : Mapped "{[/management/metrics/{name:.*}],methods=[GET],produces=[application/json]}" onto public java.lang.Object org.springframework.boot.actuate.endpoint.mvc.MetricsMvcEndpoint.value(java.lang.String)
2016-05-19 10:31:38.306  INFO 9212 --- [main] o.s.b.a.e.mvc.EndpointHandlerMapping     : Mapped "{[/management/metrics || /management/metrics.json],methods=[GET],produces=[application/json]}" onto public java.lang.Object org.springframework.boot.actuate.endpoint.mvc.EndpointMvcAdapter.invoke()
2016-05-19 10:31:38.307  INFO 9212 --- [main] o.s.b.a.e.mvc.EndpointHandlerMapping     : Mapped "{[/management/info || /management/info.json],methods=[GET],produces=[application/json]}" onto public java.lang.Object org.springframework.boot.actuate.endpoint.mvc.EndpointMvcAdapter.invoke()
2016-05-19 10:31:38.701  INFO 9212 --- [main] o.s.j.e.a.AnnotationMBeanExporter        : Registering beans for JMX exposure on startup
2016-05-19 10:31:38.720  INFO 9212 --- [main] o.s.c.support.DefaultLifecycleProcessor  : Starting beans in phase 0
2016-05-19 10:31:38.943  INFO 9212 --- [main] s.b.c.e.t.TomcatEmbeddedServletContainer : Tomcat started on port(s): 9292 (http)
2016-05-19 10:31:38.949  INFO 9212 --- [main] com.mimacom.app.springboot.Application   : Started Application in 14.83 seconds (JVM running for 16.057)
2016-05-19 10:31:47.061  INFO 9212 --- [http-nio-9292-exec-1] o.a.c.c.C.[Tomcat].[localhost].[/]       : Initializing Spring FrameworkServlet 'dispatcherServlet'
2016-05-19 10:31:47.062  INFO 9212 --- [http-nio-9292-exec-1] o.s.web.servlet.DispatcherServlet        : FrameworkServlet 'dispatcherServlet': initialization started
2016-05-19 10:31:47.089  INFO 9212 --- [http-nio-9292-exec-1] o.s.web.servlet.DispatcherServlet        : FrameworkServlet 'dispatcherServlet': initialization completed in 27 ms
2016-05-19 10:31:47.113 DEBUG 9212 --- [http-nio-9292-exec-1] o.s.s.web.util.matcher.OrRequestMatcher  : Trying to match using Ant [pattern='/css/**']
2016-05-19 10:31:47.113 DEBUG 9212 --- [http-nio-9292-exec-1] o.s.s.w.u.matcher.AntPathRequestMatcher  : Checking match of request : '/index.html'; against '/css/**'
2016-05-19 10:31:47.113 DEBUG 9212 --- [http-nio-9292-exec-1] o.s.s.web.util.matcher.OrRequestMatcher  : Trying to match using Ant [pattern='/js/**']
2016-05-19 10:31:47.114 DEBUG 9212 --- [http-nio-9292-exec-1] o.s.s.w.u.matcher.AntPathRequestMatcher  : Checking match of request : '/index.html'; against '/js/**'
2016-05-19 10:31:47.114 DEBUG 9212 --- [http-nio-9292-exec-1] o.s.s.web.util.matcher.OrRequestMatcher  : Trying to match using Ant [pattern='/images/**']
2016-05-19 10:31:47.114 DEBUG 9212 --- [http-nio-9292-exec-1] o.s.s.w.u.matcher.AntPathRequestMatcher  : Checking match of request : '/index.html'; against '/images/**'
2016-05-19 10:31:47.114 DEBUG 9212 --- [http-nio-9292-exec-1] o.s.s.web.util.matcher.OrRequestMatcher  : Trying to match using Ant [pattern='/**/favicon.ico']
2016-05-19 10:31:47.114 DEBUG 9212 --- [http-nio-9292-exec-1] o.s.s.w.u.matcher.AntPathRequestMatcher  : Checking match of request : '/index.html'; against '/**/favicon.ico'
2016-05-19 10:31:47.114 DEBUG 9212 --- [http-nio-9292-exec-1] o.s.s.web.util.matcher.OrRequestMatcher  : Trying to match using Ant [pattern='/error']
2016-05-19 10:31:47.114 DEBUG 9212 --- [http-nio-9292-exec-1] o.s.s.w.u.matcher.AntPathRequestMatcher  : Checking match of request : '/index.html'; against '/error'
2016-05-19 10:31:47.114 DEBUG 9212 --- [http-nio-9292-exec-1] o.s.s.web.util.matcher.OrRequestMatcher  : No matches found
2016-05-19 10:31:47.115 DEBUG 9212 --- [http-nio-9292-exec-1] o.s.s.w.u.matcher.AntPathRequestMatcher  : Checking match of request : '/index.html'; against '/management/**'
2016-05-19 10:31:47.116 DEBUG 9212 --- [http-nio-9292-exec-1] o.s.security.web.FilterChainProxy        : /index.html at position 1 of 12 in additional filter chain; firing Filter: 'WebAsyncManagerIntegrationFilter'
2016-05-19 10:31:47.117 DEBUG 9212 --- [http-nio-9292-exec-1] o.s.security.web.FilterChainProxy        : /index.html at position 2 of 12 in additional filter chain; firing Filter: 'SecurityContextPersistenceFilter'
2016-05-19 10:31:47.118 DEBUG 9212 --- [http-nio-9292-exec-1] w.c.HttpSessionSecurityContextRepository : No HttpSession currently exists
2016-05-19 10:31:47.118 DEBUG 9212 --- [http-nio-9292-exec-1] w.c.HttpSessionSecurityContextRepository : No SecurityContext was available from the HttpSession: null. A new one will be created.
2016-05-19 10:31:47.121 DEBUG 9212 --- [http-nio-9292-exec-1] o.s.security.web.FilterChainProxy        : /index.html at position 3 of 12 in additional filter chain; firing Filter: 'HeaderWriterFilter'
2016-05-19 10:31:47.127 DEBUG 9212 --- [http-nio-9292-exec-1] o.s.security.web.FilterChainProxy        : /index.html at position 4 of 12 in additional filter chain; firing Filter: 'CsrfFilter'
2016-05-19 10:31:47.129 DEBUG 9212 --- [http-nio-9292-exec-1] o.s.security.web.FilterChainProxy        : /index.html at position 5 of 12 in additional filter chain; firing Filter: 'LogoutFilter'
2016-05-19 10:31:47.129 DEBUG 9212 --- [http-nio-9292-exec-1] o.s.s.w.u.matcher.AntPathRequestMatcher  : Request 'GET /index.html' doesn't match 'POST /logout
2016-05-19 10:31:47.129 DEBUG 9212 --- [http-nio-9292-exec-1] o.s.security.web.FilterChainProxy        : /index.html at position 6 of 12 in additional filter chain; firing Filter: 'UsernamePasswordAuthenticationFilter'
2016-05-19 10:31:47.129 DEBUG 9212 --- [http-nio-9292-exec-1] o.s.s.w.u.matcher.AntPathRequestMatcher  : Request 'GET /index.html' doesn't match 'POST /login
2016-05-19 10:31:47.129 DEBUG 9212 --- [http-nio-9292-exec-1] o.s.security.web.FilterChainProxy        : /index.html at position 7 of 12 in additional filter chain; firing Filter: 'DefaultLoginPageGeneratingFilter'
2016-05-19 10:31:47.130 DEBUG 9212 --- [http-nio-9292-exec-1] o.s.security.web.FilterChainProxy        : /index.html at position 8 of 12 in additional filter chain; firing Filter: 'RequestCacheAwareFilter'
2016-05-19 10:31:47.130 DEBUG 9212 --- [http-nio-9292-exec-1] o.s.security.web.FilterChainProxy        : /index.html at position 9 of 12 in additional filter chain; firing Filter: 'SecurityContextHolderAwareRequestFilter'
2016-05-19 10:31:47.131 DEBUG 9212 --- [http-nio-9292-exec-1] o.s.security.web.FilterChainProxy        : /index.html at position 10 of 12 in additional filter chain; firing Filter: 'SessionManagementFilter'
2016-05-19 10:31:47.132 DEBUG 9212 --- [http-nio-9292-exec-1] o.s.security.web.FilterChainProxy        : /index.html at position 11 of 12 in additional filter chain; firing Filter: 'ExceptionTranslationFilter'
2016-05-19 10:31:47.132 DEBUG 9212 --- [http-nio-9292-exec-1] o.s.security.web.FilterChainProxy        : /index.html at position 12 of 12 in additional filter chain; firing Filter: 'FilterSecurityInterceptor'
2016-05-19 10:31:47.133 DEBUG 9212 --- [http-nio-9292-exec-1] o.s.s.w.u.matcher.AntPathRequestMatcher  : Request '/index.html' matched by universal pattern '/**'
2016-05-19 10:31:47.133 DEBUG 9212 --- [http-nio-9292-exec-1] o.s.s.w.a.i.FilterSecurityInterceptor    : Secure object: FilterInvocation: URL: /index.html; Attributes: [fullyAuthenticated]
2016-05-19 10:31:47.137 DEBUG 9212 --- [http-nio-9292-exec-1] o.s.s.w.a.ExceptionTranslationFilter     : Authentication exception occurred; redirecting to authentication entry point

org.springframework.security.authentication.AuthenticationCredentialsNotFoundException: An Authentication object was not found in the SecurityContext
	at org.springframework.security.access.intercept.AbstractSecurityInterceptor.credentialsNotFound(AbstractSecurityInterceptor.java:379)
	at org.springframework.security.access.intercept.AbstractSecurityInterceptor.beforeInvocation(AbstractSecurityInterceptor.java:223)
	at org.springframework.security.web.access.intercept.FilterSecurityInterceptor.invoke(FilterSecurityInterceptor.java:124)
	at org.springframework.security.web.access.intercept.FilterSecurityInterceptor.doFilter(FilterSecurityInterceptor.java:91)
	at org.springframework.security.web.FilterChainProxy$VirtualFilterChain.doFilter(FilterChainProxy.java:331)
	at org.springframework.security.web.access.ExceptionTranslationFilter.doFilter(ExceptionTranslationFilter.java:115)
	at org.springframework.security.web.FilterChainProxy$VirtualFilterChain.doFilter(FilterChainProxy.java:331)
	at org.springframework.security.web.session.SessionManagementFilter.doFilter(SessionManagementFilter.java:137)
	at org.springframework.security.web.FilterChainProxy$VirtualFilterChain.doFilter(FilterChainProxy.java:331)
	at org.springframework.security.web.servletapi.SecurityContextHolderAwareRequestFilter.doFilter(SecurityContextHolderAwareRequestFilter.java:169)
	at org.springframework.security.web.FilterChainProxy$VirtualFilterChain.doFilter(FilterChainProxy.java:331)
	at org.springframework.security.web.savedrequest.RequestCacheAwareFilter.doFilter(RequestCacheAwareFilter.java:63)
	at org.springframework.security.web.FilterChainProxy$VirtualFilterChain.doFilter(FilterChainProxy.java:331)
	at org.springframework.security.web.authentication.ui.DefaultLoginPageGeneratingFilter.doFilter(DefaultLoginPageGeneratingFilter.java:177)
	at org.springframework.security.web.FilterChainProxy$VirtualFilterChain.doFilter(FilterChainProxy.java:331)
	at org.springframework.security.web.authentication.AbstractAuthenticationProcessingFilter.doFilter(AbstractAuthenticationProcessingFilter.java:206)
	at org.springframework.security.web.FilterChainProxy$VirtualFilterChain.doFilter(FilterChainProxy.java:331)
	at org.springframework.security.web.authentication.logout.LogoutFilter.doFilter(LogoutFilter.java:121)
	at org.springframework.security.web.FilterChainProxy$VirtualFilterChain.doFilter(FilterChainProxy.java:331)
	at org.springframework.security.web.csrf.CsrfFilter.doFilterInternal(CsrfFilter.java:100)
	at org.springframework.web.filter.OncePerRequestFilter.doFilter(OncePerRequestFilter.java:107)
	at org.springframework.security.web.FilterChainProxy$VirtualFilterChain.doFilter(FilterChainProxy.java:331)
	at org.springframework.security.web.header.HeaderWriterFilter.doFilterInternal(HeaderWriterFilter.java:66)
	at org.springframework.web.filter.OncePerRequestFilter.doFilter(OncePerRequestFilter.java:107)
	at org.springframework.security.web.FilterChainProxy$VirtualFilterChain.doFilter(FilterChainProxy.java:331)
	at org.springframework.security.web.context.SecurityContextPersistenceFilter.doFilter(SecurityContextPersistenceFilter.java:106)
	at org.springframework.security.web.FilterChainProxy$VirtualFilterChain.doFilter(FilterChainProxy.java:331)
	at org.springframework.security.web.context.request.async.WebAsyncManagerIntegrationFilter.doFilterInternal(WebAsyncManagerIntegrationFilter.java:56)
	at org.springframework.web.filter.OncePerRequestFilter.doFilter(OncePerRequestFilter.java:107)
	at org.springframework.security.web.FilterChainProxy$VirtualFilterChain.doFilter(FilterChainProxy.java:331)
	at org.springframework.security.web.FilterChainProxy.doFilterInternal(FilterChainProxy.java:214)
	at org.springframework.security.web.FilterChainProxy.doFilter(FilterChainProxy.java:177)
	at org.springframework.web.filter.DelegatingFilterProxy.invokeDelegate(DelegatingFilterProxy.java:346)
	at org.springframework.web.filter.DelegatingFilterProxy.doFilter(DelegatingFilterProxy.java:262)
	at org.apache.catalina.core.ApplicationFilterChain.internalDoFilter(ApplicationFilterChain.java:240)
	at org.apache.catalina.core.ApplicationFilterChain.doFilter(ApplicationFilterChain.java:207)
	at org.springframework.web.filter.RequestContextFilter.doFilterInternal(RequestContextFilter.java:99)
	at org.springframework.web.filter.OncePerRequestFilter.doFilter(OncePerRequestFilter.java:107)
	at org.apache.catalina.core.ApplicationFilterChain.internalDoFilter(ApplicationFilterChain.java:240)
	at org.apache.catalina.core.ApplicationFilterChain.doFilter(ApplicationFilterChain.java:207)
	at org.springframework.web.filter.HttpPutFormContentFilter.doFilterInternal(HttpPutFormContentFilter.java:87)
	at org.springframework.web.filter.OncePerRequestFilter.doFilter(OncePerRequestFilter.java:107)
	at org.apache.catalina.core.ApplicationFilterChain.internalDoFilter(ApplicationFilterChain.java:240)
	at org.apache.catalina.core.ApplicationFilterChain.doFilter(ApplicationFilterChain.java:207)
	at org.springframework.web.filter.HiddenHttpMethodFilter.doFilterInternal(HiddenHttpMethodFilter.java:77)
	at org.springframework.web.filter.OncePerRequestFilter.doFilter(OncePerRequestFilter.java:107)
	at org.apache.catalina.core.ApplicationFilterChain.internalDoFilter(ApplicationFilterChain.java:240)
	at org.apache.catalina.core.ApplicationFilterChain.doFilter(ApplicationFilterChain.java:207)
	at org.springframework.web.filter.CharacterEncodingFilter.doFilterInternal(CharacterEncodingFilter.java:197)
	at org.springframework.web.filter.OncePerRequestFilter.doFilter(OncePerRequestFilter.java:107)
	at org.apache.catalina.core.ApplicationFilterChain.internalDoFilter(ApplicationFilterChain.java:240)
	at org.apache.catalina.core.ApplicationFilterChain.doFilter(ApplicationFilterChain.java:207)
	at org.springframework.boot.actuate.autoconfigure.MetricsFilter.doFilterInternal(MetricsFilter.java:107)
	at org.springframework.web.filter.OncePerRequestFilter.doFilter(OncePerRequestFilter.java:107)
	at org.apache.catalina.core.ApplicationFilterChain.internalDoFilter(ApplicationFilterChain.java:240)
	at org.apache.catalina.core.ApplicationFilterChain.doFilter(ApplicationFilterChain.java:207)
	at org.apache.catalina.core.StandardWrapperValve.invoke(StandardWrapperValve.java:212)
	at org.apache.catalina.core.StandardContextValve.invoke(StandardContextValve.java:106)
	at org.apache.catalina.authenticator.AuthenticatorBase.invoke(AuthenticatorBase.java:502)
	at org.apache.catalina.core.StandardHostValve.invoke(StandardHostValve.java:141)
	at org.apache.catalina.valves.ErrorReportValve.invoke(ErrorReportValve.java:79)
	at org.apache.catalina.core.StandardEngineValve.invoke(StandardEngineValve.java:88)
	at org.apache.catalina.connector.CoyoteAdapter.service(CoyoteAdapter.java:522)
	at org.apache.coyote.http11.AbstractHttp11Processor.process(AbstractHttp11Processor.java:1095)
	at org.apache.coyote.AbstractProtocol$AbstractConnectionHandler.process(AbstractProtocol.java:672)
	at org.apache.tomcat.util.net.NioEndpoint$SocketProcessor.doRun(NioEndpoint.java:1502)
	at org.apache.tomcat.util.net.NioEndpoint$SocketProcessor.run(NioEndpoint.java:1458)
	at java.util.concurrent.ThreadPoolExecutor.runWorker(ThreadPoolExecutor.java:1142)
	at java.util.concurrent.ThreadPoolExecutor$Worker.run(ThreadPoolExecutor.java:617)
	at org.apache.tomcat.util.threads.TaskThread$WrappingRunnable.run(TaskThread.java:61)
	at java.lang.Thread.run(Thread.java:745)

2016-05-19 10:31:47.178 DEBUG 9212 --- [http-nio-9292-exec-1] o.s.s.w.util.matcher.AndRequestMatcher   : Trying to match using Ant [pattern='/**', GET]
2016-05-19 10:31:47.178 DEBUG 9212 --- [http-nio-9292-exec-1] o.s.s.w.u.matcher.AntPathRequestMatcher  : Request '/index.html' matched by universal pattern '/**'
2016-05-19 10:31:47.178 DEBUG 9212 --- [http-nio-9292-exec-1] o.s.s.w.util.matcher.AndRequestMatcher   : Trying to match using NegatedRequestMatcher [requestMatcher=Ant [pattern='/**/favicon.ico']]
2016-05-19 10:31:47.178 DEBUG 9212 --- [http-nio-9292-exec-1] o.s.s.w.u.matcher.AntPathRequestMatcher  : Checking match of request : '/index.html'; against '/**/favicon.ico'
2016-05-19 10:31:47.178 DEBUG 9212 --- [http-nio-9292-exec-1] o.s.s.w.u.matcher.NegatedRequestMatcher  : matches = true
2016-05-19 10:31:47.178 DEBUG 9212 --- [http-nio-9292-exec-1] o.s.s.w.util.matcher.AndRequestMatcher   : Trying to match using NegatedRequestMatcher [requestMatcher=MediaTypeRequestMatcher [contentNegotiationStrategy=org.springframework.web.accept.ContentNegotiationManager@19b80077, matchingMediaTypes=[application/json], useEquals=false, ignoredMediaTypes=[*/*]]]
2016-05-19 10:31:47.182 DEBUG 9212 --- [http-nio-9292-exec-1] o.s.s.w.u.m.MediaTypeRequestMatcher      : httpRequestMediaTypes=[text/html]
2016-05-19 10:31:47.182 DEBUG 9212 --- [http-nio-9292-exec-1] o.s.s.w.u.m.MediaTypeRequestMatcher      : Processing text/html
2016-05-19 10:31:47.182 DEBUG 9212 --- [http-nio-9292-exec-1] o.s.s.w.u.m.MediaTypeRequestMatcher      : application/json .isCompatibleWith text/html = false
2016-05-19 10:31:47.182 DEBUG 9212 --- [http-nio-9292-exec-1] o.s.s.w.u.m.MediaTypeRequestMatcher      : Did not match any media types
2016-05-19 10:31:47.182 DEBUG 9212 --- [http-nio-9292-exec-1] o.s.s.w.u.matcher.NegatedRequestMatcher  : matches = true
2016-05-19 10:31:47.182 DEBUG 9212 --- [http-nio-9292-exec-1] o.s.s.w.util.matcher.AndRequestMatcher   : Trying to match using NegatedRequestMatcher [requestMatcher=RequestHeaderRequestMatcher [expectedHeaderName=X-Requested-With, expectedHeaderValue=XMLHttpRequest]]
2016-05-19 10:31:47.183 DEBUG 9212 --- [http-nio-9292-exec-1] o.s.s.w.u.matcher.NegatedRequestMatcher  : matches = true
2016-05-19 10:31:47.183 DEBUG 9212 --- [http-nio-9292-exec-1] o.s.s.w.util.matcher.AndRequestMatcher   : All requestMatchers returned true
2016-05-19 10:31:47.194 DEBUG 9212 --- [http-nio-9292-exec-1] o.s.s.w.s.HttpSessionRequestCache        : DefaultSavedRequest added to Session: DefaultSavedRequest[http://localhost:9292/index.html]
2016-05-19 10:31:47.195 DEBUG 9212 --- [http-nio-9292-exec-1] o.s.s.w.a.ExceptionTranslationFilter     : Calling Authentication entry point.
2016-05-19 10:31:47.197 DEBUG 9212 --- [http-nio-9292-exec-1] o.s.s.web.DefaultRedirectStrategy        : Redirecting to 'http://localhost:9292/login'
2016-05-19 10:31:47.197 DEBUG 9212 --- [http-nio-9292-exec-1] o.s.s.w.header.writers.HstsHeaderWriter  : Not injecting HSTS header since it did not match the requestMatcher org.springframework.security.web.header.writers.HstsHeaderWriter$SecureRequestMatcher@74235bac
2016-05-19 10:31:47.198 DEBUG 9212 --- [http-nio-9292-exec-1] w.c.HttpSessionSecurityContextRepository : SecurityContext is empty or contents are anonymous - context will not be stored in HttpSession.
2016-05-19 10:31:47.199 DEBUG 9212 --- [http-nio-9292-exec-1] s.s.w.c.SecurityContextPersistenceFilter : SecurityContextHolder now cleared, as request processing completed
2016-05-19 10:31:47.225 DEBUG 9212 --- [http-nio-9292-exec-2] o.s.s.web.util.matcher.OrRequestMatcher  : Trying to match using Ant [pattern='/css/**']
2016-05-19 10:31:47.225 DEBUG 9212 --- [http-nio-9292-exec-2] o.s.s.w.u.matcher.AntPathRequestMatcher  : Checking match of request : '/login'; against '/css/**'
2016-05-19 10:31:47.225 DEBUG 9212 --- [http-nio-9292-exec-2] o.s.s.web.util.matcher.OrRequestMatcher  : Trying to match using Ant [pattern='/js/**']
2016-05-19 10:31:47.225 DEBUG 9212 --- [http-nio-9292-exec-2] o.s.s.w.u.matcher.AntPathRequestMatcher  : Checking match of request : '/login'; against '/js/**'
2016-05-19 10:31:47.225 DEBUG 9212 --- [http-nio-9292-exec-2] o.s.s.web.util.matcher.OrRequestMatcher  : Trying to match using Ant [pattern='/images/**']
2016-05-19 10:31:47.225 DEBUG 9212 --- [http-nio-9292-exec-2] o.s.s.w.u.matcher.AntPathRequestMatcher  : Checking match of request : '/login'; against '/images/**'
2016-05-19 10:31:47.225 DEBUG 9212 --- [http-nio-9292-exec-2] o.s.s.web.util.matcher.OrRequestMatcher  : Trying to match using Ant [pattern='/**/favicon.ico']
2016-05-19 10:31:47.225 DEBUG 9212 --- [http-nio-9292-exec-2] o.s.s.w.u.matcher.AntPathRequestMatcher  : Checking match of request : '/login'; against '/**/favicon.ico'
2016-05-19 10:31:47.225 DEBUG 9212 --- [http-nio-9292-exec-2] o.s.s.web.util.matcher.OrRequestMatcher  : Trying to match using Ant [pattern='/error']
2016-05-19 10:31:47.226 DEBUG 9212 --- [http-nio-9292-exec-2] o.s.s.w.u.matcher.AntPathRequestMatcher  : Checking match of request : '/login'; against '/error'
2016-05-19 10:31:47.226 DEBUG 9212 --- [http-nio-9292-exec-2] o.s.s.web.util.matcher.OrRequestMatcher  : No matches found
2016-05-19 10:31:47.226 DEBUG 9212 --- [http-nio-9292-exec-2] o.s.s.w.u.matcher.AntPathRequestMatcher  : Checking match of request : '/login'; against '/management/**'
2016-05-19 10:31:47.226 DEBUG 9212 --- [http-nio-9292-exec-2] o.s.security.web.FilterChainProxy        : /login at position 1 of 12 in additional filter chain; firing Filter: 'WebAsyncManagerIntegrationFilter'
2016-05-19 10:31:47.231 DEBUG 9212 --- [http-nio-9292-exec-2] o.s.security.web.FilterChainProxy        : /login at position 2 of 12 in additional filter chain; firing Filter: 'SecurityContextPersistenceFilter'
2016-05-19 10:31:47.231 DEBUG 9212 --- [http-nio-9292-exec-2] w.c.HttpSessionSecurityContextRepository : HttpSession returned null object for SPRING_SECURITY_CONTEXT
2016-05-19 10:31:47.231 DEBUG 9212 --- [http-nio-9292-exec-2] w.c.HttpSessionSecurityContextRepository : No SecurityContext was available from the HttpSession: org.apache.catalina.session.StandardSessionFacade@2d3d137b. A new one will be created.
2016-05-19 10:31:47.231 DEBUG 9212 --- [http-nio-9292-exec-2] o.s.security.web.FilterChainProxy        : /login at position 3 of 12 in additional filter chain; firing Filter: 'HeaderWriterFilter'
2016-05-19 10:31:47.232 DEBUG 9212 --- [http-nio-9292-exec-2] o.s.security.web.FilterChainProxy        : /login at position 4 of 12 in additional filter chain; firing Filter: 'CsrfFilter'
2016-05-19 10:31:47.232 DEBUG 9212 --- [http-nio-9292-exec-2] o.s.security.web.FilterChainProxy        : /login at position 5 of 12 in additional filter chain; firing Filter: 'LogoutFilter'
2016-05-19 10:31:47.232 DEBUG 9212 --- [http-nio-9292-exec-2] o.s.s.w.u.matcher.AntPathRequestMatcher  : Request 'GET /login' doesn't match 'POST /logout
2016-05-19 10:31:47.232 DEBUG 9212 --- [http-nio-9292-exec-2] o.s.security.web.FilterChainProxy        : /login at position 6 of 12 in additional filter chain; firing Filter: 'UsernamePasswordAuthenticationFilter'
2016-05-19 10:31:47.232 DEBUG 9212 --- [http-nio-9292-exec-2] o.s.s.w.u.matcher.AntPathRequestMatcher  : Request 'GET /login' doesn't match 'POST /login
2016-05-19 10:31:47.232 DEBUG 9212 --- [http-nio-9292-exec-2] o.s.security.web.FilterChainProxy        : /login at position 7 of 12 in additional filter chain; firing Filter: 'DefaultLoginPageGeneratingFilter'
2016-05-19 10:31:47.236 DEBUG 9212 --- [http-nio-9292-exec-2] o.s.s.w.header.writers.HstsHeaderWriter  : Not injecting HSTS header since it did not match the requestMatcher org.springframework.security.web.header.writers.HstsHeaderWriter$SecureRequestMatcher@74235bac
2016-05-19 10:31:47.236 DEBUG 9212 --- [http-nio-9292-exec-2] w.c.HttpSessionSecurityContextRepository : SecurityContext is empty or contents are anonymous - context will not be stored in HttpSession.
2016-05-19 10:31:47.237 DEBUG 9212 --- [http-nio-9292-exec-2] s.s.w.c.SecurityContextPersistenceFilter : SecurityContextHolder now cleared, as request processing completed
2016-05-19 10:31:52.188 DEBUG 9212 --- [http-nio-9292-exec-3] o.s.s.web.util.matcher.OrRequestMatcher  : Trying to match using Ant [pattern='/css/**']
2016-05-19 10:31:52.188 DEBUG 9212 --- [http-nio-9292-exec-3] o.s.s.w.u.matcher.AntPathRequestMatcher  : Checking match of request : '/management/logfile'; against '/css/**'
2016-05-19 10:31:52.188 DEBUG 9212 --- [http-nio-9292-exec-3] o.s.s.web.util.matcher.OrRequestMatcher  : Trying to match using Ant [pattern='/js/**']
2016-05-19 10:31:52.188 DEBUG 9212 --- [http-nio-9292-exec-3] o.s.s.w.u.matcher.AntPathRequestMatcher  : Checking match of request : '/management/logfile'; against '/js/**'
2016-05-19 10:31:52.188 DEBUG 9212 --- [http-nio-9292-exec-3] o.s.s.web.util.matcher.OrRequestMatcher  : Trying to match using Ant [pattern='/images/**']
2016-05-19 10:31:52.188 DEBUG 9212 --- [http-nio-9292-exec-3] o.s.s.w.u.matcher.AntPathRequestMatcher  : Checking match of request : '/management/logfile'; against '/images/**'
2016-05-19 10:31:52.188 DEBUG 9212 --- [http-nio-9292-exec-3] o.s.s.web.util.matcher.OrRequestMatcher  : Trying to match using Ant [pattern='/**/favicon.ico']
2016-05-19 10:31:52.188 DEBUG 9212 --- [http-nio-9292-exec-3] o.s.s.w.u.matcher.AntPathRequestMatcher  : Checking match of request : '/management/logfile'; against '/**/favicon.ico'
2016-05-19 10:31:52.188 DEBUG 9212 --- [http-nio-9292-exec-3] o.s.s.web.util.matcher.OrRequestMatcher  : Trying to match using Ant [pattern='/error']
2016-05-19 10:31:52.188 DEBUG 9212 --- [http-nio-9292-exec-3] o.s.s.w.u.matcher.AntPathRequestMatcher  : Checking match of request : '/management/logfile'; against '/error'
2016-05-19 10:31:52.188 DEBUG 9212 --- [http-nio-9292-exec-3] o.s.s.web.util.matcher.OrRequestMatcher  : No matches found
2016-05-19 10:31:52.188 DEBUG 9212 --- [http-nio-9292-exec-3] o.s.s.w.u.matcher.AntPathRequestMatcher  : Checking match of request : '/management/logfile'; against '/management/**'
2016-05-19 10:31:52.188 DEBUG 9212 --- [http-nio-9292-exec-3] o.s.security.web.FilterChainProxy        : /management/logfile at position 1 of 11 in additional filter chain; firing Filter: 'WebAsyncManagerIntegrationFilter'
2016-05-19 10:31:52.188 DEBUG 9212 --- [http-nio-9292-exec-3] o.s.security.web.FilterChainProxy        : /management/logfile at position 2 of 11 in additional filter chain; firing Filter: 'SecurityContextPersistenceFilter'
2016-05-19 10:31:52.189 DEBUG 9212 --- [http-nio-9292-exec-3] o.s.security.web.FilterChainProxy        : /management/logfile at position 3 of 11 in additional filter chain; firing Filter: 'HeaderWriterFilter'
2016-05-19 10:31:52.189 DEBUG 9212 --- [http-nio-9292-exec-3] o.s.security.web.FilterChainProxy        : /management/logfile at position 4 of 11 in additional filter chain; firing Filter: 'LogoutFilter'
2016-05-19 10:31:52.189 DEBUG 9212 --- [http-nio-9292-exec-3] o.s.s.w.u.matcher.AntPathRequestMatcher  : Checking match of request : '/management/logfile'; against '/logout'
2016-05-19 10:31:52.191 DEBUG 9212 --- [http-nio-9292-exec-3] o.s.security.web.FilterChainProxy        : /management/logfile at position 5 of 11 in additional filter chain; firing Filter: 'BasicAuthenticationFilter'
2016-05-19 10:31:52.191 DEBUG 9212 --- [http-nio-9292-exec-3] o.s.security.web.FilterChainProxy        : /management/logfile at position 6 of 11 in additional filter chain; firing Filter: 'RequestCacheAwareFilter'
2016-05-19 10:31:52.191 DEBUG 9212 --- [http-nio-9292-exec-3] o.s.security.web.FilterChainProxy        : /management/logfile at position 7 of 11 in additional filter chain; firing Filter: 'SecurityContextHolderAwareRequestFilter'
2016-05-19 10:31:52.191 DEBUG 9212 --- [http-nio-9292-exec-3] o.s.security.web.FilterChainProxy        : /management/logfile at position 8 of 11 in additional filter chain; firing Filter: 'AnonymousAuthenticationFilter'
2016-05-19 10:31:52.194 DEBUG 9212 --- [http-nio-9292-exec-3] o.s.s.w.a.AnonymousAuthenticationFilter  : Populated SecurityContextHolder with anonymous token: 'org.springframework.security.authentication.AnonymousAuthenticationToken@6faa3d44: Principal: anonymousUser; Credentials: [PROTECTED]; Authenticated: true; Details: org.springframework.security.web.authentication.WebAuthenticationDetails@ffff4c9c: RemoteIpAddress: 0:0:0:0:0:0:0:1; SessionId: BB60C097D9D224022E80FD1A9731A800; Granted Authorities: ROLE_ANONYMOUS'
2016-05-19 10:31:52.195 DEBUG 9212 --- [http-nio-9292-exec-3] o.s.security.web.FilterChainProxy        : /management/logfile at position 9 of 11 in additional filter chain; firing Filter: 'SessionManagementFilter'
2016-05-19 10:31:52.195 DEBUG 9212 --- [http-nio-9292-exec-3] o.s.security.web.FilterChainProxy        : /management/logfile at position 10 of 11 in additional filter chain; firing Filter: 'ExceptionTranslationFilter'
2016-05-19 10:31:52.195 DEBUG 9212 --- [http-nio-9292-exec-3] o.s.security.web.FilterChainProxy        : /management/logfile at position 11 of 11 in additional filter chain; firing Filter: 'FilterSecurityInterceptor'
2016-05-19 10:31:52.197 DEBUG 9212 --- [http-nio-9292-exec-3] o.s.s.web.util.matcher.OrRequestMatcher  : Trying to match using Ant [pattern='/management/health']
2016-05-19 10:31:52.197 DEBUG 9212 --- [http-nio-9292-exec-3] o.s.s.w.u.matcher.AntPathRequestMatcher  : Checking match of request : '/management/logfile'; against '/management/health'
2016-05-19 10:31:52.197 DEBUG 9212 --- [http-nio-9292-exec-3] o.s.s.web.util.matcher.OrRequestMatcher  : Trying to match using Ant [pattern='/management/health/']
2016-05-19 10:31:52.197 DEBUG 9212 --- [http-nio-9292-exec-3] o.s.s.w.u.matcher.AntPathRequestMatcher  : Checking match of request : '/management/logfile'; against '/management/health/'
2016-05-19 10:31:52.197 DEBUG 9212 --- [http-nio-9292-exec-3] o.s.s.web.util.matcher.OrRequestMatcher  : No matches found
2016-05-19 10:31:52.197 DEBUG 9212 --- [http-nio-9292-exec-3] o.s.s.w.a.i.FilterSecurityInterceptor    : Secure object: FilterInvocation: URL: /management/logfile; Attributes: [hasRole('ROLE_ADMIN')]
2016-05-19 10:31:52.197 DEBUG 9212 --- [http-nio-9292-exec-3] o.s.s.w.a.i.FilterSecurityInterceptor    : Previously Authenticated: org.springframework.security.authentication.AnonymousAuthenticationToken@6faa3d44: Principal: anonymousUser; Credentials: [PROTECTED]; Authenticated: true; Details: org.springframework.security.web.authentication.WebAuthenticationDetails@ffff4c9c: RemoteIpAddress: 0:0:0:0:0:0:0:1; SessionId: BB60C097D9D224022E80FD1A9731A800; Granted Authorities: ROLE_ANONYMOUS
2016-05-19 10:31:52.200 DEBUG 9212 --- [http-nio-9292-exec-3] o.s.s.access.vote.AffirmativeBased       : Voter: org.springframework.security.web.access.expression.WebExpressionVoter@63dd61fc, returned: -1
2016-05-19 10:31:52.201 DEBUG 9212 --- [http-nio-9292-exec-3] o.s.s.w.a.ExceptionTranslationFilter     : Access is denied (user is anonymous); redirecting to authentication entry point

org.springframework.security.access.AccessDeniedException: Access is denied
	at org.springframework.security.access.vote.AffirmativeBased.decide(AffirmativeBased.java:84)
	at org.springframework.security.access.intercept.AbstractSecurityInterceptor.beforeInvocation(AbstractSecurityInterceptor.java:233)
	at org.springframework.security.web.access.intercept.FilterSecurityInterceptor.invoke(FilterSecurityInterceptor.java:124)
	at org.springframework.security.web.access.intercept.FilterSecurityInterceptor.doFilter(FilterSecurityInterceptor.java:91)
	at org.springframework.security.web.FilterChainProxy$VirtualFilterChain.doFilter(FilterChainProxy.java:331)
	at org.springframework.security.web.access.ExceptionTranslationFilter.doFilter(ExceptionTranslationFilter.java:115)
	at org.springframework.security.web.FilterChainProxy$VirtualFilterChain.doFilter(FilterChainProxy.java:331)
	at org.springframework.security.web.session.SessionManagementFilter.doFilter(SessionManagementFilter.java:137)
	at org.springframework.security.web.FilterChainProxy$VirtualFilterChain.doFilter(FilterChainProxy.java:331)
	at org.springframework.security.web.authentication.AnonymousAuthenticationFilter.doFilter(AnonymousAuthenticationFilter.java:112)
	at org.springframework.security.web.FilterChainProxy$VirtualFilterChain.doFilter(FilterChainProxy.java:331)
	at org.springframework.security.web.servletapi.SecurityContextHolderAwareRequestFilter.doFilter(SecurityContextHolderAwareRequestFilter.java:169)
	at org.springframework.security.web.FilterChainProxy$VirtualFilterChain.doFilter(FilterChainProxy.java:331)
	at org.springframework.security.web.savedrequest.RequestCacheAwareFilter.doFilter(RequestCacheAwareFilter.java:63)
	at org.springframework.security.web.FilterChainProxy$VirtualFilterChain.doFilter(FilterChainProxy.java:331)
	at org.springframework.security.web.authentication.www.BasicAuthenticationFilter.doFilterInternal(BasicAuthenticationFilter.java:158)
	at org.springframework.web.filter.OncePerRequestFilter.doFilter(OncePerRequestFilter.java:107)
	at org.springframework.security.web.FilterChainProxy$VirtualFilterChain.doFilter(FilterChainProxy.java:331)
	at org.springframework.security.web.authentication.logout.LogoutFilter.doFilter(LogoutFilter.java:121)
	at org.springframework.security.web.FilterChainProxy$VirtualFilterChain.doFilter(FilterChainProxy.java:331)
	at org.springframework.security.web.header.HeaderWriterFilter.doFilterInternal(HeaderWriterFilter.java:66)
	at org.springframework.web.filter.OncePerRequestFilter.doFilter(OncePerRequestFilter.java:107)
	at org.springframework.security.web.FilterChainProxy$VirtualFilterChain.doFilter(FilterChainProxy.java:331)
	at org.springframework.security.web.context.SecurityContextPersistenceFilter.doFilter(SecurityContextPersistenceFilter.java:106)
	at org.springframework.security.web.FilterChainProxy$VirtualFilterChain.doFilter(FilterChainProxy.java:331)
	at org.springframework.security.web.context.request.async.WebAsyncManagerIntegrationFilter.doFilterInternal(WebAsyncManagerIntegrationFilter.java:56)
	at org.springframework.web.filter.OncePerRequestFilter.doFilter(OncePerRequestFilter.java:107)
	at org.springframework.security.web.FilterChainProxy$VirtualFilterChain.doFilter(FilterChainProxy.java:331)
	at org.springframework.security.web.FilterChainProxy.doFilterInternal(FilterChainProxy.java:214)
	at org.springframework.security.web.FilterChainProxy.doFilter(FilterChainProxy.java:177)
	at org.springframework.web.filter.DelegatingFilterProxy.invokeDelegate(DelegatingFilterProxy.java:346)
	at org.springframework.web.filter.DelegatingFilterProxy.doFilter(DelegatingFilterProxy.java:262)
	at org.apache.catalina.core.ApplicationFilterChain.internalDoFilter(ApplicationFilterChain.java:240)
	at org.apache.catalina.core.ApplicationFilterChain.doFilter(ApplicationFilterChain.java:207)
	at org.springframework.web.filter.RequestContextFilter.doFilterInternal(RequestContextFilter.java:99)
	at org.springframework.web.filter.OncePerRequestFilter.doFilter(OncePerRequestFilter.java:107)
	at org.apache.catalina.core.ApplicationFilterChain.internalDoFilter(ApplicationFilterChain.java:240)
	at org.apache.catalina.core.ApplicationFilterChain.doFilter(ApplicationFilterChain.java:207)
	at org.springframework.web.filter.HttpPutFormContentFilter.doFilterInternal(HttpPutFormContentFilter.java:87)
	at org.springframework.web.filter.OncePerRequestFilter.doFilter(OncePerRequestFilter.java:107)
	at org.apache.catalina.core.ApplicationFilterChain.internalDoFilter(ApplicationFilterChain.java:240)
	at org.apache.catalina.core.ApplicationFilterChain.doFilter(ApplicationFilterChain.java:207)
	at org.springframework.web.filter.HiddenHttpMethodFilter.doFilterInternal(HiddenHttpMethodFilter.java:77)
	at org.springframework.web.filter.OncePerRequestFilter.doFilter(OncePerRequestFilter.java:107)
	at org.apache.catalina.core.ApplicationFilterChain.internalDoFilter(ApplicationFilterChain.java:240)
	at org.apache.catalina.core.ApplicationFilterChain.doFilter(ApplicationFilterChain.java:207)
	at org.springframework.web.filter.CharacterEncodingFilter.doFilterInternal(CharacterEncodingFilter.java:197)
	at org.springframework.web.filter.OncePerRequestFilter.doFilter(OncePerRequestFilter.java:107)
	at org.apache.catalina.core.ApplicationFilterChain.internalDoFilter(ApplicationFilterChain.java:240)
	at org.apache.catalina.core.ApplicationFilterChain.doFilter(ApplicationFilterChain.java:207)
	at org.springframework.boot.actuate.autoconfigure.MetricsFilter.doFilterInternal(MetricsFilter.java:107)
	at org.springframework.web.filter.OncePerRequestFilter.doFilter(OncePerRequestFilter.java:107)
	at org.apache.catalina.core.ApplicationFilterChain.internalDoFilter(ApplicationFilterChain.java:240)
	at org.apache.catalina.core.ApplicationFilterChain.doFilter(ApplicationFilterChain.java:207)
	at org.apache.catalina.core.StandardWrapperValve.invoke(StandardWrapperValve.java:212)
	at org.apache.catalina.core.StandardContextValve.invoke(StandardContextValve.java:106)
	at org.apache.catalina.authenticator.AuthenticatorBase.invoke(AuthenticatorBase.java:502)
	at org.apache.catalina.core.StandardHostValve.invoke(StandardHostValve.java:141)
	at org.apache.catalina.valves.ErrorReportValve.invoke(ErrorReportValve.java:79)
	at org.apache.catalina.core.StandardEngineValve.invoke(StandardEngineValve.java:88)
	at org.apache.catalina.connector.CoyoteAdapter.service(CoyoteAdapter.java:522)
	at org.apache.coyote.http11.AbstractHttp11Processor.process(AbstractHttp11Processor.java:1095)
	at org.apache.coyote.AbstractProtocol$AbstractConnectionHandler.process(AbstractProtocol.java:672)
	at org.apache.tomcat.util.net.NioEndpoint$SocketProcessor.doRun(NioEndpoint.java:1502)
	at org.apache.tomcat.util.net.NioEndpoint$SocketProcessor.run(NioEndpoint.java:1458)
	at java.util.concurrent.ThreadPoolExecutor.runWorker(ThreadPoolExecutor.java:1142)
	at java.util.concurrent.ThreadPoolExecutor$Worker.run(ThreadPoolExecutor.java:617)
	at org.apache.tomcat.util.threads.TaskThread$WrappingRunnable.run(TaskThread.java:61)
	at java.lang.Thread.run(Thread.java:745)

2016-05-19 10:31:52.203 DEBUG 9212 --- [http-nio-9292-exec-3] o.s.s.w.a.ExceptionTranslationFilter     : Calling Authentication entry point.
2016-05-19 10:31:52.204 DEBUG 9212 --- [http-nio-9292-exec-3] o.s.s.w.header.writers.HstsHeaderWriter  : Not injecting HSTS header since it did not match the requestMatcher org.springframework.security.web.header.writers.HstsHeaderWriter$SecureRequestMatcher@594cea3
2016-05-19 10:31:52.204 DEBUG 9212 --- [http-nio-9292-exec-3] s.s.w.c.SecurityContextPersistenceFilter : SecurityContextHolder now cleared, as request processing completed
2016-05-19 10:31:56.284 DEBUG 9212 --- [http-nio-9292-exec-4] o.s.s.web.util.matcher.OrRequestMatcher  : Trying to match using Ant [pattern='/css/**']
2016-05-19 10:31:56.284 DEBUG 9212 --- [http-nio-9292-exec-4] o.s.s.w.u.matcher.AntPathRequestMatcher  : Checking match of request : '/management/logfile'; against '/css/**'
2016-05-19 10:31:56.284 DEBUG 9212 --- [http-nio-9292-exec-4] o.s.s.web.util.matcher.OrRequestMatcher  : Trying to match using Ant [pattern='/js/**']
2016-05-19 10:31:56.284 DEBUG 9212 --- [http-nio-9292-exec-4] o.s.s.w.u.matcher.AntPathRequestMatcher  : Checking match of request : '/management/logfile'; against '/js/**'
2016-05-19 10:31:56.284 DEBUG 9212 --- [http-nio-9292-exec-4] o.s.s.web.util.matcher.OrRequestMatcher  : Trying to match using Ant [pattern='/images/**']
2016-05-19 10:31:56.284 DEBUG 9212 --- [http-nio-9292-exec-4] o.s.s.w.u.matcher.AntPathRequestMatcher  : Checking match of request : '/management/logfile'; against '/images/**'
2016-05-19 10:31:56.284 DEBUG 9212 --- [http-nio-9292-exec-4] o.s.s.web.util.matcher.OrRequestMatcher  : Trying to match using Ant [pattern='/**/favicon.ico']
2016-05-19 10:31:56.285 DEBUG 9212 --- [http-nio-9292-exec-4] o.s.s.w.u.matcher.AntPathRequestMatcher  : Checking match of request : '/management/logfile'; against '/**/favicon.ico'
2016-05-19 10:31:56.285 DEBUG 9212 --- [http-nio-9292-exec-4] o.s.s.web.util.matcher.OrRequestMatcher  : Trying to match using Ant [pattern='/error']
2016-05-19 10:31:56.285 DEBUG 9212 --- [http-nio-9292-exec-4] o.s.s.w.u.matcher.AntPathRequestMatcher  : Checking match of request : '/management/logfile'; against '/error'
2016-05-19 10:31:56.285 DEBUG 9212 --- [http-nio-9292-exec-4] o.s.s.web.util.matcher.OrRequestMatcher  : No matches found
2016-05-19 10:31:56.285 DEBUG 9212 --- [http-nio-9292-exec-4] o.s.s.w.u.matcher.AntPathRequestMatcher  : Checking match of request : '/management/logfile'; against '/management/**'
2016-05-19 10:31:56.286 DEBUG 9212 --- [http-nio-9292-exec-4] o.s.security.web.FilterChainProxy        : /management/logfile at position 1 of 11 in additional filter chain; firing Filter: 'WebAsyncManagerIntegrationFilter'
2016-05-19 10:31:56.286 DEBUG 9212 --- [http-nio-9292-exec-4] o.s.security.web.FilterChainProxy        : /management/logfile at position 2 of 11 in additional filter chain; firing Filter: 'SecurityContextPersistenceFilter'
2016-05-19 10:31:56.286 DEBUG 9212 --- [http-nio-9292-exec-4] o.s.security.web.FilterChainProxy        : /management/logfile at position 3 of 11 in additional filter chain; firing Filter: 'HeaderWriterFilter'
2016-05-19 10:31:56.286 DEBUG 9212 --- [http-nio-9292-exec-4] o.s.security.web.FilterChainProxy        : /management/logfile at position 4 of 11 in additional filter chain; firing Filter: 'LogoutFilter'
2016-05-19 10:31:56.286 DEBUG 9212 --- [http-nio-9292-exec-4] o.s.s.w.u.matcher.AntPathRequestMatcher  : Checking match of request : '/management/logfile'; against '/logout'
2016-05-19 10:31:56.286 DEBUG 9212 --- [http-nio-9292-exec-4] o.s.security.web.FilterChainProxy        : /management/logfile at position 5 of 11 in additional filter chain; firing Filter: 'BasicAuthenticationFilter'
2016-05-19 10:31:56.287 DEBUG 9212 --- [http-nio-9292-exec-4] o.s.s.w.a.www.BasicAuthenticationFilter  : Basic Authentication Authorization header found for user 'admin'
2016-05-19 10:32:01.420 DEBUG 9212 --- [http-nio-9292-exec-4] o.s.s.authentication.ProviderManager     : Authentication attempt using org.springframework.security.authentication.dao.DaoAuthenticationProvider
2016-05-19 10:32:01.423 DEBUG 9212 --- [http-nio-9292-exec-4] o.s.s.w.a.www.BasicAuthenticationFilter  : Authentication success: org.springframework.security.authentication.UsernamePasswordAuthenticationToken@1387bc5: Principal: org.springframework.security.core.userdetails.User@586034f: Username: admin; Password: [PROTECTED]; Enabled: true; AccountNonExpired: true; credentialsNonExpired: true; AccountNonLocked: true; Granted Authorities: ROLE_ADMIN,ROLE_USER; Credentials: [PROTECTED]; Authenticated: true; Details: org.springframework.security.web.authentication.WebAuthenticationDetails@ffff4c9c: RemoteIpAddress: 0:0:0:0:0:0:0:1; SessionId: BB60C097D9D224022E80FD1A9731A800; Granted Authorities: ROLE_ADMIN, ROLE_USER
2016-05-19 10:32:01.423 DEBUG 9212 --- [http-nio-9292-exec-4] o.s.security.web.FilterChainProxy        : /management/logfile at position 6 of 11 in additional filter chain; firing Filter: 'RequestCacheAwareFilter'
2016-05-19 10:32:01.424 DEBUG 9212 --- [http-nio-9292-exec-4] o.s.security.web.FilterChainProxy        : /management/logfile at position 7 of 11 in additional filter chain; firing Filter: 'SecurityContextHolderAwareRequestFilter'
2016-05-19 10:32:01.424 DEBUG 9212 --- [http-nio-9292-exec-4] o.s.security.web.FilterChainProxy        : /management/logfile at position 8 of 11 in additional filter chain; firing Filter: 'AnonymousAuthenticationFilter'
2016-05-19 10:32:01.424 DEBUG 9212 --- [http-nio-9292-exec-4] o.s.s.w.a.AnonymousAuthenticationFilter  : SecurityContextHolder not populated with anonymous token, as it already contained: 'org.springframework.security.authentication.UsernamePasswordAuthenticationToken@1387bc5: Principal: org.springframework.security.core.userdetails.User@586034f: Username: admin; Password: [PROTECTED]; Enabled: true; AccountNonExpired: true; credentialsNonExpired: true; AccountNonLocked: true; Granted Authorities: ROLE_ADMIN,ROLE_USER; Credentials: [PROTECTED]; Authenticated: true; Details: org.springframework.security.web.authentication.WebAuthenticationDetails@ffff4c9c: RemoteIpAddress: 0:0:0:0:0:0:0:1; SessionId: BB60C097D9D224022E80FD1A9731A800; Granted Authorities: ROLE_ADMIN, ROLE_USER'
2016-05-19 10:32:01.424 DEBUG 9212 --- [http-nio-9292-exec-4] o.s.security.web.FilterChainProxy        : /management/logfile at position 9 of 11 in additional filter chain; firing Filter: 'SessionManagementFilter'
2016-05-19 10:32:01.424 DEBUG 9212 --- [http-nio-9292-exec-4] s.CompositeSessionAuthenticationStrategy : Delegating to org.springframework.security.web.authentication.session.ChangeSessionIdAuthenticationStrategy@78ba53fc
2016-05-19 10:32:01.434 DEBUG 9212 --- [http-nio-9292-exec-4] o.s.security.web.FilterChainProxy        : /management/logfile at position 10 of 11 in additional filter chain; firing Filter: 'ExceptionTranslationFilter'
2016-05-19 10:32:01.434 DEBUG 9212 --- [http-nio-9292-exec-4] o.s.security.web.FilterChainProxy        : /management/logfile at position 11 of 11 in additional filter chain; firing Filter: 'FilterSecurityInterceptor'
2016-05-19 10:32:01.434 DEBUG 9212 --- [http-nio-9292-exec-4] o.s.s.web.util.matcher.OrRequestMatcher  : Trying to match using Ant [pattern='/management/health']
2016-05-19 10:32:01.434 DEBUG 9212 --- [http-nio-9292-exec-4] o.s.s.w.u.matcher.AntPathRequestMatcher  : Checking match of request : '/management/logfile'; against '/management/health'
2016-05-19 10:32:01.435 DEBUG 9212 --- [http-nio-9292-exec-4] o.s.s.web.util.matcher.OrRequestMatcher  : Trying to match using Ant [pattern='/management/health/']
2016-05-19 10:32:01.435 DEBUG 9212 --- [http-nio-9292-exec-4] o.s.s.w.u.matcher.AntPathRequestMatcher  : Checking match of request : '/management/logfile'; against '/management/health/'
2016-05-19 10:32:01.435 DEBUG 9212 --- [http-nio-9292-exec-4] o.s.s.web.util.matcher.OrRequestMatcher  : No matches found
2016-05-19 10:32:01.435 DEBUG 9212 --- [http-nio-9292-exec-4] o.s.s.w.a.i.FilterSecurityInterceptor    : Secure object: FilterInvocation: URL: /management/logfile; Attributes: [hasRole('ROLE_ADMIN')]
2016-05-19 10:32:01.435 DEBUG 9212 --- [http-nio-9292-exec-4] o.s.s.w.a.i.FilterSecurityInterceptor    : Previously Authenticated: org.springframework.security.authentication.UsernamePasswordAuthenticationToken@1387bc5: Principal: org.springframework.security.core.userdetails.User@586034f: Username: admin; Password: [PROTECTED]; Enabled: true; AccountNonExpired: true; credentialsNonExpired: true; AccountNonLocked: true; Granted Authorities: ROLE_ADMIN,ROLE_USER; Credentials: [PROTECTED]; Authenticated: true; Details: org.springframework.security.web.authentication.WebAuthenticationDetails@ffff4c9c: RemoteIpAddress: 0:0:0:0:0:0:0:1; SessionId: BB60C097D9D224022E80FD1A9731A800; Granted Authorities: ROLE_ADMIN, ROLE_USER
2016-05-19 10:32:01.439 DEBUG 9212 --- [http-nio-9292-exec-4] o.s.s.access.vote.AffirmativeBased       : Voter: org.springframework.security.web.access.expression.WebExpressionVoter@63dd61fc, returned: 1
2016-05-19 10:32:01.440 DEBUG 9212 --- [http-nio-9292-exec-4] o.s.s.w.a.i.FilterSecurityInterceptor    : Authorization successful
2016-05-19 10:32:01.440 DEBUG 9212 --- [http-nio-9292-exec-4] o.s.s.w.a.i.FilterSecurityInterceptor    : RunAsManager did not change Authentication object
2016-05-19 10:32:01.440 DEBUG 9212 --- [http-nio-9292-exec-4] o.s.security.web.FilterChainProxy        : /management/logfile reached end of additional filter chain; proceeding with original chain
2016-05-19 10:32:01.446  WARN 9212 --- [http-nio-9292-exec-4] o.s.w.s.r.ResourceHttpRequestHandler     : Locations list is empty. No resources will be served unless a custom ResourceResolver is configured as an alternative to PathResourceResolver.
2016-05-19 10:32:01.454 DEBUG 9212 --- [http-nio-9292-exec-4] o.s.s.w.header.writers.HstsHeaderWriter  : Not injecting HSTS header since it did not match the requestMatcher org.springframework.security.web.header.writers.HstsHeaderWriter$SecureRequestMatcher@594cea3
2016-05-19 10:32:01.591 DEBUG 9212 --- [http-nio-9292-exec-4] o.s.s.w.a.ExceptionTranslationFilter     : Chain processed normally
2016-05-19 10:32:01.591 DEBUG 9212 --- [http-nio-9292-exec-4] s.s.w.c.SecurityContextPersistenceFilter : SecurityContextHolder now cleared, as request processing completed
2016-05-19 10:32:10.372 DEBUG 9212 --- [http-nio-9292-exec-5] o.s.s.web.util.matcher.OrRequestMatcher  : Trying to match using Ant [pattern='/css/**']
2016-05-19 10:32:10.372 DEBUG 9212 --- [http-nio-9292-exec-5] o.s.s.w.u.matcher.AntPathRequestMatcher  : Checking match of request : '/'; against '/css/**'
2016-05-19 10:32:10.372 DEBUG 9212 --- [http-nio-9292-exec-5] o.s.s.web.util.matcher.OrRequestMatcher  : Trying to match using Ant [pattern='/js/**']
2016-05-19 10:32:10.372 DEBUG 9212 --- [http-nio-9292-exec-5] o.s.s.w.u.matcher.AntPathRequestMatcher  : Checking match of request : '/'; against '/js/**'
2016-05-19 10:32:10.372 DEBUG 9212 --- [http-nio-9292-exec-5] o.s.s.web.util.matcher.OrRequestMatcher  : Trying to match using Ant [pattern='/images/**']
2016-05-19 10:32:10.373 DEBUG 9212 --- [http-nio-9292-exec-5] o.s.s.w.u.matcher.AntPathRequestMatcher  : Checking match of request : '/'; against '/images/**'
2016-05-19 10:32:10.373 DEBUG 9212 --- [http-nio-9292-exec-5] o.s.s.web.util.matcher.OrRequestMatcher  : Trying to match using Ant [pattern='/**/favicon.ico']
2016-05-19 10:32:10.373 DEBUG 9212 --- [http-nio-9292-exec-5] o.s.s.w.u.matcher.AntPathRequestMatcher  : Checking match of request : '/'; against '/**/favicon.ico'
2016-05-19 10:32:10.373 DEBUG 9212 --- [http-nio-9292-exec-5] o.s.s.web.util.matcher.OrRequestMatcher  : Trying to match using Ant [pattern='/error']
2016-05-19 10:32:10.373 DEBUG 9212 --- [http-nio-9292-exec-5] o.s.s.w.u.matcher.AntPathRequestMatcher  : Checking match of request : '/'; against '/error'
2016-05-19 10:32:10.373 DEBUG 9212 --- [http-nio-9292-exec-5] o.s.s.web.util.matcher.OrRequestMatcher  : No matches found
2016-05-19 10:32:10.373 DEBUG 9212 --- [http-nio-9292-exec-5] o.s.s.w.u.matcher.AntPathRequestMatcher  : Checking match of request : '/'; against '/management/**'
2016-05-19 10:32:10.373 DEBUG 9212 --- [http-nio-9292-exec-5] o.s.security.web.FilterChainProxy        : / at position 1 of 12 in additional filter chain; firing Filter: 'WebAsyncManagerIntegrationFilter'
2016-05-19 10:32:10.373 DEBUG 9212 --- [http-nio-9292-exec-5] o.s.security.web.FilterChainProxy        : / at position 2 of 12 in additional filter chain; firing Filter: 'SecurityContextPersistenceFilter'
2016-05-19 10:32:10.373 DEBUG 9212 --- [http-nio-9292-exec-5] w.c.HttpSessionSecurityContextRepository : HttpSession returned null object for SPRING_SECURITY_CONTEXT
2016-05-19 10:32:10.373 DEBUG 9212 --- [http-nio-9292-exec-5] w.c.HttpSessionSecurityContextRepository : No SecurityContext was available from the HttpSession: org.apache.catalina.session.StandardSessionFacade@2d3d137b. A new one will be created.
2016-05-19 10:32:10.373 DEBUG 9212 --- [http-nio-9292-exec-5] o.s.security.web.FilterChainProxy        : / at position 3 of 12 in additional filter chain; firing Filter: 'HeaderWriterFilter'
2016-05-19 10:32:10.377 DEBUG 9212 --- [http-nio-9292-exec-5] o.s.security.web.FilterChainProxy        : / at position 4 of 12 in additional filter chain; firing Filter: 'CsrfFilter'
2016-05-19 10:32:10.377 DEBUG 9212 --- [http-nio-9292-exec-5] o.s.security.web.FilterChainProxy        : / at position 5 of 12 in additional filter chain; firing Filter: 'LogoutFilter'
2016-05-19 10:32:10.377 DEBUG 9212 --- [http-nio-9292-exec-5] o.s.s.w.u.matcher.AntPathRequestMatcher  : Request 'GET /' doesn't match 'POST /logout
2016-05-19 10:32:10.377 DEBUG 9212 --- [http-nio-9292-exec-5] o.s.security.web.FilterChainProxy        : / at position 6 of 12 in additional filter chain; firing Filter: 'UsernamePasswordAuthenticationFilter'
2016-05-19 10:32:10.377 DEBUG 9212 --- [http-nio-9292-exec-5] o.s.s.w.u.matcher.AntPathRequestMatcher  : Request 'GET /' doesn't match 'POST /login
2016-05-19 10:32:10.377 DEBUG 9212 --- [http-nio-9292-exec-5] o.s.security.web.FilterChainProxy        : / at position 7 of 12 in additional filter chain; firing Filter: 'DefaultLoginPageGeneratingFilter'
2016-05-19 10:32:10.377 DEBUG 9212 --- [http-nio-9292-exec-5] o.s.security.web.FilterChainProxy        : / at position 8 of 12 in additional filter chain; firing Filter: 'RequestCacheAwareFilter'
2016-05-19 10:32:10.377 DEBUG 9212 --- [http-nio-9292-exec-5] o.s.s.w.s.DefaultSavedRequest            : pathInfo: both null (property equals)
2016-05-19 10:32:10.377 DEBUG 9212 --- [http-nio-9292-exec-5] o.s.s.w.s.DefaultSavedRequest            : queryString: both null (property equals)
2016-05-19 10:32:10.378 DEBUG 9212 --- [http-nio-9292-exec-5] o.s.s.w.s.DefaultSavedRequest            : requestURI: arg1=/index.html; arg2=/ (property not equals)
2016-05-19 10:32:10.378 DEBUG 9212 --- [http-nio-9292-exec-5] o.s.s.w.s.HttpSessionRequestCache        : saved request doesn't match
2016-05-19 10:32:10.378 DEBUG 9212 --- [http-nio-9292-exec-5] o.s.security.web.FilterChainProxy        : / at position 9 of 12 in additional filter chain; firing Filter: 'SecurityContextHolderAwareRequestFilter'
2016-05-19 10:32:10.378 DEBUG 9212 --- [http-nio-9292-exec-5] o.s.security.web.FilterChainProxy        : / at position 10 of 12 in additional filter chain; firing Filter: 'SessionManagementFilter'
2016-05-19 10:32:10.378 DEBUG 9212 --- [http-nio-9292-exec-5] o.s.security.web.FilterChainProxy        : / at position 11 of 12 in additional filter chain; firing Filter: 'ExceptionTranslationFilter'
2016-05-19 10:32:10.378 DEBUG 9212 --- [http-nio-9292-exec-5] o.s.security.web.FilterChainProxy        : / at position 12 of 12 in additional filter chain; firing Filter: 'FilterSecurityInterceptor'
2016-05-19 10:32:10.378 DEBUG 9212 --- [http-nio-9292-exec-5] o.s.s.w.u.matcher.AntPathRequestMatcher  : Request '/' matched by universal pattern '/**'
2016-05-19 10:32:10.378 DEBUG 9212 --- [http-nio-9292-exec-5] o.s.s.w.a.i.FilterSecurityInterceptor    : Secure object: FilterInvocation: URL: /; Attributes: [fullyAuthenticated]
2016-05-19 10:32:10.379 DEBUG 9212 --- [http-nio-9292-exec-5] o.s.s.w.a.ExceptionTranslationFilter     : Authentication exception occurred; redirecting to authentication entry point

org.springframework.security.authentication.AuthenticationCredentialsNotFoundException: An Authentication object was not found in the SecurityContext
	at org.springframework.security.access.intercept.AbstractSecurityInterceptor.credentialsNotFound(AbstractSecurityInterceptor.java:379)
	at org.springframework.security.access.intercept.AbstractSecurityInterceptor.beforeInvocation(AbstractSecurityInterceptor.java:223)
	at org.springframework.security.web.access.intercept.FilterSecurityInterceptor.invoke(FilterSecurityInterceptor.java:124)
	at org.springframework.security.web.access.intercept.FilterSecurityInterceptor.doFilter(FilterSecurityInterceptor.java:91)
	at org.springframework.security.web.FilterChainProxy$VirtualFilterChain.doFilter(FilterChainProxy.java:331)
	at org.springframework.security.web.access.ExceptionTranslationFilter.doFilter(ExceptionTranslationFilter.java:115)
	at org.springframework.security.web.FilterChainProxy$VirtualFilterChain.doFilter(FilterChainProxy.java:331)
	at org.springframework.security.web.session.SessionManagementFilter.doFilter(SessionManagementFilter.java:137)
	at org.springframework.security.web.FilterChainProxy$VirtualFilterChain.doFilter(FilterChainProxy.java:331)
	at org.springframework.security.web.servletapi.SecurityContextHolderAwareRequestFilter.doFilter(SecurityContextHolderAwareRequestFilter.java:169)
	at org.springframework.security.web.FilterChainProxy$VirtualFilterChain.doFilter(FilterChainProxy.java:331)
	at org.springframework.security.web.savedrequest.RequestCacheAwareFilter.doFilter(RequestCacheAwareFilter.java:63)
	at org.springframework.security.web.FilterChainProxy$VirtualFilterChain.doFilter(FilterChainProxy.java:331)
	at org.springframework.security.web.authentication.ui.DefaultLoginPageGeneratingFilter.doFilter(DefaultLoginPageGeneratingFilter.java:177)
	at org.springframework.security.web.FilterChainProxy$VirtualFilterChain.doFilter(FilterChainProxy.java:331)
	at org.springframework.security.web.authentication.AbstractAuthenticationProcessingFilter.doFilter(AbstractAuthenticationProcessingFilter.java:206)
	at org.springframework.security.web.FilterChainProxy$VirtualFilterChain.doFilter(FilterChainProxy.java:331)
	at org.springframework.security.web.authentication.logout.LogoutFilter.doFilter(LogoutFilter.java:121)
	at org.springframework.security.web.FilterChainProxy$VirtualFilterChain.doFilter(FilterChainProxy.java:331)
	at org.springframework.security.web.csrf.CsrfFilter.doFilterInternal(CsrfFilter.java:100)
	at org.springframework.web.filter.OncePerRequestFilter.doFilter(OncePerRequestFilter.java:107)
	at org.springframework.security.web.FilterChainProxy$VirtualFilterChain.doFilter(FilterChainProxy.java:331)
	at org.springframework.security.web.header.HeaderWriterFilter.doFilterInternal(HeaderWriterFilter.java:66)
	at org.springframework.web.filter.OncePerRequestFilter.doFilter(OncePerRequestFilter.java:107)
	at org.springframework.security.web.FilterChainProxy$VirtualFilterChain.doFilter(FilterChainProxy.java:331)
	at org.springframework.security.web.context.SecurityContextPersistenceFilter.doFilter(SecurityContextPersistenceFilter.java:106)
	at org.springframework.security.web.FilterChainProxy$VirtualFilterChain.doFilter(FilterChainProxy.java:331)
	at org.springframework.security.web.context.request.async.WebAsyncManagerIntegrationFilter.doFilterInternal(WebAsyncManagerIntegrationFilter.java:56)
	at org.springframework.web.filter.OncePerRequestFilter.doFilter(OncePerRequestFilter.java:107)
	at org.springframework.security.web.FilterChainProxy$VirtualFilterChain.doFilter(FilterChainProxy.java:331)
	at org.springframework.security.web.FilterChainProxy.doFilterInternal(FilterChainProxy.java:214)
	at org.springframework.security.web.FilterChainProxy.doFilter(FilterChainProxy.java:177)
	at org.springframework.web.filter.DelegatingFilterProxy.invokeDelegate(DelegatingFilterProxy.java:346)
	at org.springframework.web.filter.DelegatingFilterProxy.doFilter(DelegatingFilterProxy.java:262)
	at org.apache.catalina.core.ApplicationFilterChain.internalDoFilter(ApplicationFilterChain.java:240)
	at org.apache.catalina.core.ApplicationFilterChain.doFilter(ApplicationFilterChain.java:207)
	at org.springframework.web.filter.RequestContextFilter.doFilterInternal(RequestContextFilter.java:99)
	at org.springframework.web.filter.OncePerRequestFilter.doFilter(OncePerRequestFilter.java:107)
	at org.apache.catalina.core.ApplicationFilterChain.internalDoFilter(ApplicationFilterChain.java:240)
	at org.apache.catalina.core.ApplicationFilterChain.doFilter(ApplicationFilterChain.java:207)
	at org.springframework.web.filter.HttpPutFormContentFilter.doFilterInternal(HttpPutFormContentFilter.java:87)
	at org.springframework.web.filter.OncePerRequestFilter.doFilter(OncePerRequestFilter.java:107)
	at org.apache.catalina.core.ApplicationFilterChain.internalDoFilter(ApplicationFilterChain.java:240)
	at org.apache.catalina.core.ApplicationFilterChain.doFilter(ApplicationFilterChain.java:207)
	at org.springframework.web.filter.HiddenHttpMethodFilter.doFilterInternal(HiddenHttpMethodFilter.java:77)
	at org.springframework.web.filter.OncePerRequestFilter.doFilter(OncePerRequestFilter.java:107)
	at org.apache.catalina.core.ApplicationFilterChain.internalDoFilter(ApplicationFilterChain.java:240)
	at org.apache.catalina.core.ApplicationFilterChain.doFilter(ApplicationFilterChain.java:207)
	at org.springframework.web.filter.CharacterEncodingFilter.doFilterInternal(CharacterEncodingFilter.java:197)
	at org.springframework.web.filter.OncePerRequestFilter.doFilter(OncePerRequestFilter.java:107)
	at org.apache.catalina.core.ApplicationFilterChain.internalDoFilter(ApplicationFilterChain.java:240)
	at org.apache.catalina.core.ApplicationFilterChain.doFilter(ApplicationFilterChain.java:207)
	at org.springframework.boot.actuate.autoconfigure.MetricsFilter.doFilterInternal(MetricsFilter.java:107)
	at org.springframework.web.filter.OncePerRequestFilter.doFilter(OncePerRequestFilter.java:107)
	at org.apache.catalina.core.ApplicationFilterChain.internalDoFilter(ApplicationFilterChain.java:240)
	at org.apache.catalina.core.ApplicationFilterChain.doFilter(ApplicationFilterChain.java:207)
	at org.apache.catalina.core.StandardWrapperValve.invoke(StandardWrapperValve.java:212)
	at org.apache.catalina.core.StandardContextValve.invoke(StandardContextValve.java:106)
	at org.apache.catalina.authenticator.AuthenticatorBase.invoke(AuthenticatorBase.java:502)
	at org.apache.catalina.core.StandardHostValve.invoke(StandardHostValve.java:141)
	at org.apache.catalina.valves.ErrorReportValve.invoke(ErrorReportValve.java:79)
	at org.apache.catalina.core.StandardEngineValve.invoke(StandardEngineValve.java:88)
	at org.apache.catalina.connector.CoyoteAdapter.service(CoyoteAdapter.java:522)
	at org.apache.coyote.http11.AbstractHttp11Processor.process(AbstractHttp11Processor.java:1095)
	at org.apache.coyote.AbstractProtocol$AbstractConnectionHandler.process(AbstractProtocol.java:672)
	at org.apache.tomcat.util.net.NioEndpoint$SocketProcessor.doRun(NioEndpoint.java:1502)
	at org.apache.tomcat.util.net.NioEndpoint$SocketProcessor.run(NioEndpoint.java:1458)
	at java.util.concurrent.ThreadPoolExecutor.runWorker(ThreadPoolExecutor.java:1142)
	at java.util.concurrent.ThreadPoolExecutor$Worker.run(ThreadPoolExecutor.java:617)
	at org.apache.tomcat.util.threads.TaskThread$WrappingRunnable.run(TaskThread.java:61)
	at java.lang.Thread.run(Thread.java:745)

2016-05-19 10:32:10.381 DEBUG 9212 --- [http-nio-9292-exec-5] o.s.s.w.util.matcher.AndRequestMatcher   : Trying to match using Ant [pattern='/**', GET]
2016-05-19 10:32:10.381 DEBUG 9212 --- [http-nio-9292-exec-5] o.s.s.w.u.matcher.AntPathRequestMatcher  : Request '/' matched by universal pattern '/**'
2016-05-19 10:32:10.381 DEBUG 9212 --- [http-nio-9292-exec-5] o.s.s.w.util.matcher.AndRequestMatcher   : Trying to match using NegatedRequestMatcher [requestMatcher=Ant [pattern='/**/favicon.ico']]
2016-05-19 10:32:10.381 DEBUG 9212 --- [http-nio-9292-exec-5] o.s.s.w.u.matcher.AntPathRequestMatcher  : Checking match of request : '/'; against '/**/favicon.ico'
2016-05-19 10:32:10.381 DEBUG 9212 --- [http-nio-9292-exec-5] o.s.s.w.u.matcher.NegatedRequestMatcher  : matches = true
2016-05-19 10:32:10.381 DEBUG 9212 --- [http-nio-9292-exec-5] o.s.s.w.util.matcher.AndRequestMatcher   : Trying to match using NegatedRequestMatcher [requestMatcher=MediaTypeRequestMatcher [contentNegotiationStrategy=org.springframework.web.accept.ContentNegotiationManager@19b80077, matchingMediaTypes=[application/json], useEquals=false, ignoredMediaTypes=[*/*]]]
2016-05-19 10:32:10.382 DEBUG 9212 --- [http-nio-9292-exec-5] o.s.s.w.u.m.MediaTypeRequestMatcher      : httpRequestMediaTypes=[text/html, application/xhtml+xml, image/webp, application/xml;q=0.9, */*;q=0.8]
2016-05-19 10:32:10.382 DEBUG 9212 --- [http-nio-9292-exec-5] o.s.s.w.u.m.MediaTypeRequestMatcher      : Processing text/html
2016-05-19 10:32:10.382 DEBUG 9212 --- [http-nio-9292-exec-5] o.s.s.w.u.m.MediaTypeRequestMatcher      : application/json .isCompatibleWith text/html = false
2016-05-19 10:32:10.382 DEBUG 9212 --- [http-nio-9292-exec-5] o.s.s.w.u.m.MediaTypeRequestMatcher      : Processing application/xhtml+xml
2016-05-19 10:32:10.382 DEBUG 9212 --- [http-nio-9292-exec-5] o.s.s.w.u.m.MediaTypeRequestMatcher      : application/json .isCompatibleWith application/xhtml+xml = false
2016-05-19 10:32:10.382 DEBUG 9212 --- [http-nio-9292-exec-5] o.s.s.w.u.m.MediaTypeRequestMatcher      : Processing image/webp
2016-05-19 10:32:10.382 DEBUG 9212 --- [http-nio-9292-exec-5] o.s.s.w.u.m.MediaTypeRequestMatcher      : application/json .isCompatibleWith image/webp = false
2016-05-19 10:32:10.382 DEBUG 9212 --- [http-nio-9292-exec-5] o.s.s.w.u.m.MediaTypeRequestMatcher      : Processing application/xml;q=0.9
2016-05-19 10:32:10.382 DEBUG 9212 --- [http-nio-9292-exec-5] o.s.s.w.u.m.MediaTypeRequestMatcher      : application/json .isCompatibleWith application/xml;q=0.9 = false
2016-05-19 10:32:10.382 DEBUG 9212 --- [http-nio-9292-exec-5] o.s.s.w.u.m.MediaTypeRequestMatcher      : Processing */*;q=0.8
2016-05-19 10:32:10.382 DEBUG 9212 --- [http-nio-9292-exec-5] o.s.s.w.u.m.MediaTypeRequestMatcher      : Ignoring
2016-05-19 10:32:10.382 DEBUG 9212 --- [http-nio-9292-exec-5] o.s.s.w.u.m.MediaTypeRequestMatcher      : Did not match any media types
2016-05-19 10:32:10.386 DEBUG 9212 --- [http-nio-9292-exec-5] o.s.s.w.u.matcher.NegatedRequestMatcher  : matches = true
2016-05-19 10:32:10.386 DEBUG 9212 --- [http-nio-9292-exec-5] o.s.s.w.util.matcher.AndRequestMatcher   : Trying to match using NegatedRequestMatcher [requestMatcher=RequestHeaderRequestMatcher [expectedHeaderName=X-Requested-With, expectedHeaderValue=XMLHttpRequest]]
2016-05-19 10:32:10.386 DEBUG 9212 --- [http-nio-9292-exec-5] o.s.s.w.u.matcher.NegatedRequestMatcher  : matches = true
2016-05-19 10:32:10.386 DEBUG 9212 --- [http-nio-9292-exec-5] o.s.s.w.util.matcher.AndRequestMatcher   : All requestMatchers returned true
2016-05-19 10:32:10.386 DEBUG 9212 --- [http-nio-9292-exec-5] o.s.s.w.s.HttpSessionRequestCache        : DefaultSavedRequest added to Session: DefaultSavedRequest[http://localhost:9292/]
2016-05-19 10:32:10.386 DEBUG 9212 --- [http-nio-9292-exec-5] o.s.s.w.a.ExceptionTranslationFilter     : Calling Authentication entry point.
2016-05-19 10:32:10.387 DEBUG 9212 --- [http-nio-9292-exec-5] o.s.s.web.DefaultRedirectStrategy        : Redirecting to 'http://localhost:9292/login'
2016-05-19 10:32:10.387 DEBUG 9212 --- [http-nio-9292-exec-5] o.s.s.w.header.writers.HstsHeaderWriter  : Not injecting HSTS header since it did not match the requestMatcher org.springframework.security.web.header.writers.HstsHeaderWriter$SecureRequestMatcher@74235bac
2016-05-19 10:32:10.387 DEBUG 9212 --- [http-nio-9292-exec-5] w.c.HttpSessionSecurityContextRepository : SecurityContext is empty or contents are anonymous - context will not be stored in HttpSession.
2016-05-19 10:32:10.387 DEBUG 9212 --- [http-nio-9292-exec-5] s.s.w.c.SecurityContextPersistenceFilter : SecurityContextHolder now cleared, as request processing completed
2016-05-19 10:32:10.404 DEBUG 9212 --- [http-nio-9292-exec-6] o.s.s.web.util.matcher.OrRequestMatcher  : Trying to match using Ant [pattern='/css/**']
2016-05-19 10:32:10.404 DEBUG 9212 --- [http-nio-9292-exec-6] o.s.s.w.u.matcher.AntPathRequestMatcher  : Checking match of request : '/login'; against '/css/**'
2016-05-19 10:32:10.404 DEBUG 9212 --- [http-nio-9292-exec-6] o.s.s.web.util.matcher.OrRequestMatcher  : Trying to match using Ant [pattern='/js/**']
2016-05-19 10:32:10.404 DEBUG 9212 --- [http-nio-9292-exec-6] o.s.s.w.u.matcher.AntPathRequestMatcher  : Checking match of request : '/login'; against '/js/**'
2016-05-19 10:32:10.404 DEBUG 9212 --- [http-nio-9292-exec-6] o.s.s.web.util.matcher.OrRequestMatcher  : Trying to match using Ant [pattern='/images/**']
2016-05-19 10:32:10.404 DEBUG 9212 --- [http-nio-9292-exec-6] o.s.s.w.u.matcher.AntPathRequestMatcher  : Checking match of request : '/login'; against '/images/**'
2016-05-19 10:32:10.404 DEBUG 9212 --- [http-nio-9292-exec-6] o.s.s.web.util.matcher.OrRequestMatcher  : Trying to match using Ant [pattern='/**/favicon.ico']
2016-05-19 10:32:10.404 DEBUG 9212 --- [http-nio-9292-exec-6] o.s.s.w.u.matcher.AntPathRequestMatcher  : Checking match of request : '/login'; against '/**/favicon.ico'
2016-05-19 10:32:10.404 DEBUG 9212 --- [http-nio-9292-exec-6] o.s.s.web.util.matcher.OrRequestMatcher  : Trying to match using Ant [pattern='/error']
2016-05-19 10:32:10.404 DEBUG 9212 --- [http-nio-9292-exec-6] o.s.s.w.u.matcher.AntPathRequestMatcher  : Checking match of request : '/login'; against '/error'
2016-05-19 10:32:10.404 DEBUG 9212 --- [http-nio-9292-exec-6] o.s.s.web.util.matcher.OrRequestMatcher  : No matches found
2016-05-19 10:32:10.404 DEBUG 9212 --- [http-nio-9292-exec-6] o.s.s.w.u.matcher.AntPathRequestMatcher  : Checking match of request : '/login'; against '/management/**'
2016-05-19 10:32:10.404 DEBUG 9212 --- [http-nio-9292-exec-6] o.s.security.web.FilterChainProxy        : /login at position 1 of 12 in additional filter chain; firing Filter: 'WebAsyncManagerIntegrationFilter'
2016-05-19 10:32:10.404 DEBUG 9212 --- [http-nio-9292-exec-6] o.s.security.web.FilterChainProxy        : /login at position 2 of 12 in additional filter chain; firing Filter: 'SecurityContextPersistenceFilter'
2016-05-19 10:32:10.404 DEBUG 9212 --- [http-nio-9292-exec-6] w.c.HttpSessionSecurityContextRepository : HttpSession returned null object for SPRING_SECURITY_CONTEXT
2016-05-19 10:32:10.404 DEBUG 9212 --- [http-nio-9292-exec-6] w.c.HttpSessionSecurityContextRepository : No SecurityContext was available from the HttpSession: org.apache.catalina.session.StandardSessionFacade@2d3d137b. A new one will be created.
2016-05-19 10:32:10.404 DEBUG 9212 --- [http-nio-9292-exec-6] o.s.security.web.FilterChainProxy        : /login at position 3 of 12 in additional filter chain; firing Filter: 'HeaderWriterFilter'
2016-05-19 10:32:10.409 DEBUG 9212 --- [http-nio-9292-exec-6] o.s.security.web.FilterChainProxy        : /login at position 4 of 12 in additional filter chain; firing Filter: 'CsrfFilter'
2016-05-19 10:32:10.409 DEBUG 9212 --- [http-nio-9292-exec-6] o.s.security.web.FilterChainProxy        : /login at position 5 of 12 in additional filter chain; firing Filter: 'LogoutFilter'
2016-05-19 10:32:10.409 DEBUG 9212 --- [http-nio-9292-exec-6] o.s.s.w.u.matcher.AntPathRequestMatcher  : Request 'GET /login' doesn't match 'POST /logout
2016-05-19 10:32:10.409 DEBUG 9212 --- [http-nio-9292-exec-6] o.s.security.web.FilterChainProxy        : /login at position 6 of 12 in additional filter chain; firing Filter: 'UsernamePasswordAuthenticationFilter'
2016-05-19 10:32:10.409 DEBUG 9212 --- [http-nio-9292-exec-6] o.s.s.w.u.matcher.AntPathRequestMatcher  : Request 'GET /login' doesn't match 'POST /login
2016-05-19 10:32:10.409 DEBUG 9212 --- [http-nio-9292-exec-6] o.s.security.web.FilterChainProxy        : /login at position 7 of 12 in additional filter chain; firing Filter: 'DefaultLoginPageGeneratingFilter'
2016-05-19 10:32:10.410 DEBUG 9212 --- [http-nio-9292-exec-6] o.s.s.w.header.writers.HstsHeaderWriter  : Not injecting HSTS header since it did not match the requestMatcher org.springframework.security.web.header.writers.HstsHeaderWriter$SecureRequestMatcher@74235bac
2016-05-19 10:32:10.410 DEBUG 9212 --- [http-nio-9292-exec-6] w.c.HttpSessionSecurityContextRepository : SecurityContext is empty or contents are anonymous - context will not be stored in HttpSession.
2016-05-19 10:32:10.410 DEBUG 9212 --- [http-nio-9292-exec-6] s.s.w.c.SecurityContextPersistenceFilter : SecurityContextHolder now cleared, as request processing completed
2016-05-19 10:32:14.587 DEBUG 9212 --- [http-nio-9292-exec-7] o.s.s.web.util.matcher.OrRequestMatcher  : Trying to match using Ant [pattern='/css/**']
2016-05-19 10:32:14.587 DEBUG 9212 --- [http-nio-9292-exec-7] o.s.s.w.u.matcher.AntPathRequestMatcher  : Checking match of request : '/index.html'; against '/css/**'
2016-05-19 10:32:14.588 DEBUG 9212 --- [http-nio-9292-exec-7] o.s.s.web.util.matcher.OrRequestMatcher  : Trying to match using Ant [pattern='/js/**']
2016-05-19 10:32:14.588 DEBUG 9212 --- [http-nio-9292-exec-7] o.s.s.w.u.matcher.AntPathRequestMatcher  : Checking match of request : '/index.html'; against '/js/**'
2016-05-19 10:32:14.588 DEBUG 9212 --- [http-nio-9292-exec-7] o.s.s.web.util.matcher.OrRequestMatcher  : Trying to match using Ant [pattern='/images/**']
2016-05-19 10:32:14.588 DEBUG 9212 --- [http-nio-9292-exec-7] o.s.s.w.u.matcher.AntPathRequestMatcher  : Checking match of request : '/index.html'; against '/images/**'
2016-05-19 10:32:14.588 DEBUG 9212 --- [http-nio-9292-exec-7] o.s.s.web.util.matcher.OrRequestMatcher  : Trying to match using Ant [pattern='/**/favicon.ico']
2016-05-19 10:32:14.588 DEBUG 9212 --- [http-nio-9292-exec-7] o.s.s.w.u.matcher.AntPathRequestMatcher  : Checking match of request : '/index.html'; against '/**/favicon.ico'
2016-05-19 10:32:14.588 DEBUG 9212 --- [http-nio-9292-exec-7] o.s.s.web.util.matcher.OrRequestMatcher  : Trying to match using Ant [pattern='/error']
2016-05-19 10:32:14.588 DEBUG 9212 --- [http-nio-9292-exec-7] o.s.s.w.u.matcher.AntPathRequestMatcher  : Checking match of request : '/index.html'; against '/error'
2016-05-19 10:32:14.588 DEBUG 9212 --- [http-nio-9292-exec-7] o.s.s.web.util.matcher.OrRequestMatcher  : No matches found
2016-05-19 10:32:14.588 DEBUG 9212 --- [http-nio-9292-exec-7] o.s.s.w.u.matcher.AntPathRequestMatcher  : Checking match of request : '/index.html'; against '/management/**'
2016-05-19 10:32:14.588 DEBUG 9212 --- [http-nio-9292-exec-7] o.s.security.web.FilterChainProxy        : /index.html at position 1 of 12 in additional filter chain; firing Filter: 'WebAsyncManagerIntegrationFilter'
2016-05-19 10:32:14.588 DEBUG 9212 --- [http-nio-9292-exec-7] o.s.security.web.FilterChainProxy        : /index.html at position 2 of 12 in additional filter chain; firing Filter: 'SecurityContextPersistenceFilter'
2016-05-19 10:32:14.588 DEBUG 9212 --- [http-nio-9292-exec-7] w.c.HttpSessionSecurityContextRepository : HttpSession returned null object for SPRING_SECURITY_CONTEXT
2016-05-19 10:32:14.588 DEBUG 9212 --- [http-nio-9292-exec-7] w.c.HttpSessionSecurityContextRepository : No SecurityContext was available from the HttpSession: org.apache.catalina.session.StandardSessionFacade@2d3d137b. A new one will be created.
2016-05-19 10:32:14.588 DEBUG 9212 --- [http-nio-9292-exec-7] o.s.security.web.FilterChainProxy        : /index.html at position 3 of 12 in additional filter chain; firing Filter: 'HeaderWriterFilter'
2016-05-19 10:32:14.591 DEBUG 9212 --- [http-nio-9292-exec-7] o.s.security.web.FilterChainProxy        : /index.html at position 4 of 12 in additional filter chain; firing Filter: 'CsrfFilter'
2016-05-19 10:32:14.591 DEBUG 9212 --- [http-nio-9292-exec-7] o.s.security.web.FilterChainProxy        : /index.html at position 5 of 12 in additional filter chain; firing Filter: 'LogoutFilter'
2016-05-19 10:32:14.591 DEBUG 9212 --- [http-nio-9292-exec-7] o.s.s.w.u.matcher.AntPathRequestMatcher  : Request 'GET /index.html' doesn't match 'POST /logout
2016-05-19 10:32:14.591 DEBUG 9212 --- [http-nio-9292-exec-7] o.s.security.web.FilterChainProxy        : /index.html at position 6 of 12 in additional filter chain; firing Filter: 'UsernamePasswordAuthenticationFilter'
2016-05-19 10:32:14.591 DEBUG 9212 --- [http-nio-9292-exec-7] o.s.s.w.u.matcher.AntPathRequestMatcher  : Request 'GET /index.html' doesn't match 'POST /login
2016-05-19 10:32:14.591 DEBUG 9212 --- [http-nio-9292-exec-7] o.s.security.web.FilterChainProxy        : /index.html at position 7 of 12 in additional filter chain; firing Filter: 'DefaultLoginPageGeneratingFilter'
2016-05-19 10:32:14.591 DEBUG 9212 --- [http-nio-9292-exec-7] o.s.security.web.FilterChainProxy        : /index.html at position 8 of 12 in additional filter chain; firing Filter: 'RequestCacheAwareFilter'
2016-05-19 10:32:14.591 DEBUG 9212 --- [http-nio-9292-exec-7] o.s.s.w.s.DefaultSavedRequest            : pathInfo: both null (property equals)
2016-05-19 10:32:14.591 DEBUG 9212 --- [http-nio-9292-exec-7] o.s.s.w.s.DefaultSavedRequest            : queryString: both null (property equals)
2016-05-19 10:32:14.591 DEBUG 9212 --- [http-nio-9292-exec-7] o.s.s.w.s.DefaultSavedRequest            : requestURI: arg1=/; arg2=/index.html (property not equals)
2016-05-19 10:32:14.591 DEBUG 9212 --- [http-nio-9292-exec-7] o.s.s.w.s.HttpSessionRequestCache        : saved request doesn't match
2016-05-19 10:32:14.591 DEBUG 9212 --- [http-nio-9292-exec-7] o.s.security.web.FilterChainProxy        : /index.html at position 9 of 12 in additional filter chain; firing Filter: 'SecurityContextHolderAwareRequestFilter'
2016-05-19 10:32:14.591 DEBUG 9212 --- [http-nio-9292-exec-7] o.s.security.web.FilterChainProxy        : /index.html at position 10 of 12 in additional filter chain; firing Filter: 'SessionManagementFilter'
2016-05-19 10:32:14.592 DEBUG 9212 --- [http-nio-9292-exec-7] o.s.security.web.FilterChainProxy        : /index.html at position 11 of 12 in additional filter chain; firing Filter: 'ExceptionTranslationFilter'
2016-05-19 10:32:14.592 DEBUG 9212 --- [http-nio-9292-exec-7] o.s.security.web.FilterChainProxy        : /index.html at position 12 of 12 in additional filter chain; firing Filter: 'FilterSecurityInterceptor'
2016-05-19 10:32:14.592 DEBUG 9212 --- [http-nio-9292-exec-7] o.s.s.w.u.matcher.AntPathRequestMatcher  : Request '/index.html' matched by universal pattern '/**'
2016-05-19 10:32:14.592 DEBUG 9212 --- [http-nio-9292-exec-7] o.s.s.w.a.i.FilterSecurityInterceptor    : Secure object: FilterInvocation: URL: /index.html; Attributes: [fullyAuthenticated]
2016-05-19 10:32:14.593 DEBUG 9212 --- [http-nio-9292-exec-7] o.s.s.w.a.ExceptionTranslationFilter     : Authentication exception occurred; redirecting to authentication entry point

org.springframework.security.authentication.AuthenticationCredentialsNotFoundException: An Authentication object was not found in the SecurityContext
	at org.springframework.security.access.intercept.AbstractSecurityInterceptor.credentialsNotFound(AbstractSecurityInterceptor.java:379)
	at org.springframework.security.access.intercept.AbstractSecurityInterceptor.beforeInvocation(AbstractSecurityInterceptor.java:223)
	at org.springframework.security.web.access.intercept.FilterSecurityInterceptor.invoke(FilterSecurityInterceptor.java:124)
	at org.springframework.security.web.access.intercept.FilterSecurityInterceptor.doFilter(FilterSecurityInterceptor.java:91)
	at org.springframework.security.web.FilterChainProxy$VirtualFilterChain.doFilter(FilterChainProxy.java:331)
	at org.springframework.security.web.access.ExceptionTranslationFilter.doFilter(ExceptionTranslationFilter.java:115)
	at org.springframework.security.web.FilterChainProxy$VirtualFilterChain.doFilter(FilterChainProxy.java:331)
	at org.springframework.security.web.session.SessionManagementFilter.doFilter(SessionManagementFilter.java:137)
	at org.springframework.security.web.FilterChainProxy$VirtualFilterChain.doFilter(FilterChainProxy.java:331)
	at org.springframework.security.web.servletapi.SecurityContextHolderAwareRequestFilter.doFilter(SecurityContextHolderAwareRequestFilter.java:169)
	at org.springframework.security.web.FilterChainProxy$VirtualFilterChain.doFilter(FilterChainProxy.java:331)
	at org.springframework.security.web.savedrequest.RequestCacheAwareFilter.doFilter(RequestCacheAwareFilter.java:63)
	at org.springframework.security.web.FilterChainProxy$VirtualFilterChain.doFilter(FilterChainProxy.java:331)
	at org.springframework.security.web.authentication.ui.DefaultLoginPageGeneratingFilter.doFilter(DefaultLoginPageGeneratingFilter.java:177)
	at org.springframework.security.web.FilterChainProxy$VirtualFilterChain.doFilter(FilterChainProxy.java:331)
	at org.springframework.security.web.authentication.AbstractAuthenticationProcessingFilter.doFilter(AbstractAuthenticationProcessingFilter.java:206)
	at org.springframework.security.web.FilterChainProxy$VirtualFilterChain.doFilter(FilterChainProxy.java:331)
	at org.springframework.security.web.authentication.logout.LogoutFilter.doFilter(LogoutFilter.java:121)
	at org.springframework.security.web.FilterChainProxy$VirtualFilterChain.doFilter(FilterChainProxy.java:331)
	at org.springframework.security.web.csrf.CsrfFilter.doFilterInternal(CsrfFilter.java:100)
	at org.springframework.web.filter.OncePerRequestFilter.doFilter(OncePerRequestFilter.java:107)
	at org.springframework.security.web.FilterChainProxy$VirtualFilterChain.doFilter(FilterChainProxy.java:331)
	at org.springframework.security.web.header.HeaderWriterFilter.doFilterInternal(HeaderWriterFilter.java:66)
	at org.springframework.web.filter.OncePerRequestFilter.doFilter(OncePerRequestFilter.java:107)
	at org.springframework.security.web.FilterChainProxy$VirtualFilterChain.doFilter(FilterChainProxy.java:331)
	at org.springframework.security.web.context.SecurityContextPersistenceFilter.doFilter(SecurityContextPersistenceFilter.java:106)
	at org.springframework.security.web.FilterChainProxy$VirtualFilterChain.doFilter(FilterChainProxy.java:331)
	at org.springframework.security.web.context.request.async.WebAsyncManagerIntegrationFilter.doFilterInternal(WebAsyncManagerIntegrationFilter.java:56)
	at org.springframework.web.filter.OncePerRequestFilter.doFilter(OncePerRequestFilter.java:107)
	at org.springframework.security.web.FilterChainProxy$VirtualFilterChain.doFilter(FilterChainProxy.java:331)
	at org.springframework.security.web.FilterChainProxy.doFilterInternal(FilterChainProxy.java:214)
	at org.springframework.security.web.FilterChainProxy.doFilter(FilterChainProxy.java:177)
	at org.springframework.web.filter.DelegatingFilterProxy.invokeDelegate(DelegatingFilterProxy.java:346)
	at org.springframework.web.filter.DelegatingFilterProxy.doFilter(DelegatingFilterProxy.java:262)
	at org.apache.catalina.core.ApplicationFilterChain.internalDoFilter(ApplicationFilterChain.java:240)
	at org.apache.catalina.core.ApplicationFilterChain.doFilter(ApplicationFilterChain.java:207)
	at org.springframework.web.filter.RequestContextFilter.doFilterInternal(RequestContextFilter.java:99)
	at org.springframework.web.filter.OncePerRequestFilter.doFilter(OncePerRequestFilter.java:107)
	at org.apache.catalina.core.ApplicationFilterChain.internalDoFilter(ApplicationFilterChain.java:240)
	at org.apache.catalina.core.ApplicationFilterChain.doFilter(ApplicationFilterChain.java:207)
	at org.springframework.web.filter.HttpPutFormContentFilter.doFilterInternal(HttpPutFormContentFilter.java:87)
	at org.springframework.web.filter.OncePerRequestFilter.doFilter(OncePerRequestFilter.java:107)
	at org.apache.catalina.core.ApplicationFilterChain.internalDoFilter(ApplicationFilterChain.java:240)
	at org.apache.catalina.core.ApplicationFilterChain.doFilter(ApplicationFilterChain.java:207)
	at org.springframework.web.filter.HiddenHttpMethodFilter.doFilterInternal(HiddenHttpMethodFilter.java:77)
	at org.springframework.web.filter.OncePerRequestFilter.doFilter(OncePerRequestFilter.java:107)
	at org.apache.catalina.core.ApplicationFilterChain.internalDoFilter(ApplicationFilterChain.java:240)
	at org.apache.catalina.core.ApplicationFilterChain.doFilter(ApplicationFilterChain.java:207)
	at org.springframework.web.filter.CharacterEncodingFilter.doFilterInternal(CharacterEncodingFilter.java:197)
	at org.springframework.web.filter.OncePerRequestFilter.doFilter(OncePerRequestFilter.java:107)
	at org.apache.catalina.core.ApplicationFilterChain.internalDoFilter(ApplicationFilterChain.java:240)
	at org.apache.catalina.core.ApplicationFilterChain.doFilter(ApplicationFilterChain.java:207)
	at org.springframework.boot.actuate.autoconfigure.MetricsFilter.doFilterInternal(MetricsFilter.java:107)
	at org.springframework.web.filter.OncePerRequestFilter.doFilter(OncePerRequestFilter.java:107)
	at org.apache.catalina.core.ApplicationFilterChain.internalDoFilter(ApplicationFilterChain.java:240)
	at org.apache.catalina.core.ApplicationFilterChain.doFilter(ApplicationFilterChain.java:207)
	at org.apache.catalina.core.StandardWrapperValve.invoke(StandardWrapperValve.java:212)
	at org.apache.catalina.core.StandardContextValve.invoke(StandardContextValve.java:106)
	at org.apache.catalina.authenticator.AuthenticatorBase.invoke(AuthenticatorBase.java:502)
	at org.apache.catalina.core.StandardHostValve.invoke(StandardHostValve.java:141)
	at org.apache.catalina.valves.ErrorReportValve.invoke(ErrorReportValve.java:79)
	at org.apache.catalina.core.StandardEngineValve.invoke(StandardEngineValve.java:88)
	at org.apache.catalina.connector.CoyoteAdapter.service(CoyoteAdapter.java:522)
	at org.apache.coyote.http11.AbstractHttp11Processor.process(AbstractHttp11Processor.java:1095)
	at org.apache.coyote.AbstractProtocol$AbstractConnectionHandler.process(AbstractProtocol.java:672)
	at org.apache.tomcat.util.net.NioEndpoint$SocketProcessor.doRun(NioEndpoint.java:1502)
	at org.apache.tomcat.util.net.NioEndpoint$SocketProcessor.run(NioEndpoint.java:1458)
	at java.util.concurrent.ThreadPoolExecutor.runWorker(ThreadPoolExecutor.java:1142)
	at java.util.concurrent.ThreadPoolExecutor$Worker.run(ThreadPoolExecutor.java:617)
	at org.apache.tomcat.util.threads.TaskThread$WrappingRunnable.run(TaskThread.java:61)
	at java.lang.Thread.run(Thread.java:745)

2016-05-19 10:32:14.593 DEBUG 9212 --- [http-nio-9292-exec-7] o.s.s.w.util.matcher.AndRequestMatcher   : Trying to match using Ant [pattern='/**', GET]
2016-05-19 10:32:14.594 DEBUG 9212 --- [http-nio-9292-exec-7] o.s.s.w.u.matcher.AntPathRequestMatcher  : Request '/index.html' matched by universal pattern '/**'
2016-05-19 10:32:14.594 DEBUG 9212 --- [http-nio-9292-exec-7] o.s.s.w.util.matcher.AndRequestMatcher   : Trying to match using NegatedRequestMatcher [requestMatcher=Ant [pattern='/**/favicon.ico']]
2016-05-19 10:32:14.594 DEBUG 9212 --- [http-nio-9292-exec-7] o.s.s.w.u.matcher.AntPathRequestMatcher  : Checking match of request : '/index.html'; against '/**/favicon.ico'
2016-05-19 10:32:14.594 DEBUG 9212 --- [http-nio-9292-exec-7] o.s.s.w.u.matcher.NegatedRequestMatcher  : matches = true
2016-05-19 10:32:14.594 DEBUG 9212 --- [http-nio-9292-exec-7] o.s.s.w.util.matcher.AndRequestMatcher   : Trying to match using NegatedRequestMatcher [requestMatcher=MediaTypeRequestMatcher [contentNegotiationStrategy=org.springframework.web.accept.ContentNegotiationManager@19b80077, matchingMediaTypes=[application/json], useEquals=false, ignoredMediaTypes=[*/*]]]
2016-05-19 10:32:14.594 DEBUG 9212 --- [http-nio-9292-exec-7] o.s.s.w.u.m.MediaTypeRequestMatcher      : httpRequestMediaTypes=[text/html]
2016-05-19 10:32:14.594 DEBUG 9212 --- [http-nio-9292-exec-7] o.s.s.w.u.m.MediaTypeRequestMatcher      : Processing text/html
2016-05-19 10:32:14.594 DEBUG 9212 --- [http-nio-9292-exec-7] o.s.s.w.u.m.MediaTypeRequestMatcher      : application/json .isCompatibleWith text/html = false
2016-05-19 10:32:14.594 DEBUG 9212 --- [http-nio-9292-exec-7] o.s.s.w.u.m.MediaTypeRequestMatcher      : Did not match any media types
2016-05-19 10:32:14.594 DEBUG 9212 --- [http-nio-9292-exec-7] o.s.s.w.u.matcher.NegatedRequestMatcher  : matches = true
2016-05-19 10:32:14.594 DEBUG 9212 --- [http-nio-9292-exec-7] o.s.s.w.util.matcher.AndRequestMatcher   : Trying to match using NegatedRequestMatcher [requestMatcher=RequestHeaderRequestMatcher [expectedHeaderName=X-Requested-With, expectedHeaderValue=XMLHttpRequest]]
2016-05-19 10:32:14.594 DEBUG 9212 --- [http-nio-9292-exec-7] o.s.s.w.u.matcher.NegatedRequestMatcher  : matches = true
2016-05-19 10:32:14.594 DEBUG 9212 --- [http-nio-9292-exec-7] o.s.s.w.util.matcher.AndRequestMatcher   : All requestMatchers returned true
2016-05-19 10:32:14.594 DEBUG 9212 --- [http-nio-9292-exec-7] o.s.s.w.s.HttpSessionRequestCache        : DefaultSavedRequest added to Session: DefaultSavedRequest[http://localhost:9292/index.html]
2016-05-19 10:32:14.594 DEBUG 9212 --- [http-nio-9292-exec-7] o.s.s.w.a.ExceptionTranslationFilter     : Calling Authentication entry point.
2016-05-19 10:32:14.594 DEBUG 9212 --- [http-nio-9292-exec-7] o.s.s.web.DefaultRedirectStrategy        : Redirecting to 'http://localhost:9292/login'
2016-05-19 10:32:14.594 DEBUG 9212 --- [http-nio-9292-exec-7] o.s.s.w.header.writers.HstsHeaderWriter  : Not injecting HSTS header since it did not match the requestMatcher org.springframework.security.web.header.writers.HstsHeaderWriter$SecureRequestMatcher@74235bac
2016-05-19 10:32:14.594 DEBUG 9212 --- [http-nio-9292-exec-7] w.c.HttpSessionSecurityContextRepository : SecurityContext is empty or contents are anonymous - context will not be stored in HttpSession.
2016-05-19 10:32:14.594 DEBUG 9212 --- [http-nio-9292-exec-7] s.s.w.c.SecurityContextPersistenceFilter : SecurityContextHolder now cleared, as request processing completed
2016-05-19 10:32:14.609 DEBUG 9212 --- [http-nio-9292-exec-8] o.s.s.web.util.matcher.OrRequestMatcher  : Trying to match using Ant [pattern='/css/**']
2016-05-19 10:32:14.609 DEBUG 9212 --- [http-nio-9292-exec-8] o.s.s.w.u.matcher.AntPathRequestMatcher  : Checking match of request : '/login'; against '/css/**'
2016-05-19 10:32:14.609 DEBUG 9212 --- [http-nio-9292-exec-8] o.s.s.web.util.matcher.OrRequestMatcher  : Trying to match using Ant [pattern='/js/**']
2016-05-19 10:32:14.609 DEBUG 9212 --- [http-nio-9292-exec-8] o.s.s.w.u.matcher.AntPathRequestMatcher  : Checking match of request : '/login'; against '/js/**'
2016-05-19 10:32:14.609 DEBUG 9212 --- [http-nio-9292-exec-8] o.s.s.web.util.matcher.OrRequestMatcher  : Trying to match using Ant [pattern='/images/**']
2016-05-19 10:32:14.609 DEBUG 9212 --- [http-nio-9292-exec-8] o.s.s.w.u.matcher.AntPathRequestMatcher  : Checking match of request : '/login'; against '/images/**'
2016-05-19 10:32:14.609 DEBUG 9212 --- [http-nio-9292-exec-8] o.s.s.web.util.matcher.OrRequestMatcher  : Trying to match using Ant [pattern='/**/favicon.ico']
2016-05-19 10:32:14.609 DEBUG 9212 --- [http-nio-9292-exec-8] o.s.s.w.u.matcher.AntPathRequestMatcher  : Checking match of request : '/login'; against '/**/favicon.ico'
2016-05-19 10:32:14.610 DEBUG 9212 --- [http-nio-9292-exec-8] o.s.s.web.util.matcher.OrRequestMatcher  : Trying to match using Ant [pattern='/error']
2016-05-19 10:32:14.610 DEBUG 9212 --- [http-nio-9292-exec-8] o.s.s.w.u.matcher.AntPathRequestMatcher  : Checking match of request : '/login'; against '/error'
2016-05-19 10:32:14.610 DEBUG 9212 --- [http-nio-9292-exec-8] o.s.s.web.util.matcher.OrRequestMatcher  : No matches found
2016-05-19 10:32:14.610 DEBUG 9212 --- [http-nio-9292-exec-8] o.s.s.w.u.matcher.AntPathRequestMatcher  : Checking match of request : '/login'; against '/management/**'
2016-05-19 10:32:14.610 DEBUG 9212 --- [http-nio-9292-exec-8] o.s.security.web.FilterChainProxy        : /login at position 1 of 12 in additional filter chain; firing Filter: 'WebAsyncManagerIntegrationFilter'
2016-05-19 10:32:14.610 DEBUG 9212 --- [http-nio-9292-exec-8] o.s.security.web.FilterChainProxy        : /login at position 2 of 12 in additional filter chain; firing Filter: 'SecurityContextPersistenceFilter'
2016-05-19 10:32:14.610 DEBUG 9212 --- [http-nio-9292-exec-8] w.c.HttpSessionSecurityContextRepository : HttpSession returned null object for SPRING_SECURITY_CONTEXT
2016-05-19 10:32:14.610 DEBUG 9212 --- [http-nio-9292-exec-8] w.c.HttpSessionSecurityContextRepository : No SecurityContext was available from the HttpSession: org.apache.catalina.session.StandardSessionFacade@2d3d137b. A new one will be created.
2016-05-19 10:32:14.610 DEBUG 9212 --- [http-nio-9292-exec-8] o.s.security.web.FilterChainProxy        : /login at position 3 of 12 in additional filter chain; firing Filter: 'HeaderWriterFilter'
2016-05-19 10:32:14.618 DEBUG 9212 --- [http-nio-9292-exec-8] o.s.security.web.FilterChainProxy        : /login at position 4 of 12 in additional filter chain; firing Filter: 'CsrfFilter'
2016-05-19 10:32:14.618 DEBUG 9212 --- [http-nio-9292-exec-8] o.s.security.web.FilterChainProxy        : /login at position 5 of 12 in additional filter chain; firing Filter: 'LogoutFilter'
2016-05-19 10:32:14.618 DEBUG 9212 --- [http-nio-9292-exec-8] o.s.s.w.u.matcher.AntPathRequestMatcher  : Request 'GET /login' doesn't match 'POST /logout
2016-05-19 10:32:14.618 DEBUG 9212 --- [http-nio-9292-exec-8] o.s.security.web.FilterChainProxy        : /login at position 6 of 12 in additional filter chain; firing Filter: 'UsernamePasswordAuthenticationFilter'
2016-05-19 10:32:14.618 DEBUG 9212 --- [http-nio-9292-exec-8] o.s.s.w.u.matcher.AntPathRequestMatcher  : Request 'GET /login' doesn't match 'POST /login
2016-05-19 10:32:14.618 DEBUG 9212 --- [http-nio-9292-exec-8] o.s.security.web.FilterChainProxy        : /login at position 7 of 12 in additional filter chain; firing Filter: 'DefaultLoginPageGeneratingFilter'
2016-05-19 10:32:14.618 DEBUG 9212 --- [http-nio-9292-exec-8] o.s.s.w.header.writers.HstsHeaderWriter  : Not injecting HSTS header since it did not match the requestMatcher org.springframework.security.web.header.writers.HstsHeaderWriter$SecureRequestMatcher@74235bac
2016-05-19 10:32:14.618 DEBUG 9212 --- [http-nio-9292-exec-8] w.c.HttpSessionSecurityContextRepository : SecurityContext is empty or contents are anonymous - context will not be stored in HttpSession.
2016-05-19 10:32:14.618 DEBUG 9212 --- [http-nio-9292-exec-8] s.s.w.c.SecurityContextPersistenceFilter : SecurityContextHolder now cleared, as request processing completed
2016-05-19 10:32:25.730 DEBUG 9212 --- [http-nio-9292-exec-9] o.s.s.web.util.matcher.OrRequestMatcher  : Trying to match using Ant [pattern='/css/**']
2016-05-19 10:32:25.731 DEBUG 9212 --- [http-nio-9292-exec-9] o.s.s.w.u.matcher.AntPathRequestMatcher  : Checking match of request : '/management/logfile'; against '/css/**'
2016-05-19 10:32:25.731 DEBUG 9212 --- [http-nio-9292-exec-9] o.s.s.web.util.matcher.OrRequestMatcher  : Trying to match using Ant [pattern='/js/**']
2016-05-19 10:32:25.731 DEBUG 9212 --- [http-nio-9292-exec-9] o.s.s.w.u.matcher.AntPathRequestMatcher  : Checking match of request : '/management/logfile'; against '/js/**'
2016-05-19 10:32:25.731 DEBUG 9212 --- [http-nio-9292-exec-9] o.s.s.web.util.matcher.OrRequestMatcher  : Trying to match using Ant [pattern='/images/**']
2016-05-19 10:32:25.731 DEBUG 9212 --- [http-nio-9292-exec-9] o.s.s.w.u.matcher.AntPathRequestMatcher  : Checking match of request : '/management/logfile'; against '/images/**'
2016-05-19 10:32:25.731 DEBUG 9212 --- [http-nio-9292-exec-9] o.s.s.web.util.matcher.OrRequestMatcher  : Trying to match using Ant [pattern='/**/favicon.ico']
2016-05-19 10:32:25.731 DEBUG 9212 --- [http-nio-9292-exec-9] o.s.s.w.u.matcher.AntPathRequestMatcher  : Checking match of request : '/management/logfile'; against '/**/favicon.ico'
2016-05-19 10:32:25.731 DEBUG 9212 --- [http-nio-9292-exec-9] o.s.s.web.util.matcher.OrRequestMatcher  : Trying to match using Ant [pattern='/error']
2016-05-19 10:32:25.731 DEBUG 9212 --- [http-nio-9292-exec-9] o.s.s.w.u.matcher.AntPathRequestMatcher  : Checking match of request : '/management/logfile'; against '/error'
2016-05-19 10:32:25.731 DEBUG 9212 --- [http-nio-9292-exec-9] o.s.s.web.util.matcher.OrRequestMatcher  : No matches found
2016-05-19 10:32:25.731 DEBUG 9212 --- [http-nio-9292-exec-9] o.s.s.w.u.matcher.AntPathRequestMatcher  : Checking match of request : '/management/logfile'; against '/management/**'
2016-05-19 10:32:25.731 DEBUG 9212 --- [http-nio-9292-exec-9] o.s.security.web.FilterChainProxy        : /management/logfile at position 1 of 11 in additional filter chain; firing Filter: 'WebAsyncManagerIntegrationFilter'
2016-05-19 10:32:25.731 DEBUG 9212 --- [http-nio-9292-exec-9] o.s.security.web.FilterChainProxy        : /management/logfile at position 2 of 11 in additional filter chain; firing Filter: 'SecurityContextPersistenceFilter'
2016-05-19 10:32:25.731 DEBUG 9212 --- [http-nio-9292-exec-9] o.s.security.web.FilterChainProxy        : /management/logfile at position 3 of 11 in additional filter chain; firing Filter: 'HeaderWriterFilter'
2016-05-19 10:32:25.731 DEBUG 9212 --- [http-nio-9292-exec-9] o.s.security.web.FilterChainProxy        : /management/logfile at position 4 of 11 in additional filter chain; firing Filter: 'LogoutFilter'
2016-05-19 10:32:25.732 DEBUG 9212 --- [http-nio-9292-exec-9] o.s.s.w.u.matcher.AntPathRequestMatcher  : Checking match of request : '/management/logfile'; against '/logout'
2016-05-19 10:32:25.732 DEBUG 9212 --- [http-nio-9292-exec-9] o.s.security.web.FilterChainProxy        : /management/logfile at position 5 of 11 in additional filter chain; firing Filter: 'BasicAuthenticationFilter'
2016-05-19 10:32:25.732 DEBUG 9212 --- [http-nio-9292-exec-9] o.s.s.w.a.www.BasicAuthenticationFilter  : Basic Authentication Authorization header found for user 'admin'
2016-05-19 10:32:25.732 DEBUG 9212 --- [http-nio-9292-exec-9] o.s.s.authentication.ProviderManager     : Authentication attempt using org.springframework.security.authentication.dao.DaoAuthenticationProvider
2016-05-19 10:32:25.733 DEBUG 9212 --- [http-nio-9292-exec-9] o.s.s.w.a.www.BasicAuthenticationFilter  : Authentication success: org.springframework.security.authentication.UsernamePasswordAuthenticationToken@13b4855: Principal: org.springframework.security.core.userdetails.User@586034f: Username: admin; Password: [PROTECTED]; Enabled: true; AccountNonExpired: true; credentialsNonExpired: true; AccountNonLocked: true; Granted Authorities: ROLE_ADMIN,ROLE_USER; Credentials: [PROTECTED]; Authenticated: true; Details: org.springframework.security.web.authentication.WebAuthenticationDetails@fffc7f0c: RemoteIpAddress: 0:0:0:0:0:0:0:1; SessionId: 9FB42AD67B9B973F1DB487A7CBFEB1D5; Granted Authorities: ROLE_ADMIN, ROLE_USER
2016-05-19 10:32:25.733 DEBUG 9212 --- [http-nio-9292-exec-9] o.s.security.web.FilterChainProxy        : /management/logfile at position 6 of 11 in additional filter chain; firing Filter: 'RequestCacheAwareFilter'
2016-05-19 10:32:25.733 DEBUG 9212 --- [http-nio-9292-exec-9] o.s.security.web.FilterChainProxy        : /management/logfile at position 7 of 11 in additional filter chain; firing Filter: 'SecurityContextHolderAwareRequestFilter'
2016-05-19 10:32:25.733 DEBUG 9212 --- [http-nio-9292-exec-9] o.s.security.web.FilterChainProxy        : /management/logfile at position 8 of 11 in additional filter chain; firing Filter: 'AnonymousAuthenticationFilter'
2016-05-19 10:32:25.733 DEBUG 9212 --- [http-nio-9292-exec-9] o.s.s.w.a.AnonymousAuthenticationFilter  : SecurityContextHolder not populated with anonymous token, as it already contained: 'org.springframework.security.authentication.UsernamePasswordAuthenticationToken@13b4855: Principal: org.springframework.security.core.userdetails.User@586034f: Username: admin; Password: [PROTECTED]; Enabled: true; AccountNonExpired: true; credentialsNonExpired: true; AccountNonLocked: true; Granted Authorities: ROLE_ADMIN,ROLE_USER; Credentials: [PROTECTED]; Authenticated: true; Details: org.springframework.security.web.authentication.WebAuthenticationDetails@fffc7f0c: RemoteIpAddress: 0:0:0:0:0:0:0:1; SessionId: 9FB42AD67B9B973F1DB487A7CBFEB1D5; Granted Authorities: ROLE_ADMIN, ROLE_USER'
2016-05-19 10:32:25.733 DEBUG 9212 --- [http-nio-9292-exec-9] o.s.security.web.FilterChainProxy        : /management/logfile at position 9 of 11 in additional filter chain; firing Filter: 'SessionManagementFilter'
2016-05-19 10:32:25.733 DEBUG 9212 --- [http-nio-9292-exec-9] s.CompositeSessionAuthenticationStrategy : Delegating to org.springframework.security.web.authentication.session.ChangeSessionIdAuthenticationStrategy@78ba53fc
2016-05-19 10:32:25.733 DEBUG 9212 --- [http-nio-9292-exec-9] o.s.security.web.FilterChainProxy        : /management/logfile at position 10 of 11 in additional filter chain; firing Filter: 'ExceptionTranslationFilter'
2016-05-19 10:32:25.734 DEBUG 9212 --- [http-nio-9292-exec-9] o.s.security.web.FilterChainProxy        : /management/logfile at position 11 of 11 in additional filter chain; firing Filter: 'FilterSecurityInterceptor'
2016-05-19 10:32:25.734 DEBUG 9212 --- [http-nio-9292-exec-9] o.s.s.web.util.matcher.OrRequestMatcher  : Trying to match using Ant [pattern='/management/health']
2016-05-19 10:32:25.734 DEBUG 9212 --- [http-nio-9292-exec-9] o.s.s.w.u.matcher.AntPathRequestMatcher  : Checking match of request : '/management/logfile'; against '/management/health'
2016-05-19 10:32:25.736 DEBUG 9212 --- [http-nio-9292-exec-9] o.s.s.web.util.matcher.OrRequestMatcher  : Trying to match using Ant [pattern='/management/health/']
2016-05-19 10:32:25.736 DEBUG 9212 --- [http-nio-9292-exec-9] o.s.s.w.u.matcher.AntPathRequestMatcher  : Checking match of request : '/management/logfile'; against '/management/health/'
2016-05-19 10:32:25.736 DEBUG 9212 --- [http-nio-9292-exec-9] o.s.s.web.util.matcher.OrRequestMatcher  : No matches found
2016-05-19 10:32:25.736 DEBUG 9212 --- [http-nio-9292-exec-9] o.s.s.w.a.i.FilterSecurityInterceptor    : Secure object: FilterInvocation: URL: /management/logfile; Attributes: [hasRole('ROLE_ADMIN')]
2016-05-19 10:32:25.736 DEBUG 9212 --- [http-nio-9292-exec-9] o.s.s.w.a.i.FilterSecurityInterceptor    : Previously Authenticated: org.springframework.security.authentication.UsernamePasswordAuthenticationToken@13b4855: Principal: org.springframework.security.core.userdetails.User@586034f: Username: admin; Password: [PROTECTED]; Enabled: true; AccountNonExpired: true; credentialsNonExpired: true; AccountNonLocked: true; Granted Authorities: ROLE_ADMIN,ROLE_USER; Credentials: [PROTECTED]; Authenticated: true; Details: org.springframework.security.web.authentication.WebAuthenticationDetails@fffc7f0c: RemoteIpAddress: 0:0:0:0:0:0:0:1; SessionId: 9FB42AD67B9B973F1DB487A7CBFEB1D5; Granted Authorities: ROLE_ADMIN, ROLE_USER
2016-05-19 10:32:25.737 DEBUG 9212 --- [http-nio-9292-exec-9] o.s.s.access.vote.AffirmativeBased       : Voter: org.springframework.security.web.access.expression.WebExpressionVoter@63dd61fc, returned: 1
2016-05-19 10:32:25.737 DEBUG 9212 --- [http-nio-9292-exec-9] o.s.s.w.a.i.FilterSecurityInterceptor    : Authorization successful
2016-05-19 10:32:25.737 DEBUG 9212 --- [http-nio-9292-exec-9] o.s.s.w.a.i.FilterSecurityInterceptor    : RunAsManager did not change Authentication object
2016-05-19 10:32:25.737 DEBUG 9212 --- [http-nio-9292-exec-9] o.s.security.web.FilterChainProxy        : /management/logfile reached end of additional filter chain; proceeding with original chain
2016-05-19 10:32:25.738  WARN 9212 --- [http-nio-9292-exec-9] o.s.w.s.r.ResourceHttpRequestHandler     : Locations list is empty. No resources will be served unless a custom ResourceResolver is configured as an alternative to PathResourceResolver.
2016-05-19 10:32:25.739 DEBUG 9212 --- [http-nio-9292-exec-9] o.s.s.w.header.writers.HstsHeaderWriter  : Not injecting HSTS header since it did not match the requestMatcher org.springframework.security.web.header.writers.HstsHeaderWriter$SecureRequestMatcher@594cea3
2016-05-19 10:32:25.882 DEBUG 9212 --- [http-nio-9292-exec-9] o.s.s.w.a.ExceptionTranslationFilter     : Chain processed normally
2016-05-19 10:32:25.884 DEBUG 9212 --- [http-nio-9292-exec-9] s.s.w.c.SecurityContextPersistenceFilter : SecurityContextHolder now cleared, as request processing completed
2016-05-19 10:32:26.759 DEBUG 9212 --- [http-nio-9292-exec-10] o.s.s.web.util.matcher.OrRequestMatcher  : Trying to match using Ant [pattern='/css/**']
2016-05-19 10:32:26.760 DEBUG 9212 --- [http-nio-9292-exec-10] o.s.s.w.u.matcher.AntPathRequestMatcher  : Checking match of request : '/favicon.ico'; against '/css/**'
2016-05-19 10:32:26.760 DEBUG 9212 --- [http-nio-9292-exec-10] o.s.s.web.util.matcher.OrRequestMatcher  : Trying to match using Ant [pattern='/js/**']
2016-05-19 10:32:26.760 DEBUG 9212 --- [http-nio-9292-exec-10] o.s.s.w.u.matcher.AntPathRequestMatcher  : Checking match of request : '/favicon.ico'; against '/js/**'
2016-05-19 10:32:26.760 DEBUG 9212 --- [http-nio-9292-exec-10] o.s.s.web.util.matcher.OrRequestMatcher  : Trying to match using Ant [pattern='/images/**']
2016-05-19 10:32:26.760 DEBUG 9212 --- [http-nio-9292-exec-10] o.s.s.w.u.matcher.AntPathRequestMatcher  : Checking match of request : '/favicon.ico'; against '/images/**'
2016-05-19 10:32:26.760 DEBUG 9212 --- [http-nio-9292-exec-10] o.s.s.web.util.matcher.OrRequestMatcher  : Trying to match using Ant [pattern='/**/favicon.ico']
2016-05-19 10:32:26.760 DEBUG 9212 --- [http-nio-9292-exec-10] o.s.s.w.u.matcher.AntPathRequestMatcher  : Checking match of request : '/favicon.ico'; against '/**/favicon.ico'
2016-05-19 10:32:26.760 DEBUG 9212 --- [http-nio-9292-exec-10] o.s.s.web.util.matcher.OrRequestMatcher  : matched
2016-05-19 10:32:26.760 DEBUG 9212 --- [http-nio-9292-exec-10] o.s.security.web.FilterChainProxy        : /favicon.ico has an empty filter list
2016-05-19 10:32:49.800 DEBUG 9212 --- [http-nio-9292-exec-1] o.s.s.web.util.matcher.OrRequestMatcher  : Trying to match using Ant [pattern='/css/**']
2016-05-19 10:32:49.800 DEBUG 9212 --- [http-nio-9292-exec-1] o.s.s.w.u.matcher.AntPathRequestMatcher  : Checking match of request : '/management/logfile'; against '/css/**'
2016-05-19 10:32:49.800 DEBUG 9212 --- [http-nio-9292-exec-1] o.s.s.web.util.matcher.OrRequestMatcher  : Trying to match using Ant [pattern='/js/**']
2016-05-19 10:32:49.800 DEBUG 9212 --- [http-nio-9292-exec-1] o.s.s.w.u.matcher.AntPathRequestMatcher  : Checking match of request : '/management/logfile'; against '/js/**'
2016-05-19 10:32:49.800 DEBUG 9212 --- [http-nio-9292-exec-1] o.s.s.web.util.matcher.OrRequestMatcher  : Trying to match using Ant [pattern='/images/**']
2016-05-19 10:32:49.800 DEBUG 9212 --- [http-nio-9292-exec-1] o.s.s.w.u.matcher.AntPathRequestMatcher  : Checking match of request : '/management/logfile'; against '/images/**'
2016-05-19 10:32:49.800 DEBUG 9212 --- [http-nio-9292-exec-1] o.s.s.web.util.matcher.OrRequestMatcher  : Trying to match using Ant [pattern='/**/favicon.ico']
2016-05-19 10:32:49.800 DEBUG 9212 --- [http-nio-9292-exec-1] o.s.s.w.u.matcher.AntPathRequestMatcher  : Checking match of request : '/management/logfile'; against '/**/favicon.ico'
2016-05-19 10:32:49.800 DEBUG 9212 --- [http-nio-9292-exec-1] o.s.s.web.util.matcher.OrRequestMatcher  : Trying to match using Ant [pattern='/error']
2016-05-19 10:32:49.800 DEBUG 9212 --- [http-nio-9292-exec-1] o.s.s.w.u.matcher.AntPathRequestMatcher  : Checking match of request : '/management/logfile'; against '/error'
2016-05-19 10:32:49.800 DEBUG 9212 --- [http-nio-9292-exec-1] o.s.s.web.util.matcher.OrRequestMatcher  : No matches found
2016-05-19 10:32:49.800 DEBUG 9212 --- [http-nio-9292-exec-1] o.s.s.w.u.matcher.AntPathRequestMatcher  : Checking match of request : '/management/logfile'; against '/management/**'
2016-05-19 10:32:49.800 DEBUG 9212 --- [http-nio-9292-exec-1] o.s.security.web.FilterChainProxy        : /management/logfile at position 1 of 11 in additional filter chain; firing Filter: 'WebAsyncManagerIntegrationFilter'
2016-05-19 10:32:49.800 DEBUG 9212 --- [http-nio-9292-exec-1] o.s.security.web.FilterChainProxy        : /management/logfile at position 2 of 11 in additional filter chain; firing Filter: 'SecurityContextPersistenceFilter'
2016-05-19 10:32:49.800 DEBUG 9212 --- [http-nio-9292-exec-1] o.s.security.web.FilterChainProxy        : /management/logfile at position 3 of 11 in additional filter chain; firing Filter: 'HeaderWriterFilter'
2016-05-19 10:32:49.800 DEBUG 9212 --- [http-nio-9292-exec-1] o.s.security.web.FilterChainProxy        : /management/logfile at position 4 of 11 in additional filter chain; firing Filter: 'LogoutFilter'
2016-05-19 10:32:49.800 DEBUG 9212 --- [http-nio-9292-exec-1] o.s.s.w.u.matcher.AntPathRequestMatcher  : Checking match of request : '/management/logfile'; against '/logout'
2016-05-19 10:32:49.800 DEBUG 9212 --- [http-nio-9292-exec-1] o.s.security.web.FilterChainProxy        : /management/logfile at position 5 of 11 in additional filter chain; firing Filter: 'BasicAuthenticationFilter'
2016-05-19 10:32:49.801 DEBUG 9212 --- [http-nio-9292-exec-1] o.s.s.w.a.www.BasicAuthenticationFilter  : Basic Authentication Authorization header found for user 'admin'
2016-05-19 10:32:49.801 DEBUG 9212 --- [http-nio-9292-exec-1] o.s.s.authentication.ProviderManager     : Authentication attempt using org.springframework.security.authentication.dao.DaoAuthenticationProvider
2016-05-19 10:32:49.801 DEBUG 9212 --- [http-nio-9292-exec-1] o.s.s.w.a.www.BasicAuthenticationFilter  : Authentication success: org.springframework.security.authentication.UsernamePasswordAuthenticationToken@13cfcf1: Principal: org.springframework.security.core.userdetails.User@586034f: Username: admin; Password: [PROTECTED]; Enabled: true; AccountNonExpired: true; credentialsNonExpired: true; AccountNonLocked: true; Granted Authorities: ROLE_ADMIN,ROLE_USER; Credentials: [PROTECTED]; Authenticated: true; Details: org.springframework.security.web.authentication.WebAuthenticationDetails@fffbcba8: RemoteIpAddress: 0:0:0:0:0:0:0:1; SessionId: 00F0FA265D199BD6E915FA998A18B468; Granted Authorities: ROLE_ADMIN, ROLE_USER
2016-05-19 10:32:49.801 DEBUG 9212 --- [http-nio-9292-exec-1] o.s.security.web.FilterChainProxy        : /management/logfile at position 6 of 11 in additional filter chain; firing Filter: 'RequestCacheAwareFilter'
2016-05-19 10:32:49.801 DEBUG 9212 --- [http-nio-9292-exec-1] o.s.security.web.FilterChainProxy        : /management/logfile at position 7 of 11 in additional filter chain; firing Filter: 'SecurityContextHolderAwareRequestFilter'
2016-05-19 10:32:49.801 DEBUG 9212 --- [http-nio-9292-exec-1] o.s.security.web.FilterChainProxy        : /management/logfile at position 8 of 11 in additional filter chain; firing Filter: 'AnonymousAuthenticationFilter'
2016-05-19 10:32:49.801 DEBUG 9212 --- [http-nio-9292-exec-1] o.s.s.w.a.AnonymousAuthenticationFilter  : SecurityContextHolder not populated with anonymous token, as it already contained: 'org.springframework.security.authentication.UsernamePasswordAuthenticationToken@13cfcf1: Principal: org.springframework.security.core.userdetails.User@586034f: Username: admin; Password: [PROTECTED]; Enabled: true; AccountNonExpired: true; credentialsNonExpired: true; AccountNonLocked: true; Granted Authorities: ROLE_ADMIN,ROLE_USER; Credentials: [PROTECTED]; Authenticated: true; Details: org.springframework.security.web.authentication.WebAuthenticationDetails@fffbcba8: RemoteIpAddress: 0:0:0:0:0:0:0:1; SessionId: 00F0FA265D199BD6E915FA998A18B468; Granted Authorities: ROLE_ADMIN, ROLE_USER'
2016-05-19 10:32:49.801 DEBUG 9212 --- [http-nio-9292-exec-1] o.s.security.web.FilterChainProxy        : /management/logfile at position 9 of 11 in additional filter chain; firing Filter: 'SessionManagementFilter'
2016-05-19 10:32:49.801 DEBUG 9212 --- [http-nio-9292-exec-1] s.CompositeSessionAuthenticationStrategy : Delegating to org.springframework.security.web.authentication.session.ChangeSessionIdAuthenticationStrategy@78ba53fc
2016-05-19 10:32:49.801 DEBUG 9212 --- [http-nio-9292-exec-1] o.s.security.web.FilterChainProxy        : /management/logfile at position 10 of 11 in additional filter chain; firing Filter: 'ExceptionTranslationFilter'
2016-05-19 10:32:49.801 DEBUG 9212 --- [http-nio-9292-exec-1] o.s.security.web.FilterChainProxy        : /management/logfile at position 11 of 11 in additional filter chain; firing Filter: 'FilterSecurityInterceptor'
2016-05-19 10:32:49.801 DEBUG 9212 --- [http-nio-9292-exec-1] o.s.s.web.util.matcher.OrRequestMatcher  : Trying to match using Ant [pattern='/management/health']
2016-05-19 10:32:49.801 DEBUG 9212 --- [http-nio-9292-exec-1] o.s.s.w.u.matcher.AntPathRequestMatcher  : Checking match of request : '/management/logfile'; against '/management/health'
2016-05-19 10:32:49.801 DEBUG 9212 --- [http-nio-9292-exec-1] o.s.s.web.util.matcher.OrRequestMatcher  : Trying to match using Ant [pattern='/management/health/']
2016-05-19 10:32:49.801 DEBUG 9212 --- [http-nio-9292-exec-1] o.s.s.w.u.matcher.AntPathRequestMatcher  : Checking match of request : '/management/logfile'; against '/management/health/'
2016-05-19 10:32:49.801 DEBUG 9212 --- [http-nio-9292-exec-1] o.s.s.web.util.matcher.OrRequestMatcher  : No matches found
2016-05-19 10:32:49.802 DEBUG 9212 --- [http-nio-9292-exec-1] o.s.s.w.a.i.FilterSecurityInterceptor    : Secure object: FilterInvocation: URL: /management/logfile; Attributes: [hasRole('ROLE_ADMIN')]
2016-05-19 10:32:49.802 DEBUG 9212 --- [http-nio-9292-exec-1] o.s.s.w.a.i.FilterSecurityInterceptor    : Previously Authenticated: org.springframework.security.authentication.UsernamePasswordAuthenticationToken@13cfcf1: Principal: org.springframework.security.core.userdetails.User@586034f: Username: admin; Password: [PROTECTED]; Enabled: true; AccountNonExpired: true; credentialsNonExpired: true; AccountNonLocked: true; Granted Authorities: ROLE_ADMIN,ROLE_USER; Credentials: [PROTECTED]; Authenticated: true; Details: org.springframework.security.web.authentication.WebAuthenticationDetails@fffbcba8: RemoteIpAddress: 0:0:0:0:0:0:0:1; SessionId: 00F0FA265D199BD6E915FA998A18B468; Granted Authorities: ROLE_ADMIN, ROLE_USER
2016-05-19 10:32:49.802 DEBUG 9212 --- [http-nio-9292-exec-1] o.s.s.access.vote.AffirmativeBased       : Voter: org.springframework.security.web.access.expression.WebExpressionVoter@63dd61fc, returned: 1
2016-05-19 10:32:49.802 DEBUG 9212 --- [http-nio-9292-exec-1] o.s.s.w.a.i.FilterSecurityInterceptor    : Authorization successful
2016-05-19 10:32:49.802 DEBUG 9212 --- [http-nio-9292-exec-1] o.s.s.w.a.i.FilterSecurityInterceptor    : RunAsManager did not change Authentication object
2016-05-19 10:32:49.802 DEBUG 9212 --- [http-nio-9292-exec-1] o.s.security.web.FilterChainProxy        : /management/logfile reached end of additional filter chain; proceeding with original chain
2016-05-19 10:32:49.803  WARN 9212 --- [http-nio-9292-exec-1] o.s.w.s.r.ResourceHttpRequestHandler     : Locations list is empty. No resources will be served unless a custom ResourceResolver is configured as an alternative to PathResourceResolver.
2016-05-19 10:32:49.803 DEBUG 9212 --- [http-nio-9292-exec-1] o.s.s.w.header.writers.HstsHeaderWriter  : Not injecting HSTS header since it did not match the requestMatcher org.springframework.security.web.header.writers.HstsHeaderWriter$SecureRequestMatcher@594cea3
2016-05-19 10:32:49.913 DEBUG 9212 --- [http-nio-9292-exec-1] o.s.s.w.a.ExceptionTranslationFilter     : Chain processed normally
2016-05-19 10:32:49.913 DEBUG 9212 --- [http-nio-9292-exec-1] s.s.w.c.SecurityContextPersistenceFilter : SecurityContextHolder now cleared, as request processing completed
2016-05-19 10:32:50.795 DEBUG 9212 --- [http-nio-9292-exec-2] o.s.s.web.util.matcher.OrRequestMatcher  : Trying to match using Ant [pattern='/css/**']
2016-05-19 10:32:50.796 DEBUG 9212 --- [http-nio-9292-exec-2] o.s.s.w.u.matcher.AntPathRequestMatcher  : Checking match of request : '/favicon.ico'; against '/css/**'
2016-05-19 10:32:50.796 DEBUG 9212 --- [http-nio-9292-exec-2] o.s.s.web.util.matcher.OrRequestMatcher  : Trying to match using Ant [pattern='/js/**']
2016-05-19 10:32:50.796 DEBUG 9212 --- [http-nio-9292-exec-2] o.s.s.w.u.matcher.AntPathRequestMatcher  : Checking match of request : '/favicon.ico'; against '/js/**'
2016-05-19 10:32:50.796 DEBUG 9212 --- [http-nio-9292-exec-2] o.s.s.web.util.matcher.OrRequestMatcher  : Trying to match using Ant [pattern='/images/**']
2016-05-19 10:32:50.796 DEBUG 9212 --- [http-nio-9292-exec-2] o.s.s.w.u.matcher.AntPathRequestMatcher  : Checking match of request : '/favicon.ico'; against '/images/**'
2016-05-19 10:32:50.796 DEBUG 9212 --- [http-nio-9292-exec-2] o.s.s.web.util.matcher.OrRequestMatcher  : Trying to match using Ant [pattern='/**/favicon.ico']
2016-05-19 10:32:50.796 DEBUG 9212 --- [http-nio-9292-exec-2] o.s.s.w.u.matcher.AntPathRequestMatcher  : Checking match of request : '/favicon.ico'; against '/**/favicon.ico'
2016-05-19 10:32:50.796 DEBUG 9212 --- [http-nio-9292-exec-2] o.s.s.web.util.matcher.OrRequestMatcher  : matched
2016-05-19 10:32:50.797 DEBUG 9212 --- [http-nio-9292-exec-2] o.s.security.web.FilterChainProxy        : /favicon.ico has an empty filter list
2016-05-19 10:32:53.201 DEBUG 9212 --- [http-nio-9292-exec-3] o.s.s.web.util.matcher.OrRequestMatcher  : Trying to match using Ant [pattern='/css/**']
2016-05-19 10:32:53.201 DEBUG 9212 --- [http-nio-9292-exec-3] o.s.s.w.u.matcher.AntPathRequestMatcher  : Checking match of request : '/management/logfile'; against '/css/**'
2016-05-19 10:32:53.201 DEBUG 9212 --- [http-nio-9292-exec-3] o.s.s.web.util.matcher.OrRequestMatcher  : Trying to match using Ant [pattern='/js/**']
2016-05-19 10:32:53.201 DEBUG 9212 --- [http-nio-9292-exec-3] o.s.s.w.u.matcher.AntPathRequestMatcher  : Checking match of request : '/management/logfile'; against '/js/**'
2016-05-19 10:32:53.202 DEBUG 9212 --- [http-nio-9292-exec-3] o.s.s.web.util.matcher.OrRequestMatcher  : Trying to match using Ant [pattern='/images/**']
2016-05-19 10:32:53.202 DEBUG 9212 --- [http-nio-9292-exec-3] o.s.s.w.u.matcher.AntPathRequestMatcher  : Checking match of request : '/management/logfile'; against '/images/**'
2016-05-19 10:32:53.202 DEBUG 9212 --- [http-nio-9292-exec-3] o.s.s.web.util.matcher.OrRequestMatcher  : Trying to match using Ant [pattern='/**/favicon.ico']
2016-05-19 10:32:53.202 DEBUG 9212 --- [http-nio-9292-exec-3] o.s.s.w.u.matcher.AntPathRequestMatcher  : Checking match of request : '/management/logfile'; against '/**/favicon.ico'
2016-05-19 10:32:53.202 DEBUG 9212 --- [http-nio-9292-exec-3] o.s.s.web.util.matcher.OrRequestMatcher  : Trying to match using Ant [pattern='/error']
2016-05-19 10:32:53.202 DEBUG 9212 --- [http-nio-9292-exec-3] o.s.s.w.u.matcher.AntPathRequestMatcher  : Checking match of request : '/management/logfile'; against '/error'
2016-05-19 10:32:53.202 DEBUG 9212 --- [http-nio-9292-exec-3] o.s.s.web.util.matcher.OrRequestMatcher  : No matches found
2016-05-19 10:32:53.202 DEBUG 9212 --- [http-nio-9292-exec-3] o.s.s.w.u.matcher.AntPathRequestMatcher  : Checking match of request : '/management/logfile'; against '/management/**'
2016-05-19 10:32:53.202 DEBUG 9212 --- [http-nio-9292-exec-3] o.s.security.web.FilterChainProxy        : /management/logfile at position 1 of 11 in additional filter chain; firing Filter: 'WebAsyncManagerIntegrationFilter'
2016-05-19 10:32:53.203 DEBUG 9212 --- [http-nio-9292-exec-3] o.s.security.web.FilterChainProxy        : /management/logfile at position 2 of 11 in additional filter chain; firing Filter: 'SecurityContextPersistenceFilter'
2016-05-19 10:32:53.203 DEBUG 9212 --- [http-nio-9292-exec-3] o.s.security.web.FilterChainProxy        : /management/logfile at position 3 of 11 in additional filter chain; firing Filter: 'HeaderWriterFilter'
2016-05-19 10:32:53.203 DEBUG 9212 --- [http-nio-9292-exec-3] o.s.security.web.FilterChainProxy        : /management/logfile at position 4 of 11 in additional filter chain; firing Filter: 'LogoutFilter'
2016-05-19 10:32:53.203 DEBUG 9212 --- [http-nio-9292-exec-3] o.s.s.w.u.matcher.AntPathRequestMatcher  : Checking match of request : '/management/logfile'; against '/logout'
2016-05-19 10:32:53.204 DEBUG 9212 --- [http-nio-9292-exec-3] o.s.security.web.FilterChainProxy        : /management/logfile at position 5 of 11 in additional filter chain; firing Filter: 'BasicAuthenticationFilter'
2016-05-19 10:32:53.205 DEBUG 9212 --- [http-nio-9292-exec-3] o.s.s.w.a.www.BasicAuthenticationFilter  : Basic Authentication Authorization header found for user 'admin'
2016-05-19 10:32:53.205 DEBUG 9212 --- [http-nio-9292-exec-3] o.s.s.authentication.ProviderManager     : Authentication attempt using org.springframework.security.authentication.dao.DaoAuthenticationProvider
2016-05-19 10:32:53.205 DEBUG 9212 --- [http-nio-9292-exec-3] o.s.s.w.a.www.BasicAuthenticationFilter  : Authentication success: org.springframework.security.authentication.UsernamePasswordAuthenticationToken@13cfcf1: Principal: org.springframework.security.core.userdetails.User@586034f: Username: admin; Password: [PROTECTED]; Enabled: true; AccountNonExpired: true; credentialsNonExpired: true; AccountNonLocked: true; Granted Authorities: ROLE_ADMIN,ROLE_USER; Credentials: [PROTECTED]; Authenticated: true; Details: org.springframework.security.web.authentication.WebAuthenticationDetails@fffbcba8: RemoteIpAddress: 0:0:0:0:0:0:0:1; SessionId: 99A1841F3D0FE3FB508B18D76CADED28; Granted Authorities: ROLE_ADMIN, ROLE_USER
2016-05-19 10:32:53.205 DEBUG 9212 --- [http-nio-9292-exec-3] o.s.security.web.FilterChainProxy        : /management/logfile at position 6 of 11 in additional filter chain; firing Filter: 'RequestCacheAwareFilter'
2016-05-19 10:32:53.205 DEBUG 9212 --- [http-nio-9292-exec-3] o.s.security.web.FilterChainProxy        : /management/logfile at position 7 of 11 in additional filter chain; firing Filter: 'SecurityContextHolderAwareRequestFilter'
2016-05-19 10:32:53.205 DEBUG 9212 --- [http-nio-9292-exec-3] o.s.security.web.FilterChainProxy        : /management/logfile at position 8 of 11 in additional filter chain; firing Filter: 'AnonymousAuthenticationFilter'
2016-05-19 10:32:53.205 DEBUG 9212 --- [http-nio-9292-exec-3] o.s.s.w.a.AnonymousAuthenticationFilter  : SecurityContextHolder not populated with anonymous token, as it already contained: 'org.springframework.security.authentication.UsernamePasswordAuthenticationToken@13cfcf1: Principal: org.springframework.security.core.userdetails.User@586034f: Username: admin; Password: [PROTECTED]; Enabled: true; AccountNonExpired: true; credentialsNonExpired: true; AccountNonLocked: true; Granted Authorities: ROLE_ADMIN,ROLE_USER; Credentials: [PROTECTED]; Authenticated: true; Details: org.springframework.security.web.authentication.WebAuthenticationDetails@fffbcba8: RemoteIpAddress: 0:0:0:0:0:0:0:1; SessionId: 99A1841F3D0FE3FB508B18D76CADED28; Granted Authorities: ROLE_ADMIN, ROLE_USER'
2016-05-19 10:32:53.205 DEBUG 9212 --- [http-nio-9292-exec-3] o.s.security.web.FilterChainProxy        : /management/logfile at position 9 of 11 in additional filter chain; firing Filter: 'SessionManagementFilter'
2016-05-19 10:32:53.206 DEBUG 9212 --- [http-nio-9292-exec-3] s.CompositeSessionAuthenticationStrategy : Delegating to org.springframework.security.web.authentication.session.ChangeSessionIdAuthenticationStrategy@78ba53fc
2016-05-19 10:32:53.206 DEBUG 9212 --- [http-nio-9292-exec-3] o.s.security.web.FilterChainProxy        : /management/logfile at position 10 of 11 in additional filter chain; firing Filter: 'ExceptionTranslationFilter'
2016-05-19 10:32:53.206 DEBUG 9212 --- [http-nio-9292-exec-3] o.s.security.web.FilterChainProxy        : /management/logfile at position 11 of 11 in additional filter chain; firing Filter: 'FilterSecurityInterceptor'
2016-05-19 10:32:53.206 DEBUG 9212 --- [http-nio-9292-exec-3] o.s.s.web.util.matcher.OrRequestMatcher  : Trying to match using Ant [pattern='/management/health']
2016-05-19 10:32:53.206 DEBUG 9212 --- [http-nio-9292-exec-3] o.s.s.w.u.matcher.AntPathRequestMatcher  : Checking match of request : '/management/logfile'; against '/management/health'
2016-05-19 10:32:53.206 DEBUG 9212 --- [http-nio-9292-exec-3] o.s.s.web.util.matcher.OrRequestMatcher  : Trying to match using Ant [pattern='/management/health/']
2016-05-19 10:32:53.206 DEBUG 9212 --- [http-nio-9292-exec-3] o.s.s.w.u.matcher.AntPathRequestMatcher  : Checking match of request : '/management/logfile'; against '/management/health/'
2016-05-19 10:32:53.206 DEBUG 9212 --- [http-nio-9292-exec-3] o.s.s.web.util.matcher.OrRequestMatcher  : No matches found
2016-05-19 10:32:53.206 DEBUG 9212 --- [http-nio-9292-exec-3] o.s.s.w.a.i.FilterSecurityInterceptor    : Secure object: FilterInvocation: URL: /management/logfile; Attributes: [hasRole('ROLE_ADMIN')]
2016-05-19 10:32:53.206 DEBUG 9212 --- [http-nio-9292-exec-3] o.s.s.w.a.i.FilterSecurityInterceptor    : Previously Authenticated: org.springframework.security.authentication.UsernamePasswordAuthenticationToken@13cfcf1: Principal: org.springframework.security.core.userdetails.User@586034f: Username: admin; Password: [PROTECTED]; Enabled: true; AccountNonExpired: true; credentialsNonExpired: true; AccountNonLocked: true; Granted Authorities: ROLE_ADMIN,ROLE_USER; Credentials: [PROTECTED]; Authenticated: true; Details: org.springframework.security.web.authentication.WebAuthenticationDetails@fffbcba8: RemoteIpAddress: 0:0:0:0:0:0:0:1; SessionId: 99A1841F3D0FE3FB508B18D76CADED28; Granted Authorities: ROLE_ADMIN, ROLE_USER
2016-05-19 10:32:53.206 DEBUG 9212 --- [http-nio-9292-exec-3] o.s.s.access.vote.AffirmativeBased       : Voter: org.springframework.security.web.access.expression.WebExpressionVoter@63dd61fc, returned: 1
2016-05-19 10:32:53.206 DEBUG 9212 --- [http-nio-9292-exec-3] o.s.s.w.a.i.FilterSecurityInterceptor    : Authorization successful
2016-05-19 10:32:53.206 DEBUG 9212 --- [http-nio-9292-exec-3] o.s.s.w.a.i.FilterSecurityInterceptor    : RunAsManager did not change Authentication object
2016-05-19 10:32:53.206 DEBUG 9212 --- [http-nio-9292-exec-3] o.s.security.web.FilterChainProxy        : /management/logfile reached end of additional filter chain; proceeding with original chain
2016-05-19 10:32:53.207  WARN 9212 --- [http-nio-9292-exec-3] o.s.w.s.r.ResourceHttpRequestHandler     : Locations list is empty. No resources will be served unless a custom ResourceResolver is configured as an alternative to PathResourceResolver.
2016-05-19 10:32:53.208 DEBUG 9212 --- [http-nio-9292-exec-3] o.s.s.w.header.writers.HstsHeaderWriter  : Not injecting HSTS header since it did not match the requestMatcher org.springframework.security.web.header.writers.HstsHeaderWriter$SecureRequestMatcher@594cea3
2016-05-19 10:32:53.279 DEBUG 9212 --- [http-nio-9292-exec-3] o.s.s.w.a.ExceptionTranslationFilter     : Chain processed normally
2016-05-19 10:32:53.279 DEBUG 9212 --- [http-nio-9292-exec-3] s.s.w.c.SecurityContextPersistenceFilter : SecurityContextHolder now cleared, as request processing completed
2016-05-19 10:32:54.337 DEBUG 9212 --- [http-nio-9292-exec-4] o.s.s.web.util.matcher.OrRequestMatcher  : Trying to match using Ant [pattern='/css/**']
2016-05-19 10:32:54.338 DEBUG 9212 --- [http-nio-9292-exec-4] o.s.s.w.u.matcher.AntPathRequestMatcher  : Checking match of request : '/favicon.ico'; against '/css/**'
2016-05-19 10:32:54.338 DEBUG 9212 --- [http-nio-9292-exec-4] o.s.s.web.util.matcher.OrRequestMatcher  : Trying to match using Ant [pattern='/js/**']
2016-05-19 10:32:54.338 DEBUG 9212 --- [http-nio-9292-exec-4] o.s.s.w.u.matcher.AntPathRequestMatcher  : Checking match of request : '/favicon.ico'; against '/js/**'
2016-05-19 10:32:54.338 DEBUG 9212 --- [http-nio-9292-exec-4] o.s.s.web.util.matcher.OrRequestMatcher  : Trying to match using Ant [pattern='/images/**']
2016-05-19 10:32:54.338 DEBUG 9212 --- [http-nio-9292-exec-4] o.s.s.w.u.matcher.AntPathRequestMatcher  : Checking match of request : '/favicon.ico'; against '/images/**'
2016-05-19 10:32:54.338 DEBUG 9212 --- [http-nio-9292-exec-4] o.s.s.web.util.matcher.OrRequestMatcher  : Trying to match using Ant [pattern='/**/favicon.ico']
2016-05-19 10:32:54.338 DEBUG 9212 --- [http-nio-9292-exec-4] o.s.s.w.u.matcher.AntPathRequestMatcher  : Checking match of request : '/favicon.ico'; against '/**/favicon.ico'
2016-05-19 10:32:54.338 DEBUG 9212 --- [http-nio-9292-exec-4] o.s.s.web.util.matcher.OrRequestMatcher  : matched
2016-05-19 10:32:54.338 DEBUG 9212 --- [http-nio-9292-exec-4] o.s.security.web.FilterChainProxy        : /favicon.ico has an empty filter list
2016-05-19 10:33:04.593 DEBUG 9212 --- [http-nio-9292-exec-5] o.s.s.web.util.matcher.OrRequestMatcher  : Trying to match using Ant [pattern='/css/**']
2016-05-19 10:33:04.593 DEBUG 9212 --- [http-nio-9292-exec-5] o.s.s.w.u.matcher.AntPathRequestMatcher  : Checking match of request : '/login'; against '/css/**'
2016-05-19 10:33:04.593 DEBUG 9212 --- [http-nio-9292-exec-5] o.s.s.web.util.matcher.OrRequestMatcher  : Trying to match using Ant [pattern='/js/**']
2016-05-19 10:33:04.593 DEBUG 9212 --- [http-nio-9292-exec-5] o.s.s.w.u.matcher.AntPathRequestMatcher  : Checking match of request : '/login'; against '/js/**'
2016-05-19 10:33:04.593 DEBUG 9212 --- [http-nio-9292-exec-5] o.s.s.web.util.matcher.OrRequestMatcher  : Trying to match using Ant [pattern='/images/**']
2016-05-19 10:33:04.593 DEBUG 9212 --- [http-nio-9292-exec-5] o.s.s.w.u.matcher.AntPathRequestMatcher  : Checking match of request : '/login'; against '/images/**'
2016-05-19 10:33:04.593 DEBUG 9212 --- [http-nio-9292-exec-5] o.s.s.web.util.matcher.OrRequestMatcher  : Trying to match using Ant [pattern='/**/favicon.ico']
2016-05-19 10:33:04.593 DEBUG 9212 --- [http-nio-9292-exec-5] o.s.s.w.u.matcher.AntPathRequestMatcher  : Checking match of request : '/login'; against '/**/favicon.ico'
2016-05-19 10:33:04.593 DEBUG 9212 --- [http-nio-9292-exec-5] o.s.s.web.util.matcher.OrRequestMatcher  : Trying to match using Ant [pattern='/error']
2016-05-19 10:33:04.593 DEBUG 9212 --- [http-nio-9292-exec-5] o.s.s.w.u.matcher.AntPathRequestMatcher  : Checking match of request : '/login'; against '/error'
2016-05-19 10:33:04.593 DEBUG 9212 --- [http-nio-9292-exec-5] o.s.s.web.util.matcher.OrRequestMatcher  : No matches found
2016-05-19 10:33:04.593 DEBUG 9212 --- [http-nio-9292-exec-5] o.s.s.w.u.matcher.AntPathRequestMatcher  : Checking match of request : '/login'; against '/management/**'
2016-05-19 10:33:04.593 DEBUG 9212 --- [http-nio-9292-exec-5] o.s.security.web.FilterChainProxy        : /login at position 1 of 12 in additional filter chain; firing Filter: 'WebAsyncManagerIntegrationFilter'
2016-05-19 10:33:04.593 DEBUG 9212 --- [http-nio-9292-exec-5] o.s.security.web.FilterChainProxy        : /login at position 2 of 12 in additional filter chain; firing Filter: 'SecurityContextPersistenceFilter'
2016-05-19 10:33:04.593 DEBUG 9212 --- [http-nio-9292-exec-5] w.c.HttpSessionSecurityContextRepository : HttpSession returned null object for SPRING_SECURITY_CONTEXT
2016-05-19 10:33:04.593 DEBUG 9212 --- [http-nio-9292-exec-5] w.c.HttpSessionSecurityContextRepository : No SecurityContext was available from the HttpSession: org.apache.catalina.session.StandardSessionFacade@2d3d137b. A new one will be created.
2016-05-19 10:33:04.593 DEBUG 9212 --- [http-nio-9292-exec-5] o.s.security.web.FilterChainProxy        : /login at position 3 of 12 in additional filter chain; firing Filter: 'HeaderWriterFilter'
2016-05-19 10:33:04.601 DEBUG 9212 --- [http-nio-9292-exec-5] o.s.security.web.FilterChainProxy        : /login at position 4 of 12 in additional filter chain; firing Filter: 'CsrfFilter'
2016-05-19 10:33:04.601 DEBUG 9212 --- [http-nio-9292-exec-5] o.s.security.web.FilterChainProxy        : /login at position 5 of 12 in additional filter chain; firing Filter: 'LogoutFilter'
2016-05-19 10:33:04.601 DEBUG 9212 --- [http-nio-9292-exec-5] o.s.s.w.u.matcher.AntPathRequestMatcher  : Checking match of request : '/login'; against '/logout'
2016-05-19 10:33:04.601 DEBUG 9212 --- [http-nio-9292-exec-5] o.s.security.web.FilterChainProxy        : /login at position 6 of 12 in additional filter chain; firing Filter: 'UsernamePasswordAuthenticationFilter'
2016-05-19 10:33:04.601 DEBUG 9212 --- [http-nio-9292-exec-5] o.s.s.w.u.matcher.AntPathRequestMatcher  : Checking match of request : '/login'; against '/login'
2016-05-19 10:33:04.601 DEBUG 9212 --- [http-nio-9292-exec-5] w.a.UsernamePasswordAuthenticationFilter : Request is to process authentication
2016-05-19 10:33:04.601 DEBUG 9212 --- [http-nio-9292-exec-5] o.s.s.authentication.ProviderManager     : Authentication attempt using org.springframework.security.authentication.dao.DaoAuthenticationProvider
2016-05-19 10:33:04.607 DEBUG 9212 --- [http-nio-9292-exec-5] s.CompositeSessionAuthenticationStrategy : Delegating to org.springframework.security.web.authentication.session.ChangeSessionIdAuthenticationStrategy@6ada0d7e
2016-05-19 10:33:04.607 DEBUG 9212 --- [http-nio-9292-exec-5] s.CompositeSessionAuthenticationStrategy : Delegating to org.springframework.security.web.csrf.CsrfAuthenticationStrategy@31461ea0
2016-05-19 10:33:04.607 DEBUG 9212 --- [http-nio-9292-exec-5] w.a.UsernamePasswordAuthenticationFilter : Authentication success. Updating SecurityContextHolder to contain: org.springframework.security.authentication.UsernamePasswordAuthenticationToken@ffff4ca0: Principal: org.springframework.security.core.userdetails.User@36ebcb: Username: user; Password: [PROTECTED]; Enabled: true; AccountNonExpired: true; credentialsNonExpired: true; AccountNonLocked: true; Granted Authorities: user; Credentials: [PROTECTED]; Authenticated: true; Details: org.springframework.security.web.authentication.WebAuthenticationDetails@b364: RemoteIpAddress: 0:0:0:0:0:0:0:1; SessionId: F435C2D1B9C22DEA7B41EE8A4AA7D275; Granted Authorities: user
2016-05-19 10:33:04.608 DEBUG 9212 --- [http-nio-9292-exec-5] RequestAwareAuthenticationSuccessHandler : Redirecting to DefaultSavedRequest Url: http://localhost:9292/index.html
2016-05-19 10:33:04.608 DEBUG 9212 --- [http-nio-9292-exec-5] o.s.s.web.DefaultRedirectStrategy        : Redirecting to 'http://localhost:9292/index.html'
2016-05-19 10:33:04.608 DEBUG 9212 --- [http-nio-9292-exec-5] o.s.s.w.header.writers.HstsHeaderWriter  : Not injecting HSTS header since it did not match the requestMatcher org.springframework.security.web.header.writers.HstsHeaderWriter$SecureRequestMatcher@74235bac
2016-05-19 10:33:04.608 DEBUG 9212 --- [http-nio-9292-exec-5] w.c.HttpSessionSecurityContextRepository : SecurityContext 'org.springframework.security.core.context.SecurityContextImpl@ffff4ca0: Authentication: org.springframework.security.authentication.UsernamePasswordAuthenticationToken@ffff4ca0: Principal: org.springframework.security.core.userdetails.User@36ebcb: Username: user; Password: [PROTECTED]; Enabled: true; AccountNonExpired: true; credentialsNonExpired: true; AccountNonLocked: true; Granted Authorities: user; Credentials: [PROTECTED]; Authenticated: true; Details: org.springframework.security.web.authentication.WebAuthenticationDetails@b364: RemoteIpAddress: 0:0:0:0:0:0:0:1; SessionId: F435C2D1B9C22DEA7B41EE8A4AA7D275; Granted Authorities: user' stored to HttpSession: 'org.apache.catalina.session.StandardSessionFacade@2d3d137b
2016-05-19 10:33:04.609 DEBUG 9212 --- [http-nio-9292-exec-5] s.s.w.c.SecurityContextPersistenceFilter : SecurityContextHolder now cleared, as request processing completed
2016-05-19 10:33:04.617 DEBUG 9212 --- [http-nio-9292-exec-6] o.s.s.web.util.matcher.OrRequestMatcher  : Trying to match using Ant [pattern='/css/**']
2016-05-19 10:33:04.617 DEBUG 9212 --- [http-nio-9292-exec-6] o.s.s.w.u.matcher.AntPathRequestMatcher  : Checking match of request : '/index.html'; against '/css/**'
2016-05-19 10:33:04.617 DEBUG 9212 --- [http-nio-9292-exec-6] o.s.s.web.util.matcher.OrRequestMatcher  : Trying to match using Ant [pattern='/js/**']
2016-05-19 10:33:04.617 DEBUG 9212 --- [http-nio-9292-exec-6] o.s.s.w.u.matcher.AntPathRequestMatcher  : Checking match of request : '/index.html'; against '/js/**'
2016-05-19 10:33:04.617 DEBUG 9212 --- [http-nio-9292-exec-6] o.s.s.web.util.matcher.OrRequestMatcher  : Trying to match using Ant [pattern='/images/**']
2016-05-19 10:33:04.617 DEBUG 9212 --- [http-nio-9292-exec-6] o.s.s.w.u.matcher.AntPathRequestMatcher  : Checking match of request : '/index.html'; against '/images/**'
2016-05-19 10:33:04.618 DEBUG 9212 --- [http-nio-9292-exec-6] o.s.s.web.util.matcher.OrRequestMatcher  : Trying to match using Ant [pattern='/**/favicon.ico']
2016-05-19 10:33:04.618 DEBUG 9212 --- [http-nio-9292-exec-6] o.s.s.w.u.matcher.AntPathRequestMatcher  : Checking match of request : '/index.html'; against '/**/favicon.ico'
2016-05-19 10:33:04.623 DEBUG 9212 --- [http-nio-9292-exec-6] o.s.s.web.util.matcher.OrRequestMatcher  : Trying to match using Ant [pattern='/error']
2016-05-19 10:33:04.623 DEBUG 9212 --- [http-nio-9292-exec-6] o.s.s.w.u.matcher.AntPathRequestMatcher  : Checking match of request : '/index.html'; against '/error'
2016-05-19 10:33:04.623 DEBUG 9212 --- [http-nio-9292-exec-6] o.s.s.web.util.matcher.OrRequestMatcher  : No matches found
2016-05-19 10:33:04.623 DEBUG 9212 --- [http-nio-9292-exec-6] o.s.s.w.u.matcher.AntPathRequestMatcher  : Checking match of request : '/index.html'; against '/management/**'
2016-05-19 10:33:04.623 DEBUG 9212 --- [http-nio-9292-exec-6] o.s.security.web.FilterChainProxy        : /index.html at position 1 of 12 in additional filter chain; firing Filter: 'WebAsyncManagerIntegrationFilter'
2016-05-19 10:33:04.623 DEBUG 9212 --- [http-nio-9292-exec-6] o.s.security.web.FilterChainProxy        : /index.html at position 2 of 12 in additional filter chain; firing Filter: 'SecurityContextPersistenceFilter'
2016-05-19 10:33:04.623 DEBUG 9212 --- [http-nio-9292-exec-6] w.c.HttpSessionSecurityContextRepository : Obtained a valid SecurityContext from SPRING_SECURITY_CONTEXT: 'org.springframework.security.core.context.SecurityContextImpl@ffff4ca0: Authentication: org.springframework.security.authentication.UsernamePasswordAuthenticationToken@ffff4ca0: Principal: org.springframework.security.core.userdetails.User@36ebcb: Username: user; Password: [PROTECTED]; Enabled: true; AccountNonExpired: true; credentialsNonExpired: true; AccountNonLocked: true; Granted Authorities: user; Credentials: [PROTECTED]; Authenticated: true; Details: org.springframework.security.web.authentication.WebAuthenticationDetails@b364: RemoteIpAddress: 0:0:0:0:0:0:0:1; SessionId: F435C2D1B9C22DEA7B41EE8A4AA7D275; Granted Authorities: user'
2016-05-19 10:33:04.624 DEBUG 9212 --- [http-nio-9292-exec-6] o.s.security.web.FilterChainProxy        : /index.html at position 3 of 12 in additional filter chain; firing Filter: 'HeaderWriterFilter'
2016-05-19 10:33:04.624 DEBUG 9212 --- [http-nio-9292-exec-6] o.s.security.web.FilterChainProxy        : /index.html at position 4 of 12 in additional filter chain; firing Filter: 'CsrfFilter'
2016-05-19 10:33:04.624 DEBUG 9212 --- [http-nio-9292-exec-6] o.s.security.web.FilterChainProxy        : /index.html at position 5 of 12 in additional filter chain; firing Filter: 'LogoutFilter'
2016-05-19 10:33:04.624 DEBUG 9212 --- [http-nio-9292-exec-6] o.s.s.w.u.matcher.AntPathRequestMatcher  : Request 'GET /index.html' doesn't match 'POST /logout
2016-05-19 10:33:04.624 DEBUG 9212 --- [http-nio-9292-exec-6] o.s.security.web.FilterChainProxy        : /index.html at position 6 of 12 in additional filter chain; firing Filter: 'UsernamePasswordAuthenticationFilter'
2016-05-19 10:33:04.626 DEBUG 9212 --- [http-nio-9292-exec-6] o.s.s.w.u.matcher.AntPathRequestMatcher  : Request 'GET /index.html' doesn't match 'POST /login
2016-05-19 10:33:04.627 DEBUG 9212 --- [http-nio-9292-exec-6] o.s.security.web.FilterChainProxy        : /index.html at position 7 of 12 in additional filter chain; firing Filter: 'DefaultLoginPageGeneratingFilter'
2016-05-19 10:33:04.627 DEBUG 9212 --- [http-nio-9292-exec-6] o.s.security.web.FilterChainProxy        : /index.html at position 8 of 12 in additional filter chain; firing Filter: 'RequestCacheAwareFilter'
2016-05-19 10:33:04.627 DEBUG 9212 --- [http-nio-9292-exec-6] o.s.s.w.s.DefaultSavedRequest            : pathInfo: both null (property equals)
2016-05-19 10:33:04.627 DEBUG 9212 --- [http-nio-9292-exec-6] o.s.s.w.s.DefaultSavedRequest            : queryString: both null (property equals)
2016-05-19 10:33:04.627 DEBUG 9212 --- [http-nio-9292-exec-6] o.s.s.w.s.DefaultSavedRequest            : requestURI: arg1=/index.html; arg2=/index.html (property equals)
2016-05-19 10:33:04.627 DEBUG 9212 --- [http-nio-9292-exec-6] o.s.s.w.s.DefaultSavedRequest            : serverPort: arg1=9292; arg2=9292 (property equals)
2016-05-19 10:33:04.627 DEBUG 9212 --- [http-nio-9292-exec-6] o.s.s.w.s.DefaultSavedRequest            : requestURL: arg1=http://localhost:9292/index.html; arg2=http://localhost:9292/index.html (property equals)
2016-05-19 10:33:04.627 DEBUG 9212 --- [http-nio-9292-exec-6] o.s.s.w.s.DefaultSavedRequest            : scheme: arg1=http; arg2=http (property equals)
2016-05-19 10:33:04.627 DEBUG 9212 --- [http-nio-9292-exec-6] o.s.s.w.s.DefaultSavedRequest            : serverName: arg1=localhost; arg2=localhost (property equals)
2016-05-19 10:33:04.627 DEBUG 9212 --- [http-nio-9292-exec-6] o.s.s.w.s.DefaultSavedRequest            : contextPath: arg1=; arg2= (property equals)
2016-05-19 10:33:04.627 DEBUG 9212 --- [http-nio-9292-exec-6] o.s.s.w.s.DefaultSavedRequest            : servletPath: arg1=/index.html; arg2=/index.html (property equals)
2016-05-19 10:33:04.628 DEBUG 9212 --- [http-nio-9292-exec-6] o.s.s.w.s.HttpSessionRequestCache        : Removing DefaultSavedRequest from session if present
2016-05-19 10:33:04.629 DEBUG 9212 --- [http-nio-9292-exec-6] o.s.security.web.FilterChainProxy        : /index.html at position 9 of 12 in additional filter chain; firing Filter: 'SecurityContextHolderAwareRequestFilter'
2016-05-19 10:33:04.629 DEBUG 9212 --- [http-nio-9292-exec-6] o.s.security.web.FilterChainProxy        : /index.html at position 10 of 12 in additional filter chain; firing Filter: 'SessionManagementFilter'
2016-05-19 10:33:04.629 DEBUG 9212 --- [http-nio-9292-exec-6] o.s.security.web.FilterChainProxy        : /index.html at position 11 of 12 in additional filter chain; firing Filter: 'ExceptionTranslationFilter'
2016-05-19 10:33:04.629 DEBUG 9212 --- [http-nio-9292-exec-6] o.s.security.web.FilterChainProxy        : /index.html at position 12 of 12 in additional filter chain; firing Filter: 'FilterSecurityInterceptor'
2016-05-19 10:33:04.629 DEBUG 9212 --- [http-nio-9292-exec-6] o.s.s.w.u.matcher.AntPathRequestMatcher  : Request '/index.html' matched by universal pattern '/**'
2016-05-19 10:33:04.629 DEBUG 9212 --- [http-nio-9292-exec-6] o.s.s.w.a.i.FilterSecurityInterceptor    : Secure object: FilterInvocation: URL: /index.html; Attributes: [fullyAuthenticated]
2016-05-19 10:33:04.630 DEBUG 9212 --- [http-nio-9292-exec-6] o.s.s.w.a.i.FilterSecurityInterceptor    : Previously Authenticated: org.springframework.security.authentication.UsernamePasswordAuthenticationToken@ffff4ca0: Principal: org.springframework.security.core.userdetails.User@36ebcb: Username: user; Password: [PROTECTED]; Enabled: true; AccountNonExpired: true; credentialsNonExpired: true; AccountNonLocked: true; Granted Authorities: user; Credentials: [PROTECTED]; Authenticated: true; Details: org.springframework.security.web.authentication.WebAuthenticationDetails@b364: RemoteIpAddress: 0:0:0:0:0:0:0:1; SessionId: F435C2D1B9C22DEA7B41EE8A4AA7D275; Granted Authorities: user
2016-05-19 10:33:04.633 DEBUG 9212 --- [http-nio-9292-exec-6] o.s.s.access.vote.AffirmativeBased       : Voter: org.springframework.security.web.access.expression.WebExpressionVoter@427b9704, returned: 1
2016-05-19 10:33:04.633 DEBUG 9212 --- [http-nio-9292-exec-6] o.s.s.w.a.i.FilterSecurityInterceptor    : Authorization successful
2016-05-19 10:33:04.633 DEBUG 9212 --- [http-nio-9292-exec-6] o.s.s.w.a.i.FilterSecurityInterceptor    : RunAsManager did not change Authentication object
2016-05-19 10:33:04.633 DEBUG 9212 --- [http-nio-9292-exec-6] o.s.security.web.FilterChainProxy        : /index.html reached end of additional filter chain; proceeding with original chain
2016-05-19 10:33:04.642 DEBUG 9212 --- [http-nio-9292-exec-6] o.s.s.w.header.writers.HstsHeaderWriter  : Not injecting HSTS header since it did not match the requestMatcher org.springframework.security.web.header.writers.HstsHeaderWriter$SecureRequestMatcher@74235bac
2016-05-19 10:33:04.643 DEBUG 9212 --- [http-nio-9292-exec-6] o.s.s.w.a.ExceptionTranslationFilter     : Chain processed normally
2016-05-19 10:33:04.643 DEBUG 9212 --- [http-nio-9292-exec-6] s.s.w.c.SecurityContextPersistenceFilter : SecurityContextHolder now cleared, as request processing completed
2016-05-19 10:33:13.489 DEBUG 9212 --- [http-nio-9292-exec-7] o.s.s.web.util.matcher.OrRequestMatcher  : Trying to match using Ant [pattern='/css/**']
2016-05-19 10:33:13.489 DEBUG 9212 --- [http-nio-9292-exec-7] o.s.s.w.u.matcher.AntPathRequestMatcher  : Checking match of request : '/'; against '/css/**'
2016-05-19 10:33:13.489 DEBUG 9212 --- [http-nio-9292-exec-7] o.s.s.web.util.matcher.OrRequestMatcher  : Trying to match using Ant [pattern='/js/**']
2016-05-19 10:33:13.489 DEBUG 9212 --- [http-nio-9292-exec-7] o.s.s.w.u.matcher.AntPathRequestMatcher  : Checking match of request : '/'; against '/js/**'
2016-05-19 10:33:13.489 DEBUG 9212 --- [http-nio-9292-exec-7] o.s.s.web.util.matcher.OrRequestMatcher  : Trying to match using Ant [pattern='/images/**']
2016-05-19 10:33:13.489 DEBUG 9212 --- [http-nio-9292-exec-7] o.s.s.w.u.matcher.AntPathRequestMatcher  : Checking match of request : '/'; against '/images/**'
2016-05-19 10:33:13.490 DEBUG 9212 --- [http-nio-9292-exec-7] o.s.s.web.util.matcher.OrRequestMatcher  : Trying to match using Ant [pattern='/**/favicon.ico']
2016-05-19 10:33:13.490 DEBUG 9212 --- [http-nio-9292-exec-7] o.s.s.w.u.matcher.AntPathRequestMatcher  : Checking match of request : '/'; against '/**/favicon.ico'
2016-05-19 10:33:13.490 DEBUG 9212 --- [http-nio-9292-exec-7] o.s.s.web.util.matcher.OrRequestMatcher  : Trying to match using Ant [pattern='/error']
2016-05-19 10:33:13.490 DEBUG 9212 --- [http-nio-9292-exec-7] o.s.s.w.u.matcher.AntPathRequestMatcher  : Checking match of request : '/'; against '/error'
2016-05-19 10:33:13.490 DEBUG 9212 --- [http-nio-9292-exec-7] o.s.s.web.util.matcher.OrRequestMatcher  : No matches found
2016-05-19 10:33:13.490 DEBUG 9212 --- [http-nio-9292-exec-7] o.s.s.w.u.matcher.AntPathRequestMatcher  : Checking match of request : '/'; against '/management/**'
2016-05-19 10:33:13.490 DEBUG 9212 --- [http-nio-9292-exec-7] o.s.security.web.FilterChainProxy        : / at position 1 of 12 in additional filter chain; firing Filter: 'WebAsyncManagerIntegrationFilter'
2016-05-19 10:33:13.490 DEBUG 9212 --- [http-nio-9292-exec-7] o.s.security.web.FilterChainProxy        : / at position 2 of 12 in additional filter chain; firing Filter: 'SecurityContextPersistenceFilter'
2016-05-19 10:33:13.490 DEBUG 9212 --- [http-nio-9292-exec-7] w.c.HttpSessionSecurityContextRepository : No HttpSession currently exists
2016-05-19 10:33:13.490 DEBUG 9212 --- [http-nio-9292-exec-7] w.c.HttpSessionSecurityContextRepository : No SecurityContext was available from the HttpSession: null. A new one will be created.
2016-05-19 10:33:13.490 DEBUG 9212 --- [http-nio-9292-exec-7] o.s.security.web.FilterChainProxy        : / at position 3 of 12 in additional filter chain; firing Filter: 'HeaderWriterFilter'
2016-05-19 10:33:13.490 DEBUG 9212 --- [http-nio-9292-exec-7] o.s.security.web.FilterChainProxy        : / at position 4 of 12 in additional filter chain; firing Filter: 'CsrfFilter'
2016-05-19 10:33:13.491 DEBUG 9212 --- [http-nio-9292-exec-7] o.s.security.web.FilterChainProxy        : / at position 5 of 12 in additional filter chain; firing Filter: 'LogoutFilter'
2016-05-19 10:33:13.491 DEBUG 9212 --- [http-nio-9292-exec-7] o.s.s.w.u.matcher.AntPathRequestMatcher  : Request 'GET /' doesn't match 'POST /logout
2016-05-19 10:33:13.491 DEBUG 9212 --- [http-nio-9292-exec-7] o.s.security.web.FilterChainProxy        : / at position 6 of 12 in additional filter chain; firing Filter: 'UsernamePasswordAuthenticationFilter'
2016-05-19 10:33:13.491 DEBUG 9212 --- [http-nio-9292-exec-7] o.s.s.w.u.matcher.AntPathRequestMatcher  : Request 'GET /' doesn't match 'POST /login
2016-05-19 10:33:13.491 DEBUG 9212 --- [http-nio-9292-exec-7] o.s.security.web.FilterChainProxy        : / at position 7 of 12 in additional filter chain; firing Filter: 'DefaultLoginPageGeneratingFilter'
2016-05-19 10:33:13.491 DEBUG 9212 --- [http-nio-9292-exec-7] o.s.security.web.FilterChainProxy        : / at position 8 of 12 in additional filter chain; firing Filter: 'RequestCacheAwareFilter'
2016-05-19 10:33:13.491 DEBUG 9212 --- [http-nio-9292-exec-7] o.s.security.web.FilterChainProxy        : / at position 9 of 12 in additional filter chain; firing Filter: 'SecurityContextHolderAwareRequestFilter'
2016-05-19 10:33:13.491 DEBUG 9212 --- [http-nio-9292-exec-7] o.s.security.web.FilterChainProxy        : / at position 10 of 12 in additional filter chain; firing Filter: 'SessionManagementFilter'
2016-05-19 10:33:13.491 DEBUG 9212 --- [http-nio-9292-exec-7] o.s.security.web.FilterChainProxy        : / at position 11 of 12 in additional filter chain; firing Filter: 'ExceptionTranslationFilter'
2016-05-19 10:33:13.491 DEBUG 9212 --- [http-nio-9292-exec-7] o.s.security.web.FilterChainProxy        : / at position 12 of 12 in additional filter chain; firing Filter: 'FilterSecurityInterceptor'
2016-05-19 10:33:13.491 DEBUG 9212 --- [http-nio-9292-exec-7] o.s.s.w.u.matcher.AntPathRequestMatcher  : Request '/' matched by universal pattern '/**'
2016-05-19 10:33:13.491 DEBUG 9212 --- [http-nio-9292-exec-7] o.s.s.w.a.i.FilterSecurityInterceptor    : Secure object: FilterInvocation: URL: /; Attributes: [fullyAuthenticated]
2016-05-19 10:33:13.491 DEBUG 9212 --- [http-nio-9292-exec-7] o.s.s.w.a.ExceptionTranslationFilter     : Authentication exception occurred; redirecting to authentication entry point

org.springframework.security.authentication.AuthenticationCredentialsNotFoundException: An Authentication object was not found in the SecurityContext
	at org.springframework.security.access.intercept.AbstractSecurityInterceptor.credentialsNotFound(AbstractSecurityInterceptor.java:379)
	at org.springframework.security.access.intercept.AbstractSecurityInterceptor.beforeInvocation(AbstractSecurityInterceptor.java:223)
	at org.springframework.security.web.access.intercept.FilterSecurityInterceptor.invoke(FilterSecurityInterceptor.java:124)
	at org.springframework.security.web.access.intercept.FilterSecurityInterceptor.doFilter(FilterSecurityInterceptor.java:91)
	at org.springframework.security.web.FilterChainProxy$VirtualFilterChain.doFilter(FilterChainProxy.java:331)
	at org.springframework.security.web.access.ExceptionTranslationFilter.doFilter(ExceptionTranslationFilter.java:115)
	at org.springframework.security.web.FilterChainProxy$VirtualFilterChain.doFilter(FilterChainProxy.java:331)
	at org.springframework.security.web.session.SessionManagementFilter.doFilter(SessionManagementFilter.java:137)
	at org.springframework.security.web.FilterChainProxy$VirtualFilterChain.doFilter(FilterChainProxy.java:331)
	at org.springframework.security.web.servletapi.SecurityContextHolderAwareRequestFilter.doFilter(SecurityContextHolderAwareRequestFilter.java:169)
	at org.springframework.security.web.FilterChainProxy$VirtualFilterChain.doFilter(FilterChainProxy.java:331)
	at org.springframework.security.web.savedrequest.RequestCacheAwareFilter.doFilter(RequestCacheAwareFilter.java:63)
	at org.springframework.security.web.FilterChainProxy$VirtualFilterChain.doFilter(FilterChainProxy.java:331)
	at org.springframework.security.web.authentication.ui.DefaultLoginPageGeneratingFilter.doFilter(DefaultLoginPageGeneratingFilter.java:177)
	at org.springframework.security.web.FilterChainProxy$VirtualFilterChain.doFilter(FilterChainProxy.java:331)
	at org.springframework.security.web.authentication.AbstractAuthenticationProcessingFilter.doFilter(AbstractAuthenticationProcessingFilter.java:206)
	at org.springframework.security.web.FilterChainProxy$VirtualFilterChain.doFilter(FilterChainProxy.java:331)
	at org.springframework.security.web.authentication.logout.LogoutFilter.doFilter(LogoutFilter.java:121)
	at org.springframework.security.web.FilterChainProxy$VirtualFilterChain.doFilter(FilterChainProxy.java:331)
	at org.springframework.security.web.csrf.CsrfFilter.doFilterInternal(CsrfFilter.java:100)
	at org.springframework.web.filter.OncePerRequestFilter.doFilter(OncePerRequestFilter.java:107)
	at org.springframework.security.web.FilterChainProxy$VirtualFilterChain.doFilter(FilterChainProxy.java:331)
	at org.springframework.security.web.header.HeaderWriterFilter.doFilterInternal(HeaderWriterFilter.java:66)
	at org.springframework.web.filter.OncePerRequestFilter.doFilter(OncePerRequestFilter.java:107)
	at org.springframework.security.web.FilterChainProxy$VirtualFilterChain.doFilter(FilterChainProxy.java:331)
	at org.springframework.security.web.context.SecurityContextPersistenceFilter.doFilter(SecurityContextPersistenceFilter.java:106)
	at org.springframework.security.web.FilterChainProxy$VirtualFilterChain.doFilter(FilterChainProxy.java:331)
	at org.springframework.security.web.context.request.async.WebAsyncManagerIntegrationFilter.doFilterInternal(WebAsyncManagerIntegrationFilter.java:56)
	at org.springframework.web.filter.OncePerRequestFilter.doFilter(OncePerRequestFilter.java:107)
	at org.springframework.security.web.FilterChainProxy$VirtualFilterChain.doFilter(FilterChainProxy.java:331)
	at org.springframework.security.web.FilterChainProxy.doFilterInternal(FilterChainProxy.java:214)
	at org.springframework.security.web.FilterChainProxy.doFilter(FilterChainProxy.java:177)
	at org.springframework.web.filter.DelegatingFilterProxy.invokeDelegate(DelegatingFilterProxy.java:346)
	at org.springframework.web.filter.DelegatingFilterProxy.doFilter(DelegatingFilterProxy.java:262)
	at org.apache.catalina.core.ApplicationFilterChain.internalDoFilter(ApplicationFilterChain.java:240)
	at org.apache.catalina.core.ApplicationFilterChain.doFilter(ApplicationFilterChain.java:207)
	at org.springframework.web.filter.RequestContextFilter.doFilterInternal(RequestContextFilter.java:99)
	at org.springframework.web.filter.OncePerRequestFilter.doFilter(OncePerRequestFilter.java:107)
	at org.apache.catalina.core.ApplicationFilterChain.internalDoFilter(ApplicationFilterChain.java:240)
	at org.apache.catalina.core.ApplicationFilterChain.doFilter(ApplicationFilterChain.java:207)
	at org.springframework.web.filter.HttpPutFormContentFilter.doFilterInternal(HttpPutFormContentFilter.java:87)
	at org.springframework.web.filter.OncePerRequestFilter.doFilter(OncePerRequestFilter.java:107)
	at org.apache.catalina.core.ApplicationFilterChain.internalDoFilter(ApplicationFilterChain.java:240)
	at org.apache.catalina.core.ApplicationFilterChain.doFilter(ApplicationFilterChain.java:207)
	at org.springframework.web.filter.HiddenHttpMethodFilter.doFilterInternal(HiddenHttpMethodFilter.java:77)
	at org.springframework.web.filter.OncePerRequestFilter.doFilter(OncePerRequestFilter.java:107)
	at org.apache.catalina.core.ApplicationFilterChain.internalDoFilter(ApplicationFilterChain.java:240)
	at org.apache.catalina.core.ApplicationFilterChain.doFilter(ApplicationFilterChain.java:207)
	at org.springframework.web.filter.CharacterEncodingFilter.doFilterInternal(CharacterEncodingFilter.java:197)
	at org.springframework.web.filter.OncePerRequestFilter.doFilter(OncePerRequestFilter.java:107)
	at org.apache.catalina.core.ApplicationFilterChain.internalDoFilter(ApplicationFilterChain.java:240)
	at org.apache.catalina.core.ApplicationFilterChain.doFilter(ApplicationFilterChain.java:207)
	at org.springframework.boot.actuate.autoconfigure.MetricsFilter.doFilterInternal(MetricsFilter.java:107)
	at org.springframework.web.filter.OncePerRequestFilter.doFilter(OncePerRequestFilter.java:107)
	at org.apache.catalina.core.ApplicationFilterChain.internalDoFilter(ApplicationFilterChain.java:240)
	at org.apache.catalina.core.ApplicationFilterChain.doFilter(ApplicationFilterChain.java:207)
	at org.apache.catalina.core.StandardWrapperValve.invoke(StandardWrapperValve.java:212)
	at org.apache.catalina.core.StandardContextValve.invoke(StandardContextValve.java:106)
	at org.apache.catalina.authenticator.AuthenticatorBase.invoke(AuthenticatorBase.java:502)
	at org.apache.catalina.core.StandardHostValve.invoke(StandardHostValve.java:141)
	at org.apache.catalina.valves.ErrorReportValve.invoke(ErrorReportValve.java:79)
	at org.apache.catalina.core.StandardEngineValve.invoke(StandardEngineValve.java:88)
	at org.apache.catalina.connector.CoyoteAdapter.service(CoyoteAdapter.java:522)
	at org.apache.coyote.http11.AbstractHttp11Processor.process(AbstractHttp11Processor.java:1095)
	at org.apache.coyote.AbstractProtocol$AbstractConnectionHandler.process(AbstractProtocol.java:672)
	at org.apache.tomcat.util.net.NioEndpoint$SocketProcessor.doRun(NioEndpoint.java:1502)
	at org.apache.tomcat.util.net.NioEndpoint$SocketProcessor.run(NioEndpoint.java:1458)
	at java.util.concurrent.ThreadPoolExecutor.runWorker(ThreadPoolExecutor.java:1142)
	at java.util.concurrent.ThreadPoolExecutor$Worker.run(ThreadPoolExecutor.java:617)
	at org.apache.tomcat.util.threads.TaskThread$WrappingRunnable.run(TaskThread.java:61)
	at java.lang.Thread.run(Thread.java:745)

2016-05-19 10:33:13.492 DEBUG 9212 --- [http-nio-9292-exec-7] o.s.s.w.util.matcher.AndRequestMatcher   : Trying to match using Ant [pattern='/**', GET]
2016-05-19 10:33:13.492 DEBUG 9212 --- [http-nio-9292-exec-7] o.s.s.w.u.matcher.AntPathRequestMatcher  : Request '/' matched by universal pattern '/**'
2016-05-19 10:33:13.492 DEBUG 9212 --- [http-nio-9292-exec-7] o.s.s.w.util.matcher.AndRequestMatcher   : Trying to match using NegatedRequestMatcher [requestMatcher=Ant [pattern='/**/favicon.ico']]
2016-05-19 10:33:13.492 DEBUG 9212 --- [http-nio-9292-exec-7] o.s.s.w.u.matcher.AntPathRequestMatcher  : Checking match of request : '/'; against '/**/favicon.ico'
2016-05-19 10:33:13.492 DEBUG 9212 --- [http-nio-9292-exec-7] o.s.s.w.u.matcher.NegatedRequestMatcher  : matches = true
2016-05-19 10:33:13.492 DEBUG 9212 --- [http-nio-9292-exec-7] o.s.s.w.util.matcher.AndRequestMatcher   : Trying to match using NegatedRequestMatcher [requestMatcher=MediaTypeRequestMatcher [contentNegotiationStrategy=org.springframework.web.accept.ContentNegotiationManager@19b80077, matchingMediaTypes=[application/json], useEquals=false, ignoredMediaTypes=[*/*]]]
2016-05-19 10:33:13.493 DEBUG 9212 --- [http-nio-9292-exec-7] o.s.s.w.u.m.MediaTypeRequestMatcher      : httpRequestMediaTypes=[text/html, application/xhtml+xml, image/webp, application/xml;q=0.9, */*;q=0.8]
2016-05-19 10:33:13.493 DEBUG 9212 --- [http-nio-9292-exec-7] o.s.s.w.u.m.MediaTypeRequestMatcher      : Processing text/html
2016-05-19 10:33:13.493 DEBUG 9212 --- [http-nio-9292-exec-7] o.s.s.w.u.m.MediaTypeRequestMatcher      : application/json .isCompatibleWith text/html = false
2016-05-19 10:33:13.493 DEBUG 9212 --- [http-nio-9292-exec-7] o.s.s.w.u.m.MediaTypeRequestMatcher      : Processing application/xhtml+xml
2016-05-19 10:33:13.493 DEBUG 9212 --- [http-nio-9292-exec-7] o.s.s.w.u.m.MediaTypeRequestMatcher      : application/json .isCompatibleWith application/xhtml+xml = false
2016-05-19 10:33:13.493 DEBUG 9212 --- [http-nio-9292-exec-7] o.s.s.w.u.m.MediaTypeRequestMatcher      : Processing image/webp
2016-05-19 10:33:13.493 DEBUG 9212 --- [http-nio-9292-exec-7] o.s.s.w.u.m.MediaTypeRequestMatcher      : application/json .isCompatibleWith image/webp = false
2016-05-19 10:33:13.493 DEBUG 9212 --- [http-nio-9292-exec-7] o.s.s.w.u.m.MediaTypeRequestMatcher      : Processing application/xml;q=0.9
2016-05-19 10:33:13.493 DEBUG 9212 --- [http-nio-9292-exec-7] o.s.s.w.u.m.MediaTypeRequestMatcher      : application/json .isCompatibleWith application/xml;q=0.9 = false
2016-05-19 10:33:13.493 DEBUG 9212 --- [http-nio-9292-exec-7] o.s.s.w.u.m.MediaTypeRequestMatcher      : Processing */*;q=0.8
2016-05-19 10:33:13.493 DEBUG 9212 --- [http-nio-9292-exec-7] o.s.s.w.u.m.MediaTypeRequestMatcher      : Ignoring
2016-05-19 10:33:13.493 DEBUG 9212 --- [http-nio-9292-exec-7] o.s.s.w.u.m.MediaTypeRequestMatcher      : Did not match any media types
2016-05-19 10:33:13.493 DEBUG 9212 --- [http-nio-9292-exec-7] o.s.s.w.u.matcher.NegatedRequestMatcher  : matches = true
2016-05-19 10:33:13.493 DEBUG 9212 --- [http-nio-9292-exec-7] o.s.s.w.util.matcher.AndRequestMatcher   : Trying to match using NegatedRequestMatcher [requestMatcher=RequestHeaderRequestMatcher [expectedHeaderName=X-Requested-With, expectedHeaderValue=XMLHttpRequest]]
2016-05-19 10:33:13.493 DEBUG 9212 --- [http-nio-9292-exec-7] o.s.s.w.u.matcher.NegatedRequestMatcher  : matches = true
2016-05-19 10:33:13.493 DEBUG 9212 --- [http-nio-9292-exec-7] o.s.s.w.util.matcher.AndRequestMatcher   : All requestMatchers returned true
2016-05-19 10:33:13.494 DEBUG 9212 --- [http-nio-9292-exec-7] o.s.s.w.s.HttpSessionRequestCache        : DefaultSavedRequest added to Session: DefaultSavedRequest[http://localhost:9292/]
2016-05-19 10:33:13.494 DEBUG 9212 --- [http-nio-9292-exec-7] o.s.s.w.a.ExceptionTranslationFilter     : Calling Authentication entry point.
2016-05-19 10:33:13.494 DEBUG 9212 --- [http-nio-9292-exec-7] o.s.s.web.DefaultRedirectStrategy        : Redirecting to 'http://localhost:9292/login'
2016-05-19 10:33:13.494 DEBUG 9212 --- [http-nio-9292-exec-7] o.s.s.w.header.writers.HstsHeaderWriter  : Not injecting HSTS header since it did not match the requestMatcher org.springframework.security.web.header.writers.HstsHeaderWriter$SecureRequestMatcher@74235bac
2016-05-19 10:33:13.494 DEBUG 9212 --- [http-nio-9292-exec-7] w.c.HttpSessionSecurityContextRepository : SecurityContext is empty or contents are anonymous - context will not be stored in HttpSession.
2016-05-19 10:33:13.494 DEBUG 9212 --- [http-nio-9292-exec-7] s.s.w.c.SecurityContextPersistenceFilter : SecurityContextHolder now cleared, as request processing completed
2016-05-19 10:33:13.497 DEBUG 9212 --- [http-nio-9292-exec-8] o.s.s.web.util.matcher.OrRequestMatcher  : Trying to match using Ant [pattern='/css/**']
2016-05-19 10:33:13.497 DEBUG 9212 --- [http-nio-9292-exec-8] o.s.s.w.u.matcher.AntPathRequestMatcher  : Checking match of request : '/login'; against '/css/**'
2016-05-19 10:33:13.498 DEBUG 9212 --- [http-nio-9292-exec-8] o.s.s.web.util.matcher.OrRequestMatcher  : Trying to match using Ant [pattern='/js/**']
2016-05-19 10:33:13.498 DEBUG 9212 --- [http-nio-9292-exec-8] o.s.s.w.u.matcher.AntPathRequestMatcher  : Checking match of request : '/login'; against '/js/**'
2016-05-19 10:33:13.500 DEBUG 9212 --- [http-nio-9292-exec-8] o.s.s.web.util.matcher.OrRequestMatcher  : Trying to match using Ant [pattern='/images/**']
2016-05-19 10:33:13.500 DEBUG 9212 --- [http-nio-9292-exec-8] o.s.s.w.u.matcher.AntPathRequestMatcher  : Checking match of request : '/login'; against '/images/**'
2016-05-19 10:33:13.500 DEBUG 9212 --- [http-nio-9292-exec-8] o.s.s.web.util.matcher.OrRequestMatcher  : Trying to match using Ant [pattern='/**/favicon.ico']
2016-05-19 10:33:13.500 DEBUG 9212 --- [http-nio-9292-exec-8] o.s.s.w.u.matcher.AntPathRequestMatcher  : Checking match of request : '/login'; against '/**/favicon.ico'
2016-05-19 10:33:13.500 DEBUG 9212 --- [http-nio-9292-exec-8] o.s.s.web.util.matcher.OrRequestMatcher  : Trying to match using Ant [pattern='/error']
2016-05-19 10:33:13.500 DEBUG 9212 --- [http-nio-9292-exec-8] o.s.s.w.u.matcher.AntPathRequestMatcher  : Checking match of request : '/login'; against '/error'
2016-05-19 10:33:13.500 DEBUG 9212 --- [http-nio-9292-exec-8] o.s.s.web.util.matcher.OrRequestMatcher  : No matches found
2016-05-19 10:33:13.500 DEBUG 9212 --- [http-nio-9292-exec-8] o.s.s.w.u.matcher.AntPathRequestMatcher  : Checking match of request : '/login'; against '/management/**'
2016-05-19 10:33:13.500 DEBUG 9212 --- [http-nio-9292-exec-8] o.s.security.web.FilterChainProxy        : /login at position 1 of 12 in additional filter chain; firing Filter: 'WebAsyncManagerIntegrationFilter'
2016-05-19 10:33:13.500 DEBUG 9212 --- [http-nio-9292-exec-8] o.s.security.web.FilterChainProxy        : /login at position 2 of 12 in additional filter chain; firing Filter: 'SecurityContextPersistenceFilter'
2016-05-19 10:33:13.500 DEBUG 9212 --- [http-nio-9292-exec-8] w.c.HttpSessionSecurityContextRepository : HttpSession returned null object for SPRING_SECURITY_CONTEXT
2016-05-19 10:33:13.500 DEBUG 9212 --- [http-nio-9292-exec-8] w.c.HttpSessionSecurityContextRepository : No SecurityContext was available from the HttpSession: org.apache.catalina.session.StandardSessionFacade@4cfabb11. A new one will be created.
2016-05-19 10:33:13.500 DEBUG 9212 --- [http-nio-9292-exec-8] o.s.security.web.FilterChainProxy        : /login at position 3 of 12 in additional filter chain; firing Filter: 'HeaderWriterFilter'
2016-05-19 10:33:13.501 DEBUG 9212 --- [http-nio-9292-exec-8] o.s.security.web.FilterChainProxy        : /login at position 4 of 12 in additional filter chain; firing Filter: 'CsrfFilter'
2016-05-19 10:33:13.501 DEBUG 9212 --- [http-nio-9292-exec-8] o.s.security.web.FilterChainProxy        : /login at position 5 of 12 in additional filter chain; firing Filter: 'LogoutFilter'
2016-05-19 10:33:13.501 DEBUG 9212 --- [http-nio-9292-exec-8] o.s.s.w.u.matcher.AntPathRequestMatcher  : Request 'GET /login' doesn't match 'POST /logout
2016-05-19 10:33:13.501 DEBUG 9212 --- [http-nio-9292-exec-8] o.s.security.web.FilterChainProxy        : /login at position 6 of 12 in additional filter chain; firing Filter: 'UsernamePasswordAuthenticationFilter'
2016-05-19 10:33:13.501 DEBUG 9212 --- [http-nio-9292-exec-8] o.s.s.w.u.matcher.AntPathRequestMatcher  : Request 'GET /login' doesn't match 'POST /login
2016-05-19 10:33:13.501 DEBUG 9212 --- [http-nio-9292-exec-8] o.s.security.web.FilterChainProxy        : /login at position 7 of 12 in additional filter chain; firing Filter: 'DefaultLoginPageGeneratingFilter'
2016-05-19 10:33:13.501 DEBUG 9212 --- [http-nio-9292-exec-8] o.s.s.w.header.writers.HstsHeaderWriter  : Not injecting HSTS header since it did not match the requestMatcher org.springframework.security.web.header.writers.HstsHeaderWriter$SecureRequestMatcher@74235bac
2016-05-19 10:33:13.501 DEBUG 9212 --- [http-nio-9292-exec-8] w.c.HttpSessionSecurityContextRepository : SecurityContext is empty or contents are anonymous - context will not be stored in HttpSession.
2016-05-19 10:33:13.501 DEBUG 9212 --- [http-nio-9292-exec-8] s.s.w.c.SecurityContextPersistenceFilter : SecurityContextHolder now cleared, as request processing completed
2016-05-19 10:33:56.153  INFO 9048 --- [main] com.mimacom.app.springboot.Application   : Starting Application on mima-ws-108 with PID 9048 (C:\development\projects\sample-spring-boot-app\sample-spring-boot-web\target\classes started by pado in C:\development\projects\sample-spring-boot-app)
2016-05-19 10:33:56.159  INFO 9048 --- [main] com.mimacom.app.springboot.Application   : No active profile set, falling back to default profiles: default
2016-05-19 10:33:56.628  INFO 9048 --- [main] ationConfigEmbeddedWebApplicationContext : Refreshing org.springframework.boot.context.embedded.AnnotationConfigEmbeddedWebApplicationContext@6c284af: startup date [Thu May 19 10:33:56 CEST 2016]; root of context hierarchy
2016-05-19 10:33:58.099  INFO 9048 --- [main] o.s.b.f.s.DefaultListableBeanFactory     : Overriding bean definition for bean 'ignoredPathsWebSecurityConfigurerAdapter' with a different definition: replacing [Root bean: class [null]; scope=; abstract=false; lazyInit=false; autowireMode=3; dependencyCheck=0; autowireCandidate=true; primary=false; factoryBeanName=org.springframework.boot.autoconfigure.security.SpringBootWebSecurityConfiguration; factoryMethodName=ignoredPathsWebSecurityConfigurerAdapter; initMethodName=null; destroyMethodName=(inferred); defined in class path resource [org/springframework/boot/autoconfigure/security/SpringBootWebSecurityConfiguration.class]] with [Root bean: class [null]; scope=; abstract=false; lazyInit=false; autowireMode=3; dependencyCheck=0; autowireCandidate=true; primary=false; factoryBeanName=org.springframework.boot.actuate.autoconfigure.ManagementWebSecurityAutoConfiguration; factoryMethodName=ignoredPathsWebSecurityConfigurerAdapter; initMethodName=null; destroyMethodName=(inferred); defined in class path resource [org/springframework/boot/actuate/autoconfigure/ManagementWebSecurityAutoConfiguration.class]]
2016-05-19 10:33:59.741  INFO 9048 --- [main] trationDelegate$BeanPostProcessorChecker : Bean 'org.springframework.transaction.annotation.ProxyTransactionManagementConfiguration' of type [class org.springframework.transaction.annotation.ProxyTransactionManagementConfiguration$$EnhancerBySpringCGLIB$$a2c63b58] is not eligible for getting processed by all BeanPostProcessors (for example: not eligible for auto-proxying)
2016-05-19 10:34:00.648  INFO 9048 --- [main] s.b.c.e.t.TomcatEmbeddedServletContainer : Tomcat initialized with port(s): 9292 (http)
2016-05-19 10:34:00.673  INFO 9048 --- [main] o.apache.catalina.core.StandardService   : Starting service Tomcat
2016-05-19 10:34:00.675  INFO 9048 --- [main] org.apache.catalina.core.StandardEngine  : Starting Servlet Engine: Apache Tomcat/8.0.33
2016-05-19 10:34:00.863  INFO 9048 --- [localhost-startStop-1] o.a.c.c.C.[Tomcat].[localhost].[/]       : Initializing Spring embedded WebApplicationContext
2016-05-19 10:34:00.863  INFO 9048 --- [localhost-startStop-1] o.s.web.context.ContextLoader            : Root WebApplicationContext: initialization completed in 4239 ms
2016-05-19 10:34:02.040  INFO 9048 --- [localhost-startStop-1] o.s.b.w.servlet.FilterRegistrationBean   : Mapping filter: 'metricFilter' to: [/*]
2016-05-19 10:34:02.041  INFO 9048 --- [localhost-startStop-1] o.s.b.w.servlet.FilterRegistrationBean   : Mapping filter: 'characterEncodingFilter' to: [/*]
2016-05-19 10:34:02.041  INFO 9048 --- [localhost-startStop-1] o.s.b.w.servlet.FilterRegistrationBean   : Mapping filter: 'hiddenHttpMethodFilter' to: [/*]
2016-05-19 10:34:02.041  INFO 9048 --- [localhost-startStop-1] o.s.b.w.servlet.FilterRegistrationBean   : Mapping filter: 'httpPutFormContentFilter' to: [/*]
2016-05-19 10:34:02.042  INFO 9048 --- [localhost-startStop-1] o.s.b.w.servlet.FilterRegistrationBean   : Mapping filter: 'requestContextFilter' to: [/*]
2016-05-19 10:34:02.043  INFO 9048 --- [localhost-startStop-1] .s.DelegatingFilterProxyRegistrationBean : Mapping filter: 'springSecurityFilterChain' to: [/*]
2016-05-19 10:34:02.044  INFO 9048 --- [localhost-startStop-1] o.s.b.w.servlet.FilterRegistrationBean   : Mapping filter: 'webRequestLoggingFilter' to: [/*]
2016-05-19 10:34:02.044  INFO 9048 --- [localhost-startStop-1] o.s.b.w.servlet.FilterRegistrationBean   : Mapping filter: 'applicationContextIdFilter' to: [/*]
2016-05-19 10:34:02.045  INFO 9048 --- [localhost-startStop-1] o.s.b.w.servlet.ServletRegistrationBean  : Mapping servlet: 'dispatcherServlet' to [/]
2016-05-19 10:34:02.580 DEBUG 9048 --- [localhost-startStop-1] eGlobalAuthenticationAutowiredConfigurer : Eagerly initializing {org.springframework.boot.autoconfigure.security.SpringBootWebSecurityConfiguration=org.springframework.boot.autoconfigure.security.SpringBootWebSecurityConfiguration$$EnhancerBySpringCGLIB$$eabb0000@21b89f5f}
2016-05-19 10:34:02.735  INFO 9048 --- [localhost-startStop-1] o.s.s.web.DefaultSecurityFilterChain     : Creating filter chain: OrRequestMatcher [requestMatchers=[Ant [pattern='/css/**'], Ant [pattern='/js/**'], Ant [pattern='/images/**'], Ant [pattern='/**/favicon.ico'], Ant [pattern='/error']]], []
2016-05-19 10:34:02.879 DEBUG 9048 --- [localhost-startStop-1] edFilterInvocationSecurityMetadataSource : Adding web access control expression 'permitAll', for org.springframework.boot.actuate.autoconfigure.ManagementWebSecurityAutoConfiguration$LazyEndpointPathRequestMatcher@1c79dd01
2016-05-19 10:34:02.882 DEBUG 9048 --- [localhost-startStop-1] edFilterInvocationSecurityMetadataSource : Adding web access control expression 'hasRole('ROLE_ADMIN')', for org.springframework.security.web.util.matcher.AnyRequestMatcher@1
2016-05-19 10:34:02.898 DEBUG 9048 --- [localhost-startStop-1] o.s.s.w.a.i.FilterSecurityInterceptor    : Validated configuration attributes
2016-05-19 10:34:02.900 DEBUG 9048 --- [localhost-startStop-1] o.s.s.w.a.i.FilterSecurityInterceptor    : Validated configuration attributes
2016-05-19 10:34:02.925  INFO 9048 --- [localhost-startStop-1] o.s.s.web.DefaultSecurityFilterChain     : Creating filter chain: Ant [pattern='/management/**'], [org.springframework.security.web.context.request.async.WebAsyncManagerIntegrationFilter@41825c6d, org.springframework.security.web.context.SecurityContextPersistenceFilter@6ad88c8d, org.springframework.security.web.header.HeaderWriterFilter@18070962, org.springframework.security.web.authentication.logout.LogoutFilter@63a47b63, org.springframework.security.web.authentication.www.BasicAuthenticationFilter@22713454, org.springframework.security.web.savedrequest.RequestCacheAwareFilter@4e8d2571, org.springframework.security.web.servletapi.SecurityContextHolderAwareRequestFilter@40b2dc8c, org.springframework.security.web.authentication.AnonymousAuthenticationFilter@7288e034, org.springframework.security.web.session.SessionManagementFilter@7c5d28f3, org.springframework.security.web.access.ExceptionTranslationFilter@15a3bdcf, org.springframework.security.web.access.intercept.FilterSecurityInterceptor@3343e2a5]
2016-05-19 10:34:03.022 DEBUG 9048 --- [localhost-startStop-1] edFilterInvocationSecurityMetadataSource : Adding web access control expression 'fullyAuthenticated', for Ant [pattern='/**']
2016-05-19 10:34:03.023 DEBUG 9048 --- [localhost-startStop-1] o.s.s.w.a.i.FilterSecurityInterceptor    : Validated configuration attributes
2016-05-19 10:34:03.023 DEBUG 9048 --- [localhost-startStop-1] o.s.s.w.a.i.FilterSecurityInterceptor    : Validated configuration attributes
2016-05-19 10:34:03.024  INFO 9048 --- [localhost-startStop-1] o.s.s.web.DefaultSecurityFilterChain     : Creating filter chain: org.springframework.security.web.util.matcher.AnyRequestMatcher@1, [org.springframework.security.web.context.request.async.WebAsyncManagerIntegrationFilter@131e2362, org.springframework.security.web.context.SecurityContextPersistenceFilter@13503760, org.springframework.security.web.header.HeaderWriterFilter@660ddf6d, org.springframework.security.web.csrf.CsrfFilter@21b8647e, org.springframework.security.web.authentication.logout.LogoutFilter@67307f01, org.springframework.security.web.authentication.UsernamePasswordAuthenticationFilter@3b81794b, org.springframework.security.web.authentication.ui.DefaultLoginPageGeneratingFilter@75c9adef, org.springframework.security.web.savedrequest.RequestCacheAwareFilter@45933fcb, org.springframework.security.web.servletapi.SecurityContextHolderAwareRequestFilter@4d6d76a3, org.springframework.security.web.session.SessionManagementFilter@712936af, org.springframework.security.web.access.ExceptionTranslationFilter@deb7fce, org.springframework.security.web.access.intercept.FilterSecurityInterceptor@3a672fdc]
2016-05-19 10:34:03.041 DEBUG 9048 --- [localhost-startStop-1] edFilterInvocationSecurityMetadataSource : Adding web access control expression 'hasAnyRole('ROLE_USER','ROLE_ADMIN')', for org.springframework.security.web.util.matcher.AnyRequestMatcher@1
2016-05-19 10:34:03.041 DEBUG 9048 --- [localhost-startStop-1] o.s.s.w.a.i.FilterSecurityInterceptor    : Validated configuration attributes
2016-05-19 10:34:03.042 DEBUG 9048 --- [localhost-startStop-1] o.s.s.w.a.i.FilterSecurityInterceptor    : Validated configuration attributes
2016-05-19 10:34:03.042  INFO 9048 --- [localhost-startStop-1] o.s.s.web.DefaultSecurityFilterChain     : Creating filter chain: OrRequestMatcher [requestMatchers=[Ant [pattern='/**']]], [org.springframework.security.web.context.request.async.WebAsyncManagerIntegrationFilter@4869bea6, org.springframework.security.web.context.SecurityContextPersistenceFilter@70ff32f2, org.springframework.security.web.header.HeaderWriterFilter@2e1761eb, org.springframework.security.web.authentication.logout.LogoutFilter@7f98dc4b, org.springframework.security.web.authentication.www.BasicAuthenticationFilter@767919e8, org.springframework.security.web.savedrequest.RequestCacheAwareFilter@25855892, org.springframework.security.web.servletapi.SecurityContextHolderAwareRequestFilter@30087df0, org.springframework.security.web.authentication.AnonymousAuthenticationFilter@5e06e5c6, org.springframework.security.web.session.SessionManagementFilter@249d7852, org.springframework.security.web.access.ExceptionTranslationFilter@6276eb34, org.springframework.security.web.access.intercept.FilterSecurityInterceptor@d688d10]
2016-05-19 10:34:04.844  INFO 9048 --- [main] j.LocalContainerEntityManagerFactoryBean : Building JPA container EntityManagerFactory for persistence unit 'default'
2016-05-19 10:34:04.921  INFO 9048 --- [main] o.hibernate.jpa.internal.util.LogHelper  : HHH000204: Processing PersistenceUnitInfo [
	name: default
	...]
2016-05-19 10:34:05.273  INFO 9048 --- [main] org.hibernate.Version                    : HHH000412: Hibernate Core {5.1.0.Final}
2016-05-19 10:34:05.275  INFO 9048 --- [main] org.hibernate.cfg.Environment            : HHH000206: hibernate.properties not found
2016-05-19 10:34:05.277  INFO 9048 --- [main] org.hibernate.cfg.Environment            : HHH000021: Bytecode provider name : javassist
2016-05-19 10:34:05.324  INFO 9048 --- [main] o.hibernate.annotations.common.Version   : HCANN000001: Hibernate Commons Annotations {5.0.1.Final}
2016-05-19 10:34:05.500  INFO 9048 --- [main] org.hibernate.dialect.Dialect            : HHH000400: Using dialect: org.hibernate.dialect.H2Dialect
2016-05-19 10:34:06.202  INFO 9048 --- [main] o.h.t.schema.internal.SchemaCreatorImpl  : HHH000476: Executing import script 'org.hibernate.tool.schema.internal.exec.ScriptSourceInputNonExistentImpl@3de88f64'
2016-05-19 10:34:06.239  INFO 9048 --- [main] j.LocalContainerEntityManagerFactoryBean : Initialized JPA EntityManagerFactory for persistence unit 'default'
2016-05-19 10:34:06.709  INFO 9048 --- [main] s.w.s.m.m.a.RequestMappingHandlerAdapter : Looking for @ControllerAdvice: org.springframework.boot.context.embedded.AnnotationConfigEmbeddedWebApplicationContext@6c284af: startup date [Thu May 19 10:33:56 CEST 2016]; root of context hierarchy
2016-05-19 10:34:06.818  INFO 9048 --- [main] s.w.s.m.m.a.RequestMappingHandlerMapping : Mapped "{[/api/user],methods=[GET]}" onto public void com.mimacom.app.springboot.web.UserController.addRandom()
2016-05-19 10:34:06.822  INFO 9048 --- [main] s.w.s.m.m.a.RequestMappingHandlerMapping : Mapped "{[/error]}" onto public org.springframework.http.ResponseEntity<java.util.Map<java.lang.String, java.lang.Object>> org.springframework.boot.autoconfigure.web.BasicErrorController.error(javax.servlet.http.HttpServletRequest)
2016-05-19 10:34:06.823  INFO 9048 --- [main] s.w.s.m.m.a.RequestMappingHandlerMapping : Mapped "{[/error],produces=[text/html]}" onto public org.springframework.web.servlet.ModelAndView org.springframework.boot.autoconfigure.web.BasicErrorController.errorHtml(javax.servlet.http.HttpServletRequest,javax.servlet.http.HttpServletResponse)
2016-05-19 10:34:06.831  INFO 9048 --- [main] o.s.w.s.c.a.WebMvcConfigurerAdapter      : Adding welcome page: class path resource [static/index.html]
2016-05-19 10:34:06.856  INFO 9048 --- [main] o.s.w.s.handler.SimpleUrlHandlerMapping  : Root mapping to handler of type [class org.springframework.web.servlet.mvc.ParameterizableViewController]
2016-05-19 10:34:06.878  INFO 9048 --- [main] o.s.w.s.handler.SimpleUrlHandlerMapping  : Mapped URL path [/webjars/**] onto handler of type [class org.springframework.web.servlet.resource.ResourceHttpRequestHandler]
2016-05-19 10:34:06.879  INFO 9048 --- [main] o.s.w.s.handler.SimpleUrlHandlerMapping  : Mapped URL path [/**] onto handler of type [class org.springframework.web.servlet.resource.ResourceHttpRequestHandler]
2016-05-19 10:34:06.967  INFO 9048 --- [main] o.s.w.s.handler.SimpleUrlHandlerMapping  : Mapped URL path [/**/favicon.ico] onto handler of type [class org.springframework.web.servlet.resource.ResourceHttpRequestHandler]
2016-05-19 10:34:07.802  INFO 9048 --- [main] o.s.b.a.e.mvc.EndpointHandlerMapping     : Mapped "{[/management/mappings || /management/mappings.json],methods=[GET],produces=[application/json]}" onto public java.lang.Object org.springframework.boot.actuate.endpoint.mvc.EndpointMvcAdapter.invoke()
2016-05-19 10:34:07.804  INFO 9048 --- [main] o.s.b.a.e.mvc.EndpointHandlerMapping     : Mapped "{[/management/beans || /management/beans.json],methods=[GET],produces=[application/json]}" onto public java.lang.Object org.springframework.boot.actuate.endpoint.mvc.EndpointMvcAdapter.invoke()
2016-05-19 10:34:07.805  INFO 9048 --- [main] o.s.b.a.e.mvc.EndpointHandlerMapping     : Mapped "{[/management/metrics/{name:.*}],methods=[GET],produces=[application/json]}" onto public java.lang.Object org.springframework.boot.actuate.endpoint.mvc.MetricsMvcEndpoint.value(java.lang.String)
2016-05-19 10:34:07.805  INFO 9048 --- [main] o.s.b.a.e.mvc.EndpointHandlerMapping     : Mapped "{[/management/metrics || /management/metrics.json],methods=[GET],produces=[application/json]}" onto public java.lang.Object org.springframework.boot.actuate.endpoint.mvc.EndpointMvcAdapter.invoke()
2016-05-19 10:34:07.807  INFO 9048 --- [main] o.s.b.a.e.mvc.EndpointHandlerMapping     : Mapped "{[/management/info || /management/info.json],methods=[GET],produces=[application/json]}" onto public java.lang.Object org.springframework.boot.actuate.endpoint.mvc.EndpointMvcAdapter.invoke()
2016-05-19 10:34:07.808  INFO 9048 --- [main] o.s.b.a.e.mvc.EndpointHandlerMapping     : Mapped "{[/management/configprops || /management/configprops.json],methods=[GET],produces=[application/json]}" onto public java.lang.Object org.springframework.boot.actuate.endpoint.mvc.EndpointMvcAdapter.invoke()
2016-05-19 10:34:07.811  INFO 9048 --- [main] o.s.b.a.e.mvc.EndpointHandlerMapping     : Mapped "{[/management/health || /management/health.json],produces=[application/json]}" onto public java.lang.Object org.springframework.boot.actuate.endpoint.mvc.HealthMvcEndpoint.invoke(java.security.Principal)
2016-05-19 10:34:07.814  INFO 9048 --- [main] o.s.b.a.e.mvc.EndpointHandlerMapping     : Mapped "{[/management/autoconfig || /management/autoconfig.json],methods=[GET],produces=[application/json]}" onto public java.lang.Object org.springframework.boot.actuate.endpoint.mvc.EndpointMvcAdapter.invoke()
2016-05-19 10:34:07.815  INFO 9048 --- [main] o.s.b.a.e.mvc.EndpointHandlerMapping     : Mapped "{[/management/dump || /management/dump.json],methods=[GET],produces=[application/json]}" onto public java.lang.Object org.springframework.boot.actuate.endpoint.mvc.EndpointMvcAdapter.invoke()
2016-05-19 10:34:07.816  INFO 9048 --- [main] o.s.b.a.e.mvc.EndpointHandlerMapping     : Mapped "{[/management/logfile || /management/logfile.json],methods=[GET || HEAD]}" onto public void org.springframework.boot.actuate.endpoint.mvc.LogFileMvcEndpoint.invoke(javax.servlet.http.HttpServletRequest,javax.servlet.http.HttpServletResponse) throws javax.servlet.ServletException,java.io.IOException
2016-05-19 10:34:07.822  INFO 9048 --- [main] o.s.b.a.e.mvc.EndpointHandlerMapping     : Mapped "{[/management/trace || /management/trace.json],methods=[GET],produces=[application/json]}" onto public java.lang.Object org.springframework.boot.actuate.endpoint.mvc.EndpointMvcAdapter.invoke()
2016-05-19 10:34:07.824  INFO 9048 --- [main] o.s.b.a.e.mvc.EndpointHandlerMapping     : Mapped "{[/management/env/{name:.*}],methods=[GET],produces=[application/json]}" onto public java.lang.Object org.springframework.boot.actuate.endpoint.mvc.EnvironmentMvcEndpoint.value(java.lang.String)
2016-05-19 10:34:07.824  INFO 9048 --- [main] o.s.b.a.e.mvc.EndpointHandlerMapping     : Mapped "{[/management/env || /management/env.json],methods=[GET],produces=[application/json]}" onto public java.lang.Object org.springframework.boot.actuate.endpoint.mvc.EndpointMvcAdapter.invoke()
2016-05-19 10:34:08.911  INFO 9048 --- [main] o.s.j.e.a.AnnotationMBeanExporter        : Registering beans for JMX exposure on startup
2016-05-19 10:34:08.928  INFO 9048 --- [main] o.s.c.support.DefaultLifecycleProcessor  : Starting beans in phase 0
2016-05-19 10:34:09.248  INFO 9048 --- [main] s.b.c.e.t.TomcatEmbeddedServletContainer : Tomcat started on port(s): 9292 (http)
2016-05-19 10:34:09.255  INFO 9048 --- [main] com.mimacom.app.springboot.Application   : Started Application in 14.214 seconds (JVM running for 15.461)
2016-05-19 10:34:15.770  INFO 9048 --- [http-nio-9292-exec-1] o.a.c.c.C.[Tomcat].[localhost].[/]       : Initializing Spring FrameworkServlet 'dispatcherServlet'
2016-05-19 10:34:15.771  INFO 9048 --- [http-nio-9292-exec-1] o.s.web.servlet.DispatcherServlet        : FrameworkServlet 'dispatcherServlet': initialization started
2016-05-19 10:34:15.790  INFO 9048 --- [http-nio-9292-exec-1] o.s.web.servlet.DispatcherServlet        : FrameworkServlet 'dispatcherServlet': initialization completed in 18 ms
2016-05-19 10:34:15.805 DEBUG 9048 --- [http-nio-9292-exec-1] o.s.s.web.util.matcher.OrRequestMatcher  : Trying to match using Ant [pattern='/css/**']
2016-05-19 10:34:15.805 DEBUG 9048 --- [http-nio-9292-exec-1] o.s.s.w.u.matcher.AntPathRequestMatcher  : Checking match of request : '/management/logfile'; against '/css/**'
2016-05-19 10:34:15.806 DEBUG 9048 --- [http-nio-9292-exec-1] o.s.s.web.util.matcher.OrRequestMatcher  : Trying to match using Ant [pattern='/js/**']
2016-05-19 10:34:15.806 DEBUG 9048 --- [http-nio-9292-exec-1] o.s.s.w.u.matcher.AntPathRequestMatcher  : Checking match of request : '/management/logfile'; against '/js/**'
2016-05-19 10:34:15.806 DEBUG 9048 --- [http-nio-9292-exec-1] o.s.s.web.util.matcher.OrRequestMatcher  : Trying to match using Ant [pattern='/images/**']
2016-05-19 10:34:15.806 DEBUG 9048 --- [http-nio-9292-exec-1] o.s.s.w.u.matcher.AntPathRequestMatcher  : Checking match of request : '/management/logfile'; against '/images/**'
2016-05-19 10:34:15.806 DEBUG 9048 --- [http-nio-9292-exec-1] o.s.s.web.util.matcher.OrRequestMatcher  : Trying to match using Ant [pattern='/**/favicon.ico']
2016-05-19 10:34:15.806 DEBUG 9048 --- [http-nio-9292-exec-1] o.s.s.w.u.matcher.AntPathRequestMatcher  : Checking match of request : '/management/logfile'; against '/**/favicon.ico'
2016-05-19 10:34:15.806 DEBUG 9048 --- [http-nio-9292-exec-1] o.s.s.web.util.matcher.OrRequestMatcher  : Trying to match using Ant [pattern='/error']
2016-05-19 10:34:15.806 DEBUG 9048 --- [http-nio-9292-exec-1] o.s.s.w.u.matcher.AntPathRequestMatcher  : Checking match of request : '/management/logfile'; against '/error'
2016-05-19 10:34:15.806 DEBUG 9048 --- [http-nio-9292-exec-1] o.s.s.web.util.matcher.OrRequestMatcher  : No matches found
2016-05-19 10:34:15.806 DEBUG 9048 --- [http-nio-9292-exec-1] o.s.s.w.u.matcher.AntPathRequestMatcher  : Checking match of request : '/management/logfile'; against '/management/**'
2016-05-19 10:34:15.807 DEBUG 9048 --- [http-nio-9292-exec-1] o.s.security.web.FilterChainProxy        : /management/logfile at position 1 of 11 in additional filter chain; firing Filter: 'WebAsyncManagerIntegrationFilter'
2016-05-19 10:34:15.807 DEBUG 9048 --- [http-nio-9292-exec-1] o.s.security.web.FilterChainProxy        : /management/logfile at position 2 of 11 in additional filter chain; firing Filter: 'SecurityContextPersistenceFilter'
2016-05-19 10:34:15.808 DEBUG 9048 --- [http-nio-9292-exec-1] o.s.security.web.FilterChainProxy        : /management/logfile at position 3 of 11 in additional filter chain; firing Filter: 'HeaderWriterFilter'
2016-05-19 10:34:15.809 DEBUG 9048 --- [http-nio-9292-exec-1] o.s.security.web.FilterChainProxy        : /management/logfile at position 4 of 11 in additional filter chain; firing Filter: 'LogoutFilter'
2016-05-19 10:34:15.810 DEBUG 9048 --- [http-nio-9292-exec-1] o.s.s.w.u.matcher.AntPathRequestMatcher  : Checking match of request : '/management/logfile'; against '/logout'
2016-05-19 10:34:15.810 DEBUG 9048 --- [http-nio-9292-exec-1] o.s.security.web.FilterChainProxy        : /management/logfile at position 5 of 11 in additional filter chain; firing Filter: 'BasicAuthenticationFilter'
2016-05-19 10:34:15.812 DEBUG 9048 --- [http-nio-9292-exec-1] o.s.s.w.a.www.BasicAuthenticationFilter  : Basic Authentication Authorization header found for user 'admin'
2016-05-19 10:34:18.204 DEBUG 9048 --- [http-nio-9292-exec-1] o.s.s.authentication.ProviderManager     : Authentication attempt using org.springframework.security.authentication.dao.DaoAuthenticationProvider
2016-05-19 10:34:18.207 DEBUG 9048 --- [http-nio-9292-exec-1] o.s.s.w.a.www.BasicAuthenticationFilter  : Authentication success: org.springframework.security.authentication.UsernamePasswordAuthenticationToken@fec7843d: Principal: org.springframework.security.core.userdetails.User@586034f: Username: admin; Password: [PROTECTED]; Enabled: true; AccountNonExpired: true; credentialsNonExpired: true; AccountNonLocked: true; Granted Authorities: ROLE_ADMIN,ROLE_USER; Credentials: [PROTECTED]; Authenticated: true; Details: org.springframework.security.web.authentication.WebAuthenticationDetails@b364: RemoteIpAddress: 0:0:0:0:0:0:0:1; SessionId: null; Granted Authorities: ROLE_ADMIN, ROLE_USER
2016-05-19 10:34:18.207 DEBUG 9048 --- [http-nio-9292-exec-1] o.s.security.web.FilterChainProxy        : /management/logfile at position 6 of 11 in additional filter chain; firing Filter: 'RequestCacheAwareFilter'
2016-05-19 10:34:18.207 DEBUG 9048 --- [http-nio-9292-exec-1] o.s.security.web.FilterChainProxy        : /management/logfile at position 7 of 11 in additional filter chain; firing Filter: 'SecurityContextHolderAwareRequestFilter'
2016-05-19 10:34:18.211 DEBUG 9048 --- [http-nio-9292-exec-1] o.s.security.web.FilterChainProxy        : /management/logfile at position 8 of 11 in additional filter chain; firing Filter: 'AnonymousAuthenticationFilter'
2016-05-19 10:34:18.212 DEBUG 9048 --- [http-nio-9292-exec-1] o.s.s.w.a.AnonymousAuthenticationFilter  : SecurityContextHolder not populated with anonymous token, as it already contained: 'org.springframework.security.authentication.UsernamePasswordAuthenticationToken@fec7843d: Principal: org.springframework.security.core.userdetails.User@586034f: Username: admin; Password: [PROTECTED]; Enabled: true; AccountNonExpired: true; credentialsNonExpired: true; AccountNonLocked: true; Granted Authorities: ROLE_ADMIN,ROLE_USER; Credentials: [PROTECTED]; Authenticated: true; Details: org.springframework.security.web.authentication.WebAuthenticationDetails@b364: RemoteIpAddress: 0:0:0:0:0:0:0:1; SessionId: null; Granted Authorities: ROLE_ADMIN, ROLE_USER'
2016-05-19 10:34:18.212 DEBUG 9048 --- [http-nio-9292-exec-1] o.s.security.web.FilterChainProxy        : /management/logfile at position 9 of 11 in additional filter chain; firing Filter: 'SessionManagementFilter'
2016-05-19 10:34:18.212 DEBUG 9048 --- [http-nio-9292-exec-1] s.CompositeSessionAuthenticationStrategy : Delegating to org.springframework.security.web.authentication.session.ChangeSessionIdAuthenticationStrategy@2fdf3cd1
2016-05-19 10:34:18.212 DEBUG 9048 --- [http-nio-9292-exec-1] o.s.security.web.FilterChainProxy        : /management/logfile at position 10 of 11 in additional filter chain; firing Filter: 'ExceptionTranslationFilter'
2016-05-19 10:34:18.212 DEBUG 9048 --- [http-nio-9292-exec-1] o.s.security.web.FilterChainProxy        : /management/logfile at position 11 of 11 in additional filter chain; firing Filter: 'FilterSecurityInterceptor'
2016-05-19 10:34:18.214 DEBUG 9048 --- [http-nio-9292-exec-1] o.s.s.web.util.matcher.OrRequestMatcher  : Trying to match using Ant [pattern='/management/health']
2016-05-19 10:34:18.214 DEBUG 9048 --- [http-nio-9292-exec-1] o.s.s.w.u.matcher.AntPathRequestMatcher  : Checking match of request : '/management/logfile'; against '/management/health'
2016-05-19 10:34:18.217 DEBUG 9048 --- [http-nio-9292-exec-1] o.s.s.web.util.matcher.OrRequestMatcher  : Trying to match using Ant [pattern='/management/health/']
2016-05-19 10:34:18.217 DEBUG 9048 --- [http-nio-9292-exec-1] o.s.s.w.u.matcher.AntPathRequestMatcher  : Checking match of request : '/management/logfile'; against '/management/health/'
2016-05-19 10:34:18.217 DEBUG 9048 --- [http-nio-9292-exec-1] o.s.s.web.util.matcher.OrRequestMatcher  : No matches found
2016-05-19 10:34:18.217 DEBUG 9048 --- [http-nio-9292-exec-1] o.s.s.w.a.i.FilterSecurityInterceptor    : Secure object: FilterInvocation: URL: /management/logfile; Attributes: [hasRole('ROLE_ADMIN')]
2016-05-19 10:34:18.217 DEBUG 9048 --- [http-nio-9292-exec-1] o.s.s.w.a.i.FilterSecurityInterceptor    : Previously Authenticated: org.springframework.security.authentication.UsernamePasswordAuthenticationToken@fec7843d: Principal: org.springframework.security.core.userdetails.User@586034f: Username: admin; Password: [PROTECTED]; Enabled: true; AccountNonExpired: true; credentialsNonExpired: true; AccountNonLocked: true; Granted Authorities: ROLE_ADMIN,ROLE_USER; Credentials: [PROTECTED]; Authenticated: true; Details: org.springframework.security.web.authentication.WebAuthenticationDetails@b364: RemoteIpAddress: 0:0:0:0:0:0:0:1; SessionId: null; Granted Authorities: ROLE_ADMIN, ROLE_USER
2016-05-19 10:34:18.220 DEBUG 9048 --- [http-nio-9292-exec-1] o.s.s.access.vote.AffirmativeBased       : Voter: org.springframework.security.web.access.expression.WebExpressionVoter@67667468, returned: 1
2016-05-19 10:34:18.220 DEBUG 9048 --- [http-nio-9292-exec-1] o.s.s.w.a.i.FilterSecurityInterceptor    : Authorization successful
2016-05-19 10:34:18.220 DEBUG 9048 --- [http-nio-9292-exec-1] o.s.s.w.a.i.FilterSecurityInterceptor    : RunAsManager did not change Authentication object
2016-05-19 10:34:18.220 DEBUG 9048 --- [http-nio-9292-exec-1] o.s.security.web.FilterChainProxy        : /management/logfile reached end of additional filter chain; proceeding with original chain
2016-05-19 10:34:18.241  WARN 9048 --- [http-nio-9292-exec-1] o.s.w.s.r.ResourceHttpRequestHandler     : Locations list is empty. No resources will be served unless a custom ResourceResolver is configured as an alternative to PathResourceResolver.
2016-05-19 10:34:18.248 DEBUG 9048 --- [http-nio-9292-exec-1] o.s.s.w.header.writers.HstsHeaderWriter  : Not injecting HSTS header since it did not match the requestMatcher org.springframework.security.web.header.writers.HstsHeaderWriter$SecureRequestMatcher@77ca59df
2016-05-19 10:34:18.363 DEBUG 9048 --- [http-nio-9292-exec-1] o.s.s.w.a.ExceptionTranslationFilter     : Chain processed normally
2016-05-19 10:34:18.364 DEBUG 9048 --- [http-nio-9292-exec-1] s.s.w.c.SecurityContextPersistenceFilter : SecurityContextHolder now cleared, as request processing completed
2016-05-19 10:34:19.314 DEBUG 9048 --- [http-nio-9292-exec-2] o.s.s.web.util.matcher.OrRequestMatcher  : Trying to match using Ant [pattern='/css/**']
2016-05-19 10:34:19.314 DEBUG 9048 --- [http-nio-9292-exec-2] o.s.s.w.u.matcher.AntPathRequestMatcher  : Checking match of request : '/favicon.ico'; against '/css/**'
2016-05-19 10:34:19.314 DEBUG 9048 --- [http-nio-9292-exec-2] o.s.s.web.util.matcher.OrRequestMatcher  : Trying to match using Ant [pattern='/js/**']
2016-05-19 10:34:19.314 DEBUG 9048 --- [http-nio-9292-exec-2] o.s.s.w.u.matcher.AntPathRequestMatcher  : Checking match of request : '/favicon.ico'; against '/js/**'
2016-05-19 10:34:19.315 DEBUG 9048 --- [http-nio-9292-exec-2] o.s.s.web.util.matcher.OrRequestMatcher  : Trying to match using Ant [pattern='/images/**']
2016-05-19 10:34:19.315 DEBUG 9048 --- [http-nio-9292-exec-2] o.s.s.w.u.matcher.AntPathRequestMatcher  : Checking match of request : '/favicon.ico'; against '/images/**'
2016-05-19 10:34:19.315 DEBUG 9048 --- [http-nio-9292-exec-2] o.s.s.web.util.matcher.OrRequestMatcher  : Trying to match using Ant [pattern='/**/favicon.ico']
2016-05-19 10:34:19.315 DEBUG 9048 --- [http-nio-9292-exec-2] o.s.s.w.u.matcher.AntPathRequestMatcher  : Checking match of request : '/favicon.ico'; against '/**/favicon.ico'
2016-05-19 10:34:19.315 DEBUG 9048 --- [http-nio-9292-exec-2] o.s.s.web.util.matcher.OrRequestMatcher  : matched
2016-05-19 10:34:19.315 DEBUG 9048 --- [http-nio-9292-exec-2] o.s.security.web.FilterChainProxy        : /favicon.ico has an empty filter list
2016-05-19 10:34:20.895 DEBUG 9048 --- [http-nio-9292-exec-3] o.s.s.web.util.matcher.OrRequestMatcher  : Trying to match using Ant [pattern='/css/**']
2016-05-19 10:34:20.896 DEBUG 9048 --- [http-nio-9292-exec-3] o.s.s.w.u.matcher.AntPathRequestMatcher  : Checking match of request : '/index.html'; against '/css/**'
2016-05-19 10:34:20.896 DEBUG 9048 --- [http-nio-9292-exec-3] o.s.s.web.util.matcher.OrRequestMatcher  : Trying to match using Ant [pattern='/js/**']
2016-05-19 10:34:20.896 DEBUG 9048 --- [http-nio-9292-exec-3] o.s.s.w.u.matcher.AntPathRequestMatcher  : Checking match of request : '/index.html'; against '/js/**'
2016-05-19 10:34:20.896 DEBUG 9048 --- [http-nio-9292-exec-3] o.s.s.web.util.matcher.OrRequestMatcher  : Trying to match using Ant [pattern='/images/**']
2016-05-19 10:34:20.896 DEBUG 9048 --- [http-nio-9292-exec-3] o.s.s.w.u.matcher.AntPathRequestMatcher  : Checking match of request : '/index.html'; against '/images/**'
2016-05-19 10:34:20.896 DEBUG 9048 --- [http-nio-9292-exec-3] o.s.s.web.util.matcher.OrRequestMatcher  : Trying to match using Ant [pattern='/**/favicon.ico']
2016-05-19 10:34:20.896 DEBUG 9048 --- [http-nio-9292-exec-3] o.s.s.w.u.matcher.AntPathRequestMatcher  : Checking match of request : '/index.html'; against '/**/favicon.ico'
2016-05-19 10:34:20.896 DEBUG 9048 --- [http-nio-9292-exec-3] o.s.s.web.util.matcher.OrRequestMatcher  : Trying to match using Ant [pattern='/error']
2016-05-19 10:34:20.896 DEBUG 9048 --- [http-nio-9292-exec-3] o.s.s.w.u.matcher.AntPathRequestMatcher  : Checking match of request : '/index.html'; against '/error'
2016-05-19 10:34:20.896 DEBUG 9048 --- [http-nio-9292-exec-3] o.s.s.web.util.matcher.OrRequestMatcher  : No matches found
2016-05-19 10:34:20.896 DEBUG 9048 --- [http-nio-9292-exec-3] o.s.s.w.u.matcher.AntPathRequestMatcher  : Checking match of request : '/index.html'; against '/management/**'
2016-05-19 10:34:20.896 DEBUG 9048 --- [http-nio-9292-exec-3] o.s.security.web.FilterChainProxy        : /index.html at position 1 of 12 in additional filter chain; firing Filter: 'WebAsyncManagerIntegrationFilter'
2016-05-19 10:34:20.896 DEBUG 9048 --- [http-nio-9292-exec-3] o.s.security.web.FilterChainProxy        : /index.html at position 2 of 12 in additional filter chain; firing Filter: 'SecurityContextPersistenceFilter'
2016-05-19 10:34:20.896 DEBUG 9048 --- [http-nio-9292-exec-3] w.c.HttpSessionSecurityContextRepository : No HttpSession currently exists
2016-05-19 10:34:20.897 DEBUG 9048 --- [http-nio-9292-exec-3] w.c.HttpSessionSecurityContextRepository : No SecurityContext was available from the HttpSession: null. A new one will be created.
2016-05-19 10:34:20.897 DEBUG 9048 --- [http-nio-9292-exec-3] o.s.security.web.FilterChainProxy        : /index.html at position 3 of 12 in additional filter chain; firing Filter: 'HeaderWriterFilter'
2016-05-19 10:34:20.897 DEBUG 9048 --- [http-nio-9292-exec-3] o.s.security.web.FilterChainProxy        : /index.html at position 4 of 12 in additional filter chain; firing Filter: 'CsrfFilter'
2016-05-19 10:34:20.898 DEBUG 9048 --- [http-nio-9292-exec-3] o.s.security.web.FilterChainProxy        : /index.html at position 5 of 12 in additional filter chain; firing Filter: 'LogoutFilter'
2016-05-19 10:34:20.899 DEBUG 9048 --- [http-nio-9292-exec-3] o.s.s.w.u.matcher.AntPathRequestMatcher  : Request 'GET /index.html' doesn't match 'POST /logout
2016-05-19 10:34:20.899 DEBUG 9048 --- [http-nio-9292-exec-3] o.s.security.web.FilterChainProxy        : /index.html at position 6 of 12 in additional filter chain; firing Filter: 'UsernamePasswordAuthenticationFilter'
2016-05-19 10:34:20.899 DEBUG 9048 --- [http-nio-9292-exec-3] o.s.s.w.u.matcher.AntPathRequestMatcher  : Request 'GET /index.html' doesn't match 'POST /login
2016-05-19 10:34:20.899 DEBUG 9048 --- [http-nio-9292-exec-3] o.s.security.web.FilterChainProxy        : /index.html at position 7 of 12 in additional filter chain; firing Filter: 'DefaultLoginPageGeneratingFilter'
2016-05-19 10:34:20.899 DEBUG 9048 --- [http-nio-9292-exec-3] o.s.security.web.FilterChainProxy        : /index.html at position 8 of 12 in additional filter chain; firing Filter: 'RequestCacheAwareFilter'
2016-05-19 10:34:20.899 DEBUG 9048 --- [http-nio-9292-exec-3] o.s.security.web.FilterChainProxy        : /index.html at position 9 of 12 in additional filter chain; firing Filter: 'SecurityContextHolderAwareRequestFilter'
2016-05-19 10:34:20.899 DEBUG 9048 --- [http-nio-9292-exec-3] o.s.security.web.FilterChainProxy        : /index.html at position 10 of 12 in additional filter chain; firing Filter: 'SessionManagementFilter'
2016-05-19 10:34:20.899 DEBUG 9048 --- [http-nio-9292-exec-3] o.s.s.w.session.SessionManagementFilter  : Requested session ID 69DBB31EB19EC9DE38132F3784F9E4C3 is invalid.
2016-05-19 10:34:20.899 DEBUG 9048 --- [http-nio-9292-exec-3] o.s.security.web.FilterChainProxy        : /index.html at position 11 of 12 in additional filter chain; firing Filter: 'ExceptionTranslationFilter'
2016-05-19 10:34:20.899 DEBUG 9048 --- [http-nio-9292-exec-3] o.s.security.web.FilterChainProxy        : /index.html at position 12 of 12 in additional filter chain; firing Filter: 'FilterSecurityInterceptor'
2016-05-19 10:34:20.899 DEBUG 9048 --- [http-nio-9292-exec-3] o.s.s.w.u.matcher.AntPathRequestMatcher  : Request '/index.html' matched by universal pattern '/**'
2016-05-19 10:34:20.899 DEBUG 9048 --- [http-nio-9292-exec-3] o.s.s.w.a.i.FilterSecurityInterceptor    : Secure object: FilterInvocation: URL: /index.html; Attributes: [fullyAuthenticated]
2016-05-19 10:34:20.901 DEBUG 9048 --- [http-nio-9292-exec-3] o.s.s.w.a.ExceptionTranslationFilter     : Authentication exception occurred; redirecting to authentication entry point

org.springframework.security.authentication.AuthenticationCredentialsNotFoundException: An Authentication object was not found in the SecurityContext
	at org.springframework.security.access.intercept.AbstractSecurityInterceptor.credentialsNotFound(AbstractSecurityInterceptor.java:379)
	at org.springframework.security.access.intercept.AbstractSecurityInterceptor.beforeInvocation(AbstractSecurityInterceptor.java:223)
	at org.springframework.security.web.access.intercept.FilterSecurityInterceptor.invoke(FilterSecurityInterceptor.java:124)
	at org.springframework.security.web.access.intercept.FilterSecurityInterceptor.doFilter(FilterSecurityInterceptor.java:91)
	at org.springframework.security.web.FilterChainProxy$VirtualFilterChain.doFilter(FilterChainProxy.java:331)
	at org.springframework.security.web.access.ExceptionTranslationFilter.doFilter(ExceptionTranslationFilter.java:115)
	at org.springframework.security.web.FilterChainProxy$VirtualFilterChain.doFilter(FilterChainProxy.java:331)
	at org.springframework.security.web.session.SessionManagementFilter.doFilter(SessionManagementFilter.java:137)
	at org.springframework.security.web.FilterChainProxy$VirtualFilterChain.doFilter(FilterChainProxy.java:331)
	at org.springframework.security.web.servletapi.SecurityContextHolderAwareRequestFilter.doFilter(SecurityContextHolderAwareRequestFilter.java:169)
	at org.springframework.security.web.FilterChainProxy$VirtualFilterChain.doFilter(FilterChainProxy.java:331)
	at org.springframework.security.web.savedrequest.RequestCacheAwareFilter.doFilter(RequestCacheAwareFilter.java:63)
	at org.springframework.security.web.FilterChainProxy$VirtualFilterChain.doFilter(FilterChainProxy.java:331)
	at org.springframework.security.web.authentication.ui.DefaultLoginPageGeneratingFilter.doFilter(DefaultLoginPageGeneratingFilter.java:177)
	at org.springframework.security.web.FilterChainProxy$VirtualFilterChain.doFilter(FilterChainProxy.java:331)
	at org.springframework.security.web.authentication.AbstractAuthenticationProcessingFilter.doFilter(AbstractAuthenticationProcessingFilter.java:206)
	at org.springframework.security.web.FilterChainProxy$VirtualFilterChain.doFilter(FilterChainProxy.java:331)
	at org.springframework.security.web.authentication.logout.LogoutFilter.doFilter(LogoutFilter.java:121)
	at org.springframework.security.web.FilterChainProxy$VirtualFilterChain.doFilter(FilterChainProxy.java:331)
	at org.springframework.security.web.csrf.CsrfFilter.doFilterInternal(CsrfFilter.java:100)
	at org.springframework.web.filter.OncePerRequestFilter.doFilter(OncePerRequestFilter.java:107)
	at org.springframework.security.web.FilterChainProxy$VirtualFilterChain.doFilter(FilterChainProxy.java:331)
	at org.springframework.security.web.header.HeaderWriterFilter.doFilterInternal(HeaderWriterFilter.java:66)
	at org.springframework.web.filter.OncePerRequestFilter.doFilter(OncePerRequestFilter.java:107)
	at org.springframework.security.web.FilterChainProxy$VirtualFilterChain.doFilter(FilterChainProxy.java:331)
	at org.springframework.security.web.context.SecurityContextPersistenceFilter.doFilter(SecurityContextPersistenceFilter.java:106)
	at org.springframework.security.web.FilterChainProxy$VirtualFilterChain.doFilter(FilterChainProxy.java:331)
	at org.springframework.security.web.context.request.async.WebAsyncManagerIntegrationFilter.doFilterInternal(WebAsyncManagerIntegrationFilter.java:56)
	at org.springframework.web.filter.OncePerRequestFilter.doFilter(OncePerRequestFilter.java:107)
	at org.springframework.security.web.FilterChainProxy$VirtualFilterChain.doFilter(FilterChainProxy.java:331)
	at org.springframework.security.web.FilterChainProxy.doFilterInternal(FilterChainProxy.java:214)
	at org.springframework.security.web.FilterChainProxy.doFilter(FilterChainProxy.java:177)
	at org.springframework.web.filter.DelegatingFilterProxy.invokeDelegate(DelegatingFilterProxy.java:346)
	at org.springframework.web.filter.DelegatingFilterProxy.doFilter(DelegatingFilterProxy.java:262)
	at org.apache.catalina.core.ApplicationFilterChain.internalDoFilter(ApplicationFilterChain.java:240)
	at org.apache.catalina.core.ApplicationFilterChain.doFilter(ApplicationFilterChain.java:207)
	at org.springframework.web.filter.RequestContextFilter.doFilterInternal(RequestContextFilter.java:99)
	at org.springframework.web.filter.OncePerRequestFilter.doFilter(OncePerRequestFilter.java:107)
	at org.apache.catalina.core.ApplicationFilterChain.internalDoFilter(ApplicationFilterChain.java:240)
	at org.apache.catalina.core.ApplicationFilterChain.doFilter(ApplicationFilterChain.java:207)
	at org.springframework.web.filter.HttpPutFormContentFilter.doFilterInternal(HttpPutFormContentFilter.java:87)
	at org.springframework.web.filter.OncePerRequestFilter.doFilter(OncePerRequestFilter.java:107)
	at org.apache.catalina.core.ApplicationFilterChain.internalDoFilter(ApplicationFilterChain.java:240)
	at org.apache.catalina.core.ApplicationFilterChain.doFilter(ApplicationFilterChain.java:207)
	at org.springframework.web.filter.HiddenHttpMethodFilter.doFilterInternal(HiddenHttpMethodFilter.java:77)
	at org.springframework.web.filter.OncePerRequestFilter.doFilter(OncePerRequestFilter.java:107)
	at org.apache.catalina.core.ApplicationFilterChain.internalDoFilter(ApplicationFilterChain.java:240)
	at org.apache.catalina.core.ApplicationFilterChain.doFilter(ApplicationFilterChain.java:207)
	at org.springframework.web.filter.CharacterEncodingFilter.doFilterInternal(CharacterEncodingFilter.java:197)
	at org.springframework.web.filter.OncePerRequestFilter.doFilter(OncePerRequestFilter.java:107)
	at org.apache.catalina.core.ApplicationFilterChain.internalDoFilter(ApplicationFilterChain.java:240)
	at org.apache.catalina.core.ApplicationFilterChain.doFilter(ApplicationFilterChain.java:207)
	at org.springframework.boot.actuate.autoconfigure.MetricsFilter.doFilterInternal(MetricsFilter.java:107)
	at org.springframework.web.filter.OncePerRequestFilter.doFilter(OncePerRequestFilter.java:107)
	at org.apache.catalina.core.ApplicationFilterChain.internalDoFilter(ApplicationFilterChain.java:240)
	at org.apache.catalina.core.ApplicationFilterChain.doFilter(ApplicationFilterChain.java:207)
	at org.apache.catalina.core.StandardWrapperValve.invoke(StandardWrapperValve.java:212)
	at org.apache.catalina.core.StandardContextValve.invoke(StandardContextValve.java:106)
	at org.apache.catalina.authenticator.AuthenticatorBase.invoke(AuthenticatorBase.java:502)
	at org.apache.catalina.core.StandardHostValve.invoke(StandardHostValve.java:141)
	at org.apache.catalina.valves.ErrorReportValve.invoke(ErrorReportValve.java:79)
	at org.apache.catalina.core.StandardEngineValve.invoke(StandardEngineValve.java:88)
	at org.apache.catalina.connector.CoyoteAdapter.service(CoyoteAdapter.java:522)
	at org.apache.coyote.http11.AbstractHttp11Processor.process(AbstractHttp11Processor.java:1095)
	at org.apache.coyote.AbstractProtocol$AbstractConnectionHandler.process(AbstractProtocol.java:672)
	at org.apache.tomcat.util.net.NioEndpoint$SocketProcessor.doRun(NioEndpoint.java:1502)
	at org.apache.tomcat.util.net.NioEndpoint$SocketProcessor.run(NioEndpoint.java:1458)
	at java.util.concurrent.ThreadPoolExecutor.runWorker(ThreadPoolExecutor.java:1142)
	at java.util.concurrent.ThreadPoolExecutor$Worker.run(ThreadPoolExecutor.java:617)
	at org.apache.tomcat.util.threads.TaskThread$WrappingRunnable.run(TaskThread.java:61)
	at java.lang.Thread.run(Thread.java:745)

2016-05-19 10:34:20.907 DEBUG 9048 --- [http-nio-9292-exec-3] o.s.s.w.util.matcher.AndRequestMatcher   : Trying to match using Ant [pattern='/**', GET]
2016-05-19 10:34:20.907 DEBUG 9048 --- [http-nio-9292-exec-3] o.s.s.w.u.matcher.AntPathRequestMatcher  : Request '/index.html' matched by universal pattern '/**'
2016-05-19 10:34:20.907 DEBUG 9048 --- [http-nio-9292-exec-3] o.s.s.w.util.matcher.AndRequestMatcher   : Trying to match using NegatedRequestMatcher [requestMatcher=Ant [pattern='/**/favicon.ico']]
2016-05-19 10:34:20.907 DEBUG 9048 --- [http-nio-9292-exec-3] o.s.s.w.u.matcher.AntPathRequestMatcher  : Checking match of request : '/index.html'; against '/**/favicon.ico'
2016-05-19 10:34:20.907 DEBUG 9048 --- [http-nio-9292-exec-3] o.s.s.w.u.matcher.NegatedRequestMatcher  : matches = true
2016-05-19 10:34:20.907 DEBUG 9048 --- [http-nio-9292-exec-3] o.s.s.w.util.matcher.AndRequestMatcher   : Trying to match using NegatedRequestMatcher [requestMatcher=MediaTypeRequestMatcher [contentNegotiationStrategy=org.springframework.web.accept.ContentNegotiationManager@46a71b62, matchingMediaTypes=[application/json], useEquals=false, ignoredMediaTypes=[*/*]]]
2016-05-19 10:34:20.908 DEBUG 9048 --- [http-nio-9292-exec-3] o.s.s.w.u.m.MediaTypeRequestMatcher      : httpRequestMediaTypes=[text/html]
2016-05-19 10:34:20.908 DEBUG 9048 --- [http-nio-9292-exec-3] o.s.s.w.u.m.MediaTypeRequestMatcher      : Processing text/html
2016-05-19 10:34:20.908 DEBUG 9048 --- [http-nio-9292-exec-3] o.s.s.w.u.m.MediaTypeRequestMatcher      : application/json .isCompatibleWith text/html = false
2016-05-19 10:34:20.908 DEBUG 9048 --- [http-nio-9292-exec-3] o.s.s.w.u.m.MediaTypeRequestMatcher      : Did not match any media types
2016-05-19 10:34:20.908 DEBUG 9048 --- [http-nio-9292-exec-3] o.s.s.w.u.matcher.NegatedRequestMatcher  : matches = true
2016-05-19 10:34:20.908 DEBUG 9048 --- [http-nio-9292-exec-3] o.s.s.w.util.matcher.AndRequestMatcher   : Trying to match using NegatedRequestMatcher [requestMatcher=RequestHeaderRequestMatcher [expectedHeaderName=X-Requested-With, expectedHeaderValue=XMLHttpRequest]]
2016-05-19 10:34:20.908 DEBUG 9048 --- [http-nio-9292-exec-3] o.s.s.w.u.matcher.NegatedRequestMatcher  : matches = true
2016-05-19 10:34:20.908 DEBUG 9048 --- [http-nio-9292-exec-3] o.s.s.w.util.matcher.AndRequestMatcher   : All requestMatchers returned true
2016-05-19 10:34:20.917 DEBUG 9048 --- [http-nio-9292-exec-3] o.s.s.w.s.HttpSessionRequestCache        : DefaultSavedRequest added to Session: DefaultSavedRequest[http://localhost:9292/index.html]
2016-05-19 10:34:20.918 DEBUG 9048 --- [http-nio-9292-exec-3] o.s.s.w.a.ExceptionTranslationFilter     : Calling Authentication entry point.
2016-05-19 10:34:20.918 DEBUG 9048 --- [http-nio-9292-exec-3] o.s.s.web.DefaultRedirectStrategy        : Redirecting to 'http://localhost:9292/login'
2016-05-19 10:34:20.918 DEBUG 9048 --- [http-nio-9292-exec-3] o.s.s.w.header.writers.HstsHeaderWriter  : Not injecting HSTS header since it did not match the requestMatcher org.springframework.security.web.header.writers.HstsHeaderWriter$SecureRequestMatcher@21975ac1
2016-05-19 10:34:20.918 DEBUG 9048 --- [http-nio-9292-exec-3] w.c.HttpSessionSecurityContextRepository : SecurityContext is empty or contents are anonymous - context will not be stored in HttpSession.
2016-05-19 10:34:20.919 DEBUG 9048 --- [http-nio-9292-exec-3] s.s.w.c.SecurityContextPersistenceFilter : SecurityContextHolder now cleared, as request processing completed
2016-05-19 10:34:20.925 DEBUG 9048 --- [http-nio-9292-exec-4] o.s.s.web.util.matcher.OrRequestMatcher  : Trying to match using Ant [pattern='/css/**']
2016-05-19 10:34:20.925 DEBUG 9048 --- [http-nio-9292-exec-4] o.s.s.w.u.matcher.AntPathRequestMatcher  : Checking match of request : '/login'; against '/css/**'
2016-05-19 10:34:20.925 DEBUG 9048 --- [http-nio-9292-exec-4] o.s.s.web.util.matcher.OrRequestMatcher  : Trying to match using Ant [pattern='/js/**']
2016-05-19 10:34:20.925 DEBUG 9048 --- [http-nio-9292-exec-4] o.s.s.w.u.matcher.AntPathRequestMatcher  : Checking match of request : '/login'; against '/js/**'
2016-05-19 10:34:20.926 DEBUG 9048 --- [http-nio-9292-exec-4] o.s.s.web.util.matcher.OrRequestMatcher  : Trying to match using Ant [pattern='/images/**']
2016-05-19 10:34:20.926 DEBUG 9048 --- [http-nio-9292-exec-4] o.s.s.w.u.matcher.AntPathRequestMatcher  : Checking match of request : '/login'; against '/images/**'
2016-05-19 10:34:20.926 DEBUG 9048 --- [http-nio-9292-exec-4] o.s.s.web.util.matcher.OrRequestMatcher  : Trying to match using Ant [pattern='/**/favicon.ico']
2016-05-19 10:34:20.926 DEBUG 9048 --- [http-nio-9292-exec-4] o.s.s.w.u.matcher.AntPathRequestMatcher  : Checking match of request : '/login'; against '/**/favicon.ico'
2016-05-19 10:34:20.926 DEBUG 9048 --- [http-nio-9292-exec-4] o.s.s.web.util.matcher.OrRequestMatcher  : Trying to match using Ant [pattern='/error']
2016-05-19 10:34:20.926 DEBUG 9048 --- [http-nio-9292-exec-4] o.s.s.w.u.matcher.AntPathRequestMatcher  : Checking match of request : '/login'; against '/error'
2016-05-19 10:34:20.926 DEBUG 9048 --- [http-nio-9292-exec-4] o.s.s.web.util.matcher.OrRequestMatcher  : No matches found
2016-05-19 10:34:20.926 DEBUG 9048 --- [http-nio-9292-exec-4] o.s.s.w.u.matcher.AntPathRequestMatcher  : Checking match of request : '/login'; against '/management/**'
2016-05-19 10:34:20.926 DEBUG 9048 --- [http-nio-9292-exec-4] o.s.security.web.FilterChainProxy        : /login at position 1 of 12 in additional filter chain; firing Filter: 'WebAsyncManagerIntegrationFilter'
2016-05-19 10:34:20.926 DEBUG 9048 --- [http-nio-9292-exec-4] o.s.security.web.FilterChainProxy        : /login at position 2 of 12 in additional filter chain; firing Filter: 'SecurityContextPersistenceFilter'
2016-05-19 10:34:20.926 DEBUG 9048 --- [http-nio-9292-exec-4] w.c.HttpSessionSecurityContextRepository : HttpSession returned null object for SPRING_SECURITY_CONTEXT
2016-05-19 10:34:20.926 DEBUG 9048 --- [http-nio-9292-exec-4] w.c.HttpSessionSecurityContextRepository : No SecurityContext was available from the HttpSession: org.apache.catalina.session.StandardSessionFacade@7dff7e88. A new one will be created.
2016-05-19 10:34:20.926 DEBUG 9048 --- [http-nio-9292-exec-4] o.s.security.web.FilterChainProxy        : /login at position 3 of 12 in additional filter chain; firing Filter: 'HeaderWriterFilter'
2016-05-19 10:34:20.926 DEBUG 9048 --- [http-nio-9292-exec-4] o.s.security.web.FilterChainProxy        : /login at position 4 of 12 in additional filter chain; firing Filter: 'CsrfFilter'
2016-05-19 10:34:20.926 DEBUG 9048 --- [http-nio-9292-exec-4] o.s.security.web.FilterChainProxy        : /login at position 5 of 12 in additional filter chain; firing Filter: 'LogoutFilter'
2016-05-19 10:34:20.927 DEBUG 9048 --- [http-nio-9292-exec-4] o.s.s.w.u.matcher.AntPathRequestMatcher  : Request 'GET /login' doesn't match 'POST /logout
2016-05-19 10:34:20.927 DEBUG 9048 --- [http-nio-9292-exec-4] o.s.security.web.FilterChainProxy        : /login at position 6 of 12 in additional filter chain; firing Filter: 'UsernamePasswordAuthenticationFilter'
2016-05-19 10:34:20.927 DEBUG 9048 --- [http-nio-9292-exec-4] o.s.s.w.u.matcher.AntPathRequestMatcher  : Request 'GET /login' doesn't match 'POST /login
2016-05-19 10:34:20.927 DEBUG 9048 --- [http-nio-9292-exec-4] o.s.security.web.FilterChainProxy        : /login at position 7 of 12 in additional filter chain; firing Filter: 'DefaultLoginPageGeneratingFilter'
2016-05-19 10:34:20.929 DEBUG 9048 --- [http-nio-9292-exec-4] o.s.s.w.header.writers.HstsHeaderWriter  : Not injecting HSTS header since it did not match the requestMatcher org.springframework.security.web.header.writers.HstsHeaderWriter$SecureRequestMatcher@21975ac1
2016-05-19 10:34:20.930 DEBUG 9048 --- [http-nio-9292-exec-4] w.c.HttpSessionSecurityContextRepository : SecurityContext is empty or contents are anonymous - context will not be stored in HttpSession.
2016-05-19 10:34:20.930 DEBUG 9048 --- [http-nio-9292-exec-4] s.s.w.c.SecurityContextPersistenceFilter : SecurityContextHolder now cleared, as request processing completed
2016-05-19 11:06:37.611  INFO 9452 --- [main] com.mimacom.app.springboot.Application   : Starting Application on mima-ws-108 with PID 9452 (C:\development\projects\sample-spring-boot-app\sample-spring-boot-web\target\classes started by pado in C:\development\projects\sample-spring-boot-app)
2016-05-19 11:06:37.617  INFO 9452 --- [main] com.mimacom.app.springboot.Application   : No active profile set, falling back to default profiles: default
2016-05-19 11:06:37.801  INFO 9452 --- [main] ationConfigEmbeddedWebApplicationContext : Refreshing org.springframework.boot.context.embedded.AnnotationConfigEmbeddedWebApplicationContext@6c284af: startup date [Thu May 19 11:06:37 CEST 2016]; root of context hierarchy
2016-05-19 11:06:40.061  INFO 9452 --- [main] o.s.b.f.s.DefaultListableBeanFactory     : Overriding bean definition for bean 'ignoredPathsWebSecurityConfigurerAdapter' with a different definition: replacing [Root bean: class [null]; scope=; abstract=false; lazyInit=false; autowireMode=3; dependencyCheck=0; autowireCandidate=true; primary=false; factoryBeanName=org.springframework.boot.autoconfigure.security.SpringBootWebSecurityConfiguration; factoryMethodName=ignoredPathsWebSecurityConfigurerAdapter; initMethodName=null; destroyMethodName=(inferred); defined in class path resource [org/springframework/boot/autoconfigure/security/SpringBootWebSecurityConfiguration.class]] with [Root bean: class [null]; scope=; abstract=false; lazyInit=false; autowireMode=3; dependencyCheck=0; autowireCandidate=true; primary=false; factoryBeanName=org.springframework.boot.actuate.autoconfigure.ManagementWebSecurityAutoConfiguration; factoryMethodName=ignoredPathsWebSecurityConfigurerAdapter; initMethodName=null; destroyMethodName=(inferred); defined in class path resource [org/springframework/boot/actuate/autoconfigure/ManagementWebSecurityAutoConfiguration.class]]
2016-05-19 11:06:40.825  INFO 9452 --- [main] trationDelegate$BeanPostProcessorChecker : Bean 'org.springframework.transaction.annotation.ProxyTransactionManagementConfiguration' of type [class org.springframework.transaction.annotation.ProxyTransactionManagementConfiguration$$EnhancerBySpringCGLIB$$b49946a] is not eligible for getting processed by all BeanPostProcessors (for example: not eligible for auto-proxying)
2016-05-19 11:06:41.584  INFO 9452 --- [main] s.b.c.e.t.TomcatEmbeddedServletContainer : Tomcat initialized with port(s): 9292 (http)
2016-05-19 11:06:41.598  INFO 9452 --- [main] o.apache.catalina.core.StandardService   : Starting service Tomcat
2016-05-19 11:06:41.599  INFO 9452 --- [main] org.apache.catalina.core.StandardEngine  : Starting Servlet Engine: Apache Tomcat/8.0.33
2016-05-19 11:06:41.770  INFO 9452 --- [localhost-startStop-1] o.a.c.c.C.[Tomcat].[localhost].[/]       : Initializing Spring embedded WebApplicationContext
2016-05-19 11:06:41.771  INFO 9452 --- [localhost-startStop-1] o.s.web.context.ContextLoader            : Root WebApplicationContext: initialization completed in 3974 ms
2016-05-19 11:06:42.448  INFO 9452 --- [localhost-startStop-1] o.s.b.w.servlet.FilterRegistrationBean   : Mapping filter: 'metricFilter' to: [/*]
2016-05-19 11:06:42.449  INFO 9452 --- [localhost-startStop-1] o.s.b.w.servlet.FilterRegistrationBean   : Mapping filter: 'characterEncodingFilter' to: [/*]
2016-05-19 11:06:42.449  INFO 9452 --- [localhost-startStop-1] o.s.b.w.servlet.FilterRegistrationBean   : Mapping filter: 'hiddenHttpMethodFilter' to: [/*]
2016-05-19 11:06:42.449  INFO 9452 --- [localhost-startStop-1] o.s.b.w.servlet.FilterRegistrationBean   : Mapping filter: 'httpPutFormContentFilter' to: [/*]
2016-05-19 11:06:42.449  INFO 9452 --- [localhost-startStop-1] o.s.b.w.servlet.FilterRegistrationBean   : Mapping filter: 'requestContextFilter' to: [/*]
2016-05-19 11:06:42.451  INFO 9452 --- [localhost-startStop-1] .s.DelegatingFilterProxyRegistrationBean : Mapping filter: 'springSecurityFilterChain' to: [/*]
2016-05-19 11:06:42.451  INFO 9452 --- [localhost-startStop-1] o.s.b.w.servlet.FilterRegistrationBean   : Mapping filter: 'webRequestLoggingFilter' to: [/*]
2016-05-19 11:06:42.451  INFO 9452 --- [localhost-startStop-1] o.s.b.w.servlet.FilterRegistrationBean   : Mapping filter: 'applicationContextIdFilter' to: [/*]
2016-05-19 11:06:42.451  INFO 9452 --- [localhost-startStop-1] o.s.b.w.servlet.ServletRegistrationBean  : Mapping servlet: 'dispatcherServlet' to [/]
2016-05-19 11:06:42.849 DEBUG 9452 --- [localhost-startStop-1] eGlobalAuthenticationAutowiredConfigurer : Eagerly initializing {org.springframework.boot.autoconfigure.security.SpringBootWebSecurityConfiguration=org.springframework.boot.autoconfigure.security.SpringBootWebSecurityConfiguration$$EnhancerBySpringCGLIB$$533e5912@c197216}
2016-05-19 11:06:42.955  INFO 9452 --- [localhost-startStop-1] o.s.s.web.DefaultSecurityFilterChain     : Creating filter chain: OrRequestMatcher [requestMatchers=[Ant [pattern='/css/**'], Ant [pattern='/js/**'], Ant [pattern='/images/**'], Ant [pattern='/**/favicon.ico'], Ant [pattern='/error']]], []
2016-05-19 11:06:43.047 DEBUG 9452 --- [localhost-startStop-1] edFilterInvocationSecurityMetadataSource : Adding web access control expression 'permitAll', for org.springframework.boot.actuate.autoconfigure.ManagementWebSecurityAutoConfiguration$LazyEndpointPathRequestMatcher@18f4a43a
2016-05-19 11:06:43.048 DEBUG 9452 --- [localhost-startStop-1] edFilterInvocationSecurityMetadataSource : Adding web access control expression 'hasRole('ROLE_ADMIN')', for org.springframework.security.web.util.matcher.AnyRequestMatcher@1
2016-05-19 11:06:43.062 DEBUG 9452 --- [localhost-startStop-1] o.s.s.w.a.i.FilterSecurityInterceptor    : Validated configuration attributes
2016-05-19 11:06:43.066 DEBUG 9452 --- [localhost-startStop-1] o.s.s.w.a.i.FilterSecurityInterceptor    : Validated configuration attributes
2016-05-19 11:06:43.087  INFO 9452 --- [localhost-startStop-1] o.s.s.web.DefaultSecurityFilterChain     : Creating filter chain: Ant [pattern='/management/**'], [org.springframework.security.web.context.request.async.WebAsyncManagerIntegrationFilter@6c19ba9b, org.springframework.security.web.context.SecurityContextPersistenceFilter@160c89b, org.springframework.security.web.header.HeaderWriterFilter@112fe6db, org.springframework.security.web.authentication.logout.LogoutFilter@4a80ca88, org.springframework.security.web.authentication.www.BasicAuthenticationFilter@751e33bd, org.springframework.security.web.savedrequest.RequestCacheAwareFilter@428088c0, org.springframework.security.web.servletapi.SecurityContextHolderAwareRequestFilter@755286e3, org.springframework.security.web.authentication.AnonymousAuthenticationFilter@34b1815a, org.springframework.security.web.session.SessionManagementFilter@35c3ce18, org.springframework.security.web.access.ExceptionTranslationFilter@44b6d25a, org.springframework.security.web.access.intercept.FilterSecurityInterceptor@6880a129]
2016-05-19 11:06:43.145 DEBUG 9452 --- [localhost-startStop-1] edFilterInvocationSecurityMetadataSource : Adding web access control expression 'fullyAuthenticated', for org.springframework.security.web.util.matcher.AnyRequestMatcher@1
2016-05-19 11:06:43.146 DEBUG 9452 --- [localhost-startStop-1] o.s.s.w.a.i.FilterSecurityInterceptor    : Validated configuration attributes
2016-05-19 11:06:43.146 DEBUG 9452 --- [localhost-startStop-1] o.s.s.w.a.i.FilterSecurityInterceptor    : Validated configuration attributes
2016-05-19 11:06:43.148  INFO 9452 --- [localhost-startStop-1] o.s.s.web.DefaultSecurityFilterChain     : Creating filter chain: Ant [pattern='/**'], [org.springframework.security.web.context.request.async.WebAsyncManagerIntegrationFilter@6f9cb86, org.springframework.security.web.context.SecurityContextPersistenceFilter@4d1c4c1d, org.springframework.security.web.header.HeaderWriterFilter@235052e4, org.springframework.security.web.csrf.CsrfFilter@1c10d9c4, org.springframework.security.web.authentication.logout.LogoutFilter@5194e137, org.springframework.security.web.authentication.UsernamePasswordAuthenticationFilter@1675003, org.springframework.security.web.authentication.ui.DefaultLoginPageGeneratingFilter@7e473646, org.springframework.security.web.savedrequest.RequestCacheAwareFilter@4b63780e, org.springframework.security.web.servletapi.SecurityContextHolderAwareRequestFilter@6a85c4f4, org.springframework.security.web.session.SessionManagementFilter@575871cb, org.springframework.security.web.access.ExceptionTranslationFilter@715ee4f4, org.springframework.security.web.access.intercept.FilterSecurityInterceptor@4f8408b7]
2016-05-19 11:06:43.170 DEBUG 9452 --- [localhost-startStop-1] edFilterInvocationSecurityMetadataSource : Adding web access control expression 'hasAnyRole('ROLE_USER','ROLE_ADMIN')', for org.springframework.security.web.util.matcher.AnyRequestMatcher@1
2016-05-19 11:06:43.170 DEBUG 9452 --- [localhost-startStop-1] o.s.s.w.a.i.FilterSecurityInterceptor    : Validated configuration attributes
2016-05-19 11:06:43.171 DEBUG 9452 --- [localhost-startStop-1] o.s.s.w.a.i.FilterSecurityInterceptor    : Validated configuration attributes
2016-05-19 11:06:43.171  INFO 9452 --- [localhost-startStop-1] o.s.s.web.DefaultSecurityFilterChain     : Creating filter chain: OrRequestMatcher [requestMatchers=[Ant [pattern='/**']]], [org.springframework.security.web.context.request.async.WebAsyncManagerIntegrationFilter@9ca6a4f, org.springframework.security.web.context.SecurityContextPersistenceFilter@155a35c3, org.springframework.security.web.header.HeaderWriterFilter@e2a5173, org.springframework.security.web.authentication.logout.LogoutFilter@4ac011fa, org.springframework.security.web.authentication.www.BasicAuthenticationFilter@ef0c14c, org.springframework.security.web.savedrequest.RequestCacheAwareFilter@243a07f8, org.springframework.security.web.servletapi.SecurityContextHolderAwareRequestFilter@78476bc5, org.springframework.security.web.authentication.AnonymousAuthenticationFilter@6a498402, org.springframework.security.web.session.SessionManagementFilter@1766867, org.springframework.security.web.access.ExceptionTranslationFilter@461ee9f1, org.springframework.security.web.access.intercept.FilterSecurityInterceptor@7b2c9bfd]
2016-05-19 11:06:43.699  INFO 9452 --- [main] j.LocalContainerEntityManagerFactoryBean : Building JPA container EntityManagerFactory for persistence unit 'default'
2016-05-19 11:06:43.727  INFO 9452 --- [main] o.hibernate.jpa.internal.util.LogHelper  : HHH000204: Processing PersistenceUnitInfo [
	name: default
	...]
2016-05-19 11:06:44.285  INFO 9452 --- [main] org.hibernate.Version                    : HHH000412: Hibernate Core {5.1.0.Final}
2016-05-19 11:06:44.288  INFO 9452 --- [main] org.hibernate.cfg.Environment            : HHH000206: hibernate.properties not found
2016-05-19 11:06:44.293  INFO 9452 --- [main] org.hibernate.cfg.Environment            : HHH000021: Bytecode provider name : javassist
2016-05-19 11:06:44.377  INFO 9452 --- [main] o.hibernate.annotations.common.Version   : HCANN000001: Hibernate Commons Annotations {5.0.1.Final}
2016-05-19 11:06:44.673  INFO 9452 --- [main] org.hibernate.dialect.Dialect            : HHH000400: Using dialect: org.hibernate.dialect.H2Dialect
2016-05-19 11:06:45.388  INFO 9452 --- [main] o.h.t.schema.internal.SchemaCreatorImpl  : HHH000476: Executing import script 'org.hibernate.tool.schema.internal.exec.ScriptSourceInputNonExistentImpl@4cd5fc46'
2016-05-19 11:06:45.439  INFO 9452 --- [main] j.LocalContainerEntityManagerFactoryBean : Initialized JPA EntityManagerFactory for persistence unit 'default'
2016-05-19 11:06:45.907  INFO 9452 --- [main] s.w.s.m.m.a.RequestMappingHandlerAdapter : Looking for @ControllerAdvice: org.springframework.boot.context.embedded.AnnotationConfigEmbeddedWebApplicationContext@6c284af: startup date [Thu May 19 11:06:37 CEST 2016]; root of context hierarchy
2016-05-19 11:06:46.021  INFO 9452 --- [main] s.w.s.m.m.a.RequestMappingHandlerMapping : Mapped "{[/api/user],methods=[GET]}" onto public void com.mimacom.app.springboot.web.UserController.addRandom()
2016-05-19 11:06:46.025  INFO 9452 --- [main] s.w.s.m.m.a.RequestMappingHandlerMapping : Mapped "{[/error]}" onto public org.springframework.http.ResponseEntity<java.util.Map<java.lang.String, java.lang.Object>> org.springframework.boot.autoconfigure.web.BasicErrorController.error(javax.servlet.http.HttpServletRequest)
2016-05-19 11:06:46.025  INFO 9452 --- [main] s.w.s.m.m.a.RequestMappingHandlerMapping : Mapped "{[/error],produces=[text/html]}" onto public org.springframework.web.servlet.ModelAndView org.springframework.boot.autoconfigure.web.BasicErrorController.errorHtml(javax.servlet.http.HttpServletRequest,javax.servlet.http.HttpServletResponse)
2016-05-19 11:06:46.033  INFO 9452 --- [main] o.s.w.s.c.a.WebMvcConfigurerAdapter      : Adding welcome page: class path resource [static/index.html]
2016-05-19 11:06:46.056  INFO 9452 --- [main] o.s.w.s.handler.SimpleUrlHandlerMapping  : Root mapping to handler of type [class org.springframework.web.servlet.mvc.ParameterizableViewController]
2016-05-19 11:06:46.081  INFO 9452 --- [main] o.s.w.s.handler.SimpleUrlHandlerMapping  : Mapped URL path [/webjars/**] onto handler of type [class org.springframework.web.servlet.resource.ResourceHttpRequestHandler]
2016-05-19 11:06:46.081  INFO 9452 --- [main] o.s.w.s.handler.SimpleUrlHandlerMapping  : Mapped URL path [/**] onto handler of type [class org.springframework.web.servlet.resource.ResourceHttpRequestHandler]
2016-05-19 11:06:46.168  INFO 9452 --- [main] o.s.w.s.handler.SimpleUrlHandlerMapping  : Mapped URL path [/**/favicon.ico] onto handler of type [class org.springframework.web.servlet.resource.ResourceHttpRequestHandler]
2016-05-19 11:06:46.959  INFO 9452 --- [main] o.s.b.a.e.mvc.EndpointHandlerMapping     : Mapped "{[/management/env/{name:.*}],methods=[GET],produces=[application/json]}" onto public java.lang.Object org.springframework.boot.actuate.endpoint.mvc.EnvironmentMvcEndpoint.value(java.lang.String)
2016-05-19 11:06:46.960  INFO 9452 --- [main] o.s.b.a.e.mvc.EndpointHandlerMapping     : Mapped "{[/management/env || /management/env.json],methods=[GET],produces=[application/json]}" onto public java.lang.Object org.springframework.boot.actuate.endpoint.mvc.EndpointMvcAdapter.invoke()
2016-05-19 11:06:46.961  INFO 9452 --- [main] o.s.b.a.e.mvc.EndpointHandlerMapping     : Mapped "{[/management/configprops || /management/configprops.json],methods=[GET],produces=[application/json]}" onto public java.lang.Object org.springframework.boot.actuate.endpoint.mvc.EndpointMvcAdapter.invoke()
2016-05-19 11:06:46.963  INFO 9452 --- [main] o.s.b.a.e.mvc.EndpointHandlerMapping     : Mapped "{[/management/dump || /management/dump.json],methods=[GET],produces=[application/json]}" onto public java.lang.Object org.springframework.boot.actuate.endpoint.mvc.EndpointMvcAdapter.invoke()
2016-05-19 11:06:46.965  INFO 9452 --- [main] o.s.b.a.e.mvc.EndpointHandlerMapping     : Mapped "{[/management/metrics/{name:.*}],methods=[GET],produces=[application/json]}" onto public java.lang.Object org.springframework.boot.actuate.endpoint.mvc.MetricsMvcEndpoint.value(java.lang.String)
2016-05-19 11:06:46.965  INFO 9452 --- [main] o.s.b.a.e.mvc.EndpointHandlerMapping     : Mapped "{[/management/metrics || /management/metrics.json],methods=[GET],produces=[application/json]}" onto public java.lang.Object org.springframework.boot.actuate.endpoint.mvc.EndpointMvcAdapter.invoke()
2016-05-19 11:06:46.965  INFO 9452 --- [main] o.s.b.a.e.mvc.EndpointHandlerMapping     : Mapped "{[/management/logfile || /management/logfile.json],methods=[GET || HEAD]}" onto public void org.springframework.boot.actuate.endpoint.mvc.LogFileMvcEndpoint.invoke(javax.servlet.http.HttpServletRequest,javax.servlet.http.HttpServletResponse) throws javax.servlet.ServletException,java.io.IOException
2016-05-19 11:06:46.966  INFO 9452 --- [main] o.s.b.a.e.mvc.EndpointHandlerMapping     : Mapped "{[/management/mappings || /management/mappings.json],methods=[GET],produces=[application/json]}" onto public java.lang.Object org.springframework.boot.actuate.endpoint.mvc.EndpointMvcAdapter.invoke()
2016-05-19 11:06:46.983  INFO 9452 --- [main] o.s.b.a.e.mvc.EndpointHandlerMapping     : Mapped "{[/management/trace || /management/trace.json],methods=[GET],produces=[application/json]}" onto public java.lang.Object org.springframework.boot.actuate.endpoint.mvc.EndpointMvcAdapter.invoke()
2016-05-19 11:06:47.136  INFO 9452 --- [main] o.s.b.a.e.mvc.EndpointHandlerMapping     : Mapped "{[/management/beans || /management/beans.json],methods=[GET],produces=[application/json]}" onto public java.lang.Object org.springframework.boot.actuate.endpoint.mvc.EndpointMvcAdapter.invoke()
2016-05-19 11:06:47.137  INFO 9452 --- [main] o.s.b.a.e.mvc.EndpointHandlerMapping     : Mapped "{[/management/info || /management/info.json],methods=[GET],produces=[application/json]}" onto public java.lang.Object org.springframework.boot.actuate.endpoint.mvc.EndpointMvcAdapter.invoke()
2016-05-19 11:06:47.138  INFO 9452 --- [main] o.s.b.a.e.mvc.EndpointHandlerMapping     : Mapped "{[/management/autoconfig || /management/autoconfig.json],methods=[GET],produces=[application/json]}" onto public java.lang.Object org.springframework.boot.actuate.endpoint.mvc.EndpointMvcAdapter.invoke()
2016-05-19 11:06:47.140  INFO 9452 --- [main] o.s.b.a.e.mvc.EndpointHandlerMapping     : Mapped "{[/management/health || /management/health.json],produces=[application/json]}" onto public java.lang.Object org.springframework.boot.actuate.endpoint.mvc.HealthMvcEndpoint.invoke(java.security.Principal)
2016-05-19 11:06:47.957  INFO 9452 --- [main] o.s.j.e.a.AnnotationMBeanExporter        : Registering beans for JMX exposure on startup
2016-05-19 11:06:47.977  INFO 9452 --- [main] o.s.c.support.DefaultLifecycleProcessor  : Starting beans in phase 0
2016-05-19 11:06:48.351  INFO 9452 --- [main] s.b.c.e.t.TomcatEmbeddedServletContainer : Tomcat started on port(s): 9292 (http)
2016-05-19 11:06:48.357  INFO 9452 --- [main] com.mimacom.app.springboot.Application   : Started Application in 11.615 seconds (JVM running for 12.282)
2016-05-19 11:07:01.962  INFO 9452 --- [http-nio-9292-exec-1] o.a.c.c.C.[Tomcat].[localhost].[/]       : Initializing Spring FrameworkServlet 'dispatcherServlet'
2016-05-19 11:07:01.963  INFO 9452 --- [http-nio-9292-exec-1] o.s.web.servlet.DispatcherServlet        : FrameworkServlet 'dispatcherServlet': initialization started
2016-05-19 11:07:02.016  INFO 9452 --- [http-nio-9292-exec-1] o.s.web.servlet.DispatcherServlet        : FrameworkServlet 'dispatcherServlet': initialization completed in 53 ms
2016-05-19 11:07:02.045 DEBUG 9452 --- [http-nio-9292-exec-1] o.s.s.web.util.matcher.OrRequestMatcher  : Trying to match using Ant [pattern='/css/**']
2016-05-19 11:07:02.045 DEBUG 9452 --- [http-nio-9292-exec-1] o.s.s.w.u.matcher.AntPathRequestMatcher  : Checking match of request : '/management/logfile'; against '/css/**'
2016-05-19 11:07:02.045 DEBUG 9452 --- [http-nio-9292-exec-1] o.s.s.web.util.matcher.OrRequestMatcher  : Trying to match using Ant [pattern='/js/**']
2016-05-19 11:07:02.045 DEBUG 9452 --- [http-nio-9292-exec-1] o.s.s.w.u.matcher.AntPathRequestMatcher  : Checking match of request : '/management/logfile'; against '/js/**'
2016-05-19 11:07:02.045 DEBUG 9452 --- [http-nio-9292-exec-1] o.s.s.web.util.matcher.OrRequestMatcher  : Trying to match using Ant [pattern='/images/**']
2016-05-19 11:07:02.046 DEBUG 9452 --- [http-nio-9292-exec-1] o.s.s.w.u.matcher.AntPathRequestMatcher  : Checking match of request : '/management/logfile'; against '/images/**'
2016-05-19 11:07:02.046 DEBUG 9452 --- [http-nio-9292-exec-1] o.s.s.web.util.matcher.OrRequestMatcher  : Trying to match using Ant [pattern='/**/favicon.ico']
2016-05-19 11:07:02.046 DEBUG 9452 --- [http-nio-9292-exec-1] o.s.s.w.u.matcher.AntPathRequestMatcher  : Checking match of request : '/management/logfile'; against '/**/favicon.ico'
2016-05-19 11:07:02.046 DEBUG 9452 --- [http-nio-9292-exec-1] o.s.s.web.util.matcher.OrRequestMatcher  : Trying to match using Ant [pattern='/error']
2016-05-19 11:07:02.046 DEBUG 9452 --- [http-nio-9292-exec-1] o.s.s.w.u.matcher.AntPathRequestMatcher  : Checking match of request : '/management/logfile'; against '/error'
2016-05-19 11:07:02.046 DEBUG 9452 --- [http-nio-9292-exec-1] o.s.s.web.util.matcher.OrRequestMatcher  : No matches found
2016-05-19 11:07:02.046 DEBUG 9452 --- [http-nio-9292-exec-1] o.s.s.w.u.matcher.AntPathRequestMatcher  : Checking match of request : '/management/logfile'; against '/management/**'
2016-05-19 11:07:02.047 DEBUG 9452 --- [http-nio-9292-exec-1] o.s.security.web.FilterChainProxy        : /management/logfile at position 1 of 11 in additional filter chain; firing Filter: 'WebAsyncManagerIntegrationFilter'
2016-05-19 11:07:02.048 DEBUG 9452 --- [http-nio-9292-exec-1] o.s.security.web.FilterChainProxy        : /management/logfile at position 2 of 11 in additional filter chain; firing Filter: 'SecurityContextPersistenceFilter'
2016-05-19 11:07:02.049 DEBUG 9452 --- [http-nio-9292-exec-1] o.s.security.web.FilterChainProxy        : /management/logfile at position 3 of 11 in additional filter chain; firing Filter: 'HeaderWriterFilter'
2016-05-19 11:07:02.053 DEBUG 9452 --- [http-nio-9292-exec-1] o.s.security.web.FilterChainProxy        : /management/logfile at position 4 of 11 in additional filter chain; firing Filter: 'LogoutFilter'
2016-05-19 11:07:02.053 DEBUG 9452 --- [http-nio-9292-exec-1] o.s.s.w.u.matcher.AntPathRequestMatcher  : Checking match of request : '/management/logfile'; against '/logout'
2016-05-19 11:07:02.053 DEBUG 9452 --- [http-nio-9292-exec-1] o.s.security.web.FilterChainProxy        : /management/logfile at position 5 of 11 in additional filter chain; firing Filter: 'BasicAuthenticationFilter'
2016-05-19 11:07:02.054 DEBUG 9452 --- [http-nio-9292-exec-1] o.s.security.web.FilterChainProxy        : /management/logfile at position 6 of 11 in additional filter chain; firing Filter: 'RequestCacheAwareFilter'
2016-05-19 11:07:02.054 DEBUG 9452 --- [http-nio-9292-exec-1] o.s.security.web.FilterChainProxy        : /management/logfile at position 7 of 11 in additional filter chain; firing Filter: 'SecurityContextHolderAwareRequestFilter'
2016-05-19 11:07:02.055 DEBUG 9452 --- [http-nio-9292-exec-1] o.s.security.web.FilterChainProxy        : /management/logfile at position 8 of 11 in additional filter chain; firing Filter: 'AnonymousAuthenticationFilter'
2016-05-19 11:07:02.057 DEBUG 9452 --- [http-nio-9292-exec-1] o.s.s.w.a.AnonymousAuthenticationFilter  : Populated SecurityContextHolder with anonymous token: 'org.springframework.security.authentication.AnonymousAuthenticationToken@9055c2bc: Principal: anonymousUser; Credentials: [PROTECTED]; Authenticated: true; Details: org.springframework.security.web.authentication.WebAuthenticationDetails@b364: RemoteIpAddress: 0:0:0:0:0:0:0:1; SessionId: null; Granted Authorities: ROLE_ANONYMOUS'
2016-05-19 11:07:02.057 DEBUG 9452 --- [http-nio-9292-exec-1] o.s.security.web.FilterChainProxy        : /management/logfile at position 9 of 11 in additional filter chain; firing Filter: 'SessionManagementFilter'
2016-05-19 11:07:02.058 DEBUG 9452 --- [http-nio-9292-exec-1] o.s.security.web.FilterChainProxy        : /management/logfile at position 10 of 11 in additional filter chain; firing Filter: 'ExceptionTranslationFilter'
2016-05-19 11:07:02.058 DEBUG 9452 --- [http-nio-9292-exec-1] o.s.security.web.FilterChainProxy        : /management/logfile at position 11 of 11 in additional filter chain; firing Filter: 'FilterSecurityInterceptor'
2016-05-19 11:07:02.060 DEBUG 9452 --- [http-nio-9292-exec-1] o.s.s.web.util.matcher.OrRequestMatcher  : Trying to match using Ant [pattern='/management/health']
2016-05-19 11:07:02.060 DEBUG 9452 --- [http-nio-9292-exec-1] o.s.s.w.u.matcher.AntPathRequestMatcher  : Checking match of request : '/management/logfile'; against '/management/health'
2016-05-19 11:07:02.060 DEBUG 9452 --- [http-nio-9292-exec-1] o.s.s.web.util.matcher.OrRequestMatcher  : Trying to match using Ant [pattern='/management/health/']
2016-05-19 11:07:02.060 DEBUG 9452 --- [http-nio-9292-exec-1] o.s.s.w.u.matcher.AntPathRequestMatcher  : Checking match of request : '/management/logfile'; against '/management/health/'
2016-05-19 11:07:02.060 DEBUG 9452 --- [http-nio-9292-exec-1] o.s.s.web.util.matcher.OrRequestMatcher  : No matches found
2016-05-19 11:07:02.060 DEBUG 9452 --- [http-nio-9292-exec-1] o.s.s.w.a.i.FilterSecurityInterceptor    : Secure object: FilterInvocation: URL: /management/logfile; Attributes: [hasRole('ROLE_ADMIN')]
2016-05-19 11:07:02.060 DEBUG 9452 --- [http-nio-9292-exec-1] o.s.s.w.a.i.FilterSecurityInterceptor    : Previously Authenticated: org.springframework.security.authentication.AnonymousAuthenticationToken@9055c2bc: Principal: anonymousUser; Credentials: [PROTECTED]; Authenticated: true; Details: org.springframework.security.web.authentication.WebAuthenticationDetails@b364: RemoteIpAddress: 0:0:0:0:0:0:0:1; SessionId: null; Granted Authorities: ROLE_ANONYMOUS
2016-05-19 11:07:02.063 DEBUG 9452 --- [http-nio-9292-exec-1] o.s.s.access.vote.AffirmativeBased       : Voter: org.springframework.security.web.access.expression.WebExpressionVoter@49b6ca46, returned: -1
2016-05-19 11:07:02.073 DEBUG 9452 --- [http-nio-9292-exec-1] o.s.s.w.a.ExceptionTranslationFilter     : Access is denied (user is anonymous); redirecting to authentication entry point

org.springframework.security.access.AccessDeniedException: Access is denied
	at org.springframework.security.access.vote.AffirmativeBased.decide(AffirmativeBased.java:84)
	at org.springframework.security.access.intercept.AbstractSecurityInterceptor.beforeInvocation(AbstractSecurityInterceptor.java:233)
	at org.springframework.security.web.access.intercept.FilterSecurityInterceptor.invoke(FilterSecurityInterceptor.java:124)
	at org.springframework.security.web.access.intercept.FilterSecurityInterceptor.doFilter(FilterSecurityInterceptor.java:91)
	at org.springframework.security.web.FilterChainProxy$VirtualFilterChain.doFilter(FilterChainProxy.java:331)
	at org.springframework.security.web.access.ExceptionTranslationFilter.doFilter(ExceptionTranslationFilter.java:115)
	at org.springframework.security.web.FilterChainProxy$VirtualFilterChain.doFilter(FilterChainProxy.java:331)
	at org.springframework.security.web.session.SessionManagementFilter.doFilter(SessionManagementFilter.java:137)
	at org.springframework.security.web.FilterChainProxy$VirtualFilterChain.doFilter(FilterChainProxy.java:331)
	at org.springframework.security.web.authentication.AnonymousAuthenticationFilter.doFilter(AnonymousAuthenticationFilter.java:112)
	at org.springframework.security.web.FilterChainProxy$VirtualFilterChain.doFilter(FilterChainProxy.java:331)
	at org.springframework.security.web.servletapi.SecurityContextHolderAwareRequestFilter.doFilter(SecurityContextHolderAwareRequestFilter.java:169)
	at org.springframework.security.web.FilterChainProxy$VirtualFilterChain.doFilter(FilterChainProxy.java:331)
	at org.springframework.security.web.savedrequest.RequestCacheAwareFilter.doFilter(RequestCacheAwareFilter.java:63)
	at org.springframework.security.web.FilterChainProxy$VirtualFilterChain.doFilter(FilterChainProxy.java:331)
	at org.springframework.security.web.authentication.www.BasicAuthenticationFilter.doFilterInternal(BasicAuthenticationFilter.java:158)
	at org.springframework.web.filter.OncePerRequestFilter.doFilter(OncePerRequestFilter.java:107)
	at org.springframework.security.web.FilterChainProxy$VirtualFilterChain.doFilter(FilterChainProxy.java:331)
	at org.springframework.security.web.authentication.logout.LogoutFilter.doFilter(LogoutFilter.java:121)
	at org.springframework.security.web.FilterChainProxy$VirtualFilterChain.doFilter(FilterChainProxy.java:331)
	at org.springframework.security.web.header.HeaderWriterFilter.doFilterInternal(HeaderWriterFilter.java:66)
	at org.springframework.web.filter.OncePerRequestFilter.doFilter(OncePerRequestFilter.java:107)
	at org.springframework.security.web.FilterChainProxy$VirtualFilterChain.doFilter(FilterChainProxy.java:331)
	at org.springframework.security.web.context.SecurityContextPersistenceFilter.doFilter(SecurityContextPersistenceFilter.java:106)
	at org.springframework.security.web.FilterChainProxy$VirtualFilterChain.doFilter(FilterChainProxy.java:331)
	at org.springframework.security.web.context.request.async.WebAsyncManagerIntegrationFilter.doFilterInternal(WebAsyncManagerIntegrationFilter.java:56)
	at org.springframework.web.filter.OncePerRequestFilter.doFilter(OncePerRequestFilter.java:107)
	at org.springframework.security.web.FilterChainProxy$VirtualFilterChain.doFilter(FilterChainProxy.java:331)
	at org.springframework.security.web.FilterChainProxy.doFilterInternal(FilterChainProxy.java:214)
	at org.springframework.security.web.FilterChainProxy.doFilter(FilterChainProxy.java:177)
	at org.springframework.web.filter.DelegatingFilterProxy.invokeDelegate(DelegatingFilterProxy.java:346)
	at org.springframework.web.filter.DelegatingFilterProxy.doFilter(DelegatingFilterProxy.java:262)
	at org.apache.catalina.core.ApplicationFilterChain.internalDoFilter(ApplicationFilterChain.java:240)
	at org.apache.catalina.core.ApplicationFilterChain.doFilter(ApplicationFilterChain.java:207)
	at org.springframework.web.filter.RequestContextFilter.doFilterInternal(RequestContextFilter.java:99)
	at org.springframework.web.filter.OncePerRequestFilter.doFilter(OncePerRequestFilter.java:107)
	at org.apache.catalina.core.ApplicationFilterChain.internalDoFilter(ApplicationFilterChain.java:240)
	at org.apache.catalina.core.ApplicationFilterChain.doFilter(ApplicationFilterChain.java:207)
	at org.springframework.web.filter.HttpPutFormContentFilter.doFilterInternal(HttpPutFormContentFilter.java:87)
	at org.springframework.web.filter.OncePerRequestFilter.doFilter(OncePerRequestFilter.java:107)
	at org.apache.catalina.core.ApplicationFilterChain.internalDoFilter(ApplicationFilterChain.java:240)
	at org.apache.catalina.core.ApplicationFilterChain.doFilter(ApplicationFilterChain.java:207)
	at org.springframework.web.filter.HiddenHttpMethodFilter.doFilterInternal(HiddenHttpMethodFilter.java:77)
	at org.springframework.web.filter.OncePerRequestFilter.doFilter(OncePerRequestFilter.java:107)
	at org.apache.catalina.core.ApplicationFilterChain.internalDoFilter(ApplicationFilterChain.java:240)
	at org.apache.catalina.core.ApplicationFilterChain.doFilter(ApplicationFilterChain.java:207)
	at org.springframework.web.filter.CharacterEncodingFilter.doFilterInternal(CharacterEncodingFilter.java:197)
	at org.springframework.web.filter.OncePerRequestFilter.doFilter(OncePerRequestFilter.java:107)
	at org.apache.catalina.core.ApplicationFilterChain.internalDoFilter(ApplicationFilterChain.java:240)
	at org.apache.catalina.core.ApplicationFilterChain.doFilter(ApplicationFilterChain.java:207)
	at org.springframework.boot.actuate.autoconfigure.MetricsFilter.doFilterInternal(MetricsFilter.java:107)
	at org.springframework.web.filter.OncePerRequestFilter.doFilter(OncePerRequestFilter.java:107)
	at org.apache.catalina.core.ApplicationFilterChain.internalDoFilter(ApplicationFilterChain.java:240)
	at org.apache.catalina.core.ApplicationFilterChain.doFilter(ApplicationFilterChain.java:207)
	at org.apache.catalina.core.StandardWrapperValve.invoke(StandardWrapperValve.java:212)
	at org.apache.catalina.core.StandardContextValve.invoke(StandardContextValve.java:106)
	at org.apache.catalina.authenticator.AuthenticatorBase.invoke(AuthenticatorBase.java:502)
	at org.apache.catalina.core.StandardHostValve.invoke(StandardHostValve.java:141)
	at org.apache.catalina.valves.ErrorReportValve.invoke(ErrorReportValve.java:79)
	at org.apache.catalina.core.StandardEngineValve.invoke(StandardEngineValve.java:88)
	at org.apache.catalina.connector.CoyoteAdapter.service(CoyoteAdapter.java:522)
	at org.apache.coyote.http11.AbstractHttp11Processor.process(AbstractHttp11Processor.java:1095)
	at org.apache.coyote.AbstractProtocol$AbstractConnectionHandler.process(AbstractProtocol.java:672)
	at org.apache.tomcat.util.net.NioEndpoint$SocketProcessor.doRun(NioEndpoint.java:1502)
	at org.apache.tomcat.util.net.NioEndpoint$SocketProcessor.run(NioEndpoint.java:1458)
	at java.util.concurrent.ThreadPoolExecutor.runWorker(ThreadPoolExecutor.java:1142)
	at java.util.concurrent.ThreadPoolExecutor$Worker.run(ThreadPoolExecutor.java:617)
	at org.apache.tomcat.util.threads.TaskThread$WrappingRunnable.run(TaskThread.java:61)
	at java.lang.Thread.run(Thread.java:745)

2016-05-19 11:07:02.078 DEBUG 9452 --- [http-nio-9292-exec-1] o.s.s.w.a.ExceptionTranslationFilter     : Calling Authentication entry point.
2016-05-19 11:07:02.079 DEBUG 9452 --- [http-nio-9292-exec-1] o.s.s.w.header.writers.HstsHeaderWriter  : Not injecting HSTS header since it did not match the requestMatcher org.springframework.security.web.header.writers.HstsHeaderWriter$SecureRequestMatcher@feacda8
2016-05-19 11:07:02.079 DEBUG 9452 --- [http-nio-9292-exec-1] s.s.w.c.SecurityContextPersistenceFilter : SecurityContextHolder now cleared, as request processing completed
2016-05-19 11:07:05.787 DEBUG 9452 --- [http-nio-9292-exec-2] o.s.s.web.util.matcher.OrRequestMatcher  : Trying to match using Ant [pattern='/css/**']
2016-05-19 11:07:05.787 DEBUG 9452 --- [http-nio-9292-exec-2] o.s.s.w.u.matcher.AntPathRequestMatcher  : Checking match of request : '/management/logfile'; against '/css/**'
2016-05-19 11:07:05.787 DEBUG 9452 --- [http-nio-9292-exec-2] o.s.s.web.util.matcher.OrRequestMatcher  : Trying to match using Ant [pattern='/js/**']
2016-05-19 11:07:05.787 DEBUG 9452 --- [http-nio-9292-exec-2] o.s.s.w.u.matcher.AntPathRequestMatcher  : Checking match of request : '/management/logfile'; against '/js/**'
2016-05-19 11:07:05.788 DEBUG 9452 --- [http-nio-9292-exec-2] o.s.s.web.util.matcher.OrRequestMatcher  : Trying to match using Ant [pattern='/images/**']
2016-05-19 11:07:05.788 DEBUG 9452 --- [http-nio-9292-exec-2] o.s.s.w.u.matcher.AntPathRequestMatcher  : Checking match of request : '/management/logfile'; against '/images/**'
2016-05-19 11:07:05.788 DEBUG 9452 --- [http-nio-9292-exec-2] o.s.s.web.util.matcher.OrRequestMatcher  : Trying to match using Ant [pattern='/**/favicon.ico']
2016-05-19 11:07:05.788 DEBUG 9452 --- [http-nio-9292-exec-2] o.s.s.w.u.matcher.AntPathRequestMatcher  : Checking match of request : '/management/logfile'; against '/**/favicon.ico'
2016-05-19 11:07:05.788 DEBUG 9452 --- [http-nio-9292-exec-2] o.s.s.web.util.matcher.OrRequestMatcher  : Trying to match using Ant [pattern='/error']
2016-05-19 11:07:05.788 DEBUG 9452 --- [http-nio-9292-exec-2] o.s.s.w.u.matcher.AntPathRequestMatcher  : Checking match of request : '/management/logfile'; against '/error'
2016-05-19 11:07:05.788 DEBUG 9452 --- [http-nio-9292-exec-2] o.s.s.web.util.matcher.OrRequestMatcher  : No matches found
2016-05-19 11:07:05.788 DEBUG 9452 --- [http-nio-9292-exec-2] o.s.s.w.u.matcher.AntPathRequestMatcher  : Checking match of request : '/management/logfile'; against '/management/**'
2016-05-19 11:07:05.788 DEBUG 9452 --- [http-nio-9292-exec-2] o.s.security.web.FilterChainProxy        : /management/logfile at position 1 of 11 in additional filter chain; firing Filter: 'WebAsyncManagerIntegrationFilter'
2016-05-19 11:07:05.788 DEBUG 9452 --- [http-nio-9292-exec-2] o.s.security.web.FilterChainProxy        : /management/logfile at position 2 of 11 in additional filter chain; firing Filter: 'SecurityContextPersistenceFilter'
2016-05-19 11:07:05.788 DEBUG 9452 --- [http-nio-9292-exec-2] o.s.security.web.FilterChainProxy        : /management/logfile at position 3 of 11 in additional filter chain; firing Filter: 'HeaderWriterFilter'
2016-05-19 11:07:05.788 DEBUG 9452 --- [http-nio-9292-exec-2] o.s.security.web.FilterChainProxy        : /management/logfile at position 4 of 11 in additional filter chain; firing Filter: 'LogoutFilter'
2016-05-19 11:07:05.788 DEBUG 9452 --- [http-nio-9292-exec-2] o.s.s.w.u.matcher.AntPathRequestMatcher  : Checking match of request : '/management/logfile'; against '/logout'
2016-05-19 11:07:05.789 DEBUG 9452 --- [http-nio-9292-exec-2] o.s.security.web.FilterChainProxy        : /management/logfile at position 5 of 11 in additional filter chain; firing Filter: 'BasicAuthenticationFilter'
2016-05-19 11:07:05.791 DEBUG 9452 --- [http-nio-9292-exec-2] o.s.s.w.a.www.BasicAuthenticationFilter  : Basic Authentication Authorization header found for user 'user'
2016-05-19 11:07:10.331 DEBUG 9452 --- [http-nio-9292-exec-2] o.s.s.authentication.ProviderManager     : Authentication attempt using org.springframework.security.authentication.dao.DaoAuthenticationProvider
2016-05-19 11:07:10.333 DEBUG 9452 --- [http-nio-9292-exec-2] o.s.s.a.dao.DaoAuthenticationProvider    : User 'user' not found
2016-05-19 11:07:10.334 DEBUG 9452 --- [http-nio-9292-exec-2] o.s.s.w.a.www.BasicAuthenticationFilter  : Authentication request for failed: org.springframework.security.authentication.BadCredentialsException: Bad credentials
2016-05-19 11:07:10.334 DEBUG 9452 --- [http-nio-9292-exec-2] o.s.s.w.header.writers.HstsHeaderWriter  : Not injecting HSTS header since it did not match the requestMatcher org.springframework.security.web.header.writers.HstsHeaderWriter$SecureRequestMatcher@feacda8
2016-05-19 11:07:10.335 DEBUG 9452 --- [http-nio-9292-exec-2] s.s.w.c.SecurityContextPersistenceFilter : SecurityContextHolder now cleared, as request processing completed
2016-05-19 11:07:15.931 DEBUG 9452 --- [http-nio-9292-exec-3] o.s.s.web.util.matcher.OrRequestMatcher  : Trying to match using Ant [pattern='/css/**']
2016-05-19 11:07:15.931 DEBUG 9452 --- [http-nio-9292-exec-3] o.s.s.w.u.matcher.AntPathRequestMatcher  : Checking match of request : '/management/logfile'; against '/css/**'
2016-05-19 11:07:15.932 DEBUG 9452 --- [http-nio-9292-exec-3] o.s.s.web.util.matcher.OrRequestMatcher  : Trying to match using Ant [pattern='/js/**']
2016-05-19 11:07:15.934 DEBUG 9452 --- [http-nio-9292-exec-3] o.s.s.w.u.matcher.AntPathRequestMatcher  : Checking match of request : '/management/logfile'; against '/js/**'
2016-05-19 11:07:15.935 DEBUG 9452 --- [http-nio-9292-exec-3] o.s.s.web.util.matcher.OrRequestMatcher  : Trying to match using Ant [pattern='/images/**']
2016-05-19 11:07:15.935 DEBUG 9452 --- [http-nio-9292-exec-3] o.s.s.w.u.matcher.AntPathRequestMatcher  : Checking match of request : '/management/logfile'; against '/images/**'
2016-05-19 11:07:15.935 DEBUG 9452 --- [http-nio-9292-exec-3] o.s.s.web.util.matcher.OrRequestMatcher  : Trying to match using Ant [pattern='/**/favicon.ico']
2016-05-19 11:07:15.935 DEBUG 9452 --- [http-nio-9292-exec-3] o.s.s.w.u.matcher.AntPathRequestMatcher  : Checking match of request : '/management/logfile'; against '/**/favicon.ico'
2016-05-19 11:07:15.935 DEBUG 9452 --- [http-nio-9292-exec-3] o.s.s.web.util.matcher.OrRequestMatcher  : Trying to match using Ant [pattern='/error']
2016-05-19 11:07:15.935 DEBUG 9452 --- [http-nio-9292-exec-3] o.s.s.w.u.matcher.AntPathRequestMatcher  : Checking match of request : '/management/logfile'; against '/error'
2016-05-19 11:07:15.935 DEBUG 9452 --- [http-nio-9292-exec-3] o.s.s.web.util.matcher.OrRequestMatcher  : No matches found
2016-05-19 11:07:15.935 DEBUG 9452 --- [http-nio-9292-exec-3] o.s.s.w.u.matcher.AntPathRequestMatcher  : Checking match of request : '/management/logfile'; against '/management/**'
2016-05-19 11:07:15.935 DEBUG 9452 --- [http-nio-9292-exec-3] o.s.security.web.FilterChainProxy        : /management/logfile at position 1 of 11 in additional filter chain; firing Filter: 'WebAsyncManagerIntegrationFilter'
2016-05-19 11:07:15.935 DEBUG 9452 --- [http-nio-9292-exec-3] o.s.security.web.FilterChainProxy        : /management/logfile at position 2 of 11 in additional filter chain; firing Filter: 'SecurityContextPersistenceFilter'
2016-05-19 11:07:15.935 DEBUG 9452 --- [http-nio-9292-exec-3] o.s.security.web.FilterChainProxy        : /management/logfile at position 3 of 11 in additional filter chain; firing Filter: 'HeaderWriterFilter'
2016-05-19 11:07:15.936 DEBUG 9452 --- [http-nio-9292-exec-3] o.s.security.web.FilterChainProxy        : /management/logfile at position 4 of 11 in additional filter chain; firing Filter: 'LogoutFilter'
2016-05-19 11:07:15.936 DEBUG 9452 --- [http-nio-9292-exec-3] o.s.s.w.u.matcher.AntPathRequestMatcher  : Checking match of request : '/management/logfile'; against '/logout'
2016-05-19 11:07:15.936 DEBUG 9452 --- [http-nio-9292-exec-3] o.s.security.web.FilterChainProxy        : /management/logfile at position 5 of 11 in additional filter chain; firing Filter: 'BasicAuthenticationFilter'
2016-05-19 11:07:15.936 DEBUG 9452 --- [http-nio-9292-exec-3] o.s.s.w.a.www.BasicAuthenticationFilter  : Basic Authentication Authorization header found for user 'admin'
2016-05-19 11:07:19.067 DEBUG 9452 --- [http-nio-9292-exec-3] o.s.s.authentication.ProviderManager     : Authentication attempt using org.springframework.security.authentication.dao.DaoAuthenticationProvider
2016-05-19 11:07:19.068 DEBUG 9452 --- [http-nio-9292-exec-3] o.s.s.w.a.www.BasicAuthenticationFilter  : Authentication success: org.springframework.security.authentication.UsernamePasswordAuthenticationToken@fec7843d: Principal: org.springframework.security.core.userdetails.User@586034f: Username: admin; Password: [PROTECTED]; Enabled: true; AccountNonExpired: true; credentialsNonExpired: true; AccountNonLocked: true; Granted Authorities: ROLE_ADMIN,ROLE_USER; Credentials: [PROTECTED]; Authenticated: true; Details: org.springframework.security.web.authentication.WebAuthenticationDetails@b364: RemoteIpAddress: 0:0:0:0:0:0:0:1; SessionId: null; Granted Authorities: ROLE_ADMIN, ROLE_USER
2016-05-19 11:07:19.068 DEBUG 9452 --- [http-nio-9292-exec-3] o.s.security.web.FilterChainProxy        : /management/logfile at position 6 of 11 in additional filter chain; firing Filter: 'RequestCacheAwareFilter'
2016-05-19 11:07:19.069 DEBUG 9452 --- [http-nio-9292-exec-3] o.s.security.web.FilterChainProxy        : /management/logfile at position 7 of 11 in additional filter chain; firing Filter: 'SecurityContextHolderAwareRequestFilter'
2016-05-19 11:07:19.069 DEBUG 9452 --- [http-nio-9292-exec-3] o.s.security.web.FilterChainProxy        : /management/logfile at position 8 of 11 in additional filter chain; firing Filter: 'AnonymousAuthenticationFilter'
2016-05-19 11:07:19.069 DEBUG 9452 --- [http-nio-9292-exec-3] o.s.s.w.a.AnonymousAuthenticationFilter  : SecurityContextHolder not populated with anonymous token, as it already contained: 'org.springframework.security.authentication.UsernamePasswordAuthenticationToken@fec7843d: Principal: org.springframework.security.core.userdetails.User@586034f: Username: admin; Password: [PROTECTED]; Enabled: true; AccountNonExpired: true; credentialsNonExpired: true; AccountNonLocked: true; Granted Authorities: ROLE_ADMIN,ROLE_USER; Credentials: [PROTECTED]; Authenticated: true; Details: org.springframework.security.web.authentication.WebAuthenticationDetails@b364: RemoteIpAddress: 0:0:0:0:0:0:0:1; SessionId: null; Granted Authorities: ROLE_ADMIN, ROLE_USER'
2016-05-19 11:07:19.069 DEBUG 9452 --- [http-nio-9292-exec-3] o.s.security.web.FilterChainProxy        : /management/logfile at position 9 of 11 in additional filter chain; firing Filter: 'SessionManagementFilter'
2016-05-19 11:07:19.069 DEBUG 9452 --- [http-nio-9292-exec-3] s.CompositeSessionAuthenticationStrategy : Delegating to org.springframework.security.web.authentication.session.ChangeSessionIdAuthenticationStrategy@130a7993
2016-05-19 11:07:19.069 DEBUG 9452 --- [http-nio-9292-exec-3] o.s.security.web.FilterChainProxy        : /management/logfile at position 10 of 11 in additional filter chain; firing Filter: 'ExceptionTranslationFilter'
2016-05-19 11:07:19.069 DEBUG 9452 --- [http-nio-9292-exec-3] o.s.security.web.FilterChainProxy        : /management/logfile at position 11 of 11 in additional filter chain; firing Filter: 'FilterSecurityInterceptor'
2016-05-19 11:07:19.069 DEBUG 9452 --- [http-nio-9292-exec-3] o.s.s.web.util.matcher.OrRequestMatcher  : Trying to match using Ant [pattern='/management/health']
2016-05-19 11:07:19.070 DEBUG 9452 --- [http-nio-9292-exec-3] o.s.s.w.u.matcher.AntPathRequestMatcher  : Checking match of request : '/management/logfile'; against '/management/health'
2016-05-19 11:07:19.070 DEBUG 9452 --- [http-nio-9292-exec-3] o.s.s.web.util.matcher.OrRequestMatcher  : Trying to match using Ant [pattern='/management/health/']
2016-05-19 11:07:19.070 DEBUG 9452 --- [http-nio-9292-exec-3] o.s.s.w.u.matcher.AntPathRequestMatcher  : Checking match of request : '/management/logfile'; against '/management/health/'
2016-05-19 11:07:19.070 DEBUG 9452 --- [http-nio-9292-exec-3] o.s.s.web.util.matcher.OrRequestMatcher  : No matches found
2016-05-19 11:07:19.070 DEBUG 9452 --- [http-nio-9292-exec-3] o.s.s.w.a.i.FilterSecurityInterceptor    : Secure object: FilterInvocation: URL: /management/logfile; Attributes: [hasRole('ROLE_ADMIN')]
2016-05-19 11:07:19.070 DEBUG 9452 --- [http-nio-9292-exec-3] o.s.s.w.a.i.FilterSecurityInterceptor    : Previously Authenticated: org.springframework.security.authentication.UsernamePasswordAuthenticationToken@fec7843d: Principal: org.springframework.security.core.userdetails.User@586034f: Username: admin; Password: [PROTECTED]; Enabled: true; AccountNonExpired: true; credentialsNonExpired: true; AccountNonLocked: true; Granted Authorities: ROLE_ADMIN,ROLE_USER; Credentials: [PROTECTED]; Authenticated: true; Details: org.springframework.security.web.authentication.WebAuthenticationDetails@b364: RemoteIpAddress: 0:0:0:0:0:0:0:1; SessionId: null; Granted Authorities: ROLE_ADMIN, ROLE_USER
2016-05-19 11:07:19.071 DEBUG 9452 --- [http-nio-9292-exec-3] o.s.s.access.vote.AffirmativeBased       : Voter: org.springframework.security.web.access.expression.WebExpressionVoter@49b6ca46, returned: 1
2016-05-19 11:07:19.071 DEBUG 9452 --- [http-nio-9292-exec-3] o.s.s.w.a.i.FilterSecurityInterceptor    : Authorization successful
2016-05-19 11:07:19.071 DEBUG 9452 --- [http-nio-9292-exec-3] o.s.s.w.a.i.FilterSecurityInterceptor    : RunAsManager did not change Authentication object
2016-05-19 11:07:19.071 DEBUG 9452 --- [http-nio-9292-exec-3] o.s.security.web.FilterChainProxy        : /management/logfile reached end of additional filter chain; proceeding with original chain
2016-05-19 11:07:19.074  WARN 9452 --- [http-nio-9292-exec-3] o.s.w.s.r.ResourceHttpRequestHandler     : Locations list is empty. No resources will be served unless a custom ResourceResolver is configured as an alternative to PathResourceResolver.
2016-05-19 11:07:19.080 DEBUG 9452 --- [http-nio-9292-exec-3] o.s.s.w.header.writers.HstsHeaderWriter  : Not injecting HSTS header since it did not match the requestMatcher org.springframework.security.web.header.writers.HstsHeaderWriter$SecureRequestMatcher@feacda8
2016-05-19 11:07:19.100 DEBUG 9452 --- [http-nio-9292-exec-3] o.s.s.w.a.ExceptionTranslationFilter     : Chain processed normally
2016-05-19 11:07:19.100 DEBUG 9452 --- [http-nio-9292-exec-3] s.s.w.c.SecurityContextPersistenceFilter : SecurityContextHolder now cleared, as request processing completed
2016-05-19 11:08:14.503 DEBUG 9452 --- [http-nio-9292-exec-4] o.s.s.web.util.matcher.OrRequestMatcher  : Trying to match using Ant [pattern='/css/**']
2016-05-19 11:08:14.503 DEBUG 9452 --- [http-nio-9292-exec-4] o.s.s.w.u.matcher.AntPathRequestMatcher  : Checking match of request : '/management/logfile'; against '/css/**'
2016-05-19 11:08:14.504 DEBUG 9452 --- [http-nio-9292-exec-4] o.s.s.web.util.matcher.OrRequestMatcher  : Trying to match using Ant [pattern='/js/**']
2016-05-19 11:08:14.504 DEBUG 9452 --- [http-nio-9292-exec-4] o.s.s.w.u.matcher.AntPathRequestMatcher  : Checking match of request : '/management/logfile'; against '/js/**'
2016-05-19 11:08:14.504 DEBUG 9452 --- [http-nio-9292-exec-4] o.s.s.web.util.matcher.OrRequestMatcher  : Trying to match using Ant [pattern='/images/**']
2016-05-19 11:08:14.504 DEBUG 9452 --- [http-nio-9292-exec-4] o.s.s.w.u.matcher.AntPathRequestMatcher  : Checking match of request : '/management/logfile'; against '/images/**'
2016-05-19 11:08:14.504 DEBUG 9452 --- [http-nio-9292-exec-4] o.s.s.web.util.matcher.OrRequestMatcher  : Trying to match using Ant [pattern='/**/favicon.ico']
2016-05-19 11:08:14.504 DEBUG 9452 --- [http-nio-9292-exec-4] o.s.s.w.u.matcher.AntPathRequestMatcher  : Checking match of request : '/management/logfile'; against '/**/favicon.ico'
2016-05-19 11:08:14.505 DEBUG 9452 --- [http-nio-9292-exec-4] o.s.s.web.util.matcher.OrRequestMatcher  : Trying to match using Ant [pattern='/error']
2016-05-19 11:08:14.505 DEBUG 9452 --- [http-nio-9292-exec-4] o.s.s.w.u.matcher.AntPathRequestMatcher  : Checking match of request : '/management/logfile'; against '/error'
2016-05-19 11:08:14.505 DEBUG 9452 --- [http-nio-9292-exec-4] o.s.s.web.util.matcher.OrRequestMatcher  : No matches found
2016-05-19 11:08:14.505 DEBUG 9452 --- [http-nio-9292-exec-4] o.s.s.w.u.matcher.AntPathRequestMatcher  : Checking match of request : '/management/logfile'; against '/management/**'
2016-05-19 11:08:14.505 DEBUG 9452 --- [http-nio-9292-exec-4] o.s.security.web.FilterChainProxy        : /management/logfile at position 1 of 11 in additional filter chain; firing Filter: 'WebAsyncManagerIntegrationFilter'
2016-05-19 11:08:14.505 DEBUG 9452 --- [http-nio-9292-exec-4] o.s.security.web.FilterChainProxy        : /management/logfile at position 2 of 11 in additional filter chain; firing Filter: 'SecurityContextPersistenceFilter'
2016-05-19 11:08:14.505 DEBUG 9452 --- [http-nio-9292-exec-4] o.s.security.web.FilterChainProxy        : /management/logfile at position 3 of 11 in additional filter chain; firing Filter: 'HeaderWriterFilter'
2016-05-19 11:08:14.505 DEBUG 9452 --- [http-nio-9292-exec-4] o.s.security.web.FilterChainProxy        : /management/logfile at position 4 of 11 in additional filter chain; firing Filter: 'LogoutFilter'
2016-05-19 11:08:14.505 DEBUG 9452 --- [http-nio-9292-exec-4] o.s.s.w.u.matcher.AntPathRequestMatcher  : Checking match of request : '/management/logfile'; against '/logout'
2016-05-19 11:08:14.506 DEBUG 9452 --- [http-nio-9292-exec-4] o.s.security.web.FilterChainProxy        : /management/logfile at position 5 of 11 in additional filter chain; firing Filter: 'BasicAuthenticationFilter'
2016-05-19 11:08:14.506 DEBUG 9452 --- [http-nio-9292-exec-4] o.s.security.web.FilterChainProxy        : /management/logfile at position 6 of 11 in additional filter chain; firing Filter: 'RequestCacheAwareFilter'
2016-05-19 11:08:14.506 DEBUG 9452 --- [http-nio-9292-exec-4] o.s.security.web.FilterChainProxy        : /management/logfile at position 7 of 11 in additional filter chain; firing Filter: 'SecurityContextHolderAwareRequestFilter'
2016-05-19 11:08:14.506 DEBUG 9452 --- [http-nio-9292-exec-4] o.s.security.web.FilterChainProxy        : /management/logfile at position 8 of 11 in additional filter chain; firing Filter: 'AnonymousAuthenticationFilter'
2016-05-19 11:08:14.506 DEBUG 9452 --- [http-nio-9292-exec-4] o.s.s.w.a.AnonymousAuthenticationFilter  : Populated SecurityContextHolder with anonymous token: 'org.springframework.security.authentication.AnonymousAuthenticationToken@9055c2bc: Principal: anonymousUser; Credentials: [PROTECTED]; Authenticated: true; Details: org.springframework.security.web.authentication.WebAuthenticationDetails@b364: RemoteIpAddress: 0:0:0:0:0:0:0:1; SessionId: null; Granted Authorities: ROLE_ANONYMOUS'
2016-05-19 11:08:14.506 DEBUG 9452 --- [http-nio-9292-exec-4] o.s.security.web.FilterChainProxy        : /management/logfile at position 9 of 11 in additional filter chain; firing Filter: 'SessionManagementFilter'
2016-05-19 11:08:14.506 DEBUG 9452 --- [http-nio-9292-exec-4] o.s.security.web.FilterChainProxy        : /management/logfile at position 10 of 11 in additional filter chain; firing Filter: 'ExceptionTranslationFilter'
2016-05-19 11:08:14.506 DEBUG 9452 --- [http-nio-9292-exec-4] o.s.security.web.FilterChainProxy        : /management/logfile at position 11 of 11 in additional filter chain; firing Filter: 'FilterSecurityInterceptor'
2016-05-19 11:08:14.506 DEBUG 9452 --- [http-nio-9292-exec-4] o.s.s.web.util.matcher.OrRequestMatcher  : Trying to match using Ant [pattern='/management/health']
2016-05-19 11:08:14.506 DEBUG 9452 --- [http-nio-9292-exec-4] o.s.s.w.u.matcher.AntPathRequestMatcher  : Checking match of request : '/management/logfile'; against '/management/health'
2016-05-19 11:08:14.506 DEBUG 9452 --- [http-nio-9292-exec-4] o.s.s.web.util.matcher.OrRequestMatcher  : Trying to match using Ant [pattern='/management/health/']
2016-05-19 11:08:14.506 DEBUG 9452 --- [http-nio-9292-exec-4] o.s.s.w.u.matcher.AntPathRequestMatcher  : Checking match of request : '/management/logfile'; against '/management/health/'
2016-05-19 11:08:14.506 DEBUG 9452 --- [http-nio-9292-exec-4] o.s.s.web.util.matcher.OrRequestMatcher  : No matches found
2016-05-19 11:08:14.506 DEBUG 9452 --- [http-nio-9292-exec-4] o.s.s.w.a.i.FilterSecurityInterceptor    : Secure object: FilterInvocation: URL: /management/logfile; Attributes: [hasRole('ROLE_ADMIN')]
2016-05-19 11:08:14.506 DEBUG 9452 --- [http-nio-9292-exec-4] o.s.s.w.a.i.FilterSecurityInterceptor    : Previously Authenticated: org.springframework.security.authentication.AnonymousAuthenticationToken@9055c2bc: Principal: anonymousUser; Credentials: [PROTECTED]; Authenticated: true; Details: org.springframework.security.web.authentication.WebAuthenticationDetails@b364: RemoteIpAddress: 0:0:0:0:0:0:0:1; SessionId: null; Granted Authorities: ROLE_ANONYMOUS
2016-05-19 11:08:14.506 DEBUG 9452 --- [http-nio-9292-exec-4] o.s.s.access.vote.AffirmativeBased       : Voter: org.springframework.security.web.access.expression.WebExpressionVoter@49b6ca46, returned: -1
2016-05-19 11:08:14.507 DEBUG 9452 --- [http-nio-9292-exec-4] o.s.s.w.a.ExceptionTranslationFilter     : Access is denied (user is anonymous); redirecting to authentication entry point

org.springframework.security.access.AccessDeniedException: Access is denied
	at org.springframework.security.access.vote.AffirmativeBased.decide(AffirmativeBased.java:84)
	at org.springframework.security.access.intercept.AbstractSecurityInterceptor.beforeInvocation(AbstractSecurityInterceptor.java:233)
	at org.springframework.security.web.access.intercept.FilterSecurityInterceptor.invoke(FilterSecurityInterceptor.java:124)
	at org.springframework.security.web.access.intercept.FilterSecurityInterceptor.doFilter(FilterSecurityInterceptor.java:91)
	at org.springframework.security.web.FilterChainProxy$VirtualFilterChain.doFilter(FilterChainProxy.java:331)
	at org.springframework.security.web.access.ExceptionTranslationFilter.doFilter(ExceptionTranslationFilter.java:115)
	at org.springframework.security.web.FilterChainProxy$VirtualFilterChain.doFilter(FilterChainProxy.java:331)
	at org.springframework.security.web.session.SessionManagementFilter.doFilter(SessionManagementFilter.java:137)
	at org.springframework.security.web.FilterChainProxy$VirtualFilterChain.doFilter(FilterChainProxy.java:331)
	at org.springframework.security.web.authentication.AnonymousAuthenticationFilter.doFilter(AnonymousAuthenticationFilter.java:112)
	at org.springframework.security.web.FilterChainProxy$VirtualFilterChain.doFilter(FilterChainProxy.java:331)
	at org.springframework.security.web.servletapi.SecurityContextHolderAwareRequestFilter.doFilter(SecurityContextHolderAwareRequestFilter.java:169)
	at org.springframework.security.web.FilterChainProxy$VirtualFilterChain.doFilter(FilterChainProxy.java:331)
	at org.springframework.security.web.savedrequest.RequestCacheAwareFilter.doFilter(RequestCacheAwareFilter.java:63)
	at org.springframework.security.web.FilterChainProxy$VirtualFilterChain.doFilter(FilterChainProxy.java:331)
	at org.springframework.security.web.authentication.www.BasicAuthenticationFilter.doFilterInternal(BasicAuthenticationFilter.java:158)
	at org.springframework.web.filter.OncePerRequestFilter.doFilter(OncePerRequestFilter.java:107)
	at org.springframework.security.web.FilterChainProxy$VirtualFilterChain.doFilter(FilterChainProxy.java:331)
	at org.springframework.security.web.authentication.logout.LogoutFilter.doFilter(LogoutFilter.java:121)
	at org.springframework.security.web.FilterChainProxy$VirtualFilterChain.doFilter(FilterChainProxy.java:331)
	at org.springframework.security.web.header.HeaderWriterFilter.doFilterInternal(HeaderWriterFilter.java:66)
	at org.springframework.web.filter.OncePerRequestFilter.doFilter(OncePerRequestFilter.java:107)
	at org.springframework.security.web.FilterChainProxy$VirtualFilterChain.doFilter(FilterChainProxy.java:331)
	at org.springframework.security.web.context.SecurityContextPersistenceFilter.doFilter(SecurityContextPersistenceFilter.java:106)
	at org.springframework.security.web.FilterChainProxy$VirtualFilterChain.doFilter(FilterChainProxy.java:331)
	at org.springframework.security.web.context.request.async.WebAsyncManagerIntegrationFilter.doFilterInternal(WebAsyncManagerIntegrationFilter.java:56)
	at org.springframework.web.filter.OncePerRequestFilter.doFilter(OncePerRequestFilter.java:107)
	at org.springframework.security.web.FilterChainProxy$VirtualFilterChain.doFilter(FilterChainProxy.java:331)
	at org.springframework.security.web.FilterChainProxy.doFilterInternal(FilterChainProxy.java:214)
	at org.springframework.security.web.FilterChainProxy.doFilter(FilterChainProxy.java:177)
	at org.springframework.web.filter.DelegatingFilterProxy.invokeDelegate(DelegatingFilterProxy.java:346)
	at org.springframework.web.filter.DelegatingFilterProxy.doFilter(DelegatingFilterProxy.java:262)
	at org.apache.catalina.core.ApplicationFilterChain.internalDoFilter(ApplicationFilterChain.java:240)
	at org.apache.catalina.core.ApplicationFilterChain.doFilter(ApplicationFilterChain.java:207)
	at org.springframework.web.filter.RequestContextFilter.doFilterInternal(RequestContextFilter.java:99)
	at org.springframework.web.filter.OncePerRequestFilter.doFilter(OncePerRequestFilter.java:107)
	at org.apache.catalina.core.ApplicationFilterChain.internalDoFilter(ApplicationFilterChain.java:240)
	at org.apache.catalina.core.ApplicationFilterChain.doFilter(ApplicationFilterChain.java:207)
	at org.springframework.web.filter.HttpPutFormContentFilter.doFilterInternal(HttpPutFormContentFilter.java:87)
	at org.springframework.web.filter.OncePerRequestFilter.doFilter(OncePerRequestFilter.java:107)
	at org.apache.catalina.core.ApplicationFilterChain.internalDoFilter(ApplicationFilterChain.java:240)
	at org.apache.catalina.core.ApplicationFilterChain.doFilter(ApplicationFilterChain.java:207)
	at org.springframework.web.filter.HiddenHttpMethodFilter.doFilterInternal(HiddenHttpMethodFilter.java:77)
	at org.springframework.web.filter.OncePerRequestFilter.doFilter(OncePerRequestFilter.java:107)
	at org.apache.catalina.core.ApplicationFilterChain.internalDoFilter(ApplicationFilterChain.java:240)
	at org.apache.catalina.core.ApplicationFilterChain.doFilter(ApplicationFilterChain.java:207)
	at org.springframework.web.filter.CharacterEncodingFilter.doFilterInternal(CharacterEncodingFilter.java:197)
	at org.springframework.web.filter.OncePerRequestFilter.doFilter(OncePerRequestFilter.java:107)
	at org.apache.catalina.core.ApplicationFilterChain.internalDoFilter(ApplicationFilterChain.java:240)
	at org.apache.catalina.core.ApplicationFilterChain.doFilter(ApplicationFilterChain.java:207)
	at org.springframework.boot.actuate.autoconfigure.MetricsFilter.doFilterInternal(MetricsFilter.java:107)
	at org.springframework.web.filter.OncePerRequestFilter.doFilter(OncePerRequestFilter.java:107)
	at org.apache.catalina.core.ApplicationFilterChain.internalDoFilter(ApplicationFilterChain.java:240)
	at org.apache.catalina.core.ApplicationFilterChain.doFilter(ApplicationFilterChain.java:207)
	at org.apache.catalina.core.StandardWrapperValve.invoke(StandardWrapperValve.java:212)
	at org.apache.catalina.core.StandardContextValve.invoke(StandardContextValve.java:106)
	at org.apache.catalina.authenticator.AuthenticatorBase.invoke(AuthenticatorBase.java:502)
	at org.apache.catalina.core.StandardHostValve.invoke(StandardHostValve.java:141)
	at org.apache.catalina.valves.ErrorReportValve.invoke(ErrorReportValve.java:79)
	at org.apache.catalina.core.StandardEngineValve.invoke(StandardEngineValve.java:88)
	at org.apache.catalina.connector.CoyoteAdapter.service(CoyoteAdapter.java:522)
	at org.apache.coyote.http11.AbstractHttp11Processor.process(AbstractHttp11Processor.java:1095)
	at org.apache.coyote.AbstractProtocol$AbstractConnectionHandler.process(AbstractProtocol.java:672)
	at org.apache.tomcat.util.net.NioEndpoint$SocketProcessor.doRun(NioEndpoint.java:1502)
	at org.apache.tomcat.util.net.NioEndpoint$SocketProcessor.run(NioEndpoint.java:1458)
	at java.util.concurrent.ThreadPoolExecutor.runWorker(ThreadPoolExecutor.java:1142)
	at java.util.concurrent.ThreadPoolExecutor$Worker.run(ThreadPoolExecutor.java:617)
	at org.apache.tomcat.util.threads.TaskThread$WrappingRunnable.run(TaskThread.java:61)
	at java.lang.Thread.run(Thread.java:745)

2016-05-19 11:08:14.508 DEBUG 9452 --- [http-nio-9292-exec-4] o.s.s.w.a.ExceptionTranslationFilter     : Calling Authentication entry point.
2016-05-19 11:08:14.511 DEBUG 9452 --- [http-nio-9292-exec-4] o.s.s.w.header.writers.HstsHeaderWriter  : Not injecting HSTS header since it did not match the requestMatcher org.springframework.security.web.header.writers.HstsHeaderWriter$SecureRequestMatcher@feacda8
2016-05-19 11:08:14.511 DEBUG 9452 --- [http-nio-9292-exec-4] s.s.w.c.SecurityContextPersistenceFilter : SecurityContextHolder now cleared, as request processing completed
2016-05-19 11:08:16.257 DEBUG 9452 --- [http-nio-9292-exec-5] o.s.s.web.util.matcher.OrRequestMatcher  : Trying to match using Ant [pattern='/css/**']
2016-05-19 11:08:16.257 DEBUG 9452 --- [http-nio-9292-exec-5] o.s.s.w.u.matcher.AntPathRequestMatcher  : Checking match of request : '/favicon.ico'; against '/css/**'
2016-05-19 11:08:16.257 DEBUG 9452 --- [http-nio-9292-exec-5] o.s.s.web.util.matcher.OrRequestMatcher  : Trying to match using Ant [pattern='/js/**']
2016-05-19 11:08:16.257 DEBUG 9452 --- [http-nio-9292-exec-5] o.s.s.w.u.matcher.AntPathRequestMatcher  : Checking match of request : '/favicon.ico'; against '/js/**'
2016-05-19 11:08:16.257 DEBUG 9452 --- [http-nio-9292-exec-5] o.s.s.web.util.matcher.OrRequestMatcher  : Trying to match using Ant [pattern='/images/**']
2016-05-19 11:08:16.257 DEBUG 9452 --- [http-nio-9292-exec-5] o.s.s.w.u.matcher.AntPathRequestMatcher  : Checking match of request : '/favicon.ico'; against '/images/**'
2016-05-19 11:08:16.257 DEBUG 9452 --- [http-nio-9292-exec-5] o.s.s.web.util.matcher.OrRequestMatcher  : Trying to match using Ant [pattern='/**/favicon.ico']
2016-05-19 11:08:16.257 DEBUG 9452 --- [http-nio-9292-exec-5] o.s.s.w.u.matcher.AntPathRequestMatcher  : Checking match of request : '/favicon.ico'; against '/**/favicon.ico'
2016-05-19 11:08:16.258 DEBUG 9452 --- [http-nio-9292-exec-5] o.s.s.web.util.matcher.OrRequestMatcher  : matched
2016-05-19 11:08:16.258 DEBUG 9452 --- [http-nio-9292-exec-5] o.s.security.web.FilterChainProxy        : /favicon.ico has an empty filter list
